Godot Engine v4.8.dev7.official.c971f93e7 - https://godotengine.org

[   0% ] first_scan_filesystem | Started Project initialization (5 steps)
[   0% ] first_scan_filesystem | Scanning file structure...
[  16% ] first_scan_filesystem | Loading global class names...
[  33% ] first_scan_filesystem | Verifying GDExtensions...
[  50% ] first_scan_filesystem | Creating autoload scripts...
[  66% ] first_scan_filesystem | Initializing plugins...
[  83% ] first_scan_filesystem | Starting file scan...
[ DONE ] first_scan_filesystem

[   0% ] update_scripts_classes | Started Registering global classes... (9 steps)
[   0% ] update_scripts_classes | S01FixtureIdentity
[  10% ] update_scripts_classes | S03Entity
[  20% ] update_scripts_classes | S03FakeTransport
[  30% ] update_scripts_classes | S03Match
[  40% ] update_scripts_classes | S03Proof
[  50% ] update_scripts_classes | S03Replication
[  60% ] update_scripts_classes | S03Session
[  70% ] update_scripts_classes | S03Transport
[  80% ] update_scripts_classes | S08ReleaseBoot
[ DONE ] update_scripts_classes

[   0% ] _update_scan_actions | Started Scanning actions... (3 steps)
[   0% ] _update_scan_actions | s01_rig.glb
[  25% ] _update_scan_actions | s01_static.glb
[  50% ] _update_scan_actions | s01_palette.png
[ DONE ] _update_scan_actions

[   0% ] reimport | Started (Re)Importing Assets (3 steps)
[   0% ] reimport | Preparing files to reimport...
[  25% ] reimport | Preparing files to reimport...
[  50% ] reimport | Preparing files to reimport...
[   0% ] reimport | Executing pre-reimport operations...
[   0% ] preload_reimporting_scene | Started Preparing scenes for reload (1 steps)
[   0% ] preload_reimporting_scene | Analyzing scene [empty]
[  50% ] preload_reimporting_scene | Preparation done.
[ DONE ] preload_reimporting_scene

[   0% ] reimport | s01_palette.png
[  25% ] reimport | s01_rig.glb
[   0% ] import | Started Import Scene (104 steps)
[   0% ] import | Importing Scene...
[   1% ] import | Running Custom Script...
[  99% ] import | Saving...
[ DONE ] import

[  50% ] reimport | s01_static.glb
[   0% ] import | Started Import Scene (104 steps)
[   0% ] import | Importing Scene...
[   1% ] import | Running Custom Script...
[  99% ] import | Saving...
[ DONE ] import

[  75% ] reimport | Finalizing Asset Import...
[ DONE ] reimport

[   0% ] reimport | Started (Re)Importing Assets (3 steps)
[   0% ] reimport | Executing post-reimport operations...
[ DONE ] reimport

[   0% ] loading_editor_layout | Started Loading editor (5 steps)
[   0% ] loading_editor_layout | Loading editor layout...
[  16% ] loading_editor_layout | Loading docks...
[ DONE ] loading_editor_layout

