00:00.294  blend            | Read blend: "/home/regner/.paseo/worktrees/0u71f39f/s02-desktop-camera-controls/art/source/models/spikes/s02_kit.blend"
BlenderMCP addon registered
INFO Draco is available, use library at /usr/lib/blender/5.2/scripts/addons_core/io_scene_gltf2/libbf_intern_draco_bridge.so
ERROR MeshOptimizer is not available because library could not be found at /usr/lib/blender/5.2/scripts/addons_core/io_scene_gltf2/libbf_intern_meshopt_bridge.so
21:47:23 | INFO: Starting glTF 2.0 export
21:47:23 | INFO: Extracting primitive: Cube
21:47:23 | INFO: Primitives created: 1
21:47:23 | INFO: Extracting primitive: Cube.001
21:47:23 | INFO: Primitives created: 1
21:47:23 | INFO: Finished glTF 2.0 export in 0.010934114456176758 s

S02_EXPORT export_s02_ground ['Street', 'WalkStrip']
21:47:23 | INFO: Starting glTF 2.0 export
21:47:23 | INFO: Extracting primitive: Cube.004
21:47:23 | INFO: Primitives created: 1
21:47:23 | INFO: Extracting primitive: Cube.005
21:47:23 | INFO: Primitives created: 1
21:47:23 | INFO: Extracting primitive: Cube.002
21:47:23 | INFO: Primitives created: 1
21:47:23 | INFO: Extracting primitive: Cube.003
21:47:23 | INFO: Primitives created: 1
21:47:23 | INFO: Finished glTF 2.0 export in 0.008992910385131836 s

S02_EXPORT export_s02_low ['s02_low_Band_2', 's02_low_Door', 's02_low_Mass', 's02_low_Roof']
21:47:23 | INFO: Starting glTF 2.0 export
21:47:23 | INFO: Extracting primitive: Cube.008
21:47:23 | INFO: Primitives created: 1
21:47:23 | INFO: Extracting primitive: Cube.009
21:47:23 | INFO: Primitives created: 1
21:47:23 | INFO: Extracting primitive: Cube.010
21:47:23 | INFO: Primitives created: 1
21:47:23 | INFO: Extracting primitive: Cube.011
21:47:23 | INFO: Primitives created: 1
21:47:23 | INFO: Extracting primitive: Cube.012
21:47:23 | INFO: Primitives created: 1
21:47:23 | INFO: Extracting primitive: Cube.013
21:47:23 | INFO: Primitives created: 1
21:47:23 | INFO: Extracting primitive: Cube.014
21:47:23 | INFO: Primitives created: 1
21:47:23 | INFO: Extracting primitive: Cube.015
21:47:23 | INFO: Primitives created: 1
21:47:23 | INFO: Extracting primitive: Cube.016
21:47:23 | INFO: Primitives created: 1
21:47:23 | INFO: Extracting primitive: Cube.017
21:47:23 | INFO: Primitives created: 1
21:47:23 | INFO: Extracting primitive: Cube.018
21:47:23 | INFO: Primitives created: 1
21:47:23 | INFO: Extracting primitive: Cube.019
21:47:23 | INFO: Primitives created: 1
21:47:23 | INFO: Extracting primitive: Cube.006
21:47:23 | INFO: Primitives created: 1
21:47:23 | INFO: Extracting primitive: Cube.007
21:47:23 | INFO: Primitives created: 1
21:47:23 | INFO: Finished glTF 2.0 export in 0.019048213958740234 s

S02_EXPORT export_s02_near ['s02_near_Band_10', 's02_near_Band_14', 's02_near_Band_18', 's02_near_Band_2', 's02_near_Band_22', 's02_near_Band_26', 's02_near_Band_30', 's02_near_Band_34', 's02_near_Band_38', 's02_near_Band_42', 's02_near_Band_6', 's02_near_Door', 's02_near_Mass', 's02_near_Roof']
21:47:23 | INFO: Starting glTF 2.0 export
21:47:23 | INFO: Extracting primitive: Cube.022
21:47:23 | INFO: Primitives created: 1
21:47:23 | INFO: Extracting primitive: Cube.023
21:47:23 | INFO: Primitives created: 1
21:47:23 | INFO: Extracting primitive: Cube.024
21:47:23 | INFO: Primitives created: 1
21:47:23 | INFO: Extracting primitive: Cube.025
21:47:23 | INFO: Primitives created: 1
21:47:23 | INFO: Extracting primitive: Cube.026
21:47:23 | INFO: Primitives created: 1
21:47:23 | INFO: Extracting primitive: Cube.027
21:47:23 | INFO: Primitives created: 1
21:47:23 | INFO: Extracting primitive: Cube.028
21:47:23 | INFO: Primitives created: 1
21:47:23 | INFO: Extracting primitive: Cube.029
21:47:23 | INFO: Primitives created: 1
21:47:23 | INFO: Extracting primitive: Cube.030
21:47:23 | INFO: Primitives created: 1
21:47:23 | INFO: Extracting primitive: Cube.031
21:47:23 | INFO: Primitives created: 1
21:47:23 | INFO: Extracting primitive: Cube.032
21:47:23 | INFO: Primitives created: 1
21:47:23 | INFO: Extracting primitive: Cube.033
21:47:23 | INFO: Primitives created: 1
21:47:23 | INFO: Extracting primitive: Cube.034
21:47:23 | INFO: Primitives created: 1
21:47:23 | INFO: Extracting primitive: Cube.035
21:47:23 | INFO: Primitives created: 1
21:47:23 | INFO: Extracting primitive: Cube.036
21:47:23 | INFO: Primitives created: 1
21:47:23 | INFO: Extracting primitive: Cube.037
21:47:23 | INFO: Primitives created: 1
21:47:23 | INFO: Extracting primitive: Cube.020
21:47:23 | INFO: Primitives created: 1
21:47:23 | INFO: Extracting primitive: Cube.021
21:47:23 | INFO: Primitives created: 1
21:47:23 | INFO: Finished glTF 2.0 export in 0.0218658447265625 s

S02_EXPORT export_s02_tall ['s02_tall_Band_10', 's02_tall_Band_14', 's02_tall_Band_18', 's02_tall_Band_2', 's02_tall_Band_22', 's02_tall_Band_26', 's02_tall_Band_30', 's02_tall_Band_34', 's02_tall_Band_38', 's02_tall_Band_42', 's02_tall_Band_46', 's02_tall_Band_50', 's02_tall_Band_54', 's02_tall_Band_58', 's02_tall_Band_6', 's02_tall_Door', 's02_tall_Mass', 's02_tall_Roof']
21:47:23 | INFO: Starting glTF 2.0 export
21:47:23 | INFO: Extracting primitive: Cube.044
21:47:23 | INFO: Primitives created: 1
21:47:23 | INFO: Extracting primitive: Cube.043
21:47:23 | INFO: Primitives created: 1
21:47:23 | INFO: Extracting primitive: Cube.041
21:47:23 | INFO: Primitives created: 1
21:47:23 | INFO: Extracting primitive: Cube.039
21:47:23 | INFO: Primitives created: 1
21:47:23 | INFO: Extracting primitive: Cube.038
21:47:23 | INFO: Primitives created: 1
21:47:23 | INFO: Extracting primitive: Cube.042
21:47:23 | INFO: Primitives created: 1
21:47:23 | INFO: Extracting primitive: Cube.040
21:47:23 | INFO: Primitives created: 1
21:47:23 | INFO: Finished glTF 2.0 export in 0.011227607727050781 s

S02_EXPORT export_s02_actor ['AimArm', 'Boot_-0.2', 'Boot_0.2', 'Head', 'Jacket', 'Leg_-0.2', 'Leg_0.2', 'socket_grip']
21:47:23 | INFO: Starting glTF 2.0 export
21:47:23 | INFO: Extracting primitive: Cube.045
21:47:23 | INFO: Primitives created: 1
21:47:23 | INFO: Extracting primitive: Cube.046
21:47:23 | INFO: Primitives created: 1
21:47:23 | INFO: Finished glTF 2.0 export in 0.0049626827239990234 s

S02_EXPORT export_s02_target ['TargetBody', 'TargetHead']
21:47:23 | INFO: Starting glTF 2.0 export
21:47:23 | INFO: Extracting primitive: Cube.047
21:47:23 | INFO: Primitives created: 1
21:47:23 | INFO: Extracting primitive: Cube.048
21:47:23 | INFO: Primitives created: 1
21:47:23 | INFO: Finished glTF 2.0 export in 0.004878044128417969 s

S02_EXPORT export_s02_pistol ['s02_pistol_Body', 's02_pistol_Sight', 'socket_muzzle_s02_pistol']
21:47:23 | INFO: Starting glTF 2.0 export
21:47:23 | INFO: Extracting primitive: Cube.049
21:47:23 | INFO: Primitives created: 1
21:47:23 | INFO: Extracting primitive: Cube.050
21:47:23 | INFO: Primitives created: 1
21:47:23 | INFO: Extracting primitive: Cube.051
21:47:23 | INFO: Primitives created: 1
21:47:23 | INFO: Finished glTF 2.0 export in 0.00687861442565918 s

S02_EXPORT export_s02_smg ['Stock', 's02_smg_Body', 's02_smg_Sight', 'socket_muzzle_s02_smg']
21:47:23 | INFO: Starting glTF 2.0 export
21:47:23 | INFO: Extracting primitive: Cube.054
21:47:23 | INFO: Primitives created: 1
21:47:23 | INFO: Extracting primitive: Cube.052
21:47:23 | INFO: Primitives created: 1
21:47:23 | INFO: Extracting primitive: Cube.053
21:47:23 | INFO: Primitives created: 1
21:47:23 | INFO: Finished glTF 2.0 export in 0.006954193115234375 s

S02_EXPORT export_s02_launcher ['RearBell', 's02_launcher_Body', 's02_launcher_Sight', 'socket_muzzle_s02_launcher']
BlenderMCP addon unregistered
Blender 5.2.2 LTS (hash d13f752e3b9c built 2026-09-22 17:10:25)

Blender quit
