Godot Engine v4.8.dev7.official.c971f93e7 - https://godotengine.org
Vulkan 1.4.312 - Forward+ - Using Device #0: NVIDIA - NVIDIA GeForce GTX 1070

S02_FOCUS {"command":{"fire":false,"move":0.0,"turn":0.0},"focused":true,"mode":1,"native_focus":true,"position":"(0.0, 0.00087, 6.0)","shots":0,"time":0.0323536666666667,"visible":true}
S02_FOCUS {"command":{"fire":false,"move":0.0,"turn":0.0},"focused":true,"mode":1,"native_focus":true,"position":"(0.0, 0.001, 6.0)","shots":0,"time":0.136008333333333,"visible":true}
S02_FOCUS {"command":{"fire":false,"move":0.0,"turn":0.0},"focused":true,"mode":1,"native_focus":true,"position":"(0.0, 0.001, 6.0)","shots":0,"time":0.239509333333333,"visible":true}
S02_FOCUS {"command":{"fire":false,"move":0.0,"turn":0.0},"focused":true,"mode":1,"native_focus":true,"position":"(0.0, 0.001, 6.0)","shots":0,"time":0.343006333333333,"visible":true}
S02_FOCUS {"command":{"fire":false,"move":0.0,"turn":0.0},"focused":true,"mode":1,"native_focus":true,"position":"(0.0, 0.001, 6.0)","shots":0,"time":0.443006333333333,"visible":true}
S02_FOCUS {"command":{"fire":false,"move":0.0,"turn":0.0},"focused":true,"mode":1,"native_focus":true,"position":"(0.0, 0.001, 6.0)","shots":0,"time":0.543006333333333,"visible":true}
S02_FOCUS {"command":{"fire":false,"move":0.0,"turn":0.0},"focused":true,"mode":1,"native_focus":true,"position":"(0.0, 0.001, 6.0)","shots":0,"time":0.645178,"visible":true}
S02_FOCUS {"command":{"fire":false,"move":0.0,"turn":0.0},"focused":true,"mode":1,"native_focus":true,"position":"(0.0, 0.001, 6.0)","shots":0,"time":0.748676,"visible":true}
S02_FOCUS {"command":{"fire":false,"move":0.0,"turn":0.0},"focused":true,"mode":1,"native_focus":true,"position":"(0.0, 0.001, 6.0)","shots":0,"time":0.852175,"visible":true}
S02_FOCUS {"command":{"fire":false,"move":0.0,"turn":0.0},"focused":true,"mode":1,"native_focus":true,"position":"(0.0, 0.001, 6.0)","shots":0,"time":0.955669,"visible":true}
S02_FOCUS {"command":{"fire":true,"move":1.0,"turn":0.0},"focused":true,"mode":1,"native_focus":true,"position":"(0.0, 0.001, 5.75)","shots":1,"time":1.059174,"visible":true}
S02_FOCUS {"command":{"fire":true,"move":1.0,"turn":0.0},"focused":true,"mode":1,"native_focus":true,"position":"(0.0, 0.001, 5.249999)","shots":1,"time":1.162667,"visible":true}
S02_FOCUS {"command":{"fire":true,"move":1.0,"turn":0.0},"focused":true,"mode":1,"native_focus":true,"position":"(0.0, 0.001, 4.749998)","shots":1,"time":1.266167,"visible":true}
S02_FOCUS {"command":{"fire":true,"move":1.0,"turn":0.0},"focused":true,"mode":1,"native_focus":true,"position":"(0.0, 0.001, 4.166663)","shots":2,"time":1.369666,"visible":true}
S02_FOCUS {"command":{"fire":true,"move":1.0,"turn":0.0},"focused":true,"mode":1,"native_focus":true,"position":"(0.0, 0.001, 3.666663)","shots":2,"time":1.473173,"visible":true}
S02_FOCUS {"command":{"fire":true,"move":1.0,"turn":0.0},"focused":true,"mode":1,"native_focus":true,"position":"(0.0, 0.001, 3.166664)","shots":3,"time":1.576674,"visible":true}
S02_FOCUS {"command":{"fire":true,"move":1.0,"turn":0.0},"focused":true,"mode":1,"native_focus":true,"position":"(0.0, 0.001, 2.666664)","shots":3,"time":1.680178,"visible":true}
S02_FOCUS {"command":{"fire":true,"move":1.0,"turn":0.0},"focused":true,"mode":1,"native_focus":true,"position":"(0.0, 0.001, 2.083332)","shots":3,"time":1.783674,"visible":true}
S02_FOCUS {"command":{"fire":true,"move":1.0,"turn":0.0},"focused":true,"mode":1,"native_focus":true,"position":"(0.0, 0.001, 1.583331)","shots":4,"time":1.887167,"visible":true}
S02_FOCUS {"command":{"fire":true,"move":1.0,"turn":0.0},"focused":true,"mode":1,"native_focus":true,"position":"(0.0, 0.001, 1.083331)","shots":4,"time":1.990674,"visible":true}
S02_FOCUS {"command":{"fire":true,"move":1.0,"turn":0.0},"focused":true,"mode":1,"native_focus":true,"position":"(0.0, 0.001, 0.583331)","shots":5,"time":2.094176,"visible":true}
S02_FOCUS {"command":{"fire":true,"move":1.0,"turn":0.0},"focused":true,"mode":1,"native_focus":true,"position":"(0.0, 0.001, 0.083331)","shots":5,"time":2.197676,"visible":true}
S02_FOCUS {"command":{"fire":true,"move":1.0,"turn":0.0},"focused":true,"mode":1,"native_focus":true,"position":"(0.0, 0.001, -0.500002)","shots":5,"time":2.301175,"visible":true}
S02_FOCUS {"command":{"fire":true,"move":1.0,"turn":0.0},"focused":true,"mode":1,"native_focus":true,"position":"(0.0, 0.001, -1.000002)","shots":6,"time":2.404673,"visible":true}
S02_FOCUS {"command":{"fire":true,"move":1.0,"turn":0.0},"focused":true,"mode":1,"native_focus":true,"position":"(0.0, 0.001, -1.500002)","shots":6,"time":2.508179,"visible":true}
S02_FOCUS {"command":{"fire":true,"move":1.0,"turn":0.0},"focused":true,"mode":1,"native_focus":true,"position":"(0.0, 0.001, -2.000003)","shots":6,"time":2.611676,"visible":true}
S02_FOCUS {"command":{"fire":true,"move":1.0,"turn":0.0},"focused":true,"mode":1,"native_focus":true,"position":"(0.0, 0.001, -2.500002)","shots":7,"time":2.715176,"visible":true}
S02_FOCUS {"command":{"fire":true,"move":1.0,"turn":0.0},"focused":true,"mode":1,"native_focus":true,"position":"(0.0, 0.001, -3.083335)","shots":7,"time":2.818671,"visible":true}
S02_FOCUS {"command":{"fire":true,"move":1.0,"turn":0.0},"focused":true,"mode":1,"native_focus":true,"position":"(0.0, 0.001, -3.583334)","shots":8,"time":2.922175,"visible":true}
S02_FOCUS {"command":{"fire":false,"move":0.0,"turn":0.0},"focused":true,"mode":1,"native_focus":true,"position":"(0.0, 0.001, -4.000001)","shots":8,"time":3.025676,"visible":true}
S02_FOCUS {"command":{"fire":false,"move":0.0,"turn":0.0},"focused":true,"mode":1,"native_focus":true,"position":"(0.0, 0.001, -4.000001)","shots":8,"time":3.129168,"visible":true}
S02_FOCUS {"command":{"fire":false,"move":0.0,"turn":0.0},"focused":true,"mode":1,"native_focus":true,"position":"(0.0, 0.001, -4.000001)","shots":8,"time":3.232676,"visible":true}
S02_FOCUS {"command":{"fire":false,"move":0.0,"turn":0.0},"focused":true,"mode":1,"native_focus":true,"position":"(0.0, 0.001, -4.000001)","shots":8,"time":3.336179,"visible":true}
S02_FOCUS {"command":{"fire":false,"move":0.0,"turn":0.0},"focused":true,"mode":1,"native_focus":true,"position":"(0.0, 0.001, -4.000001)","shots":8,"time":3.439669,"visible":true}
S02_FOCUS {"command":{"fire":false,"move":0.0,"turn":0.0},"focused":true,"mode":1,"native_focus":true,"position":"(0.0, 0.001, -4.000001)","shots":8,"time":3.543165,"visible":true}
S02_FOCUS {"command":{"fire":false,"move":0.0,"turn":0.0},"focused":true,"mode":1,"native_focus":true,"position":"(0.0, 0.001, -4.000001)","shots":8,"time":3.646676,"visible":true}
S02_FOCUS {"command":{"fire":false,"move":0.0,"turn":0.0},"focused":true,"mode":1,"native_focus":true,"position":"(0.0, 0.001, -4.000001)","shots":8,"time":3.750166,"visible":true}
S02_FOCUS {"command":{"fire":false,"move":0.0,"turn":0.0},"focused":true,"mode":1,"native_focus":true,"position":"(0.0, 0.001, -4.000001)","shots":8,"time":3.853682,"visible":true}
S02_FOCUS {"command":{"fire":false,"move":0.0,"turn":0.0},"focused":true,"mode":1,"native_focus":true,"position":"(0.0, 0.001, -4.000001)","shots":8,"time":3.957172,"visible":true}
S02_FOCUS {"command":{"fire":false,"move":0.0,"turn":0.0},"focused":true,"mode":1,"native_focus":true,"position":"(0.0, 0.001, -4.000001)","shots":8,"time":4.060664,"visible":true}
S02_FOCUS {"command":{"fire":false,"move":0.0,"turn":0.0},"focused":true,"mode":1,"native_focus":true,"position":"(0.0, 0.001, -4.000001)","shots":8,"time":4.164172,"visible":true}
S02_FOCUS {"command":{"fire":false,"move":0.0,"turn":0.0},"focused":true,"mode":1,"native_focus":true,"position":"(0.0, 0.001, -4.000001)","shots":8,"time":4.267672,"visible":true}
S02_FOCUS {"command":{"fire":false,"move":0.0,"turn":0.0},"focused":true,"mode":1,"native_focus":true,"position":"(0.0, 0.001, -4.000001)","shots":8,"time":4.371172,"visible":true}
S02_FOCUS {"command":{"fire":false,"move":0.0,"turn":0.0},"focused":true,"mode":1,"native_focus":true,"position":"(0.0, 0.001, -4.000001)","shots":8,"time":4.474674,"visible":true}
S02_FOCUS {"command":{"fire":false,"move":0.0,"turn":0.0},"focused":true,"mode":1,"native_focus":true,"position":"(0.0, 0.001, -4.000001)","shots":8,"time":4.57818,"visible":true}
S02_FOCUS {"command":{"fire":false,"move":0.0,"turn":0.0},"focused":true,"mode":1,"native_focus":true,"position":"(0.0, 0.001, -4.000001)","shots":8,"time":4.681672,"visible":true}
S02_FOCUS {"command":{"fire":false,"move":0.0,"turn":0.0},"focused":true,"mode":1,"native_focus":true,"position":"(0.0, 0.001, -4.000001)","shots":8,"time":4.785173,"visible":true}
S02_FOCUS {"command":{"fire":false,"move":0.0,"turn":0.0},"focused":true,"mode":1,"native_focus":true,"position":"(0.0, 0.001, -4.000001)","shots":8,"time":4.888676,"visible":true}
S02_FOCUS {"command":{"fire":false,"move":0.0,"turn":0.0},"focused":true,"mode":1,"native_focus":true,"position":"(0.0, 0.001, -4.000001)","shots":8,"time":4.992169,"visible":true}
S02_FOCUS {"command":{"fire":false,"move":0.0,"turn":0.0},"focused":true,"mode":1,"native_focus":true,"position":"(0.0, 0.001, -4.000001)","shots":8,"time":5.095672,"visible":true}
S02_FOCUS {"command":{"fire":false,"move":0.0,"turn":0.0},"focused":true,"mode":1,"native_focus":true,"position":"(0.0, 0.001, -4.000001)","shots":8,"time":5.199175,"visible":true}
S02_FOCUS {"command":{"fire":false,"move":0.0,"turn":0.0},"focused":true,"mode":1,"native_focus":true,"position":"(0.0, 0.001, -4.000001)","shots":8,"time":5.30267,"visible":true}
S02_FOCUS {"command":{"fire":false,"move":0.0,"turn":0.0},"focused":true,"mode":1,"native_focus":true,"position":"(0.0, 0.001, -4.000001)","shots":8,"time":5.406168,"visible":true}
S02_FOCUS {"command":{"fire":false,"move":0.0,"turn":0.0},"focused":true,"mode":1,"native_focus":true,"position":"(0.0, 0.001, -4.000001)","shots":8,"time":5.509674,"visible":true}
S02_FOCUS {"command":{"fire":false,"move":0.0,"turn":0.0},"focused":true,"mode":1,"native_focus":true,"position":"(0.0, 0.001, -4.000001)","shots":8,"time":5.613175,"visible":true}
S02_FOCUS {"command":{"fire":false,"move":0.0,"turn":0.0},"focused":true,"mode":1,"native_focus":true,"position":"(0.0, 0.001, -4.000001)","shots":8,"time":5.716674,"visible":true}
S02_FOCUS {"command":{"fire":false,"move":0.0,"turn":0.0},"focused":true,"mode":1,"native_focus":true,"position":"(0.0, 0.001, -4.000001)","shots":8,"time":5.820167,"visible":true}
S02_FOCUS {"command":{"fire":false,"move":0.0,"turn":0.0},"focused":true,"mode":1,"native_focus":true,"position":"(0.0, 0.001, -4.000001)","shots":8,"time":5.923614,"visible":true}
S02_FOCUS {"command":{"fire":false,"move":0.0,"turn":0.0},"focused":true,"mode":1,"native_focus":true,"position":"(0.0, 0.001, -4.000001)","shots":8,"time":6.027054,"visible":true}
S02_FOCUS {"command":{"fire":false,"move":0.0,"turn":0.0},"focused":true,"mode":1,"native_focus":true,"position":"(0.0, 0.001, -4.000001)","shots":8,"time":6.13049400000001,"visible":true}
S02_FOCUS {"command":{"fire":false,"move":0.0,"turn":0.0},"focused":true,"mode":1,"native_focus":true,"position":"(0.0, 0.001, -4.000001)","shots":8,"time":6.23393400000001,"visible":true}
S02_FOCUS {"command":{"fire":false,"move":0.0,"turn":0.0},"focused":true,"mode":1,"native_focus":true,"position":"(0.0, 0.001, -4.000001)","shots":8,"time":6.33737400000001,"visible":true}
S02_FOCUS {"command":{"fire":false,"move":0.0,"turn":0.0},"focused":true,"mode":1,"native_focus":true,"position":"(0.0, 0.001, -4.000001)","shots":8,"time":6.44081400000002,"visible":true}
S02_FOCUS {"command":{"fire":false,"move":0.0,"turn":0.0},"focused":true,"mode":1,"native_focus":true,"position":"(0.0, 0.001, -4.000001)","shots":8,"time":6.54425400000002,"visible":true}
S02_FOCUS {"command":{"fire":false,"move":0.0,"turn":0.0},"focused":true,"mode":1,"native_focus":true,"position":"(0.0, 0.001, -4.000001)","shots":8,"time":6.64769400000003,"visible":true}
S02_FOCUS {"command":{"fire":false,"move":0.0,"turn":0.0},"focused":true,"mode":1,"native_focus":true,"position":"(0.0, 0.001, -4.000001)","shots":8,"time":6.75113400000003,"visible":true}
S02_FOCUS {"command":{"fire":false,"move":0.0,"turn":0.0},"focused":true,"mode":1,"native_focus":true,"position":"(0.0, 0.001, -4.000001)","shots":8,"time":6.85457400000003,"visible":true}
S02_FOCUS {"command":{"fire":false,"move":0.0,"turn":0.0},"focused":true,"mode":1,"native_focus":true,"position":"(0.0, 0.001, -4.000001)","shots":8,"time":6.95801400000004,"visible":true}
S02_FOCUS_RESULT {"failures":["OS minimize did not deliver focus loss"],"os_focus_loss":false}
