A	art/models/rocket_launcher/dock_thumper_launcher_a.glb
A	art/models/rocket_launcher/dock_thumper_launcher_a.glb.import
A	art/models/rocket_launcher/dock_thumper_preview_stage.glb
A	art/models/rocket_launcher/dock_thumper_preview_stage.glb.import
A	art/models/rocket_launcher/dock_thumper_rocket_a.glb
A	art/models/rocket_launcher/dock_thumper_rocket_a.glb.import
A	art/source/models/rocket_launcher/author_dock_thumper.py
A	art/source/models/rocket_launcher/dock_thumper_a.blend
A	art/source/models/rocket_launcher/inspect_source.py
A	art/source/models/rocket_launcher/reexport_dock_thumper.py
A	art/source/models/rocket_launcher/source_manifest.json
A	docs/assets/rocket_launcher_dock_thumper.md
A	docs/assets/rocket_launcher_evidence/capture-final.log
A	docs/assets/rocket_launcher_evidence/clean-check-verified.log
A	docs/assets/rocket_launcher_evidence/clean-check.log
A	docs/assets/rocket_launcher_evidence/clean-import-sandbox.log
A	docs/assets/rocket_launcher_evidence/clean-import-verified.log
A	docs/assets/rocket_launcher_evidence/clean-script.jsonl
A	docs/assets/rocket_launcher_evidence/clean_file_identity.json
A	docs/assets/rocket_launcher_evidence/clean_imported_checks.json
A	docs/assets/rocket_launcher_evidence/detail_camera.png
A	docs/assets/rocket_launcher_evidence/editor_roundtrip.json
A	docs/assets/rocket_launcher_evidence/game_camera.png
A	docs/assets/rocket_launcher_evidence/gdstyle.log
A	docs/assets/rocket_launcher_evidence/imported_checks.json
A	docs/assets/rocket_launcher_evidence/model_routing.json
A	docs/assets/rocket_launcher_evidence/reexport-final.log
A	docs/assets/rocket_launcher_evidence/rocket_camera.png
A	docs/assets/rocket_launcher_evidence/source_export_checks.json
A	docs/concepts/assets-v1/rocket-launcher/01_dock_thumper.png.import
A	docs/concepts/assets-v1/rocket-launcher/02_arcade_pod.png.import
A	docs/concepts/assets-v1/rocket-launcher/03_coral_bell.png.import
M	docs/concepts/assets-v1/rocket-launcher/README.md
M	docs/concepts/assets-v1/rocket-launcher/gallery.html
A	scenes/prefabs/rocket_launcher/dock_thumper_launcher_a.tscn
A	scenes/prefabs/rocket_launcher/dock_thumper_rocket_a.tscn
A	tests/fixtures/rocket_launcher/editor_harness.tscn
A	tests/fixtures/rocket_launcher/preview.gd
A	tests/fixtures/rocket_launcher/preview.gd.uid
A	tests/fixtures/rocket_launcher/preview.tscn
A	tests/fixtures/rocket_launcher/stage.tscn
A	tests/fixtures/rocket_launcher/studio_environment.tres
A	tools/rocket_launcher/capture_check.gd
A	tools/rocket_launcher/capture_check.gd.uid
A	tools/rocket_launcher/check_files.py
A	tools/rocket_launcher/prepare_clean.py
