Godot Engine v4.8.dev7.official.c971f93e7 - https://godotengine.org

[   0% ] [90m[1mfirst_scan_filesystem[22m | Started Project initialization (5 steps)[39m[0m
[   0% ] [90m[1mfirst_scan_filesystem[22m | Scanning file structure...[39m[0m
[  16% ] [90m[1mfirst_scan_filesystem[22m | Loading global class names...[39m[0m
[  33% ] [90m[1mfirst_scan_filesystem[22m | Verifying GDExtensions...[39m[0m
[  50% ] [90m[1mfirst_scan_filesystem[22m | Creating autoload scripts...[39m[0m
[  66% ] [90m[1mfirst_scan_filesystem[22m | Initializing plugins...[39m[0m
[  83% ] [90m[1mfirst_scan_filesystem[22m | Starting file scan...[39m[0m
[92m[ DONE ][39m [1mfirst_scan_filesystem[22m
[0m
[   0% ] [90m[1mupdate_scripts_classes[22m | Started Registering global classes... (3 steps)[39m[0m
[   0% ] [90m[1mupdate_scripts_classes[22m | [39m[0m
[  25% ] [90m[1mupdate_scripts_classes[22m | DockThumperPreview[39m[0m
[  50% ] [90m[1mupdate_scripts_classes[22m | DockThumperCaptureCheck[39m[0m
[92m[ DONE ][39m [1mupdate_scripts_classes[22m
[0m
[   0% ] [90m[1m_update_scan_actions[22m | Started Scanning actions... (6 steps)[39m[0m
[   0% ] [90m[1m_update_scan_actions[22m | dock_thumper_launcher_a.glb[39m[0m
[  14% ] [90m[1m_update_scan_actions[22m | dock_thumper_preview_stage.glb[39m[0m
[  28% ] [90m[1m_update_scan_actions[22m | dock_thumper_rocket_a.glb[39m[0m
[  42% ] [90m[1m_update_scan_actions[22m | detail_camera.png[39m[0m
[  57% ] [90m[1m_update_scan_actions[22m | game_camera.png[39m[0m
[  71% ] [90m[1m_update_scan_actions[22m | rocket_camera.png[39m[0m
[92m[ DONE ][39m [1m_update_scan_actions[22m
[0m
[   0% ] [90m[1mreimport[22m | Started (Re)Importing Assets (6 steps)[39m[0m
[   0% ] [90m[1mreimport[22m | Preparing files to reimport...[39m[0m
[  14% ] [90m[1mreimport[22m | Preparing files to reimport...[39m[0m
[  28% ] [90m[1mreimport[22m | Preparing files to reimport...[39m[0m
[  42% ] [90m[1mreimport[22m | Preparing files to reimport...[39m[0m
[  57% ] [90m[1mreimport[22m | Preparing files to reimport...[39m[0m
[  71% ] [90m[1mreimport[22m | Preparing files to reimport...[39m[0m
[   0% ] [90m[1mreimport[22m | Executing pre-reimport operations...[39m[0m
[   0% ] [90m[1mpreload_reimporting_scene[22m | Started Preparing scenes for reload (1 steps)[39m[0m
[   0% ] [90m[1mpreload_reimporting_scene[22m | Analyzing scene [empty][39m[0m
[  50% ] [90m[1mpreload_reimporting_scene[22m | Preparation done.[39m[0m
[92m[ DONE ][39m [1mpreload_reimporting_scene[22m
[0m
[   0% ] [90m[1mreimport[22m | detail_camera.png[39m[0m
[  14% ] [90m[1mreimport[22m | game_camera.png[39m[0m
[  28% ] [90m[1mreimport[22m | rocket_camera.png[39m[0m
[  42% ] [90m[1mreimport[22m | dock_thumper_launcher_a.glb[39m[0m
[   0% ] [90m[1mimport[22m | Started Import Scene (104 steps)[39m[0m
[   0% ] [90m[1mimport[22m | Importing Scene...[39m[0m
[   1% ] [90m[1mimport[22m | Running Custom Script...[39m[0m
[  99% ] [90m[1mimport[22m | Saving...[39m[0m
[92m[ DONE ][39m [1mimport[22m
[0m
[  57% ] [90m[1mreimport[22m | dock_thumper_preview_stage.glb[39m[0m
[   0% ] [90m[1mimport[22m | Started Import Scene (104 steps)[39m[0m
[   0% ] [90m[1mimport[22m | Importing Scene...[39m[0m
[   1% ] [90m[1mimport[22m | Running Custom Script...[39m[0m
[  99% ] [90m[1mimport[22m | Saving...[39m[0m
[92m[ DONE ][39m [1mimport[22m
[0m
[  71% ] [90m[1mreimport[22m | dock_thumper_rocket_a.glb[39m[0m
[   0% ] [90m[1mimport[22m | Started Import Scene (104 steps)[39m[0m
[   0% ] [90m[1mimport[22m | Importing Scene...[39m[0m
[   1% ] [90m[1mimport[22m | Running Custom Script...[39m[0m
[  99% ] [90m[1mimport[22m | Saving...[39m[0m
[92m[ DONE ][39m [1mimport[22m
[0m
[  85% ] [90m[1mreimport[22m | Finalizing Asset Import...[39m[0m
[92m[ DONE ][39m [1mreimport[22m
[0m
[   0% ] [90m[1mreimport[22m | Started (Re)Importing Assets (6 steps)[39m[0m
[   0% ] [90m[1mreimport[22m | Executing post-reimport operations...[39m[0m
[92m[ DONE ][39m [1mreimport[22m
[0m
[   0% ] [90m[1mloading_editor_layout[22m | Started Loading editor (5 steps)[39m[0m
[   0% ] [90m[1mloading_editor_layout[22m | Loading editor layout...[39m[0m
[  16% ] [90m[1mloading_editor_layout[22m | Loading docks...[39m[0m
[92m[ DONE ][39m [1mloading_editor_layout[22m
[0m
[   0% ] [90m[1msave[22m | Started Saving Scene (4 steps)[39m[0m
[   0% ] [90m[1msave[22m | Analyzing[39m[0m
[  20% ] [90m[1msave[22m | Creating Thumbnail[39m[0m
ERROR: Parameter "t" is null.
   at: texture_2d_get (./servers/rendering/dummy/storage/texture_storage.h:110)
   GDScript backtrace (most recent call first):
       [0] _run (res://addons/independent_review/probe.gd:21)
[  80% ] [90m[1msave[22m | Saving Scene[39m[0m
[92m[ DONE ][39m [1msave[22m
[0m
[   0% ] [90m[1msave[22m | Started Saving Scene (4 steps)[39m[0m
[   0% ] [90m[1msave[22m | Analyzing[39m[0m
[  20% ] [90m[1msave[22m | Creating Thumbnail[39m[0m
ERROR: Parameter "t" is null.
   at: texture_2d_get (./servers/rendering/dummy/storage/texture_storage.h:110)
   GDScript backtrace (most recent call first):
       [0] _run (res://addons/independent_review/probe.gd:25)
[  80% ] [90m[1msave[22m | Saving Scene[39m[0m
[92m[ DONE ][39m [1msave[22m
[0m
INDEPENDENT_EDITOR_ROUNDTRIP res://scenes/prefabs/rocket_launcher/dock_thumper_launcher_a.tscn before=b0c92b4ade01dbfff556cfefd10623bff9b1ae79b9f01f70d0c7a80cd708dcca after=b0c92b4ade01dbfff556cfefd10623bff9b1ae79b9f01f70d0c7a80cd708dcca
[   0% ] [90m[1msave[22m | Started Saving Scene (4 steps)[39m[0m
[   0% ] [90m[1msave[22m | Analyzing[39m[0m
[  20% ] [90m[1msave[22m | Creating Thumbnail[39m[0m
ERROR: Parameter "t" is null.
   at: texture_2d_get (./servers/rendering/dummy/storage/texture_storage.h:110)
   GDScript backtrace (most recent call first):
       [0] _run (res://addons/independent_review/probe.gd:21)
[  80% ] [90m[1msave[22m | Saving Scene[39m[0m
[92m[ DONE ][39m [1msave[22m
[0m
[   0% ] [90m[1msave[22m | Started Saving Scene (4 steps)[39m[0m
[   0% ] [90m[1msave[22m | Analyzing[39m[0m
[  20% ] [90m[1msave[22m | Creating Thumbnail[39m[0m
ERROR: Parameter "t" is null.
   at: texture_2d_get (./servers/rendering/dummy/storage/texture_storage.h:110)
   GDScript backtrace (most recent call first):
       [0] _run (res://addons/independent_review/probe.gd:25)
[  80% ] [90m[1msave[22m | Saving Scene[39m[0m
[92m[ DONE ][39m [1msave[22m
[0m
INDEPENDENT_EDITOR_ROUNDTRIP res://scenes/prefabs/rocket_launcher/dock_thumper_rocket_a.tscn before=e248be68b86d35b92992e34453252dcedb1a4fe7639208476e9b91e7a8a35281 after=e248be68b86d35b92992e34453252dcedb1a4fe7639208476e9b91e7a8a35281
[   0% ] [90m[1msave[22m | Started Saving Scene (4 steps)[39m[0m
[   0% ] [90m[1msave[22m | Analyzing[39m[0m
[  20% ] [90m[1msave[22m | Creating Thumbnail[39m[0m
ERROR: Parameter "t" is null.
   at: texture_2d_get (./servers/rendering/dummy/storage/texture_storage.h:110)
   GDScript backtrace (most recent call first):
       [0] _run (res://addons/independent_review/probe.gd:21)
[  80% ] [90m[1msave[22m | Saving Scene[39m[0m
[92m[ DONE ][39m [1msave[22m
[0m
[   0% ] [90m[1msave[22m | Started Saving Scene (4 steps)[39m[0m
[   0% ] [90m[1msave[22m | Analyzing[39m[0m
[  20% ] [90m[1msave[22m | Creating Thumbnail[39m[0m
ERROR: Parameter "t" is null.
   at: texture_2d_get (./servers/rendering/dummy/storage/texture_storage.h:110)
   GDScript backtrace (most recent call first):
       [0] _run (res://addons/independent_review/probe.gd:25)
[  80% ] [90m[1msave[22m | Saving Scene[39m[0m
[92m[ DONE ][39m [1msave[22m
[0m
INDEPENDENT_EDITOR_ROUNDTRIP res://tests/fixtures/rocket_launcher/stage.tscn before=d90858f921f84609ef0449435f0718b1c7ea4ca29722c30f5b0c0b47e147c21f after=71fb7038906c5709d65c81ccf5e0830254ef24bed81c69615ced3167d0999219
SCRIPT ERROR: Assertion failed.
          at: _run (res://addons/independent_review/probe.gd:28)
          GDScript backtrace (most recent call first):
              [0] _run (res://addons/independent_review/probe.gd:28)
