Blender 5.2.2 LTS (hash d13f752e3b9c built 2026-09-22 17:10:25)
[ALSOFT] (EE) Failed to connect PipeWire event context (errno: 1)
00:00.311  blend            | Read blend: "/tmp/dock-thumper-review-0be3af3-i14mvols/snapshot/art/source/models/rocket_launcher/dock_thumper_a.blend"
INFO Draco is available, use library at /usr/lib/blender/5.2/scripts/addons_core/io_scene_gltf2/libbf_intern_draco_bridge.so
ERROR MeshOptimizer is not available because library could not be found at /usr/lib/blender/5.2/scripts/addons_core/io_scene_gltf2/libbf_intern_meshopt_bridge.so
13:53:09 | INFO: Starting glTF 2.0 export
13:53:09 | INFO: Extracting primitive: CoralMuzzleCollar_mesh
13:53:09 | INFO: Primitives created: 1
13:53:09 | INFO: Extracting primitive: Cube.003
13:53:09 | INFO: Primitives created: 1
13:53:09 | INFO: Extracting primitive: Cube.004
13:53:09 | INFO: Primitives created: 1
13:53:09 | INFO: Extracting primitive: FrontGraphiteBand_mesh
13:53:09 | INFO: Primitives created: 1
13:53:09 | INFO: Extracting primitive: Cube.012
13:53:09 | INFO: Primitives created: 1
13:53:09 | INFO: Extracting primitive: Cube.010
13:53:09 | INFO: Primitives created: 1
13:53:09 | INFO: Extracting primitive: Cube.005
13:53:09 | INFO: Primitives created: 1
13:53:09 | INFO: Extracting primitive: IvoryCrown_mesh
13:53:09 | INFO: Primitives created: 1
13:53:09 | INFO: Extracting primitive: Cylinder.001
13:53:09 | INFO: Primitives created: 1
13:53:09 | INFO: Extracting primitive: RearGraphiteCollar_mesh
13:53:09 | INFO: Primitives created: 1
13:53:09 | INFO: Extracting primitive: RearIvoryBand_mesh
13:53:09 | INFO: Primitives created: 1
13:53:09 | INFO: Extracting primitive: Cylinder.002
13:53:09 | INFO: Primitives created: 1
13:53:09 | INFO: Extracting primitive: Cube.013
13:53:09 | INFO: Primitives created: 1
13:53:09 | INFO: Extracting primitive: Cube.011
13:53:09 | INFO: Primitives created: 1
13:53:09 | INFO: Extracting primitive: Cube.009
13:53:09 | INFO: Primitives created: 1
13:53:09 | INFO: Extracting primitive: Cube.008
13:53:09 | INFO: Primitives created: 1
13:53:09 | INFO: Extracting primitive: Cube.002
13:53:09 | INFO: Primitives created: 1
13:53:09 | INFO: Extracting primitive: Cube.001
13:53:09 | INFO: Primitives created: 1
13:53:09 | INFO: Extracting primitive: Cube.006
13:53:09 | INFO: Primitives created: 1
13:53:09 | INFO: Extracting primitive: Cube.007
13:53:09 | INFO: Primitives created: 1
13:53:09 | INFO: Extracting primitive: Cylinder
13:53:09 | INFO: Primitives created: 1
13:53:09 | INFO: Extracting primitive: Cube
13:53:09 | INFO: Primitives created: 1
13:53:09 | INFO: Finished glTF 2.0 export in 0.041054725646972656 s

13:53:09 | INFO: Starting glTF 2.0 export
13:53:09 | INFO: Extracting primitive: Cylinder.004
13:53:09 | INFO: Primitives created: 1
13:53:09 | INFO: Extracting primitive: ExhaustRim_mesh
13:53:09 | INFO: Primitives created: 1
13:53:09 | INFO: Extracting primitive: IvoryFin_0_mesh
13:53:09 | INFO: Primitives created: 1
13:53:09 | INFO: Extracting primitive: IvoryFin_1_mesh
13:53:09 | INFO: Primitives created: 1
13:53:09 | INFO: Extracting primitive: IvoryFin_2_mesh
13:53:09 | INFO: Primitives created: 1
13:53:09 | INFO: Extracting primitive: Cylinder.003
13:53:09 | INFO: Primitives created: 1
13:53:09 | INFO: Extracting primitive: RocketIvoryBand_mesh
13:53:09 | INFO: Primitives created: 1
13:53:09 | INFO: Extracting primitive: RoundedCoralNose_mesh
13:53:09 | INFO: Primitives created: 1
13:53:09 | INFO: Finished glTF 2.0 export in 0.01536250114440918 s

13:53:09 | INFO: Starting glTF 2.0 export
13:53:09 | INFO: Extracting primitive: Cube.014
13:53:09 | INFO: Primitives created: 1
13:53:09 | INFO: Extracting primitive: Cube.015
13:53:09 | INFO: Primitives created: 1
13:53:09 | INFO: Extracting primitive: Cube.017
13:53:09 | INFO: Primitives created: 1
13:53:09 | INFO: Extracting primitive: Cube.016
13:53:09 | INFO: Primitives created: 1
13:53:09 | INFO: Finished glTF 2.0 export in 0.00790548324584961 s

pa_write() failed while trying to wake up the mainloop: Operation not permitted
