Godot Engine v4.8.dev7.official.c971f93e7 - https://godotengine.org

[   0% ] first_scan_filesystem | Started Project initialization (5 steps)
[   0% ] first_scan_filesystem | Scanning file structure...
[  16% ] first_scan_filesystem | Loading global class names...
[  33% ] first_scan_filesystem | Verifying GDExtensions...
[  50% ] first_scan_filesystem | Creating autoload scripts...
[  66% ] first_scan_filesystem | Initializing plugins...
[  83% ] first_scan_filesystem | Starting file scan...
[ DONE ] first_scan_filesystem

[   0% ] update_scripts_classes | Started Registering global classes... (68 steps)
[   0% ] update_scripts_classes | S02ActorMotion
[   1% ] update_scripts_classes | S02AimProbe
[   2% ] update_scripts_classes | S02CameraRig
[   4% ] update_scripts_classes |
[   5% ] update_scripts_classes |
[   7% ] update_scripts_classes | S02DesktopInput
[   8% ] update_scripts_classes | S02Fixture
[  10% ] update_scripts_classes |
[  11% ] update_scripts_classes | S02MotionRules
[  13% ] update_scripts_classes |
[  14% ] update_scripts_classes | S02ProbeOverlay
[  15% ] update_scripts_classes | S03Entity
[  17% ] update_scripts_classes | S03FakeTransport
[  18% ] update_scripts_classes | S03Match
[  20% ] update_scripts_classes | S03Proof
[  21% ] update_scripts_classes | S03Replication
[  23% ] update_scripts_classes | S03Session
[  24% ] update_scripts_classes | S03Transport
[  26% ] update_scripts_classes |
[  27% ] update_scripts_classes | S04BodyComparison
[  28% ] update_scripts_classes | S04CameraRig
[  30% ] update_scripts_classes | S04DesktopInput
[  31% ] update_scripts_classes | S04DriveRules
[  33% ] update_scripts_classes | S04Dynamic
[  34% ] update_scripts_classes | S04Kinematic
[  36% ] update_scripts_classes | S04Match
[  37% ] update_scripts_classes |
[  39% ] update_scripts_classes |
[  40% ] update_scripts_classes |
[  42% ] update_scripts_classes |
[  43% ] update_scripts_classes | S04Proof
[  44% ] update_scripts_classes | S04Replication
[  46% ] update_scripts_classes | S05Car
[  47% ] update_scripts_classes | S05Damage
[  49% ] update_scripts_classes | S05Match
[  50% ] update_scripts_classes | S05Presentation
[  52% ] update_scripts_classes | S05Proof
[  53% ] update_scripts_classes | S05Replication
[  55% ] update_scripts_classes | S05Session
[  56% ] update_scripts_classes | S06Anchor
[  57% ] update_scripts_classes | S06Bake
[  59% ] update_scripts_classes | S06City
[  60% ] update_scripts_classes | S06Controller
[  62% ] update_scripts_classes | S06Fixture
[  63% ] update_scripts_classes | S06Link
[  65% ] update_scripts_classes | S06Minimap
[  66% ] update_scripts_classes |
[  68% ] update_scripts_classes | S06Sector
[  69% ] update_scripts_classes | S09GridlockTracker
[  71% ] update_scripts_classes | S09Lane
[  72% ] update_scripts_classes |
[  73% ] update_scripts_classes | S09TrafficSimulation
[  75% ] update_scripts_classes | S09Topology
[  76% ] update_scripts_classes |
[  78% ] update_scripts_classes | S10Pedestrian
[  79% ] update_scripts_classes | S10Population
[  81% ] update_scripts_classes |
[  82% ] update_scripts_classes | S11PopulationPolicy
[  84% ] update_scripts_classes |
[  85% ] update_scripts_classes | S11SnapshotCodec
[  86% ] update_scripts_classes | S12Combat
[  88% ] update_scripts_classes | S12Proof
[  89% ] update_scripts_classes | S12Target
[  91% ] update_scripts_classes | S17CombatAdapter
[  92% ] update_scripts_classes | S17Host
[  94% ] update_scripts_classes | S17PedestrianAdapter
[  95% ] update_scripts_classes |
[  97% ] update_scripts_classes | S17TrafficAdapter
[ DONE ] update_scripts_classes

[   0% ] _update_scan_actions | Started Scanning actions... (13 steps)
[   0% ] _update_scan_actions | s02_actor.glb
[   7% ] _update_scan_actions | s02_ground.glb
[  14% ] _update_scan_actions | s02_launcher.glb
[  21% ] _update_scan_actions | s02_low.glb
[  28% ] _update_scan_actions | s02_near.glb
[  35% ] _update_scan_actions | s02_pistol.glb
[  42% ] _update_scan_actions | s02_smg.glb
[  50% ] _update_scan_actions | s02_tall.glb
[  57% ] _update_scan_actions | s02_target.glb
[  64% ] _update_scan_actions | s04_car.glb
[  71% ] _update_scan_actions | s04_track.glb
[  78% ] _update_scan_actions | s06_east.glb
[  85% ] _update_scan_actions | s06_west.glb
[ DONE ] _update_scan_actions

[   0% ] reimport | Started (Re)Importing Assets (13 steps)
[   0% ] reimport | Preparing files to reimport...
[   7% ] reimport | Preparing files to reimport...
[  14% ] reimport | Preparing files to reimport...
[  21% ] reimport | Preparing files to reimport...
[  28% ] reimport | Preparing files to reimport...
[  35% ] reimport | Preparing files to reimport...
[  42% ] reimport | Preparing files to reimport...
[  50% ] reimport | Preparing files to reimport...
[  57% ] reimport | Preparing files to reimport...
[  64% ] reimport | Preparing files to reimport...
[  71% ] reimport | Preparing files to reimport...
[  78% ] reimport | Preparing files to reimport...
[  85% ] reimport | Preparing files to reimport...
[   0% ] reimport | Executing pre-reimport operations...
[   0% ] preload_reimporting_scene | Started Preparing scenes for reload (1 steps)
[   0% ] preload_reimporting_scene | Analyzing scene [empty]
[  50% ] preload_reimporting_scene | Preparation done.
[ DONE ] preload_reimporting_scene

[   0% ] reimport | s02_actor.glb
[   0% ] import | Started Import Scene (104 steps)
[   0% ] import | Importing Scene...
[   1% ] import | Running Custom Script...
[  99% ] import | Saving...
[ DONE ] import

[   7% ] reimport | s02_ground.glb
[   0% ] import | Started Import Scene (104 steps)
[   0% ] import | Importing Scene...
[   1% ] import | Running Custom Script...
[  99% ] import | Saving...
[ DONE ] import

[  14% ] reimport | s02_launcher.glb
[   0% ] import | Started Import Scene (104 steps)
[   0% ] import | Importing Scene...
[   1% ] import | Running Custom Script...
[  99% ] import | Saving...
[ DONE ] import

[  21% ] reimport | s02_low.glb
[   0% ] import | Started Import Scene (104 steps)
[   0% ] import | Importing Scene...
[   1% ] import | Running Custom Script...
[  99% ] import | Saving...
[ DONE ] import

[  28% ] reimport | s02_near.glb
[   0% ] import | Started Import Scene (104 steps)
[   0% ] import | Importing Scene...
[   1% ] import | Running Custom Script...
[  99% ] import | Saving...
[ DONE ] import

[  35% ] reimport | s02_pistol.glb
[   0% ] import | Started Import Scene (104 steps)
[   0% ] import | Importing Scene...
[   1% ] import | Running Custom Script...
[  99% ] import | Saving...
[ DONE ] import

[  42% ] reimport | s02_smg.glb
[   0% ] import | Started Import Scene (104 steps)
[   0% ] import | Importing Scene...
[   1% ] import | Running Custom Script...
[  99% ] import | Saving...
[ DONE ] import

[  50% ] reimport | s02_tall.glb
[   0% ] import | Started Import Scene (104 steps)
[   0% ] import | Importing Scene...
[   1% ] import | Running Custom Script...
[  99% ] import | Saving...
[ DONE ] import

[  57% ] reimport | s02_target.glb
[   0% ] import | Started Import Scene (104 steps)
[   0% ] import | Importing Scene...
[   1% ] import | Running Custom Script...
[  99% ] import | Saving...
[ DONE ] import

[  64% ] reimport | s04_car.glb
[   0% ] import | Started Import Scene (104 steps)
[   0% ] import | Importing Scene...
[   1% ] import | Running Custom Script...
[  99% ] import | Saving...
[ DONE ] import

[  71% ] reimport | s04_track.glb
[   0% ] import | Started Import Scene (104 steps)
[   0% ] import | Importing Scene...
[   1% ] import | Running Custom Script...
[  99% ] import | Saving...
[ DONE ] import

[  78% ] reimport | s06_east.glb
[   0% ] import | Started Import Scene (104 steps)
[   0% ] import | Importing Scene...
[   1% ] import | Running Custom Script...
[  99% ] import | Saving...
[ DONE ] import

[  85% ] reimport | s06_west.glb
[   0% ] import | Started Import Scene (104 steps)
[   0% ] import | Importing Scene...
[   1% ] import | Running Custom Script...
[  99% ] import | Saving...
[ DONE ] import

[  92% ] reimport | Finalizing Asset Import...
[ DONE ] reimport

[   0% ] reimport | Started (Re)Importing Assets (13 steps)
[   0% ] reimport | Executing post-reimport operations...
[ DONE ] reimport

[   0% ] loading_editor_layout | Started Loading editor (5 steps)
[   0% ] loading_editor_layout | Loading editor layout...
[  16% ] loading_editor_layout | Loading docks...
[ DONE ] loading_editor_layout
