Godot Engine v4.8.dev7.official.c971f93e7 - https://godotengine.org

S03 {"case_deadline_ms":0,"clock_domain":"engine_elapsed_usec_pid_66640","close_outcome":"","event":"session_changed","operation":1,"participant":0,"phase":"STARTING","pid":66640,"role":"client","session_deadline_ms":15202,"ticks_usec":202135}
S03 {"case_deadline_ms":0,"clock_domain":"engine_elapsed_usec_pid_66640","close_outcome":"CANCELED","event":"close_started","operation":1,"outcome":"CANCELED","phase":"CLOSING","pid":66640,"role":"client","session_deadline_ms":15202,"ticks_usec":207122}
S03 {"case_deadline_ms":0,"clock_domain":"engine_elapsed_usec_pid_66640","close_outcome":"CANCELED","event":"session_changed","operation":1,"participant":0,"phase":"CLOSING","pid":66640,"role":"client","session_deadline_ms":15211,"ticks_usec":211501}
S03 {"case_deadline_ms":8213,"clock_domain":"engine_elapsed_usec_pid_66640","close_outcome":"CANCELED","event":"completed","operation":1,"outcome":"CANCELED","phase":"IDLE","pid":66640,"role":"client","session_deadline_ms":15211,"source_operation":1,"ticks_usec":214605}
S03 {"case_deadline_ms":8213,"clock_domain":"engine_elapsed_usec_pid_66640","close_outcome":"CANCELED","event":"session_changed","operation":1,"participant":0,"phase":"IDLE","pid":66640,"role":"client","session_deadline_ms":15211,"ticks_usec":216873}
S03 {"case_deadline_ms":8213,"clock_domain":"engine_elapsed_usec_pid_66640","close_outcome":"CANCELED","event":"session_changed","operation":2,"participant":0,"phase":"STARTING","pid":66640,"role":"client","session_deadline_ms":15219,"ticks_usec":219063}
S03 {"case_deadline_ms":8221,"clock_domain":"engine_elapsed_usec_pid_66640","close_outcome":"CANCELED","event":"completed","operation":2,"outcome":"OK","phase":"ACTIVE","pid":66640,"role":"client","session_deadline_ms":15219,"source_operation":2,"ticks_usec":274351}
S03 {"case_deadline_ms":8221,"clock_domain":"engine_elapsed_usec_pid_66640","close_outcome":"CANCELED","event":"session_changed","operation":2,"participant":1,"phase":"ACTIVE","pid":66640,"role":"client","session_deadline_ms":15219,"ticks_usec":277323}
S03 {"case_deadline_ms":8221,"clock_domain":"engine_elapsed_usec_pid_66640","close_outcome":"LEFT","event":"close_started","operation":3,"outcome":"LEFT","phase":"CLOSING","pid":66640,"role":"client","session_deadline_ms":15219,"ticks_usec":279651}
S03 {"case_deadline_ms":8221,"clock_domain":"engine_elapsed_usec_pid_66640","close_outcome":"LEFT","event":"session_changed","operation":3,"participant":1,"phase":"CLOSING","pid":66640,"role":"client","session_deadline_ms":15281,"ticks_usec":282062}
S03 {"case_deadline_ms":8284,"clock_domain":"engine_elapsed_usec_pid_66640","close_outcome":"LEFT","event":"completed","operation":3,"outcome":"LEFT","phase":"IDLE","pid":66640,"role":"client","session_deadline_ms":15281,"source_operation":3,"ticks_usec":291538}
S03 {"case_deadline_ms":8284,"clock_domain":"engine_elapsed_usec_pid_66640","close_outcome":"LEFT","event":"session_changed","operation":3,"participant":0,"phase":"IDLE","pid":66640,"role":"client","session_deadline_ms":15281,"ticks_usec":295570}
S03 {"case_deadline_ms":8284,"clock_domain":"engine_elapsed_usec_pid_66640","close_outcome":"LEFT","event":"session_changed","operation":4,"participant":0,"phase":"CONNECTING","pid":66640,"role":"client","session_deadline_ms":15305,"ticks_usec":305388}
S03 {"baseline":1,"case_deadline_ms":8311,"clock_domain":"engine_elapsed_usec_pid_66640","close_outcome":"LEFT","event":"baseline_installed","operation":4,"phase":"SYNCHRONIZING","pid":66640,"role":"client","session_deadline_ms":15305,"ticks_usec":449104}
S03 {"case_deadline_ms":8311,"clock_domain":"engine_elapsed_usec_pid_66640","close_outcome":"LEFT","event":"held_send","expected":"NOT_ADMITTED","operation":4,"phase":"SYNCHRONIZING","pid":66640,"role":"client","sequence":1,"session_deadline_ms":15305,"ticks_usec":452096}
S03 {"case_deadline_ms":8455,"clock_domain":"engine_elapsed_usec_pid_66640","close_outcome":"LEFT","event":"held_receipt","operation":4,"phase":"SYNCHRONIZING","pid":66640,"reason":"NOT_ADMITTED","role":"client","sequence":1,"session_deadline_ms":15305,"ticks_usec":491719}
S03 {"case_deadline_ms":8455,"clock_domain":"engine_elapsed_usec_pid_66640","close_outcome":"CANCELED","event":"close_started","operation":4,"outcome":"CANCELED","phase":"CLOSING","pid":66640,"role":"client","session_deadline_ms":15305,"ticks_usec":526227}
S03 {"case_deadline_ms":8455,"clock_domain":"engine_elapsed_usec_pid_66640","close_outcome":"CANCELED","event":"session_changed","operation":4,"participant":2,"phase":"CLOSING","pid":66640,"role":"client","session_deadline_ms":15528,"ticks_usec":529245}
S03 {"case_deadline_ms":8532,"clock_domain":"engine_elapsed_usec_pid_66640","close_outcome":"CANCELED","event":"completed","operation":4,"outcome":"CANCELED","phase":"IDLE","pid":66640,"role":"client","session_deadline_ms":15528,"source_operation":4,"ticks_usec":546887}
S03 {"case_deadline_ms":8532,"clock_domain":"engine_elapsed_usec_pid_66640","close_outcome":"CANCELED","event":"session_changed","operation":4,"participant":0,"phase":"IDLE","pid":66640,"role":"client","session_deadline_ms":15528,"ticks_usec":549715}
S03 {"case_deadline_ms":8532,"clock_domain":"engine_elapsed_usec_pid_66640","close_outcome":"CANCELED","event":"session_changed","operation":5,"participant":0,"phase":"CONNECTING","pid":66640,"role":"client","session_deadline_ms":15657,"ticks_usec":657274}
S03 {"baseline":2,"case_deadline_ms":8661,"clock_domain":"engine_elapsed_usec_pid_66640","close_outcome":"CANCELED","event":"baseline_installed","operation":5,"phase":"SYNCHRONIZING","pid":66640,"role":"client","session_deadline_ms":15657,"ticks_usec":789298}
S03 {"case_deadline_ms":8661,"clock_domain":"engine_elapsed_usec_pid_66640","close_outcome":"CANCELED","event":"completed","operation":5,"outcome":"OK","phase":"ACTIVE","pid":66640,"role":"client","session_deadline_ms":15657,"source_operation":5,"ticks_usec":864402}
S03 {"case_deadline_ms":8661,"clock_domain":"engine_elapsed_usec_pid_66640","close_outcome":"CANCELED","event":"session_changed","operation":5,"participant":3,"phase":"ACTIVE","pid":66640,"role":"client","session_deadline_ms":15657,"ticks_usec":866896}
S03 {"case_deadline_ms":8661,"clock_domain":"engine_elapsed_usec_pid_66640","close_outcome":"CANCELED","event":"held_send","expected":"OK","operation":5,"phase":"ACTIVE","pid":66640,"role":"client","sequence":1,"session_deadline_ms":15657,"ticks_usec":869518}
S03 {"case_deadline_ms":8872,"clock_domain":"engine_elapsed_usec_pid_66640","close_outcome":"CANCELED","event":"held_receipt","operation":5,"phase":"ACTIVE","pid":66640,"reason":"OK","role":"client","sequence":1,"session_deadline_ms":15657,"ticks_usec":912698}
S03 {"case_deadline_ms":8872,"clock_domain":"engine_elapsed_usec_pid_66640","close_outcome":"CANCELED","event":"held_send","expected":"STALE_SEQUENCE","operation":5,"phase":"ACTIVE","pid":66640,"role":"client","sequence":1,"session_deadline_ms":15657,"ticks_usec":954015}
S03 {"case_deadline_ms":8957,"clock_domain":"engine_elapsed_usec_pid_66640","close_outcome":"CANCELED","event":"held_receipt","operation":5,"phase":"ACTIVE","pid":66640,"reason":"STALE_SEQUENCE","role":"client","sequence":1,"session_deadline_ms":15657,"ticks_usec":995544}
S03 {"case_deadline_ms":8957,"clock_domain":"engine_elapsed_usec_pid_66640","close_outcome":"CANCELED","event":"held_send","expected":"STALE_CONTEXT","operation":5,"phase":"ACTIVE","pid":66640,"role":"client","sequence":2,"session_deadline_ms":15657,"ticks_usec":1029895}
S03 {"case_deadline_ms":9032,"clock_domain":"engine_elapsed_usec_pid_66640","close_outcome":"CANCELED","event":"held_receipt","operation":5,"phase":"ACTIVE","pid":66640,"reason":"STALE_CONTEXT","role":"client","sequence":2,"session_deadline_ms":15657,"ticks_usec":1064713}
S03 {"case_deadline_ms":9032,"clock_domain":"engine_elapsed_usec_pid_66640","close_outcome":"CANCELED","event":"held_send","expected":"INVALID","operation":5,"phase":"ACTIVE","pid":66640,"role":"client","sequence":3,"session_deadline_ms":15657,"ticks_usec":1105829}
S03 {"case_deadline_ms":9109,"clock_domain":"engine_elapsed_usec_pid_66640","close_outcome":"CANCELED","event":"held_receipt","operation":5,"phase":"ACTIVE","pid":66640,"reason":"INVALID","role":"client","sequence":3,"session_deadline_ms":15657,"ticks_usec":1154267}
S03 {"case_deadline_ms":9109,"clock_domain":"engine_elapsed_usec_pid_66640","close_outcome":"CANCELED","event":"held_send","expected":"INVALID","operation":5,"phase":"ACTIVE","pid":66640,"role":"client","sequence":4,"session_deadline_ms":15657,"ticks_usec":1195568}
S03 {"case_deadline_ms":9198,"clock_domain":"engine_elapsed_usec_pid_66640","close_outcome":"CANCELED","event":"held_receipt","operation":5,"phase":"ACTIVE","pid":66640,"reason":"INVALID","role":"client","sequence":4,"session_deadline_ms":15657,"ticks_usec":1243857}
S03 {"case_deadline_ms":9198,"clock_domain":"engine_elapsed_usec_pid_66640","close_outcome":"CANCELED","event":"held_send","expected":"WINDOW","operation":5,"phase":"ACTIVE","pid":66640,"role":"client","sequence":122,"session_deadline_ms":15657,"ticks_usec":1285197}
S03 {"case_deadline_ms":9288,"clock_domain":"engine_elapsed_usec_pid_66640","close_outcome":"CANCELED","event":"held_receipt","operation":5,"phase":"ACTIVE","pid":66640,"reason":"WINDOW","role":"client","sequence":122,"session_deadline_ms":15657,"ticks_usec":1333594}
S03 {"case_deadline_ms":9288,"clock_domain":"engine_elapsed_usec_pid_66640","close_outcome":"CANCELED","event":"held_send","expected":"WINDOW","operation":5,"phase":"ACTIVE","pid":66640,"role":"client","sequence":123,"session_deadline_ms":15657,"ticks_usec":1374849}
S03 {"case_deadline_ms":9377,"clock_domain":"engine_elapsed_usec_pid_66640","close_outcome":"CANCELED","event":"held_receipt","operation":5,"phase":"ACTIVE","pid":66640,"reason":"WINDOW","role":"client","sequence":123,"session_deadline_ms":15657,"ticks_usec":1416347}
S03 {"case_deadline_ms":9377,"clock_domain":"engine_elapsed_usec_pid_66640","close_outcome":"CANCELED","event":"held_send","expected":"WINDOW","operation":5,"phase":"ACTIVE","pid":66640,"role":"client","sequence":124,"session_deadline_ms":15657,"ticks_usec":1450785}
S03 {"case_deadline_ms":9454,"clock_domain":"engine_elapsed_usec_pid_66640","close_outcome":"CANCELED","event":"held_receipt","operation":5,"phase":"ACTIVE","pid":66640,"reason":"WINDOW","role":"client","sequence":124,"session_deadline_ms":15657,"ticks_usec":1485403}
S03 {"baseline":3,"case_deadline_ms":9526,"clock_domain":"engine_elapsed_usec_pid_66640","close_outcome":"CANCELED","event":"baseline_installed","operation":5,"phase":"SYNCHRONIZING","pid":66640,"role":"client","session_deadline_ms":16526,"ticks_usec":1576464}
S03 {"case_deadline_ms":9526,"clock_domain":"engine_elapsed_usec_pid_66640","close_outcome":"CANCELED","event":"held_send","expected":"NOT_ADMITTED","operation":5,"phase":"SYNCHRONIZING","pid":66640,"role":"client","sequence":1,"session_deadline_ms":16526,"ticks_usec":1579081}
S03 {"case_deadline_ms":9581,"clock_domain":"engine_elapsed_usec_pid_66640","close_outcome":"CANCELED","event":"held_receipt","operation":5,"phase":"SYNCHRONIZING","pid":66640,"reason":"NOT_ADMITTED","role":"client","sequence":1,"session_deadline_ms":16526,"ticks_usec":1616453}
S03 {"case_deadline_ms":9658,"clock_domain":"engine_elapsed_usec_pid_66640","close_outcome":"CANCELED","event":"session_changed","operation":5,"participant":3,"phase":"ACTIVE","pid":66640,"role":"client","session_deadline_ms":16526,"ticks_usec":1733870}
S03 {"case_deadline_ms":9658,"clock_domain":"engine_elapsed_usec_pid_66640","close_outcome":"CANCELED","event":"held_send","expected":"STALE_CONTEXT","operation":5,"phase":"ACTIVE","pid":66640,"role":"client","sequence":1,"session_deadline_ms":16526,"ticks_usec":1740646}
S03 {"case_deadline_ms":9743,"clock_domain":"engine_elapsed_usec_pid_66640","close_outcome":"CANCELED","event":"held_receipt","operation":5,"phase":"ACTIVE","pid":66640,"reason":"STALE_CONTEXT","role":"client","sequence":1,"session_deadline_ms":16526,"ticks_usec":1775183}
S03 {"case_deadline_ms":9743,"clock_domain":"engine_elapsed_usec_pid_66640","close_outcome":"CANCELED","event":"held_send","expected":"OK","operation":5,"phase":"ACTIVE","pid":66640,"role":"client","sequence":1,"session_deadline_ms":16526,"ticks_usec":1816515}
S03 {"case_deadline_ms":9820,"clock_domain":"engine_elapsed_usec_pid_66640","close_outcome":"CANCELED","event":"held_receipt","operation":5,"phase":"ACTIVE","pid":66640,"reason":"OK","role":"client","sequence":1,"session_deadline_ms":16526,"ticks_usec":1844171}
S03 {"case_deadline_ms":10527,"clock_domain":"engine_elapsed_usec_pid_66640","close_outcome":"HOST_LOST","event":"close_started","operation":5,"outcome":"HOST_LOST","phase":"CLOSING","pid":66640,"role":"client","session_deadline_ms":16526,"ticks_usec":2658455}
S03 {"case_deadline_ms":10527,"clock_domain":"engine_elapsed_usec_pid_66640","close_outcome":"HOST_LOST","event":"session_changed","operation":5,"participant":3,"phase":"CLOSING","pid":66640,"role":"client","session_deadline_ms":17660,"ticks_usec":2660997}
S03 {"case_deadline_ms":10527,"clock_domain":"engine_elapsed_usec_pid_66640","close_outcome":"HOST_LOST","event":"session_changed","operation":5,"participant":0,"phase":"IDLE","pid":66640,"role":"client","session_deadline_ms":17660,"ticks_usec":2672061}
S03 {"baseline_bytes":0,"case_deadline_ms":10527,"cases":["provider_substitution_late_cleanup","baseline_cancel_retry","held_window_resync","subset_reorder_loss_recovery"],"clock_domain":"engine_elapsed_usec_pid_66640","close_outcome":"HOST_LOST","event":"result","max_held_bytes":0,"max_movement_bytes":0,"movement_received":5,"ok":true,"operation":5,"phase":"IDLE","pid":66640,"role":"client","session_deadline_ms":17660,"steam_available":false,"ticks_usec":2679009,"user_dir":"C:/tmp/ft/s03-fix-3/client/user/appdata/Godot/app_userdata/S03 contract proof"}
