A	art/models/environment/city_lights_04/city_lights_04_cool.glb.import
A	art/models/environment/city_lights_04/city_lights_04_warm.glb.import
A	art/models/environment/city_planting_01/city_planting_01.glb.import
A	art/models/environment/city_planting_02/city_planting_02.glb.import
A	art/models/environment/city_sign_supports_01/city_sign_supports_01.glb.import
A	docs/assets/production/batch_01-evidence/calibration/execution.json
A	docs/assets/production/batch_01-evidence/calibration/five-source-metre-comparison.blend
A	docs/assets/production/batch_01-evidence/calibration/five-source-metre-comparison.png
A	docs/assets/production/batch_01-evidence/calibration/measurements.json
A	docs/assets/production/batch_01-evidence/calibration/stderr.log
A	docs/assets/production/batch_01-evidence/calibration/stdout.log
A	docs/assets/production/batch_01-evidence/gameplay.png
A	docs/assets/production/batch_01-evidence/integration-artifact-index.json
A	docs/assets/production/batch_01-evidence/mounting-close.png
A	docs/assets/production/batch_01-evidence/repetition.png
A	docs/assets/production/batch_01-evidence/source-whitespace-check.stderr.log
A	docs/assets/production/batch_01-evidence/source-whitespace-check.stdout.log
A	docs/assets/production/batch_01-evidence/transport/batch-build-helper-requests.json
A	docs/assets/production/batch_01-evidence/transport/batch-build-helper-results.jsonl
A	docs/assets/production/batch_01-evidence/transport/batch-camera-requests.json
A	docs/assets/production/batch_01-evidence/transport/batch-camera-results.jsonl
A	docs/assets/production/batch_01-evidence/transport/batch-close-capture-requests.json
A	docs/assets/production/batch_01-evidence/transport/batch-close-capture-results.jsonl
A	docs/assets/production/batch_01-evidence/transport/batch-close-capture.stderr.log
A	docs/assets/production/batch_01-evidence/transport/batch-close-requests.json
A	docs/assets/production/batch_01-evidence/transport/batch-close-results.jsonl
A	docs/assets/production/batch_01-evidence/transport/batch-close.stderr.log
A	docs/assets/production/batch_01-evidence/transport/batch-context-results.jsonl
A	docs/assets/production/batch_01-evidence/transport/batch-final-audit-requests.json
A	docs/assets/production/batch_01-evidence/transport/batch-final-audit-results.jsonl
A	docs/assets/production/batch_01-evidence/transport/batch-final-audit.stderr.log
A	docs/assets/production/batch_01-evidence/transport/batch-final-helper-requests.json
A	docs/assets/production/batch_01-evidence/transport/batch-final-helper-results.jsonl
A	docs/assets/production/batch_01-evidence/transport/batch-final-helper.stderr.log
A	docs/assets/production/batch_01-evidence/transport/batch-final-probe-results.jsonl
A	docs/assets/production/batch_01-evidence/transport/batch-final-probe.stderr.log
A	docs/assets/production/batch_01-evidence/transport/batch-final-run-requests.json
A	docs/assets/production/batch_01-evidence/transport/batch-final-run-results.jsonl
A	docs/assets/production/batch_01-evidence/transport/batch-final-run.stderr.log
A	docs/assets/production/batch_01-evidence/transport/batch-final-styled-probe-results.jsonl
A	docs/assets/production/batch_01-evidence/transport/batch-final-styled-probe.stderr.log
A	docs/assets/production/batch_01-evidence/transport/batch-gdstyle-final.stderr.log
A	docs/assets/production/batch_01-evidence/transport/batch-gdstyle-final.stdout.log
A	docs/assets/production/batch_01-evidence/transport/batch-gdstyle.stderr.log
A	docs/assets/production/batch_01-evidence/transport/batch-gdstyle.stdout.log
A	docs/assets/production/batch_01-evidence/transport/batch-helper-style-requests.json
A	docs/assets/production/batch_01-evidence/transport/batch-helper-style-results.jsonl
A	docs/assets/production/batch_01-evidence/transport/batch-helper-style.stderr.log
A	docs/assets/production/batch_01-evidence/transport/batch-import-execution.json
A	docs/assets/production/batch_01-evidence/transport/batch-import.stderr.log
A	docs/assets/production/batch_01-evidence/transport/batch-import.stdout.log
A	docs/assets/production/batch_01-evidence/transport/batch-last-style-requests.json
A	docs/assets/production/batch_01-evidence/transport/batch-last-style-results.jsonl
A	docs/assets/production/batch_01-evidence/transport/batch-last-style.stderr.log
A	docs/assets/production/batch_01-evidence/transport/batch-motion-helper-requests.json
A	docs/assets/production/batch_01-evidence/transport/batch-motion-helper-results.jsonl
A	docs/assets/production/batch_01-evidence/transport/batch-motion-helper.stderr.log
A	docs/assets/production/batch_01-evidence/transport/batch-prefabs-recovery-requests.json
A	docs/assets/production/batch_01-evidence/transport/batch-prefabs-recovery-results.jsonl
A	docs/assets/production/batch_01-evidence/transport/batch-prefabs-recovery.stderr.log
A	docs/assets/production/batch_01-evidence/transport/batch-prefabs-requests.json
A	docs/assets/production/batch_01-evidence/transport/batch-prefabs-results.jsonl
A	docs/assets/production/batch_01-evidence/transport/batch-probe-corrected-requests.json
A	docs/assets/production/batch_01-evidence/transport/batch-probe-corrected-results.jsonl
A	docs/assets/production/batch_01-evidence/transport/batch-probe-corrected.stderr.log
A	docs/assets/production/batch_01-evidence/transport/batch-probe-requests.json
A	docs/assets/production/batch_01-evidence/transport/batch-probe-results.jsonl
A	docs/assets/production/batch_01-evidence/transport/batch-probe.stderr.log
A	docs/assets/production/batch_01-evidence/transport/batch-quiescent-requests.json
A	docs/assets/production/batch_01-evidence/transport/batch-quiescent-results.jsonl
A	docs/assets/production/batch_01-evidence/transport/batch-quiescent.stderr.log
A	docs/assets/production/batch_01-evidence/transport/batch-repeat-probe-requests.json
A	docs/assets/production/batch_01-evidence/transport/batch-repeat-probe-results.jsonl
A	docs/assets/production/batch_01-evidence/transport/batch-repeat-probe.stderr.log
A	docs/assets/production/batch_01-evidence/transport/batch-repeat-requests.json
A	docs/assets/production/batch_01-evidence/transport/batch-repeat-results.jsonl
A	docs/assets/production/batch_01-evidence/transport/batch-repeat.stderr.log
A	docs/assets/production/batch_01-evidence/transport/batch-run-requests.json
A	docs/assets/production/batch_01-evidence/transport/batch-run-results.jsonl
A	docs/assets/production/batch_01-evidence/transport/batch-run.stderr.log
A	docs/assets/production/batch_01-evidence/transport/batch-runtime-start-offset.json
A	docs/assets/production/batch_01-evidence/transport/batch-shutdown-requests.json
A	docs/assets/production/batch_01-evidence/transport/batch-shutdown-results.jsonl
A	docs/assets/production/batch_01-evidence/transport/batch-shutdown.stderr.log
A	docs/assets/production/batch_01-evidence/transport/batch-source-paths.json
A	docs/assets/production/batch_01-evidence/transport/batch-stop-requests.json
A	docs/assets/production/batch_01-evidence/transport/batch-stop-results.jsonl
A	docs/assets/production/batch_01-evidence/transport/batch-stop.stderr.log
A	docs/assets/production/batch_01-evidence/transport/batch-style-last-requests.json
A	docs/assets/production/batch_01-evidence/transport/batch-style-last-results.jsonl
A	docs/assets/production/batch_01-evidence/transport/batch-style-last.stderr.log
A	docs/assets/production/batch_01-evidence/transport/batch-style-requests.json
A	docs/assets/production/batch_01-evidence/transport/batch-style-results.jsonl
A	docs/assets/production/batch_01-evidence/transport/batch-style.stderr.log
A	docs/assets/production/batch_01-evidence/transport/batch-uid-corrected-requests.json
A	docs/assets/production/batch_01-evidence/transport/batch-uid-corrected-results.jsonl
A	docs/assets/production/batch_01-evidence/transport/batch-uid-requests.json
A	docs/assets/production/batch_01-evidence/transport/batch-uid-results.jsonl
A	docs/assets/production/batch_01-evidence/transport/editor-restarted.log
A	docs/assets/production/batch_01-evidence/transport/editor.log
A	docs/assets/production/batch_01-evidence/transport/final-before-roundtrip.json
A	docs/assets/production/batch_01-evidence/transport/final-log-offset.json
A	docs/assets/production/batch_01-evidence/transport/launch-before-batch-restart.json
A	docs/assets/production/batch_01-evidence/transport/launch.json
A	docs/assets/production/batch_01-evidence/uid-cache-after-scan.json
A	docs/assets/production/batch_01-evidence/validation-summary.json
A	docs/assets/production/batch_01-evidence/verification.stderr.log
A	docs/assets/production/batch_01-evidence/verification.stdout.log
A	docs/assets/production/batch_01-integration.md
A	docs/assets/production/city_lights_02-evidence/cool_three_quarter.png.import
A	docs/assets/production/city_lights_02-evidence/head_detail.png.import
A	docs/assets/production/city_lights_02-evidence/warm_three_quarter.png.import
A	docs/reviews/asset-production/batch_01/artifact-index.json
A	docs/reviews/asset-production/batch_01/blender-version.stderr.log
A	docs/reviews/asset-production/batch_01/blender-version.stdout.log
A	docs/reviews/asset-production/batch_01/candidate-scope-file-index.json
A	docs/reviews/asset-production/batch_01/city_lights_01-fresh-source.png
A	docs/reviews/asset-production/batch_01/city_lights_01-fresh-source.png.import
A	docs/reviews/asset-production/batch_01/city_lights_01-reexport.stderr.log
A	docs/reviews/asset-production/batch_01/city_lights_01-reexport.stdout.log
A	docs/reviews/asset-production/batch_01/city_lights_02-fresh-source.png
A	docs/reviews/asset-production/batch_01/city_lights_02-fresh-source.png.import
A	docs/reviews/asset-production/batch_01/city_lights_02-reexport.stderr.log
A	docs/reviews/asset-production/batch_01/city_lights_02-reexport.stdout.log
A	docs/reviews/asset-production/batch_01/city_lights_04-fresh-source.png
A	docs/reviews/asset-production/batch_01/city_lights_04-fresh-source.png.import
A	docs/reviews/asset-production/batch_01/city_lights_04-reexport.stderr.log
A	docs/reviews/asset-production/batch_01/city_lights_04-reexport.stdout.log
A	docs/reviews/asset-production/batch_01/city_planting_01-fresh-source.png
A	docs/reviews/asset-production/batch_01/city_planting_01-fresh-source.png.import
A	docs/reviews/asset-production/batch_01/city_planting_01-reexport.stderr.log
A	docs/reviews/asset-production/batch_01/city_planting_01-reexport.stdout.log
A	docs/reviews/asset-production/batch_01/city_planting_02-fresh-source.png
A	docs/reviews/asset-production/batch_01/city_planting_02-fresh-source.png.import
A	docs/reviews/asset-production/batch_01/city_planting_02-reexport.stderr.log
A	docs/reviews/asset-production/batch_01/city_planting_02-reexport.stdout.log
A	docs/reviews/asset-production/batch_01/city_sign_supports_01-fresh-source.png
A	docs/reviews/asset-production/batch_01/city_sign_supports_01-fresh-source.png.import
A	docs/reviews/asset-production/batch_01/city_sign_supports_01-reexport.stderr.log
A	docs/reviews/asset-production/batch_01/city_sign_supports_01-reexport.stdout.log
A	docs/reviews/asset-production/batch_01/commands.json
A	docs/reviews/asset-production/batch_01/fresh-export-comparison.json
A	docs/reviews/asset-production/batch_01/fresh-preview-settings.json
A	docs/reviews/asset-production/batch_01/fresh-source-previews.stderr.log
A	docs/reviews/asset-production/batch_01/fresh-source-previews.stdout.log
A	docs/reviews/asset-production/batch_01/independent-glb-check.json
A	docs/reviews/asset-production/batch_01/independent-interface-check.json
A	docs/reviews/asset-production/batch_01/independent-interface-check.stderr.log
A	docs/reviews/asset-production/batch_01/independent-interface-check.stdout.log
A	docs/reviews/asset-production/batch_01/independent-manifest-and-glb-adapted.stderr.log
A	docs/reviews/asset-production/batch_01/independent-manifest-and-glb-adapted.stdout.log
A	docs/reviews/asset-production/batch_01/independent-manifest-and-glb.stderr.log
A	docs/reviews/asset-production/batch_01/independent-manifest-and-glb.stdout.log
A	docs/reviews/asset-production/batch_01/independent-manifest-check.json
A	docs/reviews/asset-production/batch_01/independent-model-bounds.json
A	docs/reviews/asset-production/batch_01/independent-model-bounds.stderr.log
A	docs/reviews/asset-production/batch_01/independent-model-bounds.stdout.log
A	docs/reviews/asset-production/batch_01/independent-payload-schema-adaptation.stderr.log
A	docs/reviews/asset-production/batch_01/independent-payload-schema-adaptation.stdout.log
A	docs/reviews/asset-production/batch_01/independent-source-inspection.json
A	docs/reviews/asset-production/batch_01/independent-source-inspection.stderr.log
A	docs/reviews/asset-production/batch_01/independent-source-inspection.stdout.log
A	docs/reviews/asset-production/batch_01/initial-ancestry-static.json
A	docs/reviews/asset-production/batch_01/inspect_interfaces.py
A	docs/reviews/asset-production/batch_01/inspect_payload.py
A	docs/reviews/asset-production/batch_01/inspect_sources.py
A	docs/reviews/asset-production/batch_01/inspect_world_bounds.py
A	docs/reviews/asset-production/batch_01/preflight.py
A	docs/reviews/asset-production/batch_01/preflight.stderr.log
A	docs/reviews/asset-production/batch_01/preflight.stdout.log
A	docs/reviews/asset-production/batch_01/producer-diagnostic-index.json
A	docs/reviews/asset-production/batch_01/record-consistency.stderr.log
A	docs/reviews/asset-production/batch_01/record-consistency.stdout.log
A	docs/reviews/asset-production/batch_01/render_sources.py
A	docs/reviews/asset-production/batch_01/report.md
A	docs/reviews/asset-production/batch_01/review-identity.json
A	docs/reviews/asset-production/batch_01/run_checks.py
A	docs/reviews/asset-production/batch_01/scoped-changed-paths.stderr.log
A	docs/reviews/asset-production/batch_01/scoped-changed-paths.stdout.log
A	docs/reviews/asset-production/batch_01/verify_review_record.py
M	scenes/prefabs/environment/city_lights_02.tscn
M	scenes/prefabs/environment/city_lights_02_cool.tscn
A	scenes/prefabs/environment/city_lights_04.tscn
A	scenes/prefabs/environment/city_lights_04_cool.tscn
A	scenes/prefabs/environment/city_planting_01.tscn
A	scenes/prefabs/environment/city_planting_02.tscn
A	scenes/prefabs/environment/city_sign_supports_01.tscn
A	tests/fixtures/asset_production/batch_01_camera.tscn
A	tests/fixtures/asset_production/batch_01_close.tscn
A	tests/fixtures/asset_production/batch_01_repeat.tscn
A	tests/fixtures/asset_production/batch_observation.gd
A	tests/fixtures/asset_production/batch_observation.gd.uid
A	tools/asset_production/integration/calibrate_batch.py
M	tools/asset_production/integration/editor_client.mjs
M	tools/asset_production/integration/inspector.gd
A	tools/asset_production/integration/verify_batch.py
