00:00.291  blend            | Read blend: "/tmp/six-engine-review-c4067ff/docs/assets/production/batch_01-evidence/calibration/five-source-metre-comparison.blend"
[
  {
    "name": "city_lights_01",
    "type": "EMPTY",
    "instance_type": "COLLECTION",
    "instance_collection": "export_city_lights_01",
    "library": null,
    "location": [
      -6.0,
      0.0,
      0.0
    ]
  },
  {
    "name": "city_lights_02.001",
    "type": "EMPTY",
    "instance_type": "COLLECTION",
    "instance_collection": "export_city_lights_02",
    "library": null,
    "location": [
      -3.0,
      0.0,
      0.0
    ]
  },
  {
    "name": "city_planting_01.001",
    "type": "EMPTY",
    "instance_type": "COLLECTION",
    "instance_collection": "export_city_planting_01",
    "library": null,
    "location": [
      3.0,
      0.0,
      0.0
    ]
  },
  {
    "name": "city_planting_02.001",
    "type": "EMPTY",
    "instance_type": "COLLECTION",
    "instance_collection": "export_city_planting_02",
    "library": null,
    "location": [
      6.0,
      0.0,
      0.0
    ]
  },
  {
    "name": "city_sign_supports_01",
    "type": "EMPTY",
    "instance_type": "COLLECTION",
    "instance_collection": "export_city_sign_supports_01",
    "library": null,
    "location": [
      0.0,
      0.0,
      0.0
    ]
  }
]
Blender 5.2.2 LTS (hash d13f752e3b9c built 2026-09-22 17:10:25)

Blender quit
