Godot Engine v4.8.dev7.official.c971f93e7 - https://godotengine.org

S12 {"client_hit":false,"event":"shot_sent","phase":"ACTIVE","pid":40964,"role":"client","sequence":1,"target":"pedestrian","view_age_ms":244.0,"wall_usec":1791528134413000}
S12 {"client_hit":true,"event":"shot_sent","phase":"ACTIVE","pid":40964,"role":"client","sequence":2,"target":"car","view_age_ms":280.0,"wall_usec":1791528134545000}
S12 {"event":"verdict","phase":"ACTIVE","pid":40964,"role":"client","row":{"accepted":true,"client_hit":false,"current_hit":false,"reason":"OK","rewind_age_ms":255.0,"rewind_clamped":true,"rewind_cpu_usec":22,"rewind_hit":false,"sequence":1,"speed":1.5,"target":"pedestrian"},"wall_usec":1791528134662000}
S12 {"event":"rocket","phase":"ACTIVE","pid":40964,"role":"client","row":{"accepted":true,"launch_usec":1791528134570000,"sent_usec":1791528134423000,"sequence":1},"wall_usec":1791528134668000}
S12 {"client_hit":true,"event":"shot_sent","phase":"ACTIVE","pid":40964,"role":"client","sequence":3,"target":"pedestrian","view_age_ms":279.0,"wall_usec":1791528134696000}
S12 {"event":"verdict","phase":"ACTIVE","pid":40964,"role":"client","row":{"accepted":true,"client_hit":true,"current_hit":false,"reason":"OK","rewind_age_ms":251.0,"rewind_clamped":true,"rewind_cpu_usec":21,"rewind_hit":false,"sequence":2,"speed":12.0,"target":"car"},"wall_usec":1791528134828000}
S12 {"client_hit":true,"event":"shot_sent","phase":"ACTIVE","pid":40964,"role":"client","sequence":4,"target":"car","view_age_ms":230.0,"wall_usec":1791528134848000}
S12 {"event":"verdict","phase":"ACTIVE","pid":40964,"role":"client","row":{"accepted":true,"client_hit":true,"current_hit":false,"reason":"OK","rewind_age_ms":254.0,"rewind_clamped":true,"rewind_cpu_usec":15,"rewind_hit":true,"sequence":3,"speed":1.5,"target":"pedestrian"},"wall_usec":1791528134993000}
S12 {"client_hit":false,"event":"shot_sent","phase":"ACTIVE","pid":40964,"role":"client","sequence":5,"target":"pedestrian","view_age_ms":234.0,"wall_usec":1791528135014000}
S12 {"client_hit":false,"event":"shot_sent","phase":"ACTIVE","pid":40964,"role":"client","sequence":6,"target":"car","view_age_ms":279.0,"wall_usec":1791528135152000}
S12 {"event":"verdict","phase":"ACTIVE","pid":40964,"role":"client","row":{"accepted":true,"client_hit":true,"current_hit":false,"reason":"OK","rewind_age_ms":249.0,"rewind_clamped":true,"rewind_cpu_usec":20,"rewind_hit":true,"sequence":4,"speed":12.0,"target":"car"},"wall_usec":1791528135155000}
S12 {"event":"verdict","phase":"ACTIVE","pid":40964,"role":"client","row":{"accepted":false,"reason":"RATE_LIMITED","sequence":5},"wall_usec":1791528135244000}
S12 {"client_hit":true,"event":"shot_sent","phase":"ACTIVE","pid":40964,"role":"client","sequence":7,"target":"pedestrian","view_age_ms":246.0,"wall_usec":1791528135306000}
S12 {"event":"verdict","phase":"ACTIVE","pid":40964,"role":"client","row":{"accepted":true,"client_hit":false,"current_hit":false,"reason":"OK","rewind_age_ms":246.0,"rewind_clamped":true,"rewind_cpu_usec":15,"rewind_hit":true,"sequence":6,"speed":12.0,"target":"car"},"wall_usec":1791528135368000}
S12 {"client_hit":true,"event":"shot_sent","phase":"ACTIVE","pid":40964,"role":"client","sequence":8,"target":"car","view_age_ms":280.0,"wall_usec":1791528135447000}
S12 {"client_hit":true,"event":"shot_sent","phase":"ACTIVE","pid":40964,"role":"client","sequence":9,"target":"pedestrian","view_age_ms":234.0,"wall_usec":1791528135603000}
S12 {"client_hit":false,"event":"shot_sent","phase":"ACTIVE","pid":40964,"role":"client","sequence":10,"target":"car","view_age_ms":233.0,"wall_usec":1791528135758000}
S12 {"client_hit":false,"event":"shot_sent","phase":"ACTIVE","pid":40964,"role":"client","sequence":11,"target":"pedestrian","view_age_ms":231.0,"wall_usec":1791528135896000}
S12 {"event":"verdict","phase":"ACTIVE","pid":40964,"role":"client","row":{"accepted":true,"client_hit":true,"current_hit":false,"reason":"OK","rewind_age_ms":249.0,"rewind_clamped":true,"rewind_cpu_usec":15,"rewind_hit":false,"sequence":7,"speed":1.5,"target":"pedestrian"},"wall_usec":1791528135958000}
S12 {"event":"verdict","phase":"ACTIVE","pid":40964,"role":"client","row":{"accepted":false,"reason":"RATE_LIMITED","sequence":8},"wall_usec":1791528135963000}
S12 {"event":"verdict","phase":"ACTIVE","pid":40964,"role":"client","row":{"accepted":true,"client_hit":true,"current_hit":true,"reason":"OK","rewind_age_ms":249.0,"rewind_clamped":true,"rewind_cpu_usec":12,"rewind_hit":true,"sequence":9,"speed":1.5,"target":"pedestrian"},"wall_usec":1791528135967000}
S12 {"event":"rocket","phase":"ACTIVE","pid":40964,"role":"client","row":{"accepted":true,"launch_usec":1791528135774000,"sent_usec":1791528135607000,"sequence":2},"wall_usec":1791528135972000}
S12 {"event":"verdict","phase":"ACTIVE","pid":40964,"role":"client","row":{"accepted":true,"client_hit":false,"current_hit":false,"reason":"OK","rewind_age_ms":245.0,"rewind_clamped":true,"rewind_cpu_usec":12,"rewind_hit":false,"sequence":10,"speed":12.0,"target":"car"},"wall_usec":1791528135978000}
S12 {"client_hit":true,"event":"shot_sent","phase":"ACTIVE","pid":40964,"role":"client","sequence":12,"target":"car","view_age_ms":231.0,"wall_usec":1791528136050000}
S12 {"event":"verdict","phase":"ACTIVE","pid":40964,"role":"client","row":{"accepted":true,"client_hit":false,"current_hit":false,"reason":"OK","rewind_age_ms":248.0,"rewind_clamped":true,"rewind_cpu_usec":11,"rewind_hit":false,"sequence":11,"speed":1.5,"target":"pedestrian"},"wall_usec":1791528136158000}
S12 {"client_hit":true,"event":"shot_sent","phase":"ACTIVE","pid":40964,"role":"client","sequence":13,"target":"pedestrian","view_age_ms":247.0,"wall_usec":1791528136205000}
S12 {"event":"verdict","phase":"ACTIVE","pid":40964,"role":"client","row":{"accepted":true,"client_hit":true,"current_hit":true,"reason":"OK","rewind_age_ms":247.0,"rewind_clamped":true,"rewind_cpu_usec":13,"rewind_hit":true,"sequence":12,"speed":12.0,"target":"car"},"wall_usec":1791528136330000}
S12 {"client_hit":true,"event":"shot_sent","phase":"ACTIVE","pid":40964,"role":"client","sequence":14,"target":"car","view_age_ms":231.0,"wall_usec":1791528136345000}
S12 {"client_hit":false,"event":"shot_sent","phase":"ACTIVE","pid":40964,"role":"client","sequence":15,"target":"pedestrian","view_age_ms":278.0,"wall_usec":1791528136501000}
S12 {"event":"verdict","phase":"ACTIVE","pid":40964,"role":"client","row":{"accepted":true,"client_hit":true,"current_hit":false,"reason":"OK","rewind_age_ms":248.0,"rewind_clamped":true,"rewind_cpu_usec":15,"rewind_hit":true,"sequence":13,"speed":1.5,"target":"pedestrian"},"wall_usec":1791528136568000}
S12 {"event":"verdict","phase":"ACTIVE","pid":40964,"role":"client","row":{"accepted":false,"reason":"RATE_LIMITED","sequence":14},"wall_usec":1791528136574000}
S12 {"client_hit":false,"event":"shot_sent","phase":"ACTIVE","pid":40964,"role":"client","sequence":16,"target":"car","view_age_ms":248.0,"wall_usec":1791528136656000}
S12 {"event":"verdict","phase":"ACTIVE","pid":40964,"role":"client","row":{"accepted":true,"client_hit":false,"current_hit":true,"reason":"OK","rewind_age_ms":250.0,"rewind_clamped":true,"rewind_cpu_usec":17,"rewind_hit":true,"sequence":15,"speed":1.5,"target":"pedestrian"},"wall_usec":1791528136720000}
S12 {"client_hit":true,"event":"shot_sent","phase":"ACTIVE","pid":40964,"role":"client","sequence":17,"target":"pedestrian","view_age_ms":326.0,"wall_usec":1791528136795000}
S12 {"client_hit":true,"event":"shot_sent","phase":"ACTIVE","pid":40964,"role":"client","sequence":18,"target":"car","view_age_ms":433.0,"wall_usec":1791528136951000}
S12 {"event":"verdict","phase":"ACTIVE","pid":40964,"role":"client","row":{"accepted":true,"client_hit":false,"current_hit":false,"reason":"OK","rewind_age_ms":245.0,"rewind_clamped":true,"rewind_cpu_usec":14,"rewind_hit":false,"sequence":16,"speed":12.0,"target":"car"},"wall_usec":1791528136954000}
S12 {"client_hit":true,"event":"shot_sent","phase":"ACTIVE","pid":40964,"role":"client","sequence":19,"target":"pedestrian","view_age_ms":248.0,"wall_usec":1791528137106000}
S12 {"event":"verdict","phase":"ACTIVE","pid":40964,"role":"client","row":{"accepted":true,"client_hit":true,"current_hit":false,"reason":"OK","rewind_age_ms":247.0,"rewind_clamped":true,"rewind_cpu_usec":11,"rewind_hit":false,"sequence":17,"speed":1.5,"target":"pedestrian"},"wall_usec":1791528137121000}
S12 {"event":"rocket","phase":"ACTIVE","pid":40964,"role":"client","row":{"accepted":true,"launch_usec":1791528136967000,"sent_usec":1791528136798000,"sequence":3},"wall_usec":1791528137124000}
S12 {"event":"verdict","phase":"ACTIVE","pid":40964,"role":"client","row":{"accepted":false,"reason":"RATE_LIMITED","sequence":18},"wall_usec":1791528137216000}
S12 {"client_hit":false,"event":"shot_sent","phase":"ACTIVE","pid":40964,"role":"client","sequence":20,"target":"car","view_age_ms":233.0,"wall_usec":1791528137246000}
S12 {"event":"verdict","phase":"ACTIVE","pid":40964,"role":"client","row":{"accepted":true,"client_hit":true,"current_hit":true,"reason":"OK","rewind_age_ms":249.0,"rewind_clamped":true,"rewind_cpu_usec":39,"rewind_hit":true,"sequence":19,"speed":1.5,"target":"pedestrian"},"wall_usec":1791528137339000}
S12 {"client_hit":false,"event":"shot_sent","phase":"ACTIVE","pid":40964,"role":"client","sequence":21,"target":"pedestrian","view_age_ms":282.0,"wall_usec":1791528137403000}
S12 {"event":"verdict","phase":"ACTIVE","pid":40964,"role":"client","row":{"accepted":true,"client_hit":false,"current_hit":false,"reason":"OK","rewind_age_ms":253.0,"rewind_clamped":true,"rewind_cpu_usec":11,"rewind_hit":true,"sequence":20,"speed":12.0,"target":"car"},"wall_usec":1791528137525000}
S12 {"client_hit":true,"event":"shot_sent","phase":"ACTIVE","pid":40964,"role":"client","sequence":22,"target":"car","view_age_ms":232.0,"wall_usec":1791528137556000}
S12 {"client_hit":true,"event":"shot_sent","phase":"ACTIVE","pid":40964,"role":"client","sequence":23,"target":"pedestrian","view_age_ms":276.0,"wall_usec":1791528137696000}
S12 {"event":"verdict","phase":"ACTIVE","pid":40964,"role":"client","row":{"accepted":true,"client_hit":false,"current_hit":false,"reason":"OK","rewind_age_ms":249.0,"rewind_clamped":true,"rewind_cpu_usec":11,"rewind_hit":false,"sequence":21,"speed":1.5,"target":"pedestrian"},"wall_usec":1791528137743000}
S12 {"event":"verdict","phase":"ACTIVE","pid":40964,"role":"client","row":{"accepted":false,"reason":"RATE_LIMITED","sequence":22},"wall_usec":1791528137746000}
S12 {"client_hit":true,"event":"shot_sent","phase":"ACTIVE","pid":40964,"role":"client","sequence":24,"target":"car","view_age_ms":232.0,"wall_usec":1791528137851000}
S12 {"event":"verdict","phase":"ACTIVE","pid":40964,"role":"client","row":{"accepted":true,"client_hit":true,"current_hit":false,"reason":"OK","rewind_age_ms":251.0,"rewind_clamped":true,"rewind_cpu_usec":14,"rewind_hit":true,"sequence":23,"speed":1.5,"target":"pedestrian"},"wall_usec":1791528137975000}
S12 {"client_hit":false,"event":"shot_sent","phase":"ACTIVE","pid":40964,"role":"client","sequence":25,"target":"pedestrian","view_age_ms":247.0,"wall_usec":1791528138006000}
S12 {"client_hit":false,"event":"shot_sent","phase":"ACTIVE","pid":40964,"role":"client","sequence":26,"target":"car","view_age_ms":278.0,"wall_usec":1791528138145000}
S12 {"event":"verdict","phase":"ACTIVE","pid":40964,"role":"client","row":{"accepted":true,"client_hit":true,"current_hit":false,"reason":"OK","rewind_age_ms":247.0,"rewind_clamped":true,"rewind_cpu_usec":17,"rewind_hit":false,"sequence":24,"speed":12.0,"target":"car"},"wall_usec":1791528138148000}
S12 {"client_hit":true,"event":"shot_sent","phase":"ACTIVE","pid":40964,"role":"client","sequence":27,"target":"pedestrian","view_age_ms":277.0,"wall_usec":1791528138301000}
S12 {"client_hit":true,"event":"shot_sent","phase":"ACTIVE","pid":40964,"role":"client","sequence":28,"target":"car","view_age_ms":230.0,"wall_usec":1791528138453000}
S12 {"client_hit":true,"event":"shot_sent","phase":"ACTIVE","pid":40964,"role":"client","sequence":29,"target":"pedestrian","view_age_ms":291.0,"wall_usec":1791528138607000}
S12 {"client_hit":false,"event":"shot_sent","phase":"ACTIVE","pid":40964,"role":"client","sequence":30,"target":"car","view_age_ms":276.0,"wall_usec":1791528138746000}
S12 {"client_hit":false,"event":"shot_sent","phase":"ACTIVE","pid":40964,"role":"client","sequence":31,"target":"pedestrian","view_age_ms":232.0,"wall_usec":1791528138901000}
S12 {"client_hit":true,"event":"shot_sent","phase":"ACTIVE","pid":40964,"role":"client","sequence":32,"target":"car","view_age_ms":295.0,"wall_usec":1791528139056000}
S12 {"client_hit":true,"event":"shot_sent","phase":"ACTIVE","pid":40964,"role":"client","sequence":33,"target":"pedestrian","view_age_ms":279.0,"wall_usec":1791528139196000}
S12 {"client_hit":true,"event":"shot_sent","phase":"ACTIVE","pid":40964,"role":"client","sequence":34,"target":"car","view_age_ms":341.0,"wall_usec":1791528139351000}
S12 {"event":"verdict","phase":"ACTIVE","pid":40964,"role":"client","row":{"accepted":true,"client_hit":false,"current_hit":true,"reason":"OK","rewind_age_ms":250.0,"rewind_clamped":true,"rewind_cpu_usec":20,"rewind_hit":true,"sequence":25,"speed":1.5,"target":"pedestrian"},"wall_usec":1791528139411000}
S12 {"event":"rocket","phase":"ACTIVE","pid":40964,"role":"client","row":{"accepted":true,"launch_usec":1791528138192000,"sent_usec":1791528138010000,"sequence":4},"wall_usec":1791528139413000}
S12 {"event":"verdict","phase":"ACTIVE","pid":40964,"role":"client","row":{"accepted":true,"client_hit":false,"current_hit":false,"reason":"OK","rewind_age_ms":246.0,"rewind_clamped":true,"rewind_cpu_usec":10,"rewind_hit":true,"sequence":26,"speed":12.0,"target":"car"},"wall_usec":1791528139416000}
S12 {"event":"verdict","phase":"ACTIVE","pid":40964,"role":"client","row":{"accepted":true,"client_hit":true,"current_hit":false,"reason":"OK","rewind_age_ms":246.0,"rewind_clamped":true,"rewind_cpu_usec":11,"rewind_hit":false,"sequence":27,"speed":1.5,"target":"pedestrian"},"wall_usec":1791528139419000}
S12 {"event":"verdict","phase":"ACTIVE","pid":40964,"role":"client","row":{"accepted":true,"client_hit":true,"current_hit":false,"reason":"OK","rewind_age_ms":245.0,"rewind_clamped":true,"rewind_cpu_usec":10,"rewind_hit":false,"sequence":28,"speed":12.0,"target":"car"},"wall_usec":1791528139421000}
S12 {"event":"verdict","phase":"ACTIVE","pid":40964,"role":"client","row":{"accepted":true,"client_hit":true,"current_hit":true,"reason":"OK","rewind_age_ms":247.0,"rewind_clamped":true,"rewind_cpu_usec":15,"rewind_hit":true,"sequence":29,"speed":1.5,"target":"pedestrian"},"wall_usec":1791528139425000}
S12 {"event":"verdict","phase":"ACTIVE","pid":40964,"role":"client","row":{"accepted":true,"client_hit":false,"current_hit":false,"reason":"OK","rewind_age_ms":249.0,"rewind_clamped":true,"rewind_cpu_usec":13,"rewind_hit":false,"sequence":30,"speed":12.0,"target":"car"},"wall_usec":1791528139429000}
S12 {"client_hit":false,"event":"shot_sent","phase":"ACTIVE","pid":40964,"role":"client","sequence":35,"target":"pedestrian","view_age_ms":293.0,"wall_usec":1791528139504000}
S12 {"client_hit":false,"event":"shot_sent","phase":"ACTIVE","pid":40964,"role":"client","sequence":36,"target":"car","view_age_ms":280.0,"wall_usec":1791528139646000}
S12 {"client_hit":true,"event":"shot_sent","phase":"ACTIVE","pid":40964,"role":"client","sequence":37,"target":"pedestrian","view_age_ms":232.0,"wall_usec":1791528139798000}
S12 {"client_hit":true,"event":"shot_sent","phase":"ACTIVE","pid":40964,"role":"client","sequence":38,"target":"car","view_age_ms":295.0,"wall_usec":1791528139956000}
S12 {"client_hit":true,"event":"shot_sent","phase":"ACTIVE","pid":40964,"role":"client","sequence":39,"target":"pedestrian","view_age_ms":247.0,"wall_usec":1791528140109000}
S12 {"client_hit":false,"event":"shot_sent","phase":"ACTIVE","pid":40964,"role":"client","sequence":40,"target":"car","view_age_ms":233.0,"wall_usec":1791528140249000}
S12 {"client_hit":false,"event":"shot_sent","phase":"ACTIVE","pid":40964,"role":"client","sequence":41,"target":"pedestrian","view_age_ms":296.0,"wall_usec":1791528140405000}
S12 {"event":"verdict","phase":"ACTIVE","pid":40964,"role":"client","row":{"accepted":true,"client_hit":false,"current_hit":false,"reason":"OK","rewind_age_ms":248.0,"rewind_clamped":true,"rewind_cpu_usec":10,"rewind_hit":false,"sequence":31,"speed":1.5,"target":"pedestrian"},"wall_usec":1791528140531000}
S12 {"client_hit":true,"event":"shot_sent","phase":"ACTIVE","pid":40964,"role":"client","sequence":42,"target":"car","view_age_ms":234.0,"wall_usec":1791528140545000}
S12 {"event":"verdict","phase":"ACTIVE","pid":40964,"role":"client","row":{"accepted":false,"reason":"RATE_LIMITED","sequence":32},"wall_usec":1791528140591000}
S12 {"event":"verdict","phase":"ACTIVE","pid":40964,"role":"client","row":{"accepted":false,"reason":"RATE_LIMITED","sequence":33},"wall_usec":1791528140593000}
S12 {"event":"rocket","phase":"ACTIVE","pid":40964,"role":"client","row":{"accepted":true,"launch_usec":1791528140405000,"sent_usec":1791528139199000,"sequence":5},"wall_usec":1791528140598000}
S12 {"event":"verdict","phase":"ACTIVE","pid":40964,"role":"client","row":{"accepted":false,"reason":"RATE_LIMITED","sequence":34},"wall_usec":1791528140602000}
S12 {"event":"verdict","phase":"ACTIVE","pid":40964,"role":"client","row":{"accepted":false,"reason":"RATE_LIMITED","sequence":35},"wall_usec":1791528140604000}
S12 {"event":"verdict","phase":"ACTIVE","pid":40964,"role":"client","row":{"accepted":false,"reason":"RATE_LIMITED","sequence":36},"wall_usec":1791528140607000}
S12 {"event":"verdict","phase":"ACTIVE","pid":40964,"role":"client","row":{"accepted":false,"reason":"RATE_LIMITED","sequence":37},"wall_usec":1791528140608000}
S12 {"event":"verdict","phase":"ACTIVE","pid":40964,"role":"client","row":{"accepted":false,"reason":"RATE_LIMITED","sequence":38},"wall_usec":1791528140611000}
S12 {"event":"verdict","phase":"ACTIVE","pid":40964,"role":"client","row":{"accepted":false,"reason":"RATE_LIMITED","sequence":39},"wall_usec":1791528140614000}
S12 {"event":"verdict","phase":"ACTIVE","pid":40964,"role":"client","row":{"accepted":false,"reason":"RATE_LIMITED","sequence":40},"wall_usec":1791528140615000}
S12 {"event":"verdict","phase":"ACTIVE","pid":40964,"role":"client","row":{"accepted":true,"client_hit":false,"current_hit":false,"reason":"OK","rewind_age_ms":251.0,"rewind_clamped":true,"rewind_cpu_usec":17,"rewind_hit":false,"sequence":41,"speed":1.5,"target":"pedestrian"},"wall_usec":1791528140683000}
S12 {"event":"rocket","phase":"ACTIVE","pid":40964,"role":"client","row":{"accepted":false,"launch_usec":1791528140546000,"sent_usec":1791528140409000,"sequence":6},"wall_usec":1791528140698000}
S12 {"client_hit":true,"event":"shot_sent","phase":"ACTIVE","pid":40964,"role":"client","sequence":43,"target":"pedestrian","view_age_ms":279.0,"wall_usec":1791528140700000}
S12 {"client_hit":true,"event":"shot_sent","phase":"ACTIVE","pid":40964,"role":"client","sequence":44,"target":"car","view_age_ms":292.0,"wall_usec":1791528140853000}
S12 {"event":"verdict","phase":"ACTIVE","pid":40964,"role":"client","row":{"accepted":true,"client_hit":true,"current_hit":false,"reason":"OK","rewind_age_ms":245.0,"rewind_clamped":true,"rewind_cpu_usec":14,"rewind_hit":false,"sequence":42,"speed":12.0,"target":"car"},"wall_usec":1791528140884000}
S12 {"event":"verdict","phase":"ACTIVE","pid":40964,"role":"client","row":{"accepted":true,"client_hit":true,"current_hit":false,"reason":"OK","rewind_age_ms":246.0,"rewind_clamped":true,"rewind_cpu_usec":16,"rewind_hit":true,"sequence":43,"speed":1.5,"target":"pedestrian"},"wall_usec":1791528140962000}
S12 {"client_hit":false,"event":"shot_sent","phase":"ACTIVE","pid":40964,"role":"client","sequence":45,"target":"pedestrian","view_age_ms":296.0,"wall_usec":1791528141009000}
S12 {"client_hit":false,"event":"shot_sent","phase":"ACTIVE","pid":40964,"role":"client","sequence":46,"target":"car","view_age_ms":280.0,"wall_usec":1791528141149000}
S12 {"event":"verdict","phase":"ACTIVE","pid":40964,"role":"client","row":{"accepted":true,"client_hit":true,"current_hit":false,"reason":"OK","rewind_age_ms":252.0,"rewind_clamped":true,"rewind_cpu_usec":16,"rewind_hit":false,"sequence":44,"speed":12.0,"target":"car"},"wall_usec":1791528141194000}
S12 {"client_hit":true,"event":"shot_sent","phase":"ACTIVE","pid":40964,"role":"client","sequence":47,"target":"pedestrian","view_age_ms":231.0,"wall_usec":1791528141301000}
S12 {"client_hit":true,"event":"shot_sent","phase":"ACTIVE","pid":40964,"role":"client","sequence":48,"target":"car","view_age_ms":251.0,"wall_usec":1791528141460000}
S12 {"client_hit":true,"event":"shot_sent","phase":"ACTIVE","pid":40964,"role":"client","sequence":49,"target":"pedestrian","view_age_ms":279.0,"wall_usec":1791528141597000}
S12 {"client_hit":false,"event":"shot_sent","phase":"ACTIVE","pid":40964,"role":"client","sequence":50,"target":"car","view_age_ms":229.0,"wall_usec":1791528141751000}
S12 {"event":"verdict","phase":"ACTIVE","pid":40964,"role":"client","row":{"accepted":false,"reason":"RELOADING","sequence":45},"wall_usec":1791528141755000}
S12 {"event":"verdict","phase":"ACTIVE","pid":40964,"role":"client","row":{"accepted":false,"reason":"RELOADING","sequence":46},"wall_usec":1791528141759000}
S12 {"event":"verdict","phase":"ACTIVE","pid":40964,"role":"client","row":{"accepted":false,"reason":"RELOADING","sequence":47},"wall_usec":1791528141763000}
S12 {"event":"verdict","phase":"ACTIVE","pid":40964,"role":"client","row":{"accepted":false,"reason":"RELOADING","sequence":48},"wall_usec":1791528141767000}
S12 {"event":"verdict","phase":"ACTIVE","pid":40964,"role":"client","row":{"accepted":false,"reason":"RELOADING","sequence":49},"wall_usec":1791528141891000}
S12 {"event":"rocket","phase":"ACTIVE","pid":40964,"role":"client","row":{"accepted":true,"launch_usec":1791528141784000,"sent_usec":1791528141609000,"sequence":7},"wall_usec":1791528141894000}
S12 {"client_hit":false,"event":"shot_sent","phase":"ACTIVE","pid":40964,"role":"client","sequence":51,"target":"pedestrian","view_age_ms":231.0,"wall_usec":1791528141905000}
S12 {"event":"verdict","phase":"ACTIVE","pid":40964,"role":"client","row":{"accepted":false,"reason":"RELOADING","sequence":50},"wall_usec":1791528141996000}
S12 {"client_hit":true,"event":"shot_sent","phase":"ACTIVE","pid":40964,"role":"client","sequence":52,"target":"car","view_age_ms":281.0,"wall_usec":1791528142049000}
S12 {"event":"verdict","phase":"ACTIVE","pid":40964,"role":"client","row":{"accepted":false,"reason":"RELOADING","sequence":51},"wall_usec":1791528142155000}
S12 {"client_hit":true,"event":"shot_sent","phase":"ACTIVE","pid":40964,"role":"client","sequence":53,"target":"pedestrian","view_age_ms":282.0,"wall_usec":1791528142203000}
S12 {"client_hit":true,"event":"shot_sent","phase":"ACTIVE","pid":40964,"role":"client","sequence":54,"target":"car","view_age_ms":296.0,"wall_usec":1791528142359000}
S12 {"event":"verdict","phase":"ACTIVE","pid":40964,"role":"client","row":{"accepted":false,"reason":"RELOADING","sequence":52},"wall_usec":1791528142403000}
S12 {"event":"verdict","phase":"ACTIVE","pid":40964,"role":"client","row":{"accepted":false,"reason":"RELOADING","sequence":53},"wall_usec":1791528142481000}
S12 {"client_hit":false,"event":"shot_sent","phase":"ACTIVE","pid":40964,"role":"client","sequence":55,"target":"pedestrian","view_age_ms":326.0,"wall_usec":1791528142497000}
S12 {"client_hit":false,"event":"shot_sent","phase":"ACTIVE","pid":40964,"role":"client","sequence":56,"target":"car","view_age_ms":297.0,"wall_usec":1791528142656000}
S12 {"event":"verdict","phase":"ACTIVE","pid":40964,"role":"client","row":{"accepted":false,"reason":"RELOADING","sequence":54},"wall_usec":1791528142670000}
S12 {"client_hit":true,"event":"shot_sent","phase":"ACTIVE","pid":40964,"role":"client","sequence":57,"target":"pedestrian","view_age_ms":314.0,"wall_usec":1791528142796000}
S12 {"event":"verdict","phase":"ACTIVE","pid":40964,"role":"client","row":{"accepted":false,"reason":"RELOADING","sequence":55},"wall_usec":1791528142824000}
S12 {"event":"verdict","phase":"ACTIVE","pid":40964,"role":"client","row":{"accepted":false,"reason":"RELOADING","sequence":56},"wall_usec":1791528142933000}
S12 {"client_hit":true,"event":"shot_sent","phase":"ACTIVE","pid":40964,"role":"client","sequence":58,"target":"car","view_age_ms":233.0,"wall_usec":1791528142949000}
S12 {"client_hit":true,"event":"shot_sent","phase":"ACTIVE","pid":40964,"role":"client","sequence":59,"target":"pedestrian","view_age_ms":289.0,"wall_usec":1791528143103000}
S12 {"event":"verdict","phase":"ACTIVE","pid":40964,"role":"client","row":{"accepted":false,"reason":"RELOADING","sequence":57},"wall_usec":1791528143106000}
S12 {"event":"rocket","phase":"ACTIVE","pid":40964,"role":"client","row":{"accepted":true,"launch_usec":1791528142936000,"sent_usec":1791528142800000,"sequence":8},"wall_usec":1791528143112000}
S12 {"client_hit":false,"event":"shot_sent","phase":"ACTIVE","pid":40964,"role":"client","sequence":60,"target":"car","view_age_ms":280.0,"wall_usec":1791528143259000}
S12 {"event":"verdict","phase":"ACTIVE","pid":40964,"role":"client","row":{"accepted":false,"reason":"RELOADING","sequence":58},"wall_usec":1791528143261000}
S12 {"event":"verdict","phase":"ACTIVE","pid":40964,"role":"client","row":{"accepted":false,"reason":"RELOADING","sequence":59},"wall_usec":1791528143305000}
S12 {"client_hit":false,"event":"shot_sent","phase":"ACTIVE","pid":40964,"role":"client","sequence":61,"target":"pedestrian","view_age_ms":278.0,"wall_usec":1791528143398000}
S12 {"event":"verdict","phase":"ACTIVE","pid":40964,"role":"client","row":{"accepted":true,"client_hit":false,"current_hit":false,"reason":"OK","rewind_age_ms":248.0,"rewind_clamped":true,"rewind_cpu_usec":12,"rewind_hit":false,"sequence":60,"speed":12.0,"target":"car"},"wall_usec":1791528143509000}
S12 {"client_hit":true,"event":"shot_sent","phase":"ACTIVE","pid":40964,"role":"client","sequence":62,"target":"car","view_age_ms":293.0,"wall_usec":1791528143554000}
S12 {"client_hit":true,"event":"shot_sent","phase":"ACTIVE","pid":40964,"role":"client","sequence":63,"target":"pedestrian","view_age_ms":296.0,"wall_usec":1791528143709000}
S12 {"event":"verdict","phase":"ACTIVE","pid":40964,"role":"client","row":{"accepted":true,"client_hit":false,"current_hit":true,"reason":"OK","rewind_age_ms":250.0,"rewind_clamped":true,"rewind_cpu_usec":11,"rewind_hit":true,"sequence":61,"speed":1.5,"target":"pedestrian"},"wall_usec":1791528143755000}
S12 {"event":"verdict","phase":"ACTIVE","pid":40964,"role":"client","row":{"accepted":true,"client_hit":true,"current_hit":false,"reason":"OK","rewind_age_ms":248.0,"rewind_clamped":true,"rewind_cpu_usec":15,"rewind_hit":false,"sequence":62,"speed":12.0,"target":"car"},"wall_usec":1791528143835000}
S12 {"client_hit":true,"event":"shot_sent","phase":"ACTIVE","pid":40964,"role":"client","sequence":64,"target":"car","view_age_ms":277.0,"wall_usec":1791528143848000}
S12 {"event":"verdict","phase":"ACTIVE","pid":40964,"role":"client","row":{"accepted":true,"client_hit":true,"current_hit":false,"reason":"OK","rewind_age_ms":249.0,"rewind_clamped":true,"rewind_cpu_usec":9,"rewind_hit":true,"sequence":63,"speed":1.5,"target":"pedestrian"},"wall_usec":1791528143956000}
S12 {"event":"verdict","phase":"ACTIVE","pid":40964,"role":"client","row":{"accepted":false,"reason":"RATE_LIMITED","sequence":64},"wall_usec":1791528144080000}
S12 {"event":"verdict","phase":"ACTIVE","pid":40964,"role":"client","row":{"accepted":false,"reason":"STALE_SEQUENCE","sequence":64},"wall_usec":1791528144403000}
S12 {"event":"verdict","phase":"ACTIVE","pid":40964,"role":"client","row":{"accepted":false,"reason":"INVALID","sequence":65},"wall_usec":1791528144406000}
S12 {"event":"verdict","phase":"ACTIVE","pid":40964,"role":"client","row":{"accepted":false,"reason":"INVALID","sequence":66},"wall_usec":1791528144410000}
S12 {"details":{"summary":{"attempts":64,"host":{"history_peak_bytes":2988,"history_samples":24,"magazine":26,"rejections":{"INVALID":2,"RATE_LIMITED":15,"RELOADING":15,"STALE_SEQUENCE":1}},"responses":64,"rockets":[{"offset_m":2.646,"sequence":1},{"offset_m":3.006,"sequence":2},{"offset_m":3.042,"sequence":3},{"offset_m":3.276,"sequence":4},{"offset_m":21.708,"sequence":5},{"offset_m":3.15,"sequence":7},{"offset_m":2.448,"sequence":8}],"shots":[{"accepted":true,"client_hit":false,"current_hit":false,"reason":"OK","rewind_age_ms":255.0,"rewind_clamped":true,"rewind_cpu_usec":22,"rewind_hit":false,"sequence":1,"speed":1.5,"target":"pedestrian"},{"accepted":true,"client_hit":true,"current_hit":false,"reason":"OK","rewind_age_ms":251.0,"rewind_clamped":true,"rewind_cpu_usec":21,"rewind_hit":false,"sequence":2,"speed":12.0,"target":"car"},{"accepted":true,"client_hit":true,"current_hit":false,"reason":"OK","rewind_age_ms":254.0,"rewind_clamped":true,"rewind_cpu_usec":15,"rewind_hit":true,"sequence":3,"speed":1.5,"target":"pedestrian"},{"accepted":true,"client_hit":true,"current_hit":false,"reason":"OK","rewind_age_ms":249.0,"rewind_clamped":true,"rewind_cpu_usec":20,"rewind_hit":true,"sequence":4,"speed":12.0,"target":"car"},{"accepted":true,"client_hit":false,"current_hit":false,"reason":"OK","rewind_age_ms":246.0,"rewind_clamped":true,"rewind_cpu_usec":15,"rewind_hit":true,"sequence":6,"speed":12.0,"target":"car"},{"accepted":true,"client_hit":true,"current_hit":false,"reason":"OK","rewind_age_ms":249.0,"rewind_clamped":true,"rewind_cpu_usec":15,"rewind_hit":false,"sequence":7,"speed":1.5,"target":"pedestrian"},{"accepted":true,"client_hit":true,"current_hit":true,"reason":"OK","rewind_age_ms":249.0,"rewind_clamped":true,"rewind_cpu_usec":12,"rewind_hit":true,"sequence":9,"speed":1.5,"target":"pedestrian"},{"accepted":true,"client_hit":false,"current_hit":false,"reason":"OK","rewind_age_ms":245.0,"rewind_clamped":true,"rewind_cpu_usec":12,"rewind_hit":false,"sequence":10,"speed":12.0,"target":"car"},{"accepted":true,"client_hit":false,"current_hit":false,"reason":"OK","rewind_age_ms":248.0,"rewind_clamped":true,"rewind_cpu_usec":11,"rewind_hit":false,"sequence":11,"speed":1.5,"target":"pedestrian"},{"accepted":true,"client_hit":true,"current_hit":true,"reason":"OK","rewind_age_ms":247.0,"rewind_clamped":true,"rewind_cpu_usec":13,"rewind_hit":true,"sequence":12,"speed":12.0,"target":"car"},{"accepted":true,"client_hit":true,"current_hit":false,"reason":"OK","rewind_age_ms":248.0,"rewind_clamped":true,"rewind_cpu_usec":15,"rewind_hit":true,"sequence":13,"speed":1.5,"target":"pedestrian"},{"accepted":true,"client_hit":false,"current_hit":true,"reason":"OK","rewind_age_ms":250.0,"rewind_clamped":true,"rewind_cpu_usec":17,"rewind_hit":true,"sequence":15,"speed":1.5,"target":"pedestrian"},{"accepted":true,"client_hit":false,"current_hit":false,"reason":"OK","rewind_age_ms":245.0,"rewind_clamped":true,"rewind_cpu_usec":14,"rewind_hit":false,"sequence":16,"speed":12.0,"target":"car"},{"accepted":true,"client_hit":true,"current_hit":false,"reason":"OK","rewind_age_ms":247.0,"rewind_clamped":true,"rewind_cpu_usec":11,"rewind_hit":false,"sequence":17,"speed":1.5,"target":"pedestrian"},{"accepted":true,"client_hit":true,"current_hit":true,"reason":"OK","rewind_age_ms":249.0,"rewind_clamped":true,"rewind_cpu_usec":39,"rewind_hit":true,"sequence":19,"speed":1.5,"target":"pedestrian"},{"accepted":true,"client_hit":false,"current_hit":false,"reason":"OK","rewind_age_ms":253.0,"rewind_clamped":true,"rewind_cpu_usec":11,"rewind_hit":true,"sequence":20,"speed":12.0,"target":"car"},{"accepted":true,"client_hit":false,"current_hit":false,"reason":"OK","rewind_age_ms":249.0,"rewind_clamped":true,"rewind_cpu_usec":11,"rewind_hit":false,"sequence":21,"speed":1.5,"target":"pedestrian"},{"accepted":true,"client_hit":true,"current_hit":false,"reason":"OK","rewind_age_ms":251.0,"rewind_clamped":true,"rewind_cpu_usec":14,"rewind_hit":true,"sequence":23,"speed":1.5,"target":"pedestrian"},{"accepted":true,"client_hit":true,"current_hit":false,"reason":"OK","rewind_age_ms":247.0,"rewind_clamped":true,"rewind_cpu_usec":17,"rewind_hit":false,"sequence":24,"speed":12.0,"target":"car"},{"accepted":true,"client_hit":false,"current_hit":true,"reason":"OK","rewind_age_ms":250.0,"rewind_clamped":true,"rewind_cpu_usec":20,"rewind_hit":true,"sequence":25,"speed":1.5,"target":"pedestrian"},{"accepted":true,"client_hit":false,"current_hit":false,"reason":"OK","rewind_age_ms":246.0,"rewind_clamped":true,"rewind_cpu_usec":10,"rewind_hit":true,"sequence":26,"speed":12.0,"target":"car"},{"accepted":true,"client_hit":true,"current_hit":false,"reason":"OK","rewind_age_ms":246.0,"rewind_clamped":true,"rewind_cpu_usec":11,"rewind_hit":false,"sequence":27,"speed":1.5,"target":"pedestrian"},{"accepted":true,"client_hit":true,"current_hit":false,"reason":"OK","rewind_age_ms":245.0,"rewind_clamped":true,"rewind_cpu_usec":10,"rewind_hit":false,"sequence":28,"speed":12.0,"target":"car"},{"accepted":true,"client_hit":true,"current_hit":true,"reason":"OK","rewind_age_ms":247.0,"rewind_clamped":true,"rewind_cpu_usec":15,"rewind_hit":true,"sequence":29,"speed":1.5,"target":"pedestrian"},{"accepted":true,"client_hit":false,"current_hit":false,"reason":"OK","rewind_age_ms":249.0,"rewind_clamped":true,"rewind_cpu_usec":13,"rewind_hit":false,"sequence":30,"speed":12.0,"target":"car"},{"accepted":true,"client_hit":false,"current_hit":false,"reason":"OK","rewind_age_ms":248.0,"rewind_clamped":true,"rewind_cpu_usec":10,"rewind_hit":false,"sequence":31,"speed":1.5,"target":"pedestrian"},{"accepted":true,"client_hit":false,"current_hit":false,"reason":"OK","rewind_age_ms":251.0,"rewind_clamped":true,"rewind_cpu_usec":17,"rewind_hit":false,"sequence":41,"speed":1.5,"target":"pedestrian"},{"accepted":true,"client_hit":true,"current_hit":false,"reason":"OK","rewind_age_ms":245.0,"rewind_clamped":true,"rewind_cpu_usec":14,"rewind_hit":false,"sequence":42,"speed":12.0,"target":"car"},{"accepted":true,"client_hit":true,"current_hit":false,"reason":"OK","rewind_age_ms":246.0,"rewind_clamped":true,"rewind_cpu_usec":16,"rewind_hit":true,"sequence":43,"speed":1.5,"target":"pedestrian"},{"accepted":true,"client_hit":true,"current_hit":false,"reason":"OK","rewind_age_ms":252.0,"rewind_clamped":true,"rewind_cpu_usec":16,"rewind_hit":false,"sequence":44,"speed":12.0,"target":"car"},{"accepted":true,"client_hit":false,"current_hit":false,"reason":"OK","rewind_age_ms":248.0,"rewind_clamped":true,"rewind_cpu_usec":12,"rewind_hit":false,"sequence":60,"speed":12.0,"target":"car"},{"accepted":true,"client_hit":false,"current_hit":true,"reason":"OK","rewind_age_ms":250.0,"rewind_clamped":true,"rewind_cpu_usec":11,"rewind_hit":true,"sequence":61,"speed":1.5,"target":"pedestrian"},{"accepted":true,"client_hit":true,"current_hit":false,"reason":"OK","rewind_age_ms":248.0,"rewind_clamped":true,"rewind_cpu_usec":15,"rewind_hit":false,"sequence":62,"speed":12.0,"target":"car"},{"accepted":true,"client_hit":true,"current_hit":false,"reason":"OK","rewind_age_ms":249.0,"rewind_clamped":true,"rewind_cpu_usec":9,"rewind_hit":true,"sequence":63,"speed":1.5,"target":"pedestrian"}]}},"event":"result","ok":true,"phase":"ACTIVE","pid":40964,"role":"client","wall_usec":1791528145315000}
