COMMAND: ALSOFT_DRIVERS=null SDL_AUDIODRIVER=dummy timeout 300s "C:/Program Files/Blender Foundation/Blender 5.2/blender.exe" -noaudio --background --factory-startup --disable-autoexec --threads 2 art/source/models/effects/weapon_effects/weapon_effects_a.blend --python-exit-code 1 --python art/source/models/effects/weapon_effects/reexport_a.py -- C:/tmp/ft/lanes/asset-prod-reconcile/weapon-effects-reexport-review-fix
EXIT: 0

00:02.312  blend            | Read blend: "C:\GameDev\git\ft-lanes\asset-prod-reconcile\art\source\models\effects\weapon_effects\weapon_effects_a.blend"
INFO Draco is available, use library at C:\Program Files\Blender Foundation\Blender 5.2\5.2\scripts\addons_core\io_scene_gltf2\bf_intern_draco_bridge.dll
INFO MeshOptimizer is available, use library at C:\Program Files\Blender Foundation\Blender 5.2\5.2\scripts\addons_core\io_scene_gltf2\bf_intern_meshopt_bridge.dll
22:18:33 | INFO: Starting glTF 2.0 export
22:18:33 | INFO: Extracting primitive: Sphere
22:18:33 | INFO: Primitives created: 2
22:18:33 | INFO: Finished glTF 2.0 export in 0.06252431869506836 s

22:18:33 | INFO: Starting glTF 2.0 export
22:18:33 | INFO: Extracting primitive: Sphere.002
22:18:33 | INFO: Primitives created: 1
22:18:33 | INFO: Finished glTF 2.0 export in 0.009731292724609375 s

22:18:33 | INFO: Starting glTF 2.0 export
22:18:33 | INFO: Extracting primitive: Sphere.003
22:18:33 | INFO: Primitives created: 1
22:18:33 | INFO: Finished glTF 2.0 export in 0.009826898574829102 s

22:18:33 | INFO: Starting glTF 2.0 export
22:18:33 | INFO: Extracting primitive: Sphere.004
22:18:33 | INFO: Primitives created: 1
22:18:33 | INFO: Finished glTF 2.0 export in 0.00888681411743164 s

22:18:33 | INFO: Starting glTF 2.0 export
22:18:33 | INFO: Extracting primitive: Cube
22:18:33 | INFO: Primitives created: 1
22:18:33 | INFO: Finished glTF 2.0 export in 0.004853963851928711 s

22:18:33 | INFO: Starting glTF 2.0 export
22:18:33 | INFO: Extracting primitive: Sphere.005
22:18:33 | INFO: Primitives created: 1
22:18:33 | INFO: Finished glTF 2.0 export in 0.005129098892211914 s

WEAPON_EFFECTS_REEXPORT_PASS 6
Blender 5.2.2 LTS (hash d13f752e3b9c built 2026-09-15 01:37:04)

Blender quit

{
  "blender": "5.2.2 LTS",
  "source_sha256": "d4ce2ad756fbe6a96f84b6336575beb67f28418a16eee112927095e16fe14d69",
  "byte_identical_exports": [
    {
      "file": "weapon_effects_a_muzzle_drop.glb",
      "sha256": "ee242eddc7bdb485b3b79726397014d7b1deaf8b922cdbc65f9342280efa1ad4"
    },
    {
      "file": "weapon_effects_a_fire_lobe.glb",
      "sha256": "9373dbbabe2f811b880f71491a44424595296ac6acf31a49c023f92903502645"
    },
    {
      "file": "weapon_effects_a_smoke_puff.glb",
      "sha256": "6f0174652cd53f3cdc55a1fc79aad5e1f4a991bab8d7fb98dd8546c363fe2c3e"
    },
    {
      "file": "weapon_effects_a_spark.glb",
      "sha256": "32a66205d934dc36cf13006f8eea5b998e424f57c5a1cffe10bd7f1254430d6f"
    },
    {
      "file": "weapon_effects_a_chip.glb",
      "sha256": "2096126b85cfd47370116b7be55e02c8893af56ad70d2bdb03d311cd68a9b559"
    },
    {
      "file": "weapon_effects_a_trail_puff.glb",
      "sha256": "2dd0d327e92f3c43dc1e56e8d1b0ca6be5154ef699e18d577e0dbee86c0021d9"
    }
  ]
}

2096126b85cfd47370116b7be55e02c8893af56ad70d2bdb03d311cd68a9b559 */c/tmp/ft/lanes/asset-prod-reconcile/weapon-effects-reexport-review-fix/weapon_effects_a_chip.glb
9373dbbabe2f811b880f71491a44424595296ac6acf31a49c023f92903502645 */c/tmp/ft/lanes/asset-prod-reconcile/weapon-effects-reexport-review-fix/weapon_effects_a_fire_lobe.glb
ee242eddc7bdb485b3b79726397014d7b1deaf8b922cdbc65f9342280efa1ad4 */c/tmp/ft/lanes/asset-prod-reconcile/weapon-effects-reexport-review-fix/weapon_effects_a_muzzle_drop.glb
6f0174652cd53f3cdc55a1fc79aad5e1f4a991bab8d7fb98dd8546c363fe2c3e */c/tmp/ft/lanes/asset-prod-reconcile/weapon-effects-reexport-review-fix/weapon_effects_a_smoke_puff.glb
32a66205d934dc36cf13006f8eea5b998e424f57c5a1cffe10bd7f1254430d6f */c/tmp/ft/lanes/asset-prod-reconcile/weapon-effects-reexport-review-fix/weapon_effects_a_spark.glb
2dd0d327e92f3c43dc1e56e8d1b0ca6be5154ef699e18d577e0dbee86c0021d9 */c/tmp/ft/lanes/asset-prod-reconcile/weapon-effects-reexport-review-fix/weapon_effects_a_trail_puff.glb
BYTE_IDENTICAL_ALL: true
