00:00.292  blend            | Read blend: "/tmp/batch03-independent/frozen/art/source/models/environment/city_shop_fittings_02/city_shop_fittings_02.blend"
BlenderMCP addon registered
INFO Draco is available, use library at /usr/lib/blender/5.2/scripts/addons_core/io_scene_gltf2/libbf_intern_draco_bridge.so
ERROR MeshOptimizer is not available because library could not be found at /usr/lib/blender/5.2/scripts/addons_core/io_scene_gltf2/libbf_intern_meshopt_bridge.so
18:59:32 | INFO: Starting glTF 2.0 export
18:59:32 | INFO: Extracting primitive: artwork_reveal_mesh
18:59:32 | INFO: Primitives created: 1
18:59:32 | INFO: Extracting primitive: continuous_face_trim_mesh
18:59:32 | INFO: Primitives created: 1
18:59:32 | INFO: Extracting primitive: fascia_artwork_carrier_mesh
18:59:32 | INFO: Primitives created: 2
18:59:32 | INFO: Extracting primitive: folded_back_tray_mesh
18:59:32 | INFO: Primitives created: 1
18:59:32 | INFO: Extracting primitive: formed_fascia_frame_mesh
18:59:32 | INFO: Primitives created: 1
18:59:32 | INFO: Extracting primitive: Cube.001
18:59:32 | INFO: Primitives created: 1
18:59:32 | INFO: Extracting primitive: Cube.002
18:59:32 | INFO: Primitives created: 1
18:59:32 | INFO: Finished glTF 2.0 export in 0.019098758697509766 s

{
  "id": "city_shop_fittings_02",
  "issues": [],
  "variants": [
    {
      "name": "city_shop_fittings_02",
      "members": 8,
      "byte_identical": true
    }
  ]
}
BlenderMCP addon unregistered
Blender 5.2.2 LTS (hash d13f752e3b9c built 2026-09-22 17:10:25)

Blender quit
