00:00.298  blend            | Read blend: "/tmp/batch03-independent/frozen/art/source/models/environment/city_shop_fittings_08/city_shop_fittings_08.blend"
BlenderMCP addon registered
INFO Draco is available, use library at /usr/lib/blender/5.2/scripts/addons_core/io_scene_gltf2/libbf_intern_draco_bridge.so
ERROR MeshOptimizer is not available because library could not be found at /usr/lib/blender/5.2/scripts/addons_core/io_scene_gltf2/libbf_intern_meshopt_bridge.so
18:59:36 | INFO: Starting glTF 2.0 export
18:59:36 | INFO: Extracting primitive: Cube.002
18:59:36 | INFO: Primitives created: 1
18:59:36 | INFO: Extracting primitive: Cube.003
18:59:36 | INFO: Primitives created: 1
18:59:36 | INFO: Extracting primitive: Cylinder
18:59:36 | INFO: Primitives created: 1
18:59:36 | INFO: Extracting primitive: Cylinder.001
18:59:36 | INFO: Primitives created: 1
18:59:36 | INFO: Extracting primitive: Cylinder.002
18:59:36 | INFO: Primitives created: 1
18:59:36 | INFO: Extracting primitive: Cylinder.003
18:59:36 | INFO: Primitives created: 1
18:59:36 | INFO: Extracting primitive: continuous_trim_negative_x_mesh
18:59:36 | INFO: Primitives created: 1
18:59:36 | INFO: Extracting primitive: continuous_trim_positive_x_mesh
18:59:36 | INFO: Primitives created: 1
18:59:36 | INFO: Extracting primitive: dark_reveal_negative_x_mesh
18:59:36 | INFO: Primitives created: 1
18:59:36 | INFO: Extracting primitive: dark_reveal_positive_x_mesh
18:59:36 | INFO: Primitives created: 1
18:59:36 | INFO: Extracting primitive: face_negative_x_mesh
18:59:36 | INFO: Primitives created: 2
18:59:36 | INFO: Extracting primitive: face_positive_x_mesh
18:59:36 | INFO: Primitives created: 2
18:59:36 | INFO: Extracting primitive: formed_blade_shell_mesh
18:59:36 | INFO: Primitives created: 1
18:59:36 | INFO: Extracting primitive: gusset_lower
18:59:36 | INFO: Primitives created: 1
18:59:36 | INFO: Extracting primitive: gusset_upper
18:59:36 | INFO: Primitives created: 1
18:59:36 | INFO: Extracting primitive: Cube.001
18:59:36 | INFO: Primitives created: 1
18:59:36 | INFO: Finished glTF 2.0 export in 0.02892923355102539 s

{
  "id": "city_shop_fittings_08",
  "issues": [],
  "variants": [
    {
      "name": "city_shop_fittings_08",
      "members": 17,
      "byte_identical": true
    }
  ]
}
BlenderMCP addon unregistered
Blender 5.2.2 LTS (hash d13f752e3b9c built 2026-09-22 17:10:25)

Blender quit
