00:00.293  blend            | Read blend: "/tmp/batch03-independent/frozen/art/source/models/environment/city_shop_fittings_05/city_shop_fittings_05.blend"
BlenderMCP addon registered
INFO Draco is available, use library at /usr/lib/blender/5.2/scripts/addons_core/io_scene_gltf2/libbf_intern_draco_bridge.so
ERROR MeshOptimizer is not available because library could not be found at /usr/lib/blender/5.2/scripts/addons_core/io_scene_gltf2/libbf_intern_meshopt_bridge.so
18:59:33 | INFO: Starting glTF 2.0 export
18:59:33 | INFO: Extracting primitive: centre_mullion
18:59:34 | INFO: Primitives created: 1
18:59:34 | INFO: Extracting primitive: formed_perimeter
18:59:34 | INFO: Primitives created: 1
18:59:34 | INFO: Extracting primitive: ivory_perimeter_inlay
18:59:34 | INFO: Primitives created: 1
18:59:34 | INFO: Extracting primitive: left_glazing_gasket
18:59:34 | INFO: Primitives created: 1
18:59:34 | INFO: Extracting primitive: left_opaque_glazing
18:59:34 | INFO: Primitives created: 1
18:59:34 | INFO: Extracting primitive: right_glazing_gasket
18:59:34 | INFO: Primitives created: 1
18:59:34 | INFO: Extracting primitive: right_opaque_glazing
18:59:34 | INFO: Primitives created: 1
18:59:34 | INFO: Extracting primitive: sloped_sill
18:59:34 | INFO: Primitives created: 1
18:59:34 | INFO: Finished glTF 2.0 export in 0.017905473709106445 s

{
  "id": "city_shop_fittings_05",
  "issues": [],
  "variants": [
    {
      "name": "city_shop_fittings_05",
      "members": 9,
      "byte_identical": true
    }
  ]
}
BlenderMCP addon unregistered
Blender 5.2.2 LTS (hash d13f752e3b9c built 2026-09-22 17:10:25)

Blender quit
