00:00.294  blend            | Read blend: "/tmp/batch03-independent/frozen/art/source/models/environment/city_small_shop_shells_01/city_small_shop_shells_01.blend"
BlenderMCP addon registered
INFO Draco is available, use library at /usr/lib/blender/5.2/scripts/addons_core/io_scene_gltf2/libbf_intern_draco_bridge.so
ERROR MeshOptimizer is not available because library could not be found at /usr/lib/blender/5.2/scripts/addons_core/io_scene_gltf2/libbf_intern_meshopt_bridge.so
18:59:36 | INFO: Starting glTF 2.0 export
18:59:36 | INFO: Extracting primitive: drain_saddle_0.65
18:59:36 | INFO: Primitives created: 1
18:59:36 | INFO: Extracting primitive: drain_saddle_2.45
18:59:36 | INFO: Primitives created: 1
18:59:36 | INFO: Extracting primitive: drain_saddle_3.65
18:59:36 | INFO: Primitives created: 1
18:59:36 | INFO: Extracting primitive: flat_roof_deck
18:59:36 | INFO: Primitives created: 1
18:59:36 | INFO: Extracting primitive: front_corner_pier_left
18:59:36 | INFO: Primitives created: 1
18:59:36 | INFO: Extracting primitive: front_corner_pier_right
18:59:36 | INFO: Primitives created: 1
18:59:36 | INFO: Extracting primitive: front_head_course
18:59:36 | INFO: Primitives created: 1
18:59:36 | INFO: Extracting primitive: front_parapet_coping
18:59:36 | INFO: Primitives created: 1
18:59:36 | INFO: Extracting primitive: front_plinth_left
18:59:36 | INFO: Primitives created: 1
18:59:36 | INFO: Extracting primitive: front_plinth_right
18:59:36 | INFO: Primitives created: 1
18:59:36 | INFO: Extracting primitive: front_structural_wall_with_two_openings
18:59:36 | INFO: Primitives created: 1
18:59:36 | INFO: Extracting primitive: party_coping_left
18:59:36 | INFO: Primitives created: 1
18:59:36 | INFO: Extracting primitive: party_coping_right
18:59:36 | INFO: Primitives created: 1
18:59:36 | INFO: Extracting primitive: party_wall_left
18:59:36 | INFO: Primitives created: 1
18:59:36 | INFO: Extracting primitive: party_wall_right
18:59:36 | INFO: Primitives created: 1
18:59:36 | INFO: Extracting primitive: rain_hopper_back
18:59:36 | INFO: Primitives created: 1
18:59:36 | INFO: Extracting primitive: rain_hopper_base
18:59:36 | INFO: Primitives created: 1
18:59:36 | INFO: Extracting primitive: rain_hopper_front
18:59:36 | INFO: Primitives created: 1
18:59:36 | INFO: Extracting primitive: rain_hopper_left
18:59:36 | INFO: Primitives created: 1
18:59:36 | INFO: Extracting primitive: rain_hopper_right
18:59:36 | INFO: Primitives created: 1
18:59:36 | INFO: Extracting primitive: rear_coping
18:59:36 | INFO: Primitives created: 1
18:59:36 | INFO: Extracting primitive: rear_downpipe
18:59:36 | INFO: Primitives created: 1
18:59:36 | INFO: Extracting primitive: rear_parapet_left
18:59:36 | INFO: Primitives created: 1
18:59:36 | INFO: Extracting primitive: rear_parapet_right
18:59:36 | INFO: Primitives created: 1
18:59:36 | INFO: Extracting primitive: rear_plinth
18:59:36 | INFO: Primitives created: 1
18:59:36 | INFO: Extracting primitive: rear_scupper_header
18:59:36 | INFO: Primitives created: 1
18:59:36 | INFO: Extracting primitive: rear_structural_wall
18:59:36 | INFO: Primitives created: 1
18:59:36 | INFO: Extracting primitive: roof_seam_left
18:59:36 | INFO: Primitives created: 1
18:59:36 | INFO: Extracting primitive: roof_seam_right
18:59:36 | INFO: Primitives created: 1
18:59:36 | INFO: Extracting primitive: scupper_lower_lip
18:59:36 | INFO: Primitives created: 1
18:59:36 | INFO: Finished glTF 2.0 export in 0.03581643104553223 s

{
  "id": "city_small_shop_shells_01",
  "issues": [],
  "variants": [
    {
      "name": "city_small_shop_shells_01",
      "members": 39,
      "byte_identical": true
    }
  ]
}
BlenderMCP addon unregistered
Blender 5.2.2 LTS (hash d13f752e3b9c built 2026-09-22 17:10:25)

Blender quit
