{
  "candidate": "028775618c4493ca672646e6e37fdc3c83e0e313",
  "parent": "10ddb64d16e6cb2f137923a31d3ca14991468f7d",
  "original_base": "66400c26a01bf917dfe631af4762c2b444d9c48f",
  "actual_head": "028775618c4493ca672646e6e37fdc3c83e0e313",
  "actual_parent": "10ddb64d16e6cb2f137923a31d3ca14991468f7d",
  "original_base_is_ancestor": true,
  "frozen_count": 465,
  "union_count": 465,
  "frozen_minus_manifests": [],
  "manifests_minus_frozen": [],
  "records": [
    {
      "id": "city_shop_fittings_02",
      "expected_count": 56,
      "expected_count_matches": true,
      "missing": [],
      "extra": [],
      "all_hashes_match": true,
      "all_working_match": true
    },
    {
      "id": "city_shop_fittings_03",
      "expected_count": 65,
      "expected_count_matches": true,
      "missing": [],
      "extra": [],
      "all_hashes_match": true,
      "all_working_match": true
    },
    {
      "id": "city_shop_fittings_05",
      "expected_count": 51,
      "expected_count_matches": true,
      "missing": [],
      "extra": [],
      "all_hashes_match": true,
      "all_working_match": true
    },
    {
      "id": "city_shop_fittings_06",
      "expected_count": 80,
      "expected_count_matches": true,
      "missing": [],
      "extra": [],
      "all_hashes_match": true,
      "all_working_match": true
    },
    {
      "id": "city_shop_fittings_07",
      "expected_count": 36,
      "expected_count_matches": true,
      "missing": [],
      "extra": [],
      "all_hashes_match": true,
      "all_working_match": true
    },
    {
      "id": "city_shop_fittings_08",
      "expected_count": 52,
      "expected_count_matches": true,
      "missing": [],
      "extra": [],
      "all_hashes_match": true,
      "all_working_match": true
    },
    {
      "id": "city_small_shop_shells_01",
      "expected_count": 118,
      "expected_count_matches": true,
      "missing": [],
      "extra": [],
      "all_hashes_match": true,
      "all_working_match": true
    }
  ]
}
