[
  {
    "name": "city_shop_fittings_02",
    "bounds": [
      [
        -1.600000023841858,
        -0.4000000059604645,
        -0.14000000059604645
      ],
      [
        1.600000023841858,
        0.4000000059604645,
        -0.0
      ]
    ],
    "triangles": 1656,
    "issues": [
      "fascia_recess: material scope",
      "fascia_warm_trim: material scope",
      "fascia_artwork_face: material scope",
      "fascia_mount_metal: material scope",
      "fascia_slate_petrol: material scope"
    ],
    "inward_corner_triangles": 0,
    "artwork_interfaces": [
      {
        "mesh": "fascia_artwork_carrier",
        "material": "fascia_artwork_face",
        "vertices": 28,
        "triangles": 26,
        "errors": [],
        "uv_bounds": [
          [
            0.0,
            0.0
          ],
          [
            1.0,
            1.0
          ]
        ],
        "determinant_min": -0.9963358257936554,
        "determinant_max": -1.410877324303783e-06
      }
    ]
  },
  {
    "name": "city_shop_fittings_03_double",
    "bounds": [
      [
        -1.1699999570846558,
        0.0,
        -0.10999999940395355
      ],
      [
        1.1699999570846558,
        2.4800000190734863,
        0.5199999809265137
      ]
    ],
    "triangles": 2312,
    "issues": [],
    "inward_corner_triangles": 0,
    "artwork_interfaces": []
  },
  {
    "name": "city_shop_fittings_03_single",
    "bounds": [
      [
        -0.7699999809265137,
        0.0,
        -0.10999999940395355
      ],
      [
        0.7699999809265137,
        2.4800000190734863,
        0.5199999809265137
      ]
    ],
    "triangles": 2312,
    "issues": [],
    "inward_corner_triangles": 0,
    "artwork_interfaces": []
  },
  {
    "name": "city_shop_fittings_05",
    "bounds": [
      [
        -1.600000023841858,
        0.0,
        -0.2199999988079071
      ],
      [
        1.600000023841858,
        2.0,
        0.18000000715255737
      ]
    ],
    "triangles": 1368,
    "issues": [],
    "inward_corner_triangles": 0,
    "artwork_interfaces": []
  },
  {
    "name": "city_shop_fittings_06_double",
    "bounds": [
      [
        -0.9120000004768372,
        0.029999999329447746,
        0.35199999809265137
      ],
      [
        0.9120000004768372,
        2.2320001125335693,
        0.4749999940395355
      ]
    ],
    "triangles": 3024,
    "issues": [],
    "inward_corner_triangles": 16,
    "artwork_interfaces": []
  },
  {
    "name": "city_shop_fittings_06_single",
    "bounds": [
      [
        -0.5120000243186951,
        0.029999999329447746,
        0.35199999809265137
      ],
      [
        0.5120000243186951,
        2.2320001125335693,
        0.4749999940395355
      ]
    ],
    "triangles": 1512,
    "issues": [],
    "inward_corner_triangles": 8,
    "artwork_interfaces": []
  },
  {
    "name": "city_shop_fittings_07",
    "bounds": [
      [
        -2.4000000953674316,
        0.0,
        -0.15000000596046448
      ],
      [
        2.4000000953674316,
        1.600000023841858,
        0.1599999964237213
      ]
    ],
    "triangles": 1760,
    "issues": [],
    "inward_corner_triangles": 0,
    "artwork_interfaces": []
  },
  {
    "name": "city_shop_fittings_08",
    "bounds": [
      [
        -0.10000000149011612,
        -0.5799999833106995,
        -0.8799999952316284
      ],
      [
        0.10000000149011612,
        0.5799999833106995,
        -0.0
      ]
    ],
    "triangles": 3624,
    "issues": [],
    "inward_corner_triangles": 0,
    "artwork_interfaces": [
      {
        "mesh": "face_negative_x",
        "material": "blade_artwork_negative_x",
        "vertices": 36,
        "triangles": 34,
        "errors": [],
        "uv_bounds": [
          [
            2.8774655547181283e-08,
            0.0
          ],
          [
            1.0,
            1.0
          ]
        ],
        "determinant_min": -0.9329311495198107,
        "determinant_max": -2.4693214852433698e-05
      },
      {
        "mesh": "face_positive_x",
        "material": "blade_artwork_positive_x",
        "vertices": 36,
        "triangles": 34,
        "errors": [],
        "uv_bounds": [
          [
            -1.1102230246251565e-16,
            0.0
          ],
          [
            1.0,
            1.0
          ]
        ],
        "determinant_min": -0.9305117820194131,
        "determinant_max": -2.4693313456225496e-05
      }
    ]
  },
  {
    "name": "city_small_shop_shells_01",
    "bounds": [
      [
        -3.200000047683716,
        0.0,
        -7.119999885559082
      ],
      [
        3.200000047683716,
        5.050000190734863,
        7.21999979019165
      ]
    ],
    "triangles": 4516,
    "issues": [],
    "inward_corner_triangles": 0,
    "artwork_interfaces": []
  }
]
