00:00.289  blend            | Read blend: "/tmp/batch03-independent/frozen/art/source/models/environment/city_shop_fittings_01/city_shop_fittings_01.blend"
00:00.304  blend            | Read blend: "/tmp/batch03-independent/frozen/art/source/models/environment/city_shop_fittings_02/city_shop_fittings_02.blend"
00:00.322  blend            | Read blend: "/tmp/batch03-independent/frozen/art/source/models/environment/city_shop_fittings_03/city_shop_fittings_03.blend"
00:00.360  blend            | Read blend: "/tmp/batch03-independent/frozen/art/source/models/environment/city_shop_fittings_05/city_shop_fittings_05.blend"
00:00.375  blend            | Read blend: "/tmp/batch03-independent/frozen/art/source/models/environment/city_shop_fittings_06/city_shop_fittings_06.blend"
00:00.412  blend            | Read blend: "/tmp/batch03-independent/frozen/art/source/models/environment/city_small_shop_shells_01/city_small_shop_shells_01.blend"
00:00.451  blend            | Read blend: "/tmp/batch03-independent/frozen/docs/assets/production/city_small_shop_shells_01-evidence/mounted_frontage_scratch.blend"
00:00.550  blend            | Read blend: "/tmp/batch03-independent/frozen/docs/assets/production/city_shop_fittings_06-evidence/fitted_comparison.blend"
BlenderMCP addon registered
[
  {
    "path": "/tmp/batch03-independent/frozen/docs/assets/production/city_small_shop_shells_01-evidence/mounted_frontage_scratch.blend",
    "checked": 56,
    "mismatches": []
  },
  {
    "path": "/tmp/batch03-independent/frozen/docs/assets/production/city_shop_fittings_06-evidence/fitted_comparison.blend",
    "checked": 17,
    "mismatches": []
  }
]
BlenderMCP addon unregistered
Blender 5.2.2 LTS (hash d13f752e3b9c built 2026-09-22 17:10:25)

Blender quit
