M	TODO.md
A	docs/spikes/s05-vsync-image-observation-evidence/README.md
A	docs/spikes/s05-vsync-image-observation-evidence/manifest.json
A	docs/spikes/s05-vsync-image-observation-evidence/payloads/attempt/copy-ledger.json.gz
A	docs/spikes/s05-vsync-image-observation-evidence/payloads/attempt/generated-imports.json.gz
A	docs/spikes/s05-vsync-image-observation-evidence/payloads/attempt/host/draw.jsonl.gz
A	docs/spikes/s05-vsync-image-observation-evidence/payloads/attempt/host/engine.log.gz
A	docs/spikes/s05-vsync-image-observation-evidence/payloads/attempt/host/stderr.gz
A	docs/spikes/s05-vsync-image-observation-evidence/payloads/attempt/host/stdout.gz
A	docs/spikes/s05-vsync-image-observation-evidence/payloads/attempt/import/engine.log.gz
A	docs/spikes/s05-vsync-image-observation-evidence/payloads/attempt/import/stderr.gz
A	docs/spikes/s05-vsync-image-observation-evidence/payloads/attempt/import/stdout.gz
A	docs/spikes/s05-vsync-image-observation-evidence/payloads/attempt/lifecycle.json.gz
A	docs/spikes/s05-vsync-image-observation-evidence/payloads/attempt/project/art/models/spikes/s04_car.glb.gz
A	docs/spikes/s05-vsync-image-observation-evidence/payloads/attempt/project/art/models/spikes/s04_car.glb.import.gz
A	docs/spikes/s05-vsync-image-observation-evidence/payloads/attempt/project/art/models/spikes/s04_track.glb.gz
A	docs/spikes/s05-vsync-image-observation-evidence/payloads/attempt/project/art/models/spikes/s04_track.glb.import.gz
A	docs/spikes/s05-vsync-image-observation-evidence/payloads/attempt/project/art/models/spikes/s05_explosion_carrier.glb.gz
A	docs/spikes/s05-vsync-image-observation-evidence/payloads/attempt/project/art/models/spikes/s05_explosion_carrier.glb.import.gz
A	docs/spikes/s05-vsync-image-observation-evidence/payloads/attempt/project/generated-imports/.gdignore.gz
A	docs/spikes/s05-vsync-image-observation-evidence/payloads/attempt/project/generated-imports/editor/filesystem_cache10.gz
A	docs/spikes/s05-vsync-image-observation-evidence/payloads/attempt/project/generated-imports/editor/project_metadata.cfg.gz
A	docs/spikes/s05-vsync-image-observation-evidence/payloads/attempt/project/generated-imports/editor/s04_car.glb-3f8890a75faed36a9858b2a8d6064953.scn-folding-9a8f1fb8a7b54b14ce6b2d4683ff5d88.cfg.gz
A	docs/spikes/s05-vsync-image-observation-evidence/payloads/attempt/project/generated-imports/editor/s04_track.glb-32c105f9ee8a1385e3c0770403441b7b.scn-folding-299f006438793ea17ec4860c35781b7e.cfg.gz
A	docs/spikes/s05-vsync-image-observation-evidence/payloads/attempt/project/generated-imports/editor/s05_explosion_carrier.glb-e270aed4622d29e5b5f9018c27777acf.scn-folding-0a25c55944ef4bda2fda0e5b5bd822d4.cfg.gz
A	docs/spikes/s05-vsync-image-observation-evidence/payloads/attempt/project/generated-imports/global_script_class_cache.cfg.gz
A	docs/spikes/s05-vsync-image-observation-evidence/payloads/attempt/project/generated-imports/imported/icon.svg-218a8f2b3041327d8a5756f3a245f83b.ctex.gz
A	docs/spikes/s05-vsync-image-observation-evidence/payloads/attempt/project/generated-imports/imported/icon.svg-218a8f2b3041327d8a5756f3a245f83b.md5.gz
A	docs/spikes/s05-vsync-image-observation-evidence/payloads/attempt/project/generated-imports/imported/s04_car.glb-3f8890a75faed36a9858b2a8d6064953.md5.gz
A	docs/spikes/s05-vsync-image-observation-evidence/payloads/attempt/project/generated-imports/imported/s04_car.glb-3f8890a75faed36a9858b2a8d6064953.scn.gz
A	docs/spikes/s05-vsync-image-observation-evidence/payloads/attempt/project/generated-imports/imported/s04_track.glb-32c105f9ee8a1385e3c0770403441b7b.md5.gz
A	docs/spikes/s05-vsync-image-observation-evidence/payloads/attempt/project/generated-imports/imported/s04_track.glb-32c105f9ee8a1385e3c0770403441b7b.scn.gz
A	docs/spikes/s05-vsync-image-observation-evidence/payloads/attempt/project/generated-imports/imported/s05_explosion_carrier.glb-e270aed4622d29e5b5f9018c27777acf.md5.gz
A	docs/spikes/s05-vsync-image-observation-evidence/payloads/attempt/project/generated-imports/imported/s05_explosion_carrier.glb-e270aed4622d29e5b5f9018c27777acf.scn.gz
A	docs/spikes/s05-vsync-image-observation-evidence/payloads/attempt/project/generated-imports/uid_cache.bin.gz
A	docs/spikes/s05-vsync-image-observation-evidence/payloads/attempt/project/icon.svg.gz
A	docs/spikes/s05-vsync-image-observation-evidence/payloads/attempt/project/icon.svg.import.gz
A	docs/spikes/s05-vsync-image-observation-evidence/payloads/attempt/project/project.godot.gz
A	docs/spikes/s05-vsync-image-observation-evidence/payloads/attempt/project/tests/fixtures/s03/boot.tscn.gz
A	docs/spikes/s05-vsync-image-observation-evidence/payloads/attempt/project/tests/fixtures/s03/entity.gd.gz
A	docs/spikes/s05-vsync-image-observation-evidence/payloads/attempt/project/tests/fixtures/s03/entity.gd.uid.gz
A	docs/spikes/s05-vsync-image-observation-evidence/payloads/attempt/project/tests/fixtures/s03/entity.tscn.gz
A	docs/spikes/s05-vsync-image-observation-evidence/payloads/attempt/project/tests/fixtures/s03/fake_transport.gd.gz
A	docs/spikes/s05-vsync-image-observation-evidence/payloads/attempt/project/tests/fixtures/s03/fake_transport.gd.uid.gz
A	docs/spikes/s05-vsync-image-observation-evidence/payloads/attempt/project/tests/fixtures/s03/local_rig.tscn.gz
A	docs/spikes/s05-vsync-image-observation-evidence/payloads/attempt/project/tests/fixtures/s03/match.gd.gz
A	docs/spikes/s05-vsync-image-observation-evidence/payloads/attempt/project/tests/fixtures/s03/match.gd.uid.gz
A	docs/spikes/s05-vsync-image-observation-evidence/payloads/attempt/project/tests/fixtures/s03/proof.gd.gz
A	docs/spikes/s05-vsync-image-observation-evidence/payloads/attempt/project/tests/fixtures/s03/proof.gd.uid.gz
A	docs/spikes/s05-vsync-image-observation-evidence/payloads/attempt/project/tests/fixtures/s03/replication.gd.gz
A	docs/spikes/s05-vsync-image-observation-evidence/payloads/attempt/project/tests/fixtures/s03/replication.gd.uid.gz
A	docs/spikes/s05-vsync-image-observation-evidence/payloads/attempt/project/tests/fixtures/s03/session.gd.gz
A	docs/spikes/s05-vsync-image-observation-evidence/payloads/attempt/project/tests/fixtures/s03/session.gd.uid.gz
A	docs/spikes/s05-vsync-image-observation-evidence/payloads/attempt/project/tests/fixtures/s03/transport.gd.gz
A	docs/spikes/s05-vsync-image-observation-evidence/payloads/attempt/project/tests/fixtures/s03/transport.gd.uid.gz
A	docs/spikes/s05-vsync-image-observation-evidence/payloads/attempt/project/tests/fixtures/s04/drive_rules.gd.gz
A	docs/spikes/s05-vsync-image-observation-evidence/payloads/attempt/project/tests/fixtures/s04/drive_rules.gd.uid.gz
A	docs/spikes/s05-vsync-image-observation-evidence/payloads/attempt/project/tests/fixtures/s04/kinematic.gd.gz
A	docs/spikes/s05-vsync-image-observation-evidence/payloads/attempt/project/tests/fixtures/s04/kinematic.gd.uid.gz
A	docs/spikes/s05-vsync-image-observation-evidence/payloads/attempt/project/tests/fixtures/s04/kinematic.tscn.gz
A	docs/spikes/s05-vsync-image-observation-evidence/payloads/attempt/project/tests/fixtures/s04/track.tscn.gz
A	docs/spikes/s05-vsync-image-observation-evidence/payloads/attempt/project/tests/fixtures/s05/boot.tscn.gz
A	docs/spikes/s05-vsync-image-observation-evidence/payloads/attempt/project/tests/fixtures/s05/burst.tscn.gz
A	docs/spikes/s05-vsync-image-observation-evidence/payloads/attempt/project/tests/fixtures/s05/car.gd.gz
A	docs/spikes/s05-vsync-image-observation-evidence/payloads/attempt/project/tests/fixtures/s05/car.gd.uid.gz
A	docs/spikes/s05-vsync-image-observation-evidence/payloads/attempt/project/tests/fixtures/s05/car.tscn.gz
A	docs/spikes/s05-vsync-image-observation-evidence/payloads/attempt/project/tests/fixtures/s05/damage.gd.gz
A	docs/spikes/s05-vsync-image-observation-evidence/payloads/attempt/project/tests/fixtures/s05/damage.gd.uid.gz
A	docs/spikes/s05-vsync-image-observation-evidence/payloads/attempt/project/tests/fixtures/s05/match.gd.gz
A	docs/spikes/s05-vsync-image-observation-evidence/payloads/attempt/project/tests/fixtures/s05/match.gd.uid.gz
A	docs/spikes/s05-vsync-image-observation-evidence/payloads/attempt/project/tests/fixtures/s05/presentation.gd.gz
A	docs/spikes/s05-vsync-image-observation-evidence/payloads/attempt/project/tests/fixtures/s05/presentation.gd.uid.gz
A	docs/spikes/s05-vsync-image-observation-evidence/payloads/attempt/project/tests/fixtures/s05/proof.gd.gz
A	docs/spikes/s05-vsync-image-observation-evidence/payloads/attempt/project/tests/fixtures/s05/proof.gd.uid.gz
A	docs/spikes/s05-vsync-image-observation-evidence/payloads/attempt/project/tests/fixtures/s05/replication.gd.gz
A	docs/spikes/s05-vsync-image-observation-evidence/payloads/attempt/project/tests/fixtures/s05/replication.gd.uid.gz
A	docs/spikes/s05-vsync-image-observation-evidence/payloads/attempt/project/tests/fixtures/s05/session.gd.gz
A	docs/spikes/s05-vsync-image-observation-evidence/payloads/attempt/project/tests/fixtures/s05/session.gd.uid.gz
A	docs/spikes/s05-vsync-image-observation-evidence/payloads/attempt/project/tests/fixtures/s05_draw/burst.tscn.gz
A	docs/spikes/s05-vsync-image-observation-evidence/payloads/attempt/project/tests/fixtures/s05_draw/camera.tscn.gz
A	docs/spikes/s05-vsync-image-observation-evidence/payloads/attempt/project/tests/fixtures/s05_draw/observer.gd.gz
A	docs/spikes/s05-vsync-image-observation-evidence/payloads/attempt/project/tests/fixtures/s05_draw/observer.gd.uid.gz
A	docs/spikes/s05-vsync-image-observation-evidence/payloads/attempt/project/tests/fixtures/s05_effect/burst.tscn.gz
A	docs/spikes/s05-vsync-image-observation-evidence/payloads/attempt/project/tests/fixtures/s05_effect/explosion.tscn.gz
A	docs/spikes/s05-vsync-image-observation-evidence/payloads/attempt/project/tests/fixtures/s05_effect/match.gd.gz
A	docs/spikes/s05-vsync-image-observation-evidence/payloads/attempt/project/tests/fixtures/s05_effect/match.gd.uid.gz
A	docs/spikes/s05-vsync-image-observation-evidence/payloads/attempt/project/tests/fixtures/s05_effect/presentation.gd.gz
A	docs/spikes/s05-vsync-image-observation-evidence/payloads/attempt/project/tests/fixtures/s05_effect/presentation.gd.uid.gz
A	docs/spikes/s05-vsync-image-observation-evidence/payloads/attempt/project/tests/fixtures/s05_effect/proof.gd.gz
A	docs/spikes/s05-vsync-image-observation-evidence/payloads/attempt/project/tests/fixtures/s05_effect/proof.gd.uid.gz
A	docs/spikes/s05-vsync-image-observation-evidence/payloads/checks/attempt01.command.json.gz
A	docs/spikes/s05-vsync-image-observation-evidence/payloads/checks/attempt01.stderr.gz
A	docs/spikes/s05-vsync-image-observation-evidence/payloads/checks/attempt01.stdout.gz
A	docs/spikes/s05-vsync-image-observation-evidence/payloads/checks/evaluation01.command.json.gz
A	docs/spikes/s05-vsync-image-observation-evidence/payloads/checks/evaluation01.json.gz
A	docs/spikes/s05-vsync-image-observation-evidence/payloads/checks/evaluation01.stderr.gz
A	docs/spikes/s05-vsync-image-observation-evidence/payloads/checks/evaluation01.stdout.gz
A	docs/spikes/s05-vsync-image-observation-evidence/payloads/checks/format01.command.json.gz
A	docs/spikes/s05-vsync-image-observation-evidence/payloads/checks/format01.stderr.gz
A	docs/spikes/s05-vsync-image-observation-evidence/payloads/checks/format01.stdout.gz
A	docs/spikes/s05-vsync-image-observation-evidence/payloads/checks/offline01.command.json.gz
A	docs/spikes/s05-vsync-image-observation-evidence/payloads/checks/offline01.stderr.gz
A	docs/spikes/s05-vsync-image-observation-evidence/payloads/checks/offline01.stdout.gz
A	docs/spikes/s05-vsync-image-observation-evidence/payloads/checks/offline02.command.json.gz
A	docs/spikes/s05-vsync-image-observation-evidence/payloads/checks/offline02.stderr.gz
A	docs/spikes/s05-vsync-image-observation-evidence/payloads/checks/offline02.stdout.gz
A	docs/spikes/s05-vsync-image-observation-evidence/payloads/checks/offline03-corrected.command.json.gz
A	docs/spikes/s05-vsync-image-observation-evidence/payloads/checks/offline03-corrected.stderr.gz
A	docs/spikes/s05-vsync-image-observation-evidence/payloads/checks/offline03-corrected.stdout.gz
A	docs/spikes/s05-vsync-image-observation-evidence/payloads/checks/static01.command.json.gz
A	docs/spikes/s05-vsync-image-observation-evidence/payloads/checks/static01.json.gz
A	docs/spikes/s05-vsync-image-observation-evidence/payloads/checks/static01.stderr.gz
A	docs/spikes/s05-vsync-image-observation-evidence/payloads/checks/static01.stdout.gz
A	docs/spikes/s05-vsync-image-observation-evidence/payloads/checks/style01.command.json.gz
A	docs/spikes/s05-vsync-image-observation-evidence/payloads/checks/style01.stderr.gz
A	docs/spikes/s05-vsync-image-observation-evidence/payloads/checks/style01.stdout.gz
A	docs/spikes/s05-vsync-image-observation-evidence/payloads/source-ancestry/art/source/models/spikes/s04_kit.blend.gz
A	docs/spikes/s05-vsync-image-observation-evidence/payloads/source-ancestry/art/source/models/spikes/s05_explosion_carrier.blend.gz
A	docs/spikes/s05-vsync-image-observation-evidence/payloads/sources/corrected-offline/tools/s05_vsync_image/check.py.gz
A	docs/spikes/s05-vsync-image-observation-evidence/payloads/sources/corrected-offline/tools/s05_vsync_image/record.py.gz
A	docs/spikes/s05-vsync-image-observation-evidence/payloads/sources/corrected-offline/tools/s05_vsync_image/retain.py.gz
A	docs/spikes/s05-vsync-image-observation-evidence/payloads/sources/corrected-offline/tools/s05_vsync_image/run.py.gz
A	docs/spikes/s05-vsync-image-observation-evidence/payloads/sources/corrected-offline/tools/s05_vsync_image/test_offline.py.gz
A	docs/spikes/s05-vsync-image-observation-evidence/payloads/sources/executed/tools/s05_vsync_image/check.py.gz
A	docs/spikes/s05-vsync-image-observation-evidence/payloads/sources/executed/tools/s05_vsync_image/record.py.gz
A	docs/spikes/s05-vsync-image-observation-evidence/payloads/sources/executed/tools/s05_vsync_image/run.py.gz
A	docs/spikes/s05-vsync-image-observation-evidence/payloads/sources/executed/tools/s05_vsync_image/test_offline.py.gz
A	docs/spikes/s05-vsync-image-observation-evidence/payloads/sources/recovered-offline01-test_offline.py.gz
A	docs/spikes/s05-vsync-image-observation-evidence/provenance.md
A	docs/spikes/s05-vsync-image-observation-evidence/raw-commission.txt
A	docs/spikes/s05-vsync-image-observation-evidence/raw-main-notification.txt
A	docs/spikes/s05-vsync-image-observation-evidence/raw-stop-confirmation.txt
A	docs/spikes/s05-vsync-image-observation-evidence/readback.json
A	docs/spikes/s05-vsync-image-observation.md
M	docs/spikes/s07-run-cards.md
A	docs/spikes/s07-sustained-driver-evidence/.gdignore
A	docs/spikes/s07-sustained-driver-evidence/README.md
A	docs/spikes/s07-sustained-driver-evidence/author/artifact-ledger.json
A	docs/spikes/s07-sustained-driver-evidence/author/author-supervisor.stderr
A	docs/spikes/s07-sustained-driver-evidence/author/author-supervisor.stdout
A	docs/spikes/s07-sustained-driver-evidence/author/author.py
A	docs/spikes/s07-sustained-driver-evidence/author/call-001.json
A	docs/spikes/s07-sustained-driver-evidence/author/call-002.json
A	docs/spikes/s07-sustained-driver-evidence/author/call-003.json
A	docs/spikes/s07-sustained-driver-evidence/author/call-004.json
A	docs/spikes/s07-sustained-driver-evidence/author/call-005.json
A	docs/spikes/s07-sustained-driver-evidence/author/call-006.json
A	docs/spikes/s07-sustained-driver-evidence/author/call-007.json
A	docs/spikes/s07-sustained-driver-evidence/author/call-008.json
A	docs/spikes/s07-sustained-driver-evidence/author/call-009.json
A	docs/spikes/s07-sustained-driver-evidence/author/call-010.json
A	docs/spikes/s07-sustained-driver-evidence/author/call-011.json
A	docs/spikes/s07-sustained-driver-evidence/author/call-012.json
A	docs/spikes/s07-sustained-driver-evidence/author/call-013.json
A	docs/spikes/s07-sustained-driver-evidence/author/call-014.json
A	docs/spikes/s07-sustained-driver-evidence/author/call-015.json
A	docs/spikes/s07-sustained-driver-evidence/author/call-016.json
A	docs/spikes/s07-sustained-driver-evidence/author/call-017.json
A	docs/spikes/s07-sustained-driver-evidence/author/connector.stderr.log
A	docs/spikes/s07-sustained-driver-evidence/author/connector.stdout.log
A	docs/spikes/s07-sustained-driver-evidence/author/editor.engine.log
A	docs/spikes/s07-sustained-driver-evidence/author/editor.stderr.log
A	docs/spikes/s07-sustained-driver-evidence/author/editor.stdout.log
A	docs/spikes/s07-sustained-driver-evidence/author/fixture.gd.saved
A	docs/spikes/s07-sustained-driver-evidence/author/fixture.gd.txt
A	docs/spikes/s07-sustained-driver-evidence/author/fixture.gd.uid.saved
A	docs/spikes/s07-sustained-driver-evidence/author/guards.gd.formatting.patch
A	docs/spikes/s07-sustained-driver-evidence/author/guards.gd.saved
A	docs/spikes/s07-sustained-driver-evidence/author/guards.gd.txt
A	docs/spikes/s07-sustained-driver-evidence/author/guards.gd.uid.saved
A	docs/spikes/s07-sustained-driver-evidence/author/intersection.tscn.saved
A	docs/spikes/s07-sustained-driver-evidence/author/lifecycle.json
A	docs/spikes/s07-sustained-driver-evidence/author/project-after.godot
A	docs/spikes/s07-sustained-driver-evidence/author/project-before.godot
A	docs/spikes/s07-sustained-driver-evidence/author/project-settings-identities.json
A	docs/spikes/s07-sustained-driver-evidence/author/project-settings.patch
A	docs/spikes/s07-sustained-driver-evidence/author/quiescence.json
A	docs/spikes/s07-sustained-driver-evidence/author/registry-binding.json
A	docs/spikes/s07-sustained-driver-evidence/author/run.gd.formatting.patch
A	docs/spikes/s07-sustained-driver-evidence/author/run.gd.saved
A	docs/spikes/s07-sustained-driver-evidence/author/run.gd.txt
A	docs/spikes/s07-sustained-driver-evidence/author/run.gd.uid.saved
A	docs/spikes/s07-sustained-driver-evidence/author/saved-artifact-recovery.json
A	docs/spikes/s07-sustained-driver-evidence/author/settings-seed.json
A	docs/spikes/s07-sustained-driver-evidence/author/staged-inputs.json
A	docs/spikes/s07-sustained-driver-evidence/author/support-at-author.py
A	docs/spikes/s07-sustained-driver-evidence/base-advance-final.json
A	docs/spikes/s07-sustained-driver-evidence/base-advance.json
A	docs/spikes/s07-sustained-driver-evidence/budget.json
A	docs/spikes/s07-sustained-driver-evidence/dev01-analysis.stderr
A	docs/spikes/s07-sustained-driver-evidence/dev01-analysis.stdout
A	docs/spikes/s07-sustained-driver-evidence/dev01-supervisor.stderr
A	docs/spikes/s07-sustained-driver-evidence/dev01-supervisor.stdout
A	docs/spikes/s07-sustained-driver-evidence/development/analysis.json
A	docs/spikes/s07-sustained-driver-evidence/development/compile-fixture/command.json
A	docs/spikes/s07-sustained-driver-evidence/development/compile-fixture/diagnostics.json
A	docs/spikes/s07-sustained-driver-evidence/development/compile-fixture/engine.log
A	docs/spikes/s07-sustained-driver-evidence/development/compile-fixture/stderr.log
A	docs/spikes/s07-sustained-driver-evidence/development/compile-fixture/stdout.log
A	docs/spikes/s07-sustained-driver-evidence/development/compile-guards/command.json
A	docs/spikes/s07-sustained-driver-evidence/development/compile-guards/diagnostics.json
A	docs/spikes/s07-sustained-driver-evidence/development/compile-guards/engine.log
A	docs/spikes/s07-sustained-driver-evidence/development/compile-guards/stderr.log
A	docs/spikes/s07-sustained-driver-evidence/development/compile-guards/stdout.log
A	docs/spikes/s07-sustained-driver-evidence/development/compile-run/command.json
A	docs/spikes/s07-sustained-driver-evidence/development/compile-run/diagnostics.json
A	docs/spikes/s07-sustained-driver-evidence/development/compile-run/engine.log
A	docs/spikes/s07-sustained-driver-evidence/development/compile-run/stderr.log
A	docs/spikes/s07-sustained-driver-evidence/development/compile-run/stdout.log
A	docs/spikes/s07-sustained-driver-evidence/development/guards.json
A	docs/spikes/s07-sustained-driver-evidence/development/guards/command.json
A	docs/spikes/s07-sustained-driver-evidence/development/guards/diagnostics.json
A	docs/spikes/s07-sustained-driver-evidence/development/guards/engine.log
A	docs/spikes/s07-sustained-driver-evidence/development/guards/stderr.log
A	docs/spikes/s07-sustained-driver-evidence/development/guards/stdout.log
A	docs/spikes/s07-sustained-driver-evidence/development/phase.json
A	docs/spikes/s07-sustained-driver-evidence/development/result.json
A	docs/spikes/s07-sustained-driver-evidence/development/routes/command.json
A	docs/spikes/s07-sustained-driver-evidence/development/routes/diagnostics.json
A	docs/spikes/s07-sustained-driver-evidence/development/routes/engine.log
A	docs/spikes/s07-sustained-driver-evidence/development/routes/stderr.log
A	docs/spikes/s07-sustained-driver-evidence/development/routes/stdout.log
A	docs/spikes/s07-sustained-driver-evidence/development/traversals.jsonl.gz
A	docs/spikes/s07-sustained-driver-evidence/draft-lint.stderr
A	docs/spikes/s07-sustained-driver-evidence/draft-lint.stdout
A	docs/spikes/s07-sustained-driver-evidence/format01.stderr
A	docs/spikes/s07-sustained-driver-evidence/format01.stdout
A	docs/spikes/s07-sustained-driver-evidence/format02.stderr
A	docs/spikes/s07-sustained-driver-evidence/format02.stdout
A	docs/spikes/s07-sustained-driver-evidence/import-supervisor.stderr
A	docs/spikes/s07-sustained-driver-evidence/import-supervisor.stdout
A	docs/spikes/s07-sustained-driver-evidence/import/import/command.json
A	docs/spikes/s07-sustained-driver-evidence/import/import/diagnostics.json
A	docs/spikes/s07-sustained-driver-evidence/import/import/engine.log
A	docs/spikes/s07-sustained-driver-evidence/import/import/stderr.log
A	docs/spikes/s07-sustained-driver-evidence/import/import/stdout.log
A	docs/spikes/s07-sustained-driver-evidence/import/phase.json
A	docs/spikes/s07-sustained-driver-evidence/launch-receipt.json
A	docs/spikes/s07-sustained-driver-evidence/lint01.stderr
A	docs/spikes/s07-sustained-driver-evidence/lint01.stdout
A	docs/spikes/s07-sustained-driver-evidence/lint02.stderr
A	docs/spikes/s07-sustained-driver-evidence/lint02.stdout
A	docs/spikes/s07-sustained-driver-evidence/manifest.json
A	docs/spikes/s07-sustained-driver-evidence/offline-tests.stderr
A	docs/spikes/s07-sustained-driver-evidence/offline-tests.stdout
A	docs/spikes/s07-sustained-driver-evidence/predeclaration.md
A	docs/spikes/s07-sustained-driver-evidence/preservation-before-simulation.json
A	docs/spikes/s07-sustained-driver-evidence/preservation-final.json
A	docs/spikes/s07-sustained-driver-evidence/raw-requirements.md
A	docs/spikes/s07-sustained-driver-evidence/simulation-declaration.md
A	docs/spikes/s07-sustained-driver-evidence/staged-inputs.json
A	docs/spikes/s07-sustained-driver-evidence/static-checks.json
A	docs/spikes/s07-sustained-driver-evidence/sustained-analysis.stderr
A	docs/spikes/s07-sustained-driver-evidence/sustained-analysis.stdout
A	docs/spikes/s07-sustained-driver-evidence/sustained-supervisor.stderr
A	docs/spikes/s07-sustained-driver-evidence/sustained-supervisor.stdout
A	docs/spikes/s07-sustained-driver-evidence/sustained/analysis.json
A	docs/spikes/s07-sustained-driver-evidence/sustained/phase.json
A	docs/spikes/s07-sustained-driver-evidence/sustained/result.json
A	docs/spikes/s07-sustained-driver-evidence/sustained/routes/command.json
A	docs/spikes/s07-sustained-driver-evidence/sustained/routes/diagnostics.json
A	docs/spikes/s07-sustained-driver-evidence/sustained/routes/engine.log
A	docs/spikes/s07-sustained-driver-evidence/sustained/routes/stderr.log
A	docs/spikes/s07-sustained-driver-evidence/sustained/routes/stdout.log
A	docs/spikes/s07-sustained-driver-evidence/sustained/traversals.jsonl.gz
A	docs/spikes/s07-sustained-driver.md
M	tests/fixtures/s05_draw/observer.gd
A	tests/fixtures/s07_driver/fixture.gd
A	tests/fixtures/s07_driver/fixture.gd.uid
A	tests/fixtures/s07_driver/guards.gd
A	tests/fixtures/s07_driver/guards.gd.uid
A	tests/fixtures/s07_driver/intersection.tscn
A	tests/fixtures/s07_driver/run.gd
A	tests/fixtures/s07_driver/run.gd.uid
A	tools/s05_vsync_image/check.py
A	tools/s05_vsync_image/record.py
A	tools/s05_vsync_image/retain.py
A	tools/s05_vsync_image/run.py
A	tools/s05_vsync_image/test_offline.py
A	tools/s07_driver/analyze.py
A	tools/s07_driver/author.py
A	tools/s07_driver/check_resources.py
A	tools/s07_driver/fixture.gd.txt
A	tools/s07_driver/guards.gd.txt
A	tools/s07_driver/retain.py
A	tools/s07_driver/run.gd.txt
A	tools/s07_driver/run.py
A	tools/s07_driver/static_checks.py
A	tools/s07_driver/support.py
A	tools/s07_driver/test_offline.py
