Godot Engine v4.8.dev7.official.c971f93e7 - https://godotengine.org

S03 {"case_deadline_ms":0,"clock_domain":"engine_elapsed_usec_pid_44472","close_outcome":"","event":"session_changed","operation":1,"participant":0,"phase":"STARTING","pid":44472,"role":"client","session_deadline_ms":15202,"ticks_usec":202524}
S03 {"case_deadline_ms":0,"clock_domain":"engine_elapsed_usec_pid_44472","close_outcome":"CANCELED","event":"close_started","operation":1,"outcome":"CANCELED","phase":"CLOSING","pid":44472,"role":"client","session_deadline_ms":15202,"ticks_usec":207311}
S03 {"case_deadline_ms":0,"clock_domain":"engine_elapsed_usec_pid_44472","close_outcome":"CANCELED","event":"session_changed","operation":1,"participant":0,"phase":"CLOSING","pid":44472,"role":"client","session_deadline_ms":15211,"ticks_usec":211846}
S03 {"case_deadline_ms":8214,"clock_domain":"engine_elapsed_usec_pid_44472","close_outcome":"CANCELED","event":"completed","operation":1,"outcome":"CANCELED","phase":"IDLE","pid":44472,"role":"client","session_deadline_ms":15211,"source_operation":1,"ticks_usec":214840}
S03 {"case_deadline_ms":8214,"clock_domain":"engine_elapsed_usec_pid_44472","close_outcome":"CANCELED","event":"session_changed","operation":1,"participant":0,"phase":"IDLE","pid":44472,"role":"client","session_deadline_ms":15211,"ticks_usec":217054}
S03 {"case_deadline_ms":8214,"clock_domain":"engine_elapsed_usec_pid_44472","close_outcome":"CANCELED","event":"session_changed","operation":2,"participant":0,"phase":"STARTING","pid":44472,"role":"client","session_deadline_ms":15219,"ticks_usec":219426}
S03 {"case_deadline_ms":8221,"clock_domain":"engine_elapsed_usec_pid_44472","close_outcome":"CANCELED","event":"completed","operation":2,"outcome":"OK","phase":"ACTIVE","pid":44472,"role":"client","session_deadline_ms":15219,"source_operation":2,"ticks_usec":274820}
S03 {"case_deadline_ms":8221,"clock_domain":"engine_elapsed_usec_pid_44472","close_outcome":"CANCELED","event":"session_changed","operation":2,"participant":1,"phase":"ACTIVE","pid":44472,"role":"client","session_deadline_ms":15219,"ticks_usec":277948}
S03 {"case_deadline_ms":8221,"clock_domain":"engine_elapsed_usec_pid_44472","close_outcome":"LEFT","event":"close_started","operation":3,"outcome":"LEFT","phase":"CLOSING","pid":44472,"role":"client","session_deadline_ms":15219,"ticks_usec":282394}
S03 {"case_deadline_ms":8221,"clock_domain":"engine_elapsed_usec_pid_44472","close_outcome":"LEFT","event":"session_changed","operation":3,"participant":1,"phase":"CLOSING","pid":44472,"role":"client","session_deadline_ms":15285,"ticks_usec":285872}
S03 {"case_deadline_ms":8288,"clock_domain":"engine_elapsed_usec_pid_44472","close_outcome":"LEFT","event":"completed","operation":3,"outcome":"LEFT","phase":"IDLE","pid":44472,"role":"client","session_deadline_ms":15285,"source_operation":3,"ticks_usec":304645}
S03 {"case_deadline_ms":8288,"clock_domain":"engine_elapsed_usec_pid_44472","close_outcome":"LEFT","event":"session_changed","operation":3,"participant":0,"phase":"IDLE","pid":44472,"role":"client","session_deadline_ms":15285,"ticks_usec":307587}
S03 {"case_deadline_ms":8288,"clock_domain":"engine_elapsed_usec_pid_44472","close_outcome":"LEFT","event":"session_changed","operation":4,"participant":0,"phase":"CONNECTING","pid":44472,"role":"client","session_deadline_ms":15311,"ticks_usec":311632}
S03 {"baseline":1,"case_deadline_ms":8318,"clock_domain":"engine_elapsed_usec_pid_44472","close_outcome":"LEFT","enet":{"1":[32.0,41.0,9.0,0.0,32.0,0.0,0.0,5000.0]},"event":"baseline_installed","operation":4,"phase":"SYNCHRONIZING","pid":44472,"role":"client","session_deadline_ms":15311,"ticks_usec":458062}
S03 {"case_deadline_ms":8318,"clock_domain":"engine_elapsed_usec_pid_44472","close_outcome":"LEFT","enet":{"1":[32.0,41.0,9.0,0.0,32.0,0.0,0.0,5000.0]},"event":"held_send","expected":"NOT_ADMITTED","operation":4,"phase":"SYNCHRONIZING","pid":44472,"role":"client","sequence":1,"session_deadline_ms":15311,"ticks_usec":461084}
S03 {"case_deadline_ms":8463,"clock_domain":"engine_elapsed_usec_pid_44472","close_outcome":"LEFT","enet":{"1":[32.0,41.0,7.0,0.0,32.0,0.0,0.0,5000.0]},"event":"held_receipt","operation":4,"phase":"SYNCHRONIZING","pid":44472,"reason":"NOT_ADMITTED","role":"client","sequence":1,"session_deadline_ms":15311,"ticks_usec":497972}
S03 {"case_deadline_ms":8463,"clock_domain":"engine_elapsed_usec_pid_44472","close_outcome":"CANCELED","enet":{"1":[32.0,41.0,7.0,0.0,32.0,0.0,0.0,5000.0]},"event":"close_started","operation":4,"outcome":"CANCELED","phase":"CLOSING","pid":44472,"role":"client","session_deadline_ms":15311,"ticks_usec":532386}
S03 {"case_deadline_ms":8463,"clock_domain":"engine_elapsed_usec_pid_44472","close_outcome":"CANCELED","event":"session_changed","operation":4,"participant":2,"phase":"CLOSING","pid":44472,"role":"client","session_deadline_ms":15535,"ticks_usec":535984}
S03 {"case_deadline_ms":8538,"clock_domain":"engine_elapsed_usec_pid_44472","close_outcome":"CANCELED","event":"completed","operation":4,"outcome":"CANCELED","phase":"IDLE","pid":44472,"role":"client","session_deadline_ms":15535,"source_operation":4,"ticks_usec":553049}
S03 {"case_deadline_ms":8538,"clock_domain":"engine_elapsed_usec_pid_44472","close_outcome":"CANCELED","event":"session_changed","operation":4,"participant":0,"phase":"IDLE","pid":44472,"role":"client","session_deadline_ms":15535,"ticks_usec":556583}
S03 {"case_deadline_ms":8538,"clock_domain":"engine_elapsed_usec_pid_44472","close_outcome":"CANCELED","event":"session_changed","operation":5,"participant":0,"phase":"CONNECTING","pid":44472,"role":"client","session_deadline_ms":15663,"ticks_usec":663487}
S03 {"baseline":2,"case_deadline_ms":8667,"clock_domain":"engine_elapsed_usec_pid_44472","close_outcome":"CANCELED","enet":{"1":[32.0,41.0,7.0,0.0,32.0,0.0,0.0,5000.0]},"event":"baseline_installed","operation":5,"phase":"SYNCHRONIZING","pid":44472,"role":"client","session_deadline_ms":15663,"ticks_usec":809208}
S03 {"case_deadline_ms":8667,"clock_domain":"engine_elapsed_usec_pid_44472","close_outcome":"CANCELED","enet":{"1":[32.0,41.0,6.0,0.0,32.0,0.0,0.0,5000.0]},"event":"completed","operation":5,"outcome":"OK","phase":"ACTIVE","pid":44472,"role":"client","session_deadline_ms":15663,"source_operation":5,"ticks_usec":891298}
S03 {"case_deadline_ms":8667,"clock_domain":"engine_elapsed_usec_pid_44472","close_outcome":"CANCELED","enet":{"1":[32.0,41.0,6.0,0.0,32.0,0.0,0.0,5000.0]},"event":"session_changed","operation":5,"participant":3,"phase":"ACTIVE","pid":44472,"role":"client","session_deadline_ms":15663,"ticks_usec":895209}
S03 {"case_deadline_ms":8667,"clock_domain":"engine_elapsed_usec_pid_44472","close_outcome":"CANCELED","enet":{"1":[32.0,41.0,6.0,0.0,32.0,0.0,0.0,5000.0]},"event":"held_send","expected":"OK","operation":5,"phase":"ACTIVE","pid":44472,"role":"client","sequence":1,"session_deadline_ms":15663,"ticks_usec":897743}
S03 {"case_deadline_ms":8900,"clock_domain":"engine_elapsed_usec_pid_44472","close_outcome":"CANCELED","enet":{"1":[32.0,41.0,6.0,0.0,32.0,0.0,0.0,5000.0]},"event":"held_receipt","operation":5,"phase":"ACTIVE","pid":44472,"reason":"OK","role":"client","sequence":1,"session_deadline_ms":15663,"ticks_usec":939518}
S03 {"case_deadline_ms":8900,"clock_domain":"engine_elapsed_usec_pid_44472","close_outcome":"CANCELED","enet":{"1":[32.0,41.0,6.0,0.0,32.0,0.0,0.0,5000.0]},"event":"held_send","expected":"STALE_SEQUENCE","operation":5,"phase":"ACTIVE","pid":44472,"role":"client","sequence":1,"session_deadline_ms":15663,"ticks_usec":981835}
S03 {"case_deadline_ms":8985,"clock_domain":"engine_elapsed_usec_pid_44472","close_outcome":"CANCELED","enet":{"1":[1.0,40.0,8.0,0.0,1.0,0.0,0.0,5000.0]},"event":"held_receipt","operation":5,"phase":"ACTIVE","pid":44472,"reason":"STALE_SEQUENCE","role":"client","sequence":1,"session_deadline_ms":15663,"ticks_usec":1029277}
S03 {"case_deadline_ms":8985,"clock_domain":"engine_elapsed_usec_pid_44472","close_outcome":"CANCELED","enet":{"1":[1.0,40.0,8.0,0.0,1.0,0.0,0.0,5000.0]},"event":"held_send","expected":"STALE_CONTEXT","operation":5,"phase":"ACTIVE","pid":44472,"role":"client","sequence":2,"session_deadline_ms":15663,"ticks_usec":1070574}
