Godot Engine v4.8.dev7.official.c971f93e7 - https://godotengine.org

[MCPRuntimeServer] port: scanning 6570-6585 (default)
[MCPRuntimeServer] listening on 127.0.0.1:6571
[MCPRegistry] runtime port 6571 registered for c:/gamedev/git/ft-lanes/m1-a1-2
M1-A1.2 {"event":"view","failure":"","participant_id":0,"phase":"CONNECTING","role":"client","roster_size":0,"workaround":false}
M1-A1.2 {"event":"view","failure":"","participant_id":0,"phase":"NEGOTIATING","role":"client","roster_size":0,"workaround":false}
M1-A1.2 {"event":"completed","failure":"","ok":true,"operation_id":1,"role":"client"}
M1-A1.2 {"event":"view","failure":"","participant_id":2,"phase":"ACTIVE","role":"client","roster_size":1,"workaround":false}
M1-A1.2 {"event":"active","role":"client","view":{"capacity":4,"failure":{},"local_participant_id":2,"operation_id":1,"operation_kind":"JOIN","phase":"ACTIVE","provider_id":"enet","provider_reusable":true,"roster":[{"display_name":"Local player","participant_id":2,"phase":"ADMITTED"}],"session_id":"2631e887c7076293a2770589dee0ba2c"}}
M1-A1.2 {"event":"view","failure":"","participant_id":2,"phase":"CLOSING","role":"client","roster_size":1,"workaround":false}
M1-A1.2 {"event":"view","failure":"","participant_id":2,"phase":"CLOSING","role":"client","roster_size":1,"workaround":false}
M1-A1.2 {"event":"completed","failure":"","ok":true,"operation_id":2,"role":"client"}
M1-A1.2 {"event":"view","failure":"","participant_id":0,"phase":"CONNECTING","role":"client","roster_size":0,"workaround":false}
M1-A1.2 {"event":"view","failure":"","participant_id":0,"phase":"CONNECTING","role":"client","roster_size":0,"workaround":false}
M1-A1.2 {"event":"view","failure":"","participant_id":0,"phase":"NEGOTIATING","role":"client","roster_size":0,"workaround":false}
M1-A1.2 {"event":"completed","failure":"","ok":true,"operation_id":3,"role":"client"}
M1-A1.2 {"event":"view","failure":"","participant_id":3,"phase":"ACTIVE","role":"client","roster_size":1,"workaround":false}
M1-A1.2 {"event":"active","role":"client","view":{"capacity":4,"failure":{},"local_participant_id":3,"operation_id":3,"operation_kind":"JOIN","phase":"ACTIVE","provider_id":"enet","provider_reusable":true,"roster":[{"display_name":"Local player","participant_id":3,"phase":"ADMITTED"}],"session_id":"2631e887c7076293a2770589dee0ba2c"}}
M1-A1.2 {"event":"view","failure":"","participant_id":3,"phase":"CLOSING","role":"client","roster_size":1,"workaround":false}
M1-A1.2 {"event":"view","failure":"","participant_id":3,"phase":"CLOSING","role":"client","roster_size":1,"workaround":false}
M1-A1.2 {"event":"completed","failure":"","ok":true,"operation_id":4,"role":"client"}
M1-A1.2 {"event":"finished","failure":"","ok":true,"phase":"IDLE","role":"client"}
M1-A1.2 {"event":"view","failure":"","participant_id":0,"phase":"IDLE","role":"client","roster_size":0,"workaround":false}
