Godot Engine v4.8.dev7.official.c971f93e7 - https://godotengine.org

S03 {"case_deadline_ms":0,"clock_domain":"engine_elapsed_usec_pid_19760","close_outcome":"","event":"session_changed","operation":1,"participant":0,"phase":"STARTING","pid":19760,"role":"client","session_deadline_ms":15206,"ticks_usec":206654}
S03 {"case_deadline_ms":0,"clock_domain":"engine_elapsed_usec_pid_19760","close_outcome":"CANCELED","event":"close_started","operation":1,"outcome":"CANCELED","phase":"CLOSING","pid":19760,"role":"client","session_deadline_ms":15206,"ticks_usec":211462}
S03 {"case_deadline_ms":0,"clock_domain":"engine_elapsed_usec_pid_19760","close_outcome":"CANCELED","event":"session_changed","operation":1,"participant":0,"phase":"CLOSING","pid":19760,"role":"client","session_deadline_ms":15216,"ticks_usec":216077}
S03 {"case_deadline_ms":8218,"clock_domain":"engine_elapsed_usec_pid_19760","close_outcome":"CANCELED","event":"completed","operation":1,"outcome":"CANCELED","phase":"IDLE","pid":19760,"role":"client","session_deadline_ms":15216,"source_operation":1,"ticks_usec":219072}
S03 {"case_deadline_ms":8218,"clock_domain":"engine_elapsed_usec_pid_19760","close_outcome":"CANCELED","event":"session_changed","operation":1,"participant":0,"phase":"IDLE","pid":19760,"role":"client","session_deadline_ms":15216,"ticks_usec":221264}
S03 {"case_deadline_ms":8218,"clock_domain":"engine_elapsed_usec_pid_19760","close_outcome":"CANCELED","event":"session_changed","operation":2,"participant":0,"phase":"STARTING","pid":19760,"role":"client","session_deadline_ms":15223,"ticks_usec":223487}
S03 {"case_deadline_ms":8225,"clock_domain":"engine_elapsed_usec_pid_19760","close_outcome":"CANCELED","event":"completed","operation":2,"outcome":"OK","phase":"ACTIVE","pid":19760,"role":"client","session_deadline_ms":15223,"source_operation":2,"ticks_usec":282236}
S03 {"case_deadline_ms":8225,"clock_domain":"engine_elapsed_usec_pid_19760","close_outcome":"CANCELED","event":"session_changed","operation":2,"participant":1,"phase":"ACTIVE","pid":19760,"role":"client","session_deadline_ms":15223,"ticks_usec":285274}
S03 {"case_deadline_ms":8225,"clock_domain":"engine_elapsed_usec_pid_19760","close_outcome":"LEFT","event":"close_started","operation":3,"outcome":"LEFT","phase":"CLOSING","pid":19760,"role":"client","session_deadline_ms":15223,"ticks_usec":287677}
S03 {"case_deadline_ms":8225,"clock_domain":"engine_elapsed_usec_pid_19760","close_outcome":"LEFT","event":"session_changed","operation":3,"participant":1,"phase":"CLOSING","pid":19760,"role":"client","session_deadline_ms":15290,"ticks_usec":290172}
S03 {"case_deadline_ms":8293,"clock_domain":"engine_elapsed_usec_pid_19760","close_outcome":"LEFT","event":"completed","operation":3,"outcome":"LEFT","phase":"IDLE","pid":19760,"role":"client","session_deadline_ms":15290,"source_operation":3,"ticks_usec":300923}
S03 {"case_deadline_ms":8293,"clock_domain":"engine_elapsed_usec_pid_19760","close_outcome":"LEFT","event":"session_changed","operation":3,"participant":0,"phase":"IDLE","pid":19760,"role":"client","session_deadline_ms":15290,"ticks_usec":303444}
S03 {"case_deadline_ms":8293,"clock_domain":"engine_elapsed_usec_pid_19760","close_outcome":"LEFT","event":"session_changed","operation":4,"participant":0,"phase":"CONNECTING","pid":19760,"role":"client","session_deadline_ms":15314,"ticks_usec":314770}
S03 {"baseline":1,"case_deadline_ms":8321,"clock_domain":"engine_elapsed_usec_pid_19760","close_outcome":"LEFT","event":"baseline_installed","operation":4,"phase":"SYNCHRONIZING","pid":19760,"role":"client","session_deadline_ms":15314,"ticks_usec":453242}
S03 {"case_deadline_ms":8321,"clock_domain":"engine_elapsed_usec_pid_19760","close_outcome":"LEFT","event":"held_send","expected":"NOT_ADMITTED","operation":4,"phase":"SYNCHRONIZING","pid":19760,"role":"client","sequence":1,"session_deadline_ms":15314,"ticks_usec":455675}
S03 {"case_deadline_ms":8458,"clock_domain":"engine_elapsed_usec_pid_19760","close_outcome":"LEFT","event":"held_receipt","operation":4,"phase":"SYNCHRONIZING","pid":19760,"reason":"NOT_ADMITTED","role":"client","sequence":1,"session_deadline_ms":15314,"ticks_usec":494205}
S03 {"case_deadline_ms":8458,"clock_domain":"engine_elapsed_usec_pid_19760","close_outcome":"CANCELED","event":"close_started","operation":4,"outcome":"CANCELED","phase":"CLOSING","pid":19760,"role":"client","session_deadline_ms":15314,"ticks_usec":535560}
S03 {"case_deadline_ms":8458,"clock_domain":"engine_elapsed_usec_pid_19760","close_outcome":"CANCELED","event":"session_changed","operation":4,"participant":2,"phase":"CLOSING","pid":19760,"role":"client","session_deadline_ms":15538,"ticks_usec":538867}
S03 {"case_deadline_ms":8541,"clock_domain":"engine_elapsed_usec_pid_19760","close_outcome":"CANCELED","event":"completed","operation":4,"outcome":"CANCELED","phase":"IDLE","pid":19760,"role":"client","session_deadline_ms":15538,"source_operation":4,"ticks_usec":556187}
S03 {"case_deadline_ms":8541,"clock_domain":"engine_elapsed_usec_pid_19760","close_outcome":"CANCELED","event":"session_changed","operation":4,"participant":0,"phase":"IDLE","pid":19760,"role":"client","session_deadline_ms":15538,"ticks_usec":559930}
S03 {"case_deadline_ms":8541,"clock_domain":"engine_elapsed_usec_pid_19760","close_outcome":"CANCELED","event":"session_changed","operation":5,"participant":0,"phase":"CONNECTING","pid":19760,"role":"client","session_deadline_ms":15666,"ticks_usec":666630}
S03 {"baseline":2,"case_deadline_ms":8669,"clock_domain":"engine_elapsed_usec_pid_19760","close_outcome":"CANCELED","event":"baseline_installed","operation":5,"phase":"SYNCHRONIZING","pid":19760,"role":"client","session_deadline_ms":15666,"ticks_usec":814194}
S03 {"case_deadline_ms":8669,"clock_domain":"engine_elapsed_usec_pid_19760","close_outcome":"CANCELED","event":"completed","operation":5,"outcome":"OK","phase":"ACTIVE","pid":19760,"role":"client","session_deadline_ms":15666,"source_operation":5,"ticks_usec":894436}
S03 {"case_deadline_ms":8669,"clock_domain":"engine_elapsed_usec_pid_19760","close_outcome":"CANCELED","event":"session_changed","operation":5,"participant":3,"phase":"ACTIVE","pid":19760,"role":"client","session_deadline_ms":15666,"ticks_usec":896987}
S03 {"case_deadline_ms":8669,"clock_domain":"engine_elapsed_usec_pid_19760","close_outcome":"CANCELED","event":"held_send","expected":"OK","operation":5,"phase":"ACTIVE","pid":19760,"role":"client","sequence":1,"session_deadline_ms":15666,"ticks_usec":901445}
S03 {"case_deadline_ms":8906,"clock_domain":"engine_elapsed_usec_pid_19760","close_outcome":"CANCELED","event":"held_receipt","operation":5,"phase":"ACTIVE","pid":19760,"reason":"OK","role":"client","sequence":1,"session_deadline_ms":15666,"ticks_usec":942726}
S03 {"case_deadline_ms":8906,"clock_domain":"engine_elapsed_usec_pid_19760","close_outcome":"CANCELED","event":"held_send","expected":"STALE_SEQUENCE","operation":5,"phase":"ACTIVE","pid":19760,"role":"client","sequence":1,"session_deadline_ms":15666,"ticks_usec":977159}
S03 {"case_deadline_ms":8980,"clock_domain":"engine_elapsed_usec_pid_19760","close_outcome":"CANCELED","event":"held_receipt","operation":5,"phase":"ACTIVE","pid":19760,"reason":"STALE_SEQUENCE","role":"client","sequence":1,"session_deadline_ms":15666,"ticks_usec":1011705}
S03 {"case_deadline_ms":8980,"clock_domain":"engine_elapsed_usec_pid_19760","close_outcome":"CANCELED","event":"held_send","expected":"STALE_CONTEXT","operation":5,"phase":"ACTIVE","pid":19760,"role":"client","sequence":2,"session_deadline_ms":15666,"ticks_usec":1053056}
S03 {"case_deadline_ms":9056,"clock_domain":"engine_elapsed_usec_pid_19760","close_outcome":"CANCELED","event":"held_receipt","operation":5,"phase":"ACTIVE","pid":19760,"reason":"STALE_CONTEXT","role":"client","sequence":2,"session_deadline_ms":15666,"ticks_usec":1101384}
S03 {"case_deadline_ms":9056,"clock_domain":"engine_elapsed_usec_pid_19760","close_outcome":"CANCELED","event":"held_send","expected":"INVALID","operation":5,"phase":"ACTIVE","pid":19760,"role":"client","sequence":3,"session_deadline_ms":15666,"ticks_usec":1142730}
S03 {"case_deadline_ms":9145,"clock_domain":"engine_elapsed_usec_pid_19760","close_outcome":"CANCELED","event":"held_receipt","operation":5,"phase":"ACTIVE","pid":19760,"reason":"INVALID","role":"client","sequence":3,"session_deadline_ms":15666,"ticks_usec":1191076}
S03 {"case_deadline_ms":9145,"clock_domain":"engine_elapsed_usec_pid_19760","close_outcome":"CANCELED","event":"held_send","expected":"INVALID","operation":5,"phase":"ACTIVE","pid":19760,"role":"client","sequence":4,"session_deadline_ms":15666,"ticks_usec":1232397}
S03 {"case_deadline_ms":9235,"clock_domain":"engine_elapsed_usec_pid_19760","close_outcome":"CANCELED","event":"held_receipt","operation":5,"phase":"ACTIVE","pid":19760,"reason":"INVALID","role":"client","sequence":4,"session_deadline_ms":15666,"ticks_usec":1280818}
S03 {"case_deadline_ms":9235,"clock_domain":"engine_elapsed_usec_pid_19760","close_outcome":"CANCELED","event":"held_send","expected":"WINDOW","operation":5,"phase":"ACTIVE","pid":19760,"role":"client","sequence":122,"session_deadline_ms":15666,"ticks_usec":1322160}
S03 {"case_deadline_ms":9326,"clock_domain":"engine_elapsed_usec_pid_19760","close_outcome":"CANCELED","event":"held_receipt","operation":5,"phase":"ACTIVE","pid":19760,"reason":"WINDOW","role":"client","sequence":122,"session_deadline_ms":15666,"ticks_usec":1370555}
S03 {"case_deadline_ms":9326,"clock_domain":"engine_elapsed_usec_pid_19760","close_outcome":"CANCELED","event":"held_send","expected":"WINDOW","operation":5,"phase":"ACTIVE","pid":19760,"role":"client","sequence":123,"session_deadline_ms":15666,"ticks_usec":1411792}
S03 {"case_deadline_ms":9415,"clock_domain":"engine_elapsed_usec_pid_19760","close_outcome":"CANCELED","event":"held_receipt","operation":5,"phase":"ACTIVE","pid":19760,"reason":"WINDOW","role":"client","sequence":123,"session_deadline_ms":15666,"ticks_usec":1448406}
S03 {"case_deadline_ms":9415,"clock_domain":"engine_elapsed_usec_pid_19760","close_outcome":"CANCELED","event":"held_send","expected":"WINDOW","operation":5,"phase":"ACTIVE","pid":19760,"role":"client","sequence":124,"session_deadline_ms":15666,"ticks_usec":1489549}
S03 {"case_deadline_ms":9492,"clock_domain":"engine_elapsed_usec_pid_19760","close_outcome":"CANCELED","event":"held_receipt","operation":5,"phase":"ACTIVE","pid":19760,"reason":"WINDOW","role":"client","sequence":124,"session_deadline_ms":15666,"ticks_usec":1531008}
S03 {"baseline":3,"case_deadline_ms":9565,"clock_domain":"engine_elapsed_usec_pid_19760","close_outcome":"CANCELED","event":"baseline_installed","operation":5,"phase":"SYNCHRONIZING","pid":19760,"role":"client","session_deadline_ms":16565,"ticks_usec":1609705}
S03 {"case_deadline_ms":9565,"clock_domain":"engine_elapsed_usec_pid_19760","close_outcome":"CANCELED","event":"held_send","expected":"NOT_ADMITTED","operation":5,"phase":"SYNCHRONIZING","pid":19760,"role":"client","sequence":1,"session_deadline_ms":16565,"ticks_usec":1613656}
S03 {"case_deadline_ms":9616,"clock_domain":"engine_elapsed_usec_pid_19760","close_outcome":"CANCELED","event":"held_receipt","operation":5,"phase":"SYNCHRONIZING","pid":19760,"reason":"NOT_ADMITTED","role":"client","sequence":1,"session_deadline_ms":16565,"ticks_usec":1648330}
S03 {"case_deadline_ms":9682,"clock_domain":"engine_elapsed_usec_pid_19760","close_outcome":"CANCELED","event":"session_changed","operation":5,"participant":3,"phase":"ACTIVE","pid":19760,"role":"client","session_deadline_ms":16565,"ticks_usec":1758761}
S03 {"case_deadline_ms":9682,"clock_domain":"engine_elapsed_usec_pid_19760","close_outcome":"CANCELED","event":"held_send","expected":"STALE_CONTEXT","operation":5,"phase":"ACTIVE","pid":19760,"role":"client","sequence":1,"session_deadline_ms":16565,"ticks_usec":1765575}
S03 {"case_deadline_ms":9768,"clock_domain":"engine_elapsed_usec_pid_19760","close_outcome":"CANCELED","event":"held_receipt","operation":5,"phase":"ACTIVE","pid":19760,"reason":"STALE_CONTEXT","role":"client","sequence":1,"session_deadline_ms":16565,"ticks_usec":1800134}
S03 {"case_deadline_ms":9768,"clock_domain":"engine_elapsed_usec_pid_19760","close_outcome":"CANCELED","event":"held_send","expected":"OK","operation":5,"phase":"ACTIVE","pid":19760,"role":"client","sequence":1,"session_deadline_ms":16565,"ticks_usec":1841472}
S03 {"case_deadline_ms":9844,"clock_domain":"engine_elapsed_usec_pid_19760","close_outcome":"CANCELED","event":"held_receipt","operation":5,"phase":"ACTIVE","pid":19760,"reason":"OK","role":"client","sequence":1,"session_deadline_ms":16565,"ticks_usec":1889890}
S03 {"case_deadline_ms":10595,"clock_domain":"engine_elapsed_usec_pid_19760","close_outcome":"HOST_LOST","event":"close_started","operation":5,"outcome":"HOST_LOST","phase":"CLOSING","pid":19760,"role":"client","session_deadline_ms":16565,"ticks_usec":2712649}
S03 {"case_deadline_ms":10595,"clock_domain":"engine_elapsed_usec_pid_19760","close_outcome":"HOST_LOST","event":"session_changed","operation":5,"participant":3,"phase":"CLOSING","pid":19760,"role":"client","session_deadline_ms":17716,"ticks_usec":2716377}
S03 {"case_deadline_ms":10595,"clock_domain":"engine_elapsed_usec_pid_19760","close_outcome":"HOST_LOST","event":"session_changed","operation":5,"participant":0,"phase":"IDLE","pid":19760,"role":"client","session_deadline_ms":17716,"ticks_usec":2726307}
S03 {"baseline_bytes":0,"case_deadline_ms":10595,"cases":["provider_substitution_late_cleanup","baseline_cancel_retry","held_window_resync","subset_reorder_loss_recovery"],"clock_domain":"engine_elapsed_usec_pid_19760","close_outcome":"HOST_LOST","event":"result","max_held_bytes":0,"max_movement_bytes":0,"movement_received":5,"ok":true,"operation":5,"phase":"IDLE","pid":19760,"role":"client","session_deadline_ms":17716,"steam_available":false,"ticks_usec":2733281,"user_dir":"C:/tmp/ft/s03-fix-1/client/user/appdata/Godot/app_userdata/S03 contract proof"}
