00:00.292  blend            | Read blend: "/home/regner/.paseo/worktrees/0u71f39f/asset-register-production/art/source/models/environment/city_small_shop_shells_01/city_small_shop_shells_01.blend"
BlenderMCP addon registered
18:42:42 | INFO: Data are loaded, start creating Blender stuff
18:42:42 | INFO: Blender create Mesh node drain_saddle_0.65
18:42:42 | INFO: Blender create Mesh node drain_saddle_2.45
18:42:42 | INFO: Blender create Mesh node drain_saddle_3.65
18:42:42 | INFO: Blender create Mesh node flat_roof_deck
18:42:42 | INFO: Blender create Mesh node front_corner_pier_left
18:42:42 | INFO: Blender create Mesh node front_corner_pier_right
18:42:42 | INFO: Blender create Mesh node front_head_course
18:42:42 | INFO: Blender create Mesh node front_parapet_coping
18:42:42 | INFO: Blender create Mesh node front_plinth_left
18:42:42 | INFO: Blender create Mesh node front_plinth_right
18:42:42 | INFO: Blender create Mesh node front_structural_wall_with_two_openings
18:42:42 | INFO: Blender create Mesh node party_coping_left
18:42:42 | INFO: Blender create Mesh node party_coping_right
18:42:42 | INFO: Blender create Mesh node party_wall_left
18:42:42 | INFO: Blender create Mesh node party_wall_right
18:42:42 | INFO: Blender create Mesh node rain_hopper_back
18:42:42 | INFO: Blender create Mesh node rain_hopper_base
18:42:42 | INFO: Blender create Mesh node rain_hopper_front
18:42:42 | INFO: Blender create Mesh node rain_hopper_left
18:42:42 | INFO: Blender create Mesh node rain_hopper_right
18:42:42 | INFO: Blender create Mesh node rear_coping
18:42:42 | INFO: Blender create Mesh node rear_downpipe
18:42:42 | INFO: Blender create Mesh node rear_parapet_left
18:42:42 | INFO: Blender create Mesh node rear_parapet_right
18:42:42 | INFO: Blender create Mesh node rear_plinth
18:42:42 | INFO: Blender create Mesh node rear_scupper_header
18:42:42 | INFO: Blender create Mesh node rear_structural_wall
18:42:42 | INFO: Blender create Mesh node roof_seam_left
18:42:42 | INFO: Blender create Mesh node roof_seam_right
18:42:42 | INFO: Blender create Mesh node scupper_lower_lip
18:42:42 | INFO: glTF import finished in 0.02s
18:42:42 | INFO: Data are loaded, start creating Blender stuff
18:42:42 | INFO: Blender create Mesh node formed_canopy
18:42:42 | INFO: Blender create Mesh node gusset
18:42:42 | INFO: Blender create Mesh node rolled_front_rim
18:42:42 | INFO: Blender create Mesh node Cube.001
18:42:42 | INFO: glTF import finished in 0.01s
18:42:42 | INFO: Data are loaded, start creating Blender stuff
18:42:42 | INFO: Blender create Mesh node artwork_reveal_mesh
18:42:42 | INFO: Blender create Mesh node continuous_face_trim_mesh
18:42:42 | INFO: Blender create Mesh node fascia_artwork_carrier_mesh
18:42:42 | INFO: Blender create Mesh node folded_back_tray_mesh
18:42:42 | INFO: Blender create Mesh node formed_fascia_frame_mesh
18:42:42 | INFO: Blender create Mesh node Cube.001
18:42:42 | INFO: Blender create Mesh node Cube.002
18:42:42 | INFO: glTF import finished in 0.01s
18:42:42 | INFO: Data are loaded, start creating Blender stuff
18:42:42 | INFO: Blender create Mesh node single_rear_stop
18:42:42 | INFO: Blender create Mesh node single_recessed_reveal
18:42:42 | INFO: Blender create Mesh node single_rounded_face_casing
18:42:42 | INFO: Blender create Mesh node single_sloped_threshold
18:42:42 | INFO: glTF import finished in 0.01s
18:42:42 | INFO: Data are loaded, start creating Blender stuff
18:42:42 | INFO: Blender create Mesh node centre_mullion
18:42:42 | INFO: Blender create Mesh node formed_perimeter
18:42:42 | INFO: Blender create Mesh node ivory_perimeter_inlay
18:42:42 | INFO: Blender create Mesh node left_glazing_gasket
18:42:42 | INFO: Blender create Mesh node left_opaque_glazing
18:42:42 | INFO: Blender create Mesh node right_glazing_gasket
18:42:42 | INFO: Blender create Mesh node right_opaque_glazing
18:42:42 | INFO: Blender create Mesh node sloped_sill
18:42:42 | INFO: glTF import finished in 0.01s
18:42:42 | INFO: Data are loaded, start creating Blender stuff
18:42:42 | INFO: Blender create Mesh node single_leaf_1_glazing
18:42:42 | INFO: Blender create Mesh node single_leaf_1_static_pull
18:42:42 | INFO: Blender create Mesh node single_leaf_1_stiles_rails
18:42:42 | INFO: glTF import finished in 0.01s
ASSEMBLY_PASS glb {"window_to_canopy": 0.09999990463256836, "canopy_to_fascia": 0.15999984741210938, "fascia_to_head_course": 0.2800001907348637}
BlenderMCP addon unregistered
Blender 5.2.2 LTS (hash d13f752e3b9c built 2026-09-22 17:10:25)

Blender quit
