Godot Engine v4.8.dev7.official.c971f93e7 - https://godotengine.org

S08_PREP_INITIAL {"editor_hint":true,"initial_importing":false,"initial_scanning":true,"key":"mcp_toolkit/performance/keep_editor_responsive_unfocused","ok":true,"path":"/tmp/s08-standard-555e0330/scan-complete-attempt/private/config/godot/editor_settings-4.8.tres","pid":557119,"save_error":0,"value":false}
[   0% ] [90m[1mfirst_scan_filesystem[22m | Started Project initialization (5 steps)[39m[0m
[   0% ] [90m[1mfirst_scan_filesystem[22m | Scanning file structure...[39m[0m
[  16% ] [90m[1mfirst_scan_filesystem[22m | Loading global class names...[39m[0m
[  33% ] [90m[1mfirst_scan_filesystem[22m | Verifying GDExtensions...[39m[0m
[  50% ] [90m[1mfirst_scan_filesystem[22m | Creating autoload scripts...[39m[0m
[  66% ] [90m[1mfirst_scan_filesystem[22m | Initializing plugins...[39m[0m
[  83% ] [90m[1mfirst_scan_filesystem[22m | Starting file scan...[39m[0m
[92m[ DONE ][39m [1mfirst_scan_filesystem[22m
[0m
S08_PREP_SCAN {"filesystem_present":true,"importing":false,"scanning":false}
[   0% ] [90m[1mloading_editor_layout[22m | Started Loading editor (5 steps)[39m[0m
[   0% ] [90m[1mloading_editor_layout[22m | Loading editor layout...[39m[0m
[  16% ] [90m[1mloading_editor_layout[22m | Loading docks...[39m[0m
[92m[ DONE ][39m [1mloading_editor_layout[22m
[0m
S08_SETTINGS {"completion_signal":true,"editor_hint":true,"filesystem_path":"res://","importing":false,"initial_importing":false,"initial_scanning":true,"key":"mcp_toolkit/performance/keep_editor_responsive_unfocused","ok":true,"path":"/tmp/s08-standard-555e0330/scan-complete-attempt/private/config/godot/editor_settings-4.8.tres","pid":557119,"save_error":0,"scanning":false,"shutdown":"deferred SceneTree.quit after process_frame and idle recheck","value":false}
ERROR: 5 RID allocations of type 'N16RendererViewport8ViewportE' were leaked at exit.
ERROR: 8 RID allocations of type 'PN13RendererDummy14TextureStorage12DummyTextureE' were leaked at exit.
ERROR: 1 RID allocations of type 'N17RendererSceneCull8ScenarioE' were leaked at exit.
ERROR: 52 RID allocations of type 'PN18TextServerAdvanced22ShapedTextDataAdvancedE' were leaked at exit.
ERROR: 1 RID allocations of type 'PN18TextServerAdvanced12FontAdvancedE' were leaked at exit.
