Blender 5.2.2 LTS (hash d13f752e3b9c built 2026-09-22 17:10:25)
[ALSOFT] (EE) Failed to connect PipeWire event context (errno: 1)
/home/regner/.paseo/worktrees/0u71f39f/brackett-vehicle/tools/vehicle_assets/author_blender.py:30: DeprecationWarning: 'Material.use_nodes' is expected to be removed in Blender 6.0
  mat.use_nodes = True
00:00.605  image.write      | ERROR OpenImageIO write failed: Could not open file "/home/regner/.cache/thumbnails/large/blender_3_cdbdbfc424e5555981c1afaf25646a08.png.png"
BlenderMCP addon registered
BlenderMCP addon unregistered
Extensions: writing cache failed ([Errno 30] Read-only file system: '/home/regner/.config/blender/5.2/extensions').
Info: Saved as "car_latch_a.blend"
INFO Draco is available, use library at /usr/lib/blender/5.2/scripts/addons_core/io_scene_gltf2/libbf_intern_draco_bridge.so
ERROR MeshOptimizer is not available because library could not be found at /usr/lib/blender/5.2/scripts/addons_core/io_scene_gltf2/libbf_intern_meshopt_bridge.so
13:38:21 | INFO: Starting glTF 2.0 export
13:38:21 | INFO: Extracting primitive: Body_mesh
13:38:21 | INFO: Primitives created: 1
13:38:21 | INFO: Extracting primitive: CabinGlass_mesh
13:38:21 | INFO: Primitives created: 1
13:38:21 | INFO: Extracting primitive: Cube.010
13:38:21 | INFO: Primitives created: 1
13:38:21 | INFO: Extracting primitive: Cube.004
13:38:21 | INFO: Primitives created: 1
13:38:21 | INFO: Extracting primitive: Cube.008
13:38:21 | INFO: Primitives created: 1
13:38:21 | INFO: Extracting primitive: Cube.001
13:38:21 | INFO: Primitives created: 1
13:38:21 | INFO: Extracting primitive: Cube.002
13:38:21 | INFO: Primitives created: 1
13:38:21 | INFO: Extracting primitive: Cube.006
13:38:21 | INFO: Primitives created: 1
13:38:21 | INFO: Extracting primitive: Cube.003
13:38:21 | INFO: Primitives created: 1
13:38:21 | INFO: Extracting primitive: Cube.007
13:38:21 | INFO: Primitives created: 1
13:38:21 | INFO: Extracting primitive: Cube.011
13:38:21 | INFO: Primitives created: 1
13:38:21 | INFO: Extracting primitive: Cube
13:38:21 | INFO: Primitives created: 1
13:38:21 | INFO: Extracting primitive: Cube.005
13:38:21 | INFO: Primitives created: 1
13:38:21 | INFO: Extracting primitive: Cube.009
13:38:21 | INFO: Primitives created: 1
13:38:21 | INFO: Extracting primitive: Cylinder.006
13:38:21 | INFO: Primitives created: 1
13:38:21 | INFO: Extracting primitive: Cylinder.005
13:38:21 | INFO: Primitives created: 1
13:38:21 | INFO: Extracting primitive: Cylinder.004
13:38:21 | INFO: Primitives created: 1
13:38:21 | INFO: Extracting primitive: Cylinder.012
13:38:21 | INFO: Primitives created: 1
13:38:21 | INFO: Extracting primitive: Cylinder.011
13:38:21 | INFO: Primitives created: 1
13:38:21 | INFO: Extracting primitive: Cylinder.010
13:38:21 | INFO: Primitives created: 1
13:38:21 | INFO: Extracting primitive: Cylinder.009
13:38:21 | INFO: Primitives created: 1
13:38:21 | INFO: Extracting primitive: Cylinder.008
13:38:21 | INFO: Primitives created: 1
13:38:21 | INFO: Extracting primitive: Cylinder.007
13:38:21 | INFO: Primitives created: 1
13:38:21 | INFO: Extracting primitive: Cylinder.015
13:38:21 | INFO: Primitives created: 1
13:38:21 | INFO: Extracting primitive: Cylinder.014
13:38:21 | INFO: Primitives created: 1
13:38:21 | INFO: Extracting primitive: Cylinder.013
13:38:21 | INFO: Primitives created: 1
13:38:21 | INFO: Finished glTF 2.0 export in 0.04696941375732422 s
/home/regner/.paseo/worktrees/0u71f39f/brackett-vehicle/tools/vehicle_assets/author_blender.py:30: DeprecationWarning: 'Material.use_nodes' is expected to be removed in Blender 6.0
  mat.use_nodes = True
00:00.991  image.write      | ERROR OpenImageIO write failed: Could not open file "/home/regner/.cache/thumbnails/large/blender_3_a6cca7b02968293b9ecf72fe51a78e4f.png.png"

VEHICLE_SOURCE car_latch_a [-0.9464999437332153, 0.0, -1.7000000476837158] [0.9464999437332153, 1.5399999618530273, 1.7049999237060547]
Extensions: writing cache failed ([Errno 30] Read-only file system: '/home/regner/.config/blender/5.2/extensions').
Info: Saved as "car_crate_a.blend"
13:38:21 | INFO: Starting glTF 2.0 export
13:38:21 | INFO: Extracting primitive: Body_mesh
13:38:21 | INFO: Primitives created: 1
13:38:21 | INFO: Extracting primitive: CabinGlass_mesh
13:38:21 | INFO: Primitives created: 1
13:38:21 | INFO: Extracting primitive: Cube.012
13:38:21 | INFO: Primitives created: 1
13:38:21 | INFO: Extracting primitive: Cube.006
13:38:21 | INFO: Primitives created: 1
13:38:21 | INFO: Extracting primitive: Cube.010
13:38:21 | INFO: Primitives created: 1
13:38:21 | INFO: Extracting primitive: Cube.001
13:38:21 | INFO: Primitives created: 1
13:38:21 | INFO: Extracting primitive: Cube.004
13:38:21 | INFO: Primitives created: 1
13:38:21 | INFO: Extracting primitive: Cube.008
13:38:21 | INFO: Primitives created: 1
13:38:21 | INFO: Extracting primitive: Cube.005
13:38:21 | INFO: Primitives created: 1
13:38:21 | INFO: Extracting primitive: Cube.009
13:38:21 | INFO: Primitives created: 1
13:38:21 | INFO: Extracting primitive: Cube.013
13:38:21 | INFO: Primitives created: 1
13:38:21 | INFO: Extracting primitive: Cube
13:38:21 | INFO: Primitives created: 1
13:38:21 | INFO: Extracting primitive: Cube.003
13:38:21 | INFO: Primitives created: 1
13:38:21 | INFO: Extracting primitive: Cube.002
13:38:21 | INFO: Primitives created: 1
13:38:21 | INFO: Extracting primitive: Cube.007
13:38:21 | INFO: Primitives created: 1
13:38:21 | INFO: Extracting primitive: Cube.011
13:38:21 | INFO: Primitives created: 1
13:38:21 | INFO: Extracting primitive: Cylinder.006
13:38:21 | INFO: Primitives created: 1
13:38:21 | INFO: Extracting primitive: Cylinder.005
13:38:21 | INFO: Primitives created: 1
13:38:21 | INFO: Extracting primitive: Cylinder.004
13:38:21 | INFO: Primitives created: 1
13:38:21 | INFO: Extracting primitive: Cylinder.012
13:38:21 | INFO: Primitives created: 1
13:38:21 | INFO: Extracting primitive: Cylinder.011
13:38:21 | INFO: Primitives created: 1
13:38:21 | INFO: Extracting primitive: Cylinder.010
13:38:21 | INFO: Primitives created: 1
13:38:21 | INFO: Extracting primitive: Cylinder.009
13:38:21 | INFO: Primitives created: 1
13:38:21 | INFO: Extracting primitive: Cylinder.008
13:38:21 | INFO: Primitives created: 1
13:38:21 | INFO: Extracting primitive: Cylinder.007
13:38:21 | INFO: Primitives created: 1
13:38:21 | INFO: Extracting primitive: Cylinder.015
13:38:21 | INFO: Primitives created: 1
13:38:21 | INFO: Extracting primitive: Cylinder.014
13:38:21 | INFO: Primitives created: 1
13:38:21 | INFO: Extracting primitive: Cylinder.013
13:38:21 | INFO: Primitives created: 1
13:38:21 | INFO: Finished glTF 2.0 export in 0.04266643524169922 s
00:01.304  image.write      | ERROR OpenImageIO write failed: Could not open file "/home/regner/.cache/thumbnails/large/blender_3_1256d6ea1a23d53a7b5b076185ffc567.png.png"

VEHICLE_SOURCE car_crate_a [-0.9564999938011169, 0.0, -1.8250000476837158] [0.9564999938011169, 1.6500000953674316, 1.8299999237060547]
Extensions: writing cache failed ([Errno 30] Read-only file system: '/home/regner/.config/blender/5.2/extensions').
Info: Saved as "car_sable_a.blend"
13:38:21 | INFO: Starting glTF 2.0 export
13:38:21 | INFO: Extracting primitive: Body_mesh
13:38:21 | INFO: Primitives created: 1
13:38:21 | INFO: Extracting primitive: CabinGlass_mesh
13:38:21 | INFO: Primitives created: 1
13:38:21 | INFO: Extracting primitive: Cube.011
13:38:21 | INFO: Primitives created: 1
13:38:21 | INFO: Extracting primitive: Cube.005
13:38:21 | INFO: Primitives created: 1
13:38:21 | INFO: Extracting primitive: Cube.009
13:38:21 | INFO: Primitives created: 1
13:38:21 | INFO: Extracting primitive: Cube.001
13:38:21 | INFO: Primitives created: 1
13:38:21 | INFO: Extracting primitive: Cube.003
13:38:21 | INFO: Primitives created: 1
13:38:21 | INFO: Extracting primitive: Cube.007
13:38:21 | INFO: Primitives created: 1
13:38:21 | INFO: Extracting primitive: Cube.004
13:38:21 | INFO: Primitives created: 1
13:38:21 | INFO: Extracting primitive: Cube.008
13:38:21 | INFO: Primitives created: 1
13:38:21 | INFO: Extracting primitive: Cube.012
13:38:21 | INFO: Primitives created: 1
13:38:21 | INFO: Extracting primitive: Cube.002
13:38:21 | INFO: Primitives created: 1
13:38:21 | INFO: Extracting primitive: Cube
13:38:21 | INFO: Primitives created: 1
13:38:21 | INFO: Extracting primitive: Cube.006
13:38:21 | INFO: Primitives created: 1
13:38:21 | INFO: Extracting primitive: Cube.010
13:38:21 | INFO: Primitives created: 1
13:38:21 | INFO: Extracting primitive: Cylinder.006
13:38:21 | INFO: Primitives created: 1
13:38:21 | INFO: Extracting primitive: Cylinder.005
13:38:21 | INFO: Primitives created: 1
13:38:21 | INFO: Extracting primitive: Cylinder.004
13:38:21 | INFO: Primitives created: 1
13:38:21 | INFO: Extracting primitive: Cylinder.012
13:38:21 | INFO: Primitives created: 1
13:38:21 | INFO: Extracting primitive: Cylinder.011
13:38:21 | INFO: Primitives created: 1
13:38:21 | INFO: Extracting primitive: Cylinder.010
13:38:21 | INFO: Primitives created: 1
13:38:21 | INFO: Extracting primitive: Cylinder.009
13:38:21 | INFO: Primitives created: 1
13:38:21 | INFO: Extracting primitive: Cylinder.008
13:38:21 | INFO: Primitives created: 1
13:38:21 | INFO: Extracting primitive: Cylinder.007
13:38:21 | INFO: Primitives created: 1
13:38:21 | INFO: Extracting primitive: Cylinder.015
13:38:21 | INFO: Primitives created: 1
13:38:21 | INFO: Extracting primitive: Cylinder.014
13:38:21 | INFO: Primitives created: 1
13:38:21 | INFO: Extracting primitive: Cylinder.013
13:38:21 | INFO: Primitives created: 1
13:38:21 | INFO: Finished glTF 2.0 export in 0.04244518280029297 s

VEHICLE_SOURCE car_sable_a [-0.9664999842643738, 0.0, -2.125] [0.9664999842643738, 1.4399999380111694, 2.129999876022339]
pa_write() failed while trying to wake up the mainloop: Operation not permitted
