00:00.328  blend            | Read blend: "/home/regner/.paseo/worktrees/0u71f39f/brackett-vehicle/art/source/models/city_cars/car_crate_a.blend"
BlenderMCP addon registered
Info: Saved as "car_crate_a.blend"
INFO Draco is available, use library at /usr/lib/blender/5.2/scripts/addons_core/io_scene_gltf2/libbf_intern_draco_bridge.so
ERROR MeshOptimizer is not available because library could not be found at /usr/lib/blender/5.2/scripts/addons_core/io_scene_gltf2/libbf_intern_meshopt_bridge.so
13:52:10 | INFO: Starting glTF 2.0 export
13:52:10 | INFO: Extracting primitive: Body_mesh
13:52:10 | INFO: Primitives created: 1
13:52:10 | INFO: Extracting primitive: Cube.016
13:52:10 | INFO: Primitives created: 1
13:52:10 | INFO: Extracting primitive: Cube.021
13:52:10 | INFO: Primitives created: 1
13:52:10 | INFO: Extracting primitive: Cube.023
13:52:10 | INFO: Primitives created: 1
13:52:10 | INFO: Extracting primitive: Body_mesh.001
13:52:10 | INFO: Primitives created: 1
13:52:10 | INFO: Extracting primitive: DoorWindowFrontLeft_mesh
13:52:10 | INFO: Primitives created: 1
13:52:10 | INFO: Extracting primitive: Cube.004
13:52:10 | INFO: Primitives created: 1
13:52:10 | INFO: Extracting primitive: Cube.027
13:52:10 | INFO: Primitives created: 1
13:52:10 | INFO: Extracting primitive: Body_mesh.003
13:52:10 | INFO: Primitives created: 1
13:52:10 | INFO: Extracting primitive: DoorWindowFrontRight_mesh
13:52:10 | INFO: Primitives created: 1
13:52:10 | INFO: Extracting primitive: Cube.008
13:52:10 | INFO: Primitives created: 1
13:52:10 | INFO: Extracting primitive: Cube.025
13:52:10 | INFO: Primitives created: 1
13:52:10 | INFO: Extracting primitive: Body_mesh.002
13:52:10 | INFO: Primitives created: 1
13:52:10 | INFO: Extracting primitive: DoorWindowRearLeft_mesh
13:52:10 | INFO: Primitives created: 1
13:52:10 | INFO: Extracting primitive: Cube.029
13:52:10 | INFO: Primitives created: 1
13:52:10 | INFO: Extracting primitive: Body_mesh.004
13:52:10 | INFO: Primitives created: 1
13:52:10 | INFO: Extracting primitive: DoorWindowRearRight_mesh
13:52:10 | INFO: Primitives created: 1
13:52:10 | INFO: Extracting primitive: Cube.012
13:52:10 | INFO: Primitives created: 1
13:52:10 | INFO: Extracting primitive: Cube.006
13:52:10 | INFO: Primitives created: 1
13:52:10 | INFO: Extracting primitive: Cube.010
13:52:10 | INFO: Primitives created: 1
13:52:10 | INFO: Extracting primitive: Cube.001
13:52:10 | INFO: Primitives created: 1
13:52:10 | INFO: Extracting primitive: Cube.005
13:52:10 | INFO: Primitives created: 1
13:52:10 | INFO: Extracting primitive: Cube.009
13:52:10 | INFO: Primitives created: 1
13:52:10 | INFO: Extracting primitive: Cube.013
13:52:10 | INFO: Primitives created: 1
13:52:10 | INFO: Extracting primitive: RearGlass_mesh
13:52:10 | INFO: Primitives created: 1
13:52:10 | INFO: Extracting primitive: Cube
13:52:10 | INFO: Primitives created: 1
13:52:10 | INFO: Extracting primitive: Cube.003
13:52:10 | INFO: Primitives created: 1
13:52:10 | INFO: Extracting primitive: Cube.002
13:52:10 | INFO: Primitives created: 1
13:52:10 | INFO: Extracting primitive: Cube.020
13:52:10 | INFO: Primitives created: 1
13:52:10 | INFO: Extracting primitive: Cube.018
13:52:10 | INFO: Primitives created: 1
13:52:10 | INFO: Extracting primitive: Cube.019
13:52:10 | INFO: Primitives created: 1
13:52:10 | INFO: Extracting primitive: Cube.017
13:52:10 | INFO: Primitives created: 1
13:52:10 | INFO: Extracting primitive: Cube.007
13:52:10 | INFO: Primitives created: 1
13:52:10 | INFO: Extracting primitive: Cube.011
13:52:10 | INFO: Primitives created: 1
13:52:10 | INFO: Extracting primitive: Cylinder.006
13:52:10 | INFO: Primitives created: 1
13:52:10 | INFO: Extracting primitive: Cylinder.005
13:52:10 | INFO: Primitives created: 1
13:52:10 | INFO: Extracting primitive: Cylinder.004
13:52:10 | INFO: Primitives created: 1
13:52:10 | INFO: Extracting primitive: Cylinder.012
13:52:10 | INFO: Primitives created: 1
13:52:10 | INFO: Extracting primitive: Cylinder.011
13:52:10 | INFO: Primitives created: 1
13:52:10 | INFO: Extracting primitive: Cylinder.010
13:52:10 | INFO: Primitives created: 1
13:52:10 | INFO: Extracting primitive: Cylinder.009
13:52:10 | INFO: Primitives created: 1
13:52:10 | INFO: Extracting primitive: Cylinder.008
13:52:10 | INFO: Primitives created: 1
13:52:10 | INFO: Extracting primitive: Cylinder.007
13:52:10 | INFO: Primitives created: 1
13:52:10 | INFO: Extracting primitive: Cylinder.015
13:52:10 | INFO: Primitives created: 1
13:52:10 | INFO: Extracting primitive: Cylinder.014
13:52:10 | INFO: Primitives created: 1
13:52:10 | INFO: Extracting primitive: Cylinder.013
13:52:10 | INFO: Primitives created: 1
13:52:10 | INFO: Extracting primitive: Windshield_mesh
13:52:10 | INFO: Primitives created: 1
13:52:10 | INFO: Finished glTF 2.0 export in 0.06891131401062012 s

SURFACE_REFINEMENT car_crate_a
00:00.660  blend            | Read blend: "/home/regner/.paseo/worktrees/0u71f39f/brackett-vehicle/art/source/models/city_cars/car_latch_a.blend"
Info: Saved as "car_latch_a.blend"
13:52:10 | INFO: Starting glTF 2.0 export
13:52:10 | INFO: Extracting primitive: Body_mesh
13:52:10 | INFO: Primitives created: 1
13:52:10 | INFO: Extracting primitive: Cube.014
13:52:10 | INFO: Primitives created: 1
13:52:10 | INFO: Extracting primitive: Cube.019
13:52:10 | INFO: Primitives created: 1
13:52:10 | INFO: Extracting primitive: Cube.021
13:52:10 | INFO: Primitives created: 1
13:52:10 | INFO: Extracting primitive: Body_mesh.001
13:52:10 | INFO: Primitives created: 1
13:52:10 | INFO: Extracting primitive: DoorWindowFrontLeft_mesh
13:52:10 | INFO: Primitives created: 1
13:52:10 | INFO: Extracting primitive: Cube.002
13:52:10 | INFO: Primitives created: 1
13:52:10 | INFO: Extracting primitive: Cube.023
13:52:10 | INFO: Primitives created: 1
13:52:10 | INFO: Extracting primitive: Body_mesh.002
13:52:10 | INFO: Primitives created: 1
13:52:10 | INFO: Extracting primitive: DoorWindowFrontRight_mesh
13:52:10 | INFO: Primitives created: 1
13:52:10 | INFO: Extracting primitive: Cube.006
13:52:10 | INFO: Primitives created: 1
13:52:10 | INFO: Extracting primitive: Cube.010
13:52:10 | INFO: Primitives created: 1
13:52:10 | INFO: Extracting primitive: Cube.004
13:52:10 | INFO: Primitives created: 1
13:52:10 | INFO: Extracting primitive: Cube.008
13:52:10 | INFO: Primitives created: 1
13:52:10 | INFO: Extracting primitive: Cube.001
13:52:10 | INFO: Primitives created: 1
13:52:10 | INFO: Extracting primitive: Cube.003
13:52:10 | INFO: Primitives created: 1
13:52:10 | INFO: Extracting primitive: Cube.007
13:52:10 | INFO: Primitives created: 1
13:52:10 | INFO: Extracting primitive: Cube.011
13:52:10 | INFO: Primitives created: 1
13:52:10 | INFO: Extracting primitive: RearGlass_mesh
13:52:10 | INFO: Primitives created: 1
13:52:10 | INFO: Extracting primitive: Cube
13:52:10 | INFO: Primitives created: 1
13:52:10 | INFO: Extracting primitive: Cube.018
13:52:10 | INFO: Primitives created: 1
13:52:10 | INFO: Extracting primitive: Cube.016
13:52:10 | INFO: Primitives created: 1
13:52:10 | INFO: Extracting primitive: Cube.017
13:52:10 | INFO: Primitives created: 1
13:52:10 | INFO: Extracting primitive: Cube.015
13:52:10 | INFO: Primitives created: 1
13:52:10 | INFO: Extracting primitive: Cube.005
13:52:10 | INFO: Primitives created: 1
13:52:10 | INFO: Extracting primitive: Cube.009
13:52:10 | INFO: Primitives created: 1
13:52:10 | INFO: Extracting primitive: Cylinder.006
13:52:10 | INFO: Primitives created: 1
13:52:10 | INFO: Extracting primitive: Cylinder.005
13:52:10 | INFO: Primitives created: 1
13:52:10 | INFO: Extracting primitive: Cylinder.004
13:52:10 | INFO: Primitives created: 1
13:52:10 | INFO: Extracting primitive: Cylinder.012
13:52:10 | INFO: Primitives created: 1
13:52:10 | INFO: Extracting primitive: Cylinder.011
13:52:10 | INFO: Primitives created: 1
13:52:10 | INFO: Extracting primitive: Cylinder.010
13:52:10 | INFO: Primitives created: 1
13:52:10 | INFO: Extracting primitive: Cylinder.009
13:52:10 | INFO: Primitives created: 1
13:52:10 | INFO: Extracting primitive: Cylinder.008
13:52:10 | INFO: Primitives created: 1
13:52:10 | INFO: Extracting primitive: Cylinder.007
13:52:10 | INFO: Primitives created: 1
13:52:10 | INFO: Extracting primitive: Cylinder.015
13:52:10 | INFO: Primitives created: 1
13:52:10 | INFO: Extracting primitive: Cylinder.014
13:52:10 | INFO: Primitives created: 1
13:52:10 | INFO: Extracting primitive: Cylinder.013
13:52:10 | INFO: Primitives created: 1
13:52:10 | INFO: Extracting primitive: Windshield_mesh
13:52:10 | INFO: Primitives created: 1
13:52:10 | INFO: Finished glTF 2.0 export in 0.05403757095336914 s

SURFACE_REFINEMENT car_latch_a
00:00.847  blend            | Read blend: "/home/regner/.paseo/worktrees/0u71f39f/brackett-vehicle/art/source/models/city_cars/car_sable_a.blend"
Info: Saved as "car_sable_a.blend"
13:52:10 | INFO: Starting glTF 2.0 export
13:52:10 | INFO: Extracting primitive: Body_mesh
13:52:10 | INFO: Primitives created: 1
13:52:10 | INFO: Extracting primitive: Cube.015
13:52:10 | INFO: Primitives created: 1
13:52:10 | INFO: Extracting primitive: Cube.020
13:52:10 | INFO: Primitives created: 1
13:52:10 | INFO: Extracting primitive: Cube.022
13:52:10 | INFO: Primitives created: 1
13:52:10 | INFO: Extracting primitive: Body_mesh.001
13:52:10 | INFO: Primitives created: 1
13:52:10 | INFO: Extracting primitive: DoorWindowFrontLeft_mesh
13:52:10 | INFO: Primitives created: 1
13:52:10 | INFO: Extracting primitive: Cube.003
13:52:10 | INFO: Primitives created: 1
13:52:10 | INFO: Extracting primitive: Cube.026
13:52:10 | INFO: Primitives created: 1
13:52:10 | INFO: Extracting primitive: Body_mesh.003
13:52:10 | INFO: Primitives created: 1
13:52:10 | INFO: Extracting primitive: DoorWindowFrontRight_mesh
13:52:10 | INFO: Primitives created: 1
13:52:10 | INFO: Extracting primitive: Cube.007
13:52:10 | INFO: Primitives created: 1
13:52:10 | INFO: Extracting primitive: Cube.024
13:52:10 | INFO: Primitives created: 1
13:52:10 | INFO: Extracting primitive: Body_mesh.002
13:52:10 | INFO: Primitives created: 1
13:52:10 | INFO: Extracting primitive: DoorWindowRearLeft_mesh
13:52:10 | INFO: Primitives created: 1
13:52:10 | INFO: Extracting primitive: Cube.028
13:52:10 | INFO: Primitives created: 1
13:52:10 | INFO: Extracting primitive: Body_mesh.004
13:52:10 | INFO: Primitives created: 1
13:52:10 | INFO: Extracting primitive: DoorWindowRearRight_mesh
13:52:10 | INFO: Primitives created: 1
13:52:10 | INFO: Extracting primitive: Cube.011
13:52:10 | INFO: Primitives created: 1
13:52:10 | INFO: Extracting primitive: Cube.005
13:52:10 | INFO: Primitives created: 1
13:52:10 | INFO: Extracting primitive: Cube.009
13:52:10 | INFO: Primitives created: 1
13:52:10 | INFO: Extracting primitive: Cube.001
13:52:10 | INFO: Primitives created: 1
13:52:10 | INFO: Extracting primitive: Cube.004
13:52:10 | INFO: Primitives created: 1
13:52:10 | INFO: Extracting primitive: Cube.008
13:52:10 | INFO: Primitives created: 1
13:52:10 | INFO: Extracting primitive: Cube.012
13:52:10 | INFO: Primitives created: 1
13:52:10 | INFO: Extracting primitive: Cube.002
13:52:10 | INFO: Primitives created: 1
13:52:10 | INFO: Extracting primitive: RearGlass_mesh
13:52:10 | INFO: Primitives created: 1
13:52:10 | INFO: Extracting primitive: Cube
13:52:10 | INFO: Primitives created: 1
13:52:10 | INFO: Extracting primitive: Cube.019
13:52:10 | INFO: Primitives created: 1
13:52:10 | INFO: Extracting primitive: Cube.017
13:52:10 | INFO: Primitives created: 1
13:52:10 | INFO: Extracting primitive: Cube.018
13:52:10 | INFO: Primitives created: 1
13:52:10 | INFO: Extracting primitive: Cube.016
13:52:10 | INFO: Primitives created: 1
13:52:10 | INFO: Extracting primitive: Cube.006
13:52:10 | INFO: Primitives created: 1
13:52:10 | INFO: Extracting primitive: Cube.010
13:52:10 | INFO: Primitives created: 1
13:52:10 | INFO: Extracting primitive: Cylinder.006
13:52:10 | INFO: Primitives created: 1
13:52:10 | INFO: Extracting primitive: Cylinder.005
13:52:10 | INFO: Primitives created: 1
13:52:10 | INFO: Extracting primitive: Cylinder.004
13:52:10 | INFO: Primitives created: 1
13:52:10 | INFO: Extracting primitive: Cylinder.012
13:52:10 | INFO: Primitives created: 1
13:52:10 | INFO: Extracting primitive: Cylinder.011
13:52:10 | INFO: Primitives created: 1
13:52:10 | INFO: Extracting primitive: Cylinder.010
13:52:10 | INFO: Primitives created: 1
13:52:10 | INFO: Extracting primitive: Cylinder.009
13:52:10 | INFO: Primitives created: 1
13:52:10 | INFO: Extracting primitive: Cylinder.008
13:52:10 | INFO: Primitives created: 1
13:52:10 | INFO: Extracting primitive: Cylinder.007
13:52:10 | INFO: Primitives created: 1
13:52:10 | INFO: Extracting primitive: Cylinder.015
13:52:10 | INFO: Primitives created: 1
13:52:10 | INFO: Extracting primitive: Cylinder.014
13:52:10 | INFO: Primitives created: 1
13:52:10 | INFO: Extracting primitive: Cylinder.013
13:52:10 | INFO: Primitives created: 1
13:52:10 | INFO: Extracting primitive: Windshield_mesh
13:52:10 | INFO: Primitives created: 1
13:52:10 | INFO: Finished glTF 2.0 export in 0.06113743782043457 s

SURFACE_REFINEMENT car_sable_a
BlenderMCP addon unregistered
Blender 5.2.2 LTS (hash d13f752e3b9c built 2026-09-22 17:10:25)

Blender quit
