00:00.305  blend            | Read blend: "/home/regner/.paseo/worktrees/0u71f39f/brackett-vehicle/art/source/models/city_cars/car_crate_a.blend"
BlenderMCP addon registered
INFO Draco is available, use library at /usr/lib/blender/5.2/scripts/addons_core/io_scene_gltf2/libbf_intern_draco_bridge.so
ERROR MeshOptimizer is not available because library could not be found at /usr/lib/blender/5.2/scripts/addons_core/io_scene_gltf2/libbf_intern_meshopt_bridge.so
13:53:37 | INFO: Starting glTF 2.0 export
13:53:37 | INFO: Extracting primitive: Body_mesh
13:53:37 | INFO: Primitives created: 1
13:53:37 | INFO: Extracting primitive: Cube.016
13:53:37 | INFO: Primitives created: 1
13:53:37 | INFO: Extracting primitive: Cube.021
13:53:37 | INFO: Primitives created: 1
13:53:37 | INFO: Extracting primitive: Cube.023
13:53:37 | INFO: Primitives created: 1
13:53:37 | INFO: Extracting primitive: Body_mesh.001
13:53:37 | INFO: Primitives created: 1
13:53:37 | INFO: Extracting primitive: DoorWindowFrontLeft_mesh
13:53:37 | INFO: Primitives created: 1
13:53:37 | INFO: Extracting primitive: Cube.004
13:53:37 | INFO: Primitives created: 1
13:53:37 | INFO: Extracting primitive: Cube.027
13:53:37 | INFO: Primitives created: 1
13:53:37 | INFO: Extracting primitive: Body_mesh.003
13:53:37 | INFO: Primitives created: 1
13:53:37 | INFO: Extracting primitive: DoorWindowFrontRight_mesh
13:53:37 | INFO: Primitives created: 1
13:53:37 | INFO: Extracting primitive: Cube.008
13:53:37 | INFO: Primitives created: 1
13:53:37 | INFO: Extracting primitive: Cube.025
13:53:37 | INFO: Primitives created: 1
13:53:37 | INFO: Extracting primitive: Body_mesh.002
13:53:37 | INFO: Primitives created: 1
13:53:37 | INFO: Extracting primitive: DoorWindowRearLeft_mesh
13:53:37 | INFO: Primitives created: 1
13:53:37 | INFO: Extracting primitive: Cube.029
13:53:37 | INFO: Primitives created: 1
13:53:37 | INFO: Extracting primitive: Body_mesh.004
13:53:37 | INFO: Primitives created: 1
13:53:37 | INFO: Extracting primitive: DoorWindowRearRight_mesh
13:53:37 | INFO: Primitives created: 1
13:53:37 | INFO: Extracting primitive: Cube.012
13:53:37 | INFO: Primitives created: 1
13:53:37 | INFO: Extracting primitive: Cube.006
13:53:37 | INFO: Primitives created: 1
13:53:37 | INFO: Extracting primitive: Cube.010
13:53:37 | INFO: Primitives created: 1
13:53:37 | INFO: Extracting primitive: Cube.001
13:53:37 | INFO: Primitives created: 1
13:53:37 | INFO: Extracting primitive: Cube.005
13:53:37 | INFO: Primitives created: 1
13:53:37 | INFO: Extracting primitive: Cube.009
13:53:37 | INFO: Primitives created: 1
13:53:37 | INFO: Extracting primitive: Cube.013
13:53:37 | INFO: Primitives created: 1
13:53:37 | INFO: Extracting primitive: RearGlass_mesh
13:53:37 | INFO: Primitives created: 1
13:53:37 | INFO: Extracting primitive: Cube
13:53:37 | INFO: Primitives created: 1
13:53:37 | INFO: Extracting primitive: Cube.003
13:53:37 | INFO: Primitives created: 1
13:53:37 | INFO: Extracting primitive: Cube.002
13:53:37 | INFO: Primitives created: 1
13:53:37 | INFO: Extracting primitive: Cube.020
13:53:37 | INFO: Primitives created: 1
13:53:37 | INFO: Extracting primitive: Cube.018
13:53:37 | INFO: Primitives created: 1
13:53:37 | INFO: Extracting primitive: Cube.019
13:53:37 | INFO: Primitives created: 1
13:53:37 | INFO: Extracting primitive: Cube.017
13:53:37 | INFO: Primitives created: 1
13:53:37 | INFO: Extracting primitive: Cube.007
13:53:37 | INFO: Primitives created: 1
13:53:37 | INFO: Extracting primitive: Cube.011
13:53:37 | INFO: Primitives created: 1
13:53:37 | INFO: Extracting primitive: Cylinder.006
13:53:37 | INFO: Primitives created: 1
13:53:37 | INFO: Extracting primitive: Cylinder.005
13:53:37 | INFO: Primitives created: 1
13:53:37 | INFO: Extracting primitive: Cylinder.004
13:53:37 | INFO: Primitives created: 1
13:53:37 | INFO: Extracting primitive: Cylinder.012
13:53:37 | INFO: Primitives created: 1
13:53:37 | INFO: Extracting primitive: Cylinder.011
13:53:37 | INFO: Primitives created: 1
13:53:37 | INFO: Extracting primitive: Cylinder.010
13:53:37 | INFO: Primitives created: 1
13:53:37 | INFO: Extracting primitive: Cylinder.009
13:53:37 | INFO: Primitives created: 1
13:53:37 | INFO: Extracting primitive: Cylinder.008
13:53:37 | INFO: Primitives created: 1
13:53:37 | INFO: Extracting primitive: Cylinder.007
13:53:37 | INFO: Primitives created: 1
13:53:37 | INFO: Extracting primitive: Cylinder.015
13:53:37 | INFO: Primitives created: 1
13:53:37 | INFO: Extracting primitive: Cylinder.014
13:53:37 | INFO: Primitives created: 1
13:53:37 | INFO: Extracting primitive: Cylinder.013
13:53:37 | INFO: Primitives created: 1
13:53:37 | INFO: Extracting primitive: Windshield_mesh
13:53:37 | INFO: Primitives created: 1
13:53:37 | INFO: Finished glTF 2.0 export in 0.06760573387145996 s

VEHICLE_REEXPORT car_crate_a
00:00.430  blend            | Read blend: "/home/regner/.paseo/worktrees/0u71f39f/brackett-vehicle/art/source/models/city_cars/car_latch_a.blend"
13:53:37 | INFO: Starting glTF 2.0 export
13:53:37 | INFO: Extracting primitive: Body_mesh
13:53:37 | INFO: Primitives created: 1
13:53:37 | INFO: Extracting primitive: Cube.014
13:53:37 | INFO: Primitives created: 1
13:53:37 | INFO: Extracting primitive: Cube.019
13:53:37 | INFO: Primitives created: 1
13:53:37 | INFO: Extracting primitive: Cube.021
13:53:37 | INFO: Primitives created: 1
13:53:37 | INFO: Extracting primitive: Body_mesh.001
13:53:37 | INFO: Primitives created: 1
13:53:37 | INFO: Extracting primitive: DoorWindowFrontLeft_mesh
13:53:37 | INFO: Primitives created: 1
13:53:37 | INFO: Extracting primitive: Cube.002
13:53:37 | INFO: Primitives created: 1
13:53:37 | INFO: Extracting primitive: Cube.023
13:53:37 | INFO: Primitives created: 1
13:53:37 | INFO: Extracting primitive: Body_mesh.002
13:53:37 | INFO: Primitives created: 1
13:53:37 | INFO: Extracting primitive: DoorWindowFrontRight_mesh
13:53:37 | INFO: Primitives created: 1
13:53:37 | INFO: Extracting primitive: Cube.006
13:53:37 | INFO: Primitives created: 1
13:53:37 | INFO: Extracting primitive: Cube.010
13:53:37 | INFO: Primitives created: 1
13:53:37 | INFO: Extracting primitive: Cube.004
13:53:37 | INFO: Primitives created: 1
13:53:37 | INFO: Extracting primitive: Cube.008
13:53:37 | INFO: Primitives created: 1
13:53:37 | INFO: Extracting primitive: Cube.001
13:53:37 | INFO: Primitives created: 1
13:53:37 | INFO: Extracting primitive: Cube.003
13:53:37 | INFO: Primitives created: 1
13:53:37 | INFO: Extracting primitive: Cube.007
13:53:37 | INFO: Primitives created: 1
13:53:37 | INFO: Extracting primitive: Cube.011
13:53:37 | INFO: Primitives created: 1
13:53:37 | INFO: Extracting primitive: RearGlass_mesh
13:53:37 | INFO: Primitives created: 1
13:53:37 | INFO: Extracting primitive: Cube
13:53:37 | INFO: Primitives created: 1
13:53:37 | INFO: Extracting primitive: Cube.018
13:53:37 | INFO: Primitives created: 1
13:53:37 | INFO: Extracting primitive: Cube.016
13:53:37 | INFO: Primitives created: 1
13:53:37 | INFO: Extracting primitive: Cube.017
13:53:37 | INFO: Primitives created: 1
13:53:37 | INFO: Extracting primitive: Cube.015
13:53:37 | INFO: Primitives created: 1
13:53:37 | INFO: Extracting primitive: Cube.005
13:53:37 | INFO: Primitives created: 1
13:53:37 | INFO: Extracting primitive: Cube.009
13:53:37 | INFO: Primitives created: 1
13:53:37 | INFO: Extracting primitive: Cylinder.006
13:53:37 | INFO: Primitives created: 1
13:53:37 | INFO: Extracting primitive: Cylinder.005
13:53:37 | INFO: Primitives created: 1
13:53:37 | INFO: Extracting primitive: Cylinder.004
13:53:37 | INFO: Primitives created: 1
13:53:37 | INFO: Extracting primitive: Cylinder.012
13:53:37 | INFO: Primitives created: 1
13:53:37 | INFO: Extracting primitive: Cylinder.011
13:53:37 | INFO: Primitives created: 1
13:53:37 | INFO: Extracting primitive: Cylinder.010
13:53:37 | INFO: Primitives created: 1
13:53:37 | INFO: Extracting primitive: Cylinder.009
13:53:37 | INFO: Primitives created: 1
13:53:37 | INFO: Extracting primitive: Cylinder.008
13:53:37 | INFO: Primitives created: 1
13:53:37 | INFO: Extracting primitive: Cylinder.007
13:53:37 | INFO: Primitives created: 1
13:53:37 | INFO: Extracting primitive: Cylinder.015
13:53:37 | INFO: Primitives created: 1
13:53:37 | INFO: Extracting primitive: Cylinder.014
13:53:37 | INFO: Primitives created: 1
13:53:37 | INFO: Extracting primitive: Cylinder.013
13:53:37 | INFO: Primitives created: 1
13:53:37 | INFO: Extracting primitive: Windshield_mesh
13:53:37 | INFO: Primitives created: 1
13:53:37 | INFO: Finished glTF 2.0 export in 0.05314469337463379 s

VEHICLE_REEXPORT car_latch_a
00:00.508  blend            | Read blend: "/home/regner/.paseo/worktrees/0u71f39f/brackett-vehicle/art/source/models/city_cars/car_preview_stage.blend"
13:53:37 | INFO: Starting glTF 2.0 export
13:53:37 | INFO: Extracting primitive: Cube.001
13:53:37 | INFO: Primitives created: 1
13:53:37 | INFO: Extracting primitive: Cube.002
13:53:37 | INFO: Primitives created: 1
13:53:37 | INFO: Extracting primitive: Cube.003
13:53:37 | INFO: Primitives created: 1
13:53:37 | INFO: Extracting primitive: Cube.004
13:53:37 | INFO: Primitives created: 1
13:53:37 | INFO: Extracting primitive: Cube.005
13:53:37 | INFO: Primitives created: 1
13:53:37 | INFO: Extracting primitive: Cube.006
13:53:37 | INFO: Primitives created: 1
13:53:37 | INFO: Extracting primitive: Cube
13:53:37 | INFO: Primitives created: 1
13:53:37 | INFO: Finished glTF 2.0 export in 0.009921073913574219 s

VEHICLE_REEXPORT car_preview_stage
00:00.525  blend            | Read blend: "/home/regner/.paseo/worktrees/0u71f39f/brackett-vehicle/art/source/models/city_cars/car_sable_a.blend"
13:53:37 | INFO: Starting glTF 2.0 export
13:53:37 | INFO: Extracting primitive: Body_mesh
13:53:37 | INFO: Primitives created: 1
13:53:37 | INFO: Extracting primitive: Cube.015
13:53:37 | INFO: Primitives created: 1
13:53:37 | INFO: Extracting primitive: Cube.020
13:53:37 | INFO: Primitives created: 1
13:53:37 | INFO: Extracting primitive: Cube.022
13:53:37 | INFO: Primitives created: 1
13:53:37 | INFO: Extracting primitive: Body_mesh.001
13:53:37 | INFO: Primitives created: 1
13:53:37 | INFO: Extracting primitive: DoorWindowFrontLeft_mesh
13:53:37 | INFO: Primitives created: 1
13:53:37 | INFO: Extracting primitive: Cube.003
13:53:37 | INFO: Primitives created: 1
13:53:37 | INFO: Extracting primitive: Cube.026
13:53:37 | INFO: Primitives created: 1
13:53:37 | INFO: Extracting primitive: Body_mesh.003
13:53:37 | INFO: Primitives created: 1
13:53:37 | INFO: Extracting primitive: DoorWindowFrontRight_mesh
13:53:37 | INFO: Primitives created: 1
13:53:37 | INFO: Extracting primitive: Cube.007
13:53:37 | INFO: Primitives created: 1
13:53:37 | INFO: Extracting primitive: Cube.024
13:53:37 | INFO: Primitives created: 1
13:53:37 | INFO: Extracting primitive: Body_mesh.002
13:53:37 | INFO: Primitives created: 1
13:53:38 | INFO: Extracting primitive: DoorWindowRearLeft_mesh
13:53:38 | INFO: Primitives created: 1
13:53:38 | INFO: Extracting primitive: Cube.028
13:53:38 | INFO: Primitives created: 1
13:53:38 | INFO: Extracting primitive: Body_mesh.004
13:53:38 | INFO: Primitives created: 1
13:53:38 | INFO: Extracting primitive: DoorWindowRearRight_mesh
13:53:38 | INFO: Primitives created: 1
13:53:38 | INFO: Extracting primitive: Cube.011
13:53:38 | INFO: Primitives created: 1
13:53:38 | INFO: Extracting primitive: Cube.005
13:53:38 | INFO: Primitives created: 1
13:53:38 | INFO: Extracting primitive: Cube.009
13:53:38 | INFO: Primitives created: 1
13:53:38 | INFO: Extracting primitive: Cube.001
13:53:38 | INFO: Primitives created: 1
13:53:38 | INFO: Extracting primitive: Cube.004
13:53:38 | INFO: Primitives created: 1
13:53:38 | INFO: Extracting primitive: Cube.008
13:53:38 | INFO: Primitives created: 1
13:53:38 | INFO: Extracting primitive: Cube.012
13:53:38 | INFO: Primitives created: 1
13:53:38 | INFO: Extracting primitive: Cube.002
13:53:38 | INFO: Primitives created: 1
13:53:38 | INFO: Extracting primitive: RearGlass_mesh
13:53:38 | INFO: Primitives created: 1
13:53:38 | INFO: Extracting primitive: Cube
13:53:38 | INFO: Primitives created: 1
13:53:38 | INFO: Extracting primitive: Cube.019
13:53:38 | INFO: Primitives created: 1
13:53:38 | INFO: Extracting primitive: Cube.017
13:53:38 | INFO: Primitives created: 1
13:53:38 | INFO: Extracting primitive: Cube.018
13:53:38 | INFO: Primitives created: 1
13:53:38 | INFO: Extracting primitive: Cube.016
13:53:38 | INFO: Primitives created: 1
13:53:38 | INFO: Extracting primitive: Cube.006
13:53:38 | INFO: Primitives created: 1
13:53:38 | INFO: Extracting primitive: Cube.010
13:53:38 | INFO: Primitives created: 1
13:53:38 | INFO: Extracting primitive: Cylinder.006
13:53:38 | INFO: Primitives created: 1
13:53:38 | INFO: Extracting primitive: Cylinder.005
13:53:38 | INFO: Primitives created: 1
13:53:38 | INFO: Extracting primitive: Cylinder.004
13:53:38 | INFO: Primitives created: 1
13:53:38 | INFO: Extracting primitive: Cylinder.012
13:53:38 | INFO: Primitives created: 1
13:53:38 | INFO: Extracting primitive: Cylinder.011
13:53:38 | INFO: Primitives created: 1
13:53:38 | INFO: Extracting primitive: Cylinder.010
13:53:38 | INFO: Primitives created: 1
13:53:38 | INFO: Extracting primitive: Cylinder.009
13:53:38 | INFO: Primitives created: 1
13:53:38 | INFO: Extracting primitive: Cylinder.008
13:53:38 | INFO: Primitives created: 1
13:53:38 | INFO: Extracting primitive: Cylinder.007
13:53:38 | INFO: Primitives created: 1
13:53:38 | INFO: Extracting primitive: Cylinder.015
13:53:38 | INFO: Primitives created: 1
13:53:38 | INFO: Extracting primitive: Cylinder.014
13:53:38 | INFO: Primitives created: 1
13:53:38 | INFO: Extracting primitive: Cylinder.013
13:53:38 | INFO: Primitives created: 1
13:53:38 | INFO: Extracting primitive: Windshield_mesh
13:53:38 | INFO: Primitives created: 1
13:53:38 | INFO: Finished glTF 2.0 export in 0.07657170295715332 s

VEHICLE_REEXPORT car_sable_a
BlenderMCP addon unregistered
Blender 5.2.2 LTS (hash d13f752e3b9c built 2026-09-22 17:10:25)

Blender quit
