README.md: docs/spikes/s01.md OK
README.md: docs/spikes/s02.md#reviewed-desktop-handoff OK
README.md: docs/spikes/s03.md OK
README.md: docs/spikes/s03-r.md OK
README.md: docs/assets/s02_kit.md OK
README.md: docs/development.md#s02-desktop-fixture-tooling OK
README.md: docs/development.md#s03-r-foot-response-tooling OK
README.md: docs/spikes/s03-r.md OK
README.md: docs/reviews/s03-r-b87f889.md OK
README.md: TODO.md OK
README.md: docs/design.md OK
README.md: docs/architecture.md OK
README.md: docs/scene-structure.md OK
README.md: docs/api-contracts.md OK
README.md: AGENTS.md OK
README.md: docs/development.md OK
README.md: docs/assets.md OK
README.md: docs/concepts/p0-04/review.html OK
README.md: docs/art-direction.md OK
README.md: docs/world-layout.md OK
README.md: docs/multiplayer.md OK
README.md: docs/guidance-sources.md OK
README.md: docs/spikes/s07.md OK
README.md: docs/workflows/p0-profiles-proposal.md#four-proposed-bundles OK
README.md: docs/workflows/p0-profiles-review.md OK
README.md: docs/reviews/plan-check-2026-10-07-04.md#profile-assessment OK
README.md: TODO.md OK
TODO.md: docs/spikes/s01.md OK
TODO.md: docs/spikes/s02.md OK
TODO.md: docs/spikes/s03.md OK
TODO.md: docs/spikes/s03-r.md OK
TODO.md: docs/reviews/plan-checkpoints.md OK
TODO.md: AGENTS.md OK
TODO.md: docs/development.md OK
TODO.md: docs/assets.md OK
TODO.md: docs/multiplayer.md OK
TODO.md: docs/design.md OK
TODO.md: docs/art-direction.md OK
TODO.md: docs/world-layout.md OK
TODO.md: docs/design.md OK
TODO.md: docs/architecture.md OK
TODO.md: docs/scene-structure.md OK
TODO.md: docs/api-contracts.md OK
TODO.md: docs/art-direction.md OK
TODO.md: docs/world-layout.md OK
TODO.md: docs/concepts/p0-04/review.html OK
TODO.md: docs/reviews/p0-06.md OK
TODO.md: docs/reviews/p0-07.md OK
TODO.md: docs/spikes/s01.md OK
TODO.md: docs/spikes/s01.md OK
TODO.md: docs/spikes/s03.md#integration-validation OK
TODO.md: docs/spikes/s03.md OK
TODO.md: docs/scene-structure.md OK
TODO.md: docs/api-contracts.md OK
TODO.md: docs/spikes/s03.md OK
TODO.md: docs/assets.md OK
TODO.md: docs/templates/asset-handoff.md OK
TODO.md: docs/asset-catalogue.md OK
TODO.md: docs/decisions/p0-05-asset-workflow.md OK
TODO.md: docs/spikes/s01.md OK
TODO.md: docs/workflows/p0-profiles-proposal.md OK
TODO.md: docs/workflows/p0-profiles-evidence.md OK
TODO.md: docs/workflows/p0-profiles-review.md OK
TODO.md: docs/reviews/plan-check-2026-10-07-04.md#profile-assessment OK
TODO.md: docs/reviews/plan-check-2026-10-07.md#profile-baseline OK
TODO.md: docs/reviews/plan-check-2026-10-07-02.md#profile-assessment OK
TODO.md: docs/reviews/plan-check-2026-10-07-03.md#profile-assessment OK
TODO.md: .agents/skills/paseo-orchestrator/SKILL.md#model-policy-workers-subagents-and-reviewers OK
TODO.md: docs/reviews/p0-doc1.md OK
TODO.md: docs/reviews/p0-doc2.md OK
TODO.md: docs/reviews/p0-doc4.md OK
TODO.md: docs/reviews/p0-doc5.md OK
TODO.md: docs/design.md OK
TODO.md: docs/art-direction.md OK
TODO.md: docs/spikes/s02.md OK
TODO.md: docs/spikes/s03.md OK
TODO.md: docs/design.md OK
TODO.md: docs/spikes/s03-s.md OK
TODO.md: docs/spikes/s02.md#reviewed-desktop-handoff OK
TODO.md: docs/spikes/s03.md OK
TODO.md: docs/spikes/s03-r.md OK
TODO.md: docs/reviews/s03-r-b87f889.md OK
TODO.md: docs/spikes/s02.md OK
TODO.md: docs/spikes/s03.md OK
TODO.md: docs/spikes/s03-r.md#unavailable-graphical-evidence-and-stop-boundary OK
TODO.md: docs/spikes/s03.md OK
TODO.md: docs/spikes/s01.md OK
TODO.md: docs/world-layout.md OK
TODO.md: docs/spikes/s07.md OK
TODO.md: docs/spikes/s01.md OK
TODO.md: docs/design.md OK
TODO.md: docs/spikes/s01.md OK
TODO.md: docs/spikes/s03.md OK
TODO.md: docs/spikes/s03-s.md OK
TODO.md: docs/design.md OK
TODO.md: docs/architecture.md OK
TODO.md: docs/scene-structure.md OK
TODO.md: docs/api-contracts.md OK
TODO.md: docs/art-direction.md OK
TODO.md: docs/spikes/s03.md#integration-validation OK
TODO.md: docs/reviews/p0-07.md OK
TODO.md: docs/reviews/p0-06.md OK
TODO.md: docs/decisions/p0-05-asset-workflow.md OK
TODO.md: docs/spikes/s01.md OK
TODO.md: docs/reviews/p0-doc1.md OK
TODO.md: docs/reviews/p0-doc2.md OK
TODO.md: docs/reviews/p0-doc4.md OK
TODO.md: docs/reviews/p0-doc5.md OK
TODO.md: docs/spikes/s03.md#fixture-and-boundary OK
TODO.md: docs/spikes/s03.md OK
TODO.md: docs/spikes/s03.md OK
TODO.md: docs/spikes/s07.md OK
TODO.md: docs/spikes/s03.md#integration-validation OK
TODO.md: docs/spikes/s07.md OK
TODO.md: docs/reviews/p0-doc5.md OK
TODO.md: docs/spikes/s03.md#fixture-and-boundary OK
TODO.md: docs/spikes/s01.md OK
TODO.md: docs/spikes/s03.md OK
TODO.md: docs/reviews/p0-doc5.md OK
TODO.md: docs/spikes/s07.md OK
docs/assets/s02_kit.md: ../spikes/s02.md OK
docs/assets/s02_kit.md: ../spikes/s03-r.md OK
docs/assets/s02_kit.md: ../../tests/fixtures/s02/ground_prefab.tscn OK
docs/assets/s02_kit.md: ../../tests/fixtures/s02/low_prefab.tscn OK
docs/assets/s02_kit.md: ../../tests/fixtures/s02/near_prefab.tscn OK
docs/assets/s02_kit.md: ../../tests/fixtures/s02/tall_prefab.tscn OK
docs/assets/s02_kit.md: ../../tests/fixtures/s02/actor.tscn OK
docs/assets/s02_kit.md: ../../tests/fixtures/s03_r/actor.tscn OK
docs/assets/s02_kit.md: ../../tests/fixtures/s03_r/boot.tscn OK
docs/assets/s02_kit.md: ../assets.md#reexport-and-change-acceptance OK
docs/development.md: ../AGENTS.md OK
docs/development.md: architecture.md OK
docs/development.md: scene-structure.md OK
docs/development.md: api-contracts.md OK
docs/development.md: design.md OK
docs/development.md: architecture.md#state-and-rule-owners OK
docs/development.md: assets.md OK
docs/development.md: ../.agents/skills/gdscript-review/SKILL.md OK
docs/development.md: spikes/s01.md OK
docs/development.md: spikes/s03.md OK
docs/development.md: spikes/s02.md#reviewed-desktop-handoff OK
docs/development.md: assets/s02_kit.md OK
docs/development.md: spikes/s02.md#tools-authoring-and-reproducibility OK
docs/development.md: spikes/s07.md OK
docs/development.md: spikes/s03-r.md OK
docs/development.md: ../tests/fixtures/s03_r/boot.tscn OK
docs/development.md: ../tests/fixtures/s03_r/actor.tscn OK
docs/development.md: assets/s02_kit.md#accepted-s03-r-downstream-consumers OK
docs/development.md: ../tools/run_s03_r.py OK
docs/development.md: ../tools/script_checks.py OK
docs/development.md: ../tools/run_s03.py OK
docs/development.md: ../tools/test_s03_r_analysis.py OK
docs/development.md: reviews/s03-r-b87f889.md OK
docs/reviews/p0-doc5.md: ../spikes/s03-r.md OK
docs/reviews/p0-doc5.md: ../workflows/p0-profiles-proposal.md#four-proposed-bundles OK
docs/reviews/p0-doc5.md: ../development.md#s03-r-foot-response-tooling OK
docs/reviews/p0-doc5.md: ../assets/s02_kit.md#accepted-s03-r-downstream-consumers OK
docs/reviews/p0-doc5.md: s03-r-b87f889.md OK
docs/reviews/p0-doc5.md: ../spikes/s02.md#reviewed-desktop-handoff OK
