Godot Engine v4.8.dev7.official.c971f93e7 - https://godotengine.org

[   0% ] first_scan_filesystem | Started Project initialization (5 steps)
[   0% ] first_scan_filesystem | Scanning file structure...
[  16% ] first_scan_filesystem | Loading global class names...
[  33% ] first_scan_filesystem | Verifying GDExtensions...
[  50% ] first_scan_filesystem | Creating autoload scripts...
[  66% ] first_scan_filesystem | Initializing plugins...
[  83% ] first_scan_filesystem | Starting file scan...
[ DONE ] first_scan_filesystem

[   0% ] savepack | Started Packing (102 steps)
[   1% ] savepack | Storing File: res://tests/fixtures/s01/fixture_identity.gdc
[   5% ] savepack | Storing File: res://.godot/exported/133200997/export-d579b2560ab2329e8473fc2419d239b8-rig_prefab.scn
[  10% ] savepack | Storing File: res://.godot/imported/s01_rig.glb-0b16360e8947d85c8965d2e3dcf9ac82.scn
[  10% ] savepack | Storing File: res://art/models/spikes/s01_rig.glb.import
[  14% ] savepack | Storing File: res://.godot/exported/133200997/export-a67ba0cdc41eacdf66643aa676ff7afd-s01_petrol.res
[  19% ] savepack | Storing File: res://.godot/imported/s01_palette.png-f20d68b31785e8334f0bc93337f4413e.s3tc.ctex
[  19% ] savepack | Storing File: res://art/textures/spikes/s01_palette.png.import
[  23% ] savepack | Storing File: res://.godot/exported/133200997/export-d0c91565c52edad9d218aa6b049dd808-roundtrip.scn
[  28% ] savepack | Storing File: res://.godot/exported/133200997/export-8c790b42d2da2232c7e20f4957fac3f7-static_prefab.scn
[  32% ] savepack | Storing File: res://.godot/imported/s01_static.glb-31f0c727d52e943b337e10fa5af37439.scn
[  32% ] savepack | Storing File: res://art/models/spikes/s01_static.glb.import
[  36% ] savepack | Storing File: res://.godot/exported/133200997/export-243fe57902d68555a42aa065f6228724-static_variant.scn
[  40% ] savepack | Storing File: res://.godot/exported/133200997/export-bd4897a6ea8382ca5e9dc666b361498d-s01_coral.res
[  45% ] savepack | Storing File: res://.godot/exported/133200997/export-2af402b95b8fba3e2e3c7b4bd446f3d8-boot.scn
[  50% ] savepack | Storing File: res://tests/fixtures/s03/session.gdc
[  54% ] savepack | Storing File: res://tests/fixtures/s03/proof.gdc
[  59% ] savepack | Storing File: res://tests/fixtures/s03/match.gdc
[  63% ] savepack | Storing File: res://tests/fixtures/s03/replication.gdc
[  67% ] savepack | Storing File: res://tests/fixtures/s03/entity.gdc
[  71% ] savepack | Storing File: res://.godot/exported/133200997/export-a830d4cf0d66b8804be422d46d1c5de3-entity.scn
[  76% ] savepack | Storing File: res://tests/fixtures/s03/fake_transport.gdc
[  80% ] savepack | Storing File: res://.godot/exported/133200997/export-3725d439cd3b820f8fefa8e0f8e6ccac-local_rig.scn
[  85% ] savepack | Storing File: res://tests/fixtures/s03/transport.gdc
[  89% ] savepack | Storing File: res://s08_receipt.gdc
[  94% ] savepack | Storing File: res://s08_inputs.json
[  94% ] savepack | Storing File: res://tests/fixtures/s01/fixture_identity.gd.remap
[  94% ] savepack | Storing File: res://tests/fixtures/s01/rig_prefab.tscn.remap
[  94% ] savepack | Storing File: res://art/materials/s01_petrol.tres.remap
[  94% ] savepack | Storing File: res://tests/fixtures/s01/roundtrip.tscn.remap
[  94% ] savepack | Storing File: res://tests/fixtures/s01/static_prefab.tscn.remap
[  94% ] savepack | Storing File: res://tests/fixtures/s01/static_variant.tscn.remap
[  94% ] savepack | Storing File: res://art/materials/s01_coral.tres.remap
[  94% ] savepack | Storing File: res://tests/fixtures/s03/boot.tscn.remap
[  94% ] savepack | Storing File: res://tests/fixtures/s03/session.gd.remap
[  94% ] savepack | Storing File: res://tests/fixtures/s03/proof.gd.remap
[  94% ] savepack | Storing File: res://tests/fixtures/s03/match.gd.remap
[  94% ] savepack | Storing File: res://tests/fixtures/s03/replication.gd.remap
[  94% ] savepack | Storing File: res://tests/fixtures/s03/entity.gd.remap
[  94% ] savepack | Storing File: res://tests/fixtures/s03/entity.tscn.remap
[  94% ] savepack | Storing File: res://tests/fixtures/s03/fake_transport.gd.remap
[  94% ] savepack | Storing File: res://tests/fixtures/s03/local_rig.tscn.remap
[  94% ] savepack | Storing File: res://tests/fixtures/s03/transport.gd.remap
[  94% ] savepack | Storing File: res://s08_receipt.gd.remap
[  94% ] savepack | Storing File: res://.godot/global_script_class_cache.cfg
[  94% ] savepack | Storing File: res://.godot/uid_cache.bin
[  94% ] savepack | Storing File: res://project.binary
[ DONE ] savepack

