Godot Engine v4.8.dev7.official.c971f93e7 - https://godotengine.org

[   0% ] [90m[1mfirst_scan_filesystem[22m | Started Project initialization (5 steps)[39m[0m
[   0% ] [90m[1mfirst_scan_filesystem[22m | Scanning file structure...[39m[0m
[  16% ] [90m[1mfirst_scan_filesystem[22m | Loading global class names...[39m[0m
[  33% ] [90m[1mfirst_scan_filesystem[22m | Verifying GDExtensions...[39m[0m
[  50% ] [90m[1mfirst_scan_filesystem[22m | Creating autoload scripts...[39m[0m
[  66% ] [90m[1mfirst_scan_filesystem[22m | Initializing plugins...[39m[0m
[  83% ] [90m[1mfirst_scan_filesystem[22m | Starting file scan...[39m[0m
[92m[ DONE ][39m [1mfirst_scan_filesystem[22m
[0m
[   0% ] [90m[1msavepack[22m | Started Packing (102 steps)[39m[0m
[   1% ] [90m[1msavepack[22m | Storing File: res://tests/fixtures/s01/fixture_identity.gdc[39m[0m
[   5% ] [90m[1msavepack[22m | Storing File: res://.godot/exported/133200997/export-d579b2560ab2329e8473fc2419d239b8-rig_prefab.scn[39m[0m
[  10% ] [90m[1msavepack[22m | Storing File: res://.godot/imported/s01_rig.glb-0b16360e8947d85c8965d2e3dcf9ac82.scn[39m[0m
[  10% ] [90m[1msavepack[22m | Storing File: res://art/models/spikes/s01_rig.glb.import[39m[0m
[  14% ] [90m[1msavepack[22m | Storing File: res://.godot/exported/133200997/export-a67ba0cdc41eacdf66643aa676ff7afd-s01_petrol.res[39m[0m
[  19% ] [90m[1msavepack[22m | Storing File: res://.godot/imported/s01_palette.png-f20d68b31785e8334f0bc93337f4413e.s3tc.ctex[39m[0m
[  19% ] [90m[1msavepack[22m | Storing File: res://art/textures/spikes/s01_palette.png.import[39m[0m
[  23% ] [90m[1msavepack[22m | Storing File: res://.godot/exported/133200997/export-d0c91565c52edad9d218aa6b049dd808-roundtrip.scn[39m[0m
[  28% ] [90m[1msavepack[22m | Storing File: res://.godot/exported/133200997/export-8c790b42d2da2232c7e20f4957fac3f7-static_prefab.scn[39m[0m
[  32% ] [90m[1msavepack[22m | Storing File: res://.godot/imported/s01_static.glb-31f0c727d52e943b337e10fa5af37439.scn[39m[0m
[  32% ] [90m[1msavepack[22m | Storing File: res://art/models/spikes/s01_static.glb.import[39m[0m
[  36% ] [90m[1msavepack[22m | Storing File: res://.godot/exported/133200997/export-243fe57902d68555a42aa065f6228724-static_variant.scn[39m[0m
[  40% ] [90m[1msavepack[22m | Storing File: res://.godot/exported/133200997/export-bd4897a6ea8382ca5e9dc666b361498d-s01_coral.res[39m[0m
[  45% ] [90m[1msavepack[22m | Storing File: res://.godot/exported/133200997/export-2af402b95b8fba3e2e3c7b4bd446f3d8-boot.scn[39m[0m
[  50% ] [90m[1msavepack[22m | Storing File: res://tests/fixtures/s03/session.gdc[39m[0m
[  54% ] [90m[1msavepack[22m | Storing File: res://tests/fixtures/s03/proof.gdc[39m[0m
[  59% ] [90m[1msavepack[22m | Storing File: res://tests/fixtures/s03/match.gdc[39m[0m
[  63% ] [90m[1msavepack[22m | Storing File: res://tests/fixtures/s03/replication.gdc[39m[0m
[  67% ] [90m[1msavepack[22m | Storing File: res://tests/fixtures/s03/entity.gdc[39m[0m
[  71% ] [90m[1msavepack[22m | Storing File: res://.godot/exported/133200997/export-a830d4cf0d66b8804be422d46d1c5de3-entity.scn[39m[0m
[  76% ] [90m[1msavepack[22m | Storing File: res://tests/fixtures/s03/fake_transport.gdc[39m[0m
[  80% ] [90m[1msavepack[22m | Storing File: res://.godot/exported/133200997/export-3725d439cd3b820f8fefa8e0f8e6ccac-local_rig.scn[39m[0m
[  85% ] [90m[1msavepack[22m | Storing File: res://tests/fixtures/s03/transport.gdc[39m[0m
[  89% ] [90m[1msavepack[22m | Storing File: res://s08_receipt.gdc[39m[0m
[  94% ] [90m[1msavepack[22m | Storing File: res://s08_inputs.json[39m[0m
[  94% ] [90m[1msavepack[22m | Storing File: res://tests/fixtures/s01/fixture_identity.gd.remap[39m[0m
[  94% ] [90m[1msavepack[22m | Storing File: res://tests/fixtures/s01/rig_prefab.tscn.remap[39m[0m
[  94% ] [90m[1msavepack[22m | Storing File: res://art/materials/s01_petrol.tres.remap[39m[0m
[  94% ] [90m[1msavepack[22m | Storing File: res://tests/fixtures/s01/roundtrip.tscn.remap[39m[0m
[  94% ] [90m[1msavepack[22m | Storing File: res://tests/fixtures/s01/static_prefab.tscn.remap[39m[0m
[  94% ] [90m[1msavepack[22m | Storing File: res://tests/fixtures/s01/static_variant.tscn.remap[39m[0m
[  94% ] [90m[1msavepack[22m | Storing File: res://art/materials/s01_coral.tres.remap[39m[0m
[  94% ] [90m[1msavepack[22m | Storing File: res://tests/fixtures/s03/boot.tscn.remap[39m[0m
[  94% ] [90m[1msavepack[22m | Storing File: res://tests/fixtures/s03/session.gd.remap[39m[0m
[  94% ] [90m[1msavepack[22m | Storing File: res://tests/fixtures/s03/proof.gd.remap[39m[0m
[  94% ] [90m[1msavepack[22m | Storing File: res://tests/fixtures/s03/match.gd.remap[39m[0m
[  94% ] [90m[1msavepack[22m | Storing File: res://tests/fixtures/s03/replication.gd.remap[39m[0m
[  94% ] [90m[1msavepack[22m | Storing File: res://tests/fixtures/s03/entity.gd.remap[39m[0m
[  94% ] [90m[1msavepack[22m | Storing File: res://tests/fixtures/s03/entity.tscn.remap[39m[0m
[  94% ] [90m[1msavepack[22m | Storing File: res://tests/fixtures/s03/fake_transport.gd.remap[39m[0m
[  94% ] [90m[1msavepack[22m | Storing File: res://tests/fixtures/s03/local_rig.tscn.remap[39m[0m
[  94% ] [90m[1msavepack[22m | Storing File: res://tests/fixtures/s03/transport.gd.remap[39m[0m
[  94% ] [90m[1msavepack[22m | Storing File: res://s08_receipt.gd.remap[39m[0m
[  94% ] [90m[1msavepack[22m | Storing File: res://.godot/global_script_class_cache.cfg[39m[0m
[  94% ] [90m[1msavepack[22m | Storing File: res://.godot/uid_cache.bin[39m[0m
[  94% ] [90m[1msavepack[22m | Storing File: res://project.binary[39m[0m
[92m[ DONE ][39m [1msavepack[22m
[0m
