Godot Engine v4.8.dev7.official.c971f93e7 - https://godotengine.org

S03 {"case_deadline_ms":0,"clock_domain":"engine_elapsed_usec_pid_35512","close_outcome":"","event":"session_changed","operation":1,"participant":0,"phase":"STARTING","pid":35512,"role":"client","session_deadline_ms":15203,"ticks_usec":203570}
S03 {"case_deadline_ms":0,"clock_domain":"engine_elapsed_usec_pid_35512","close_outcome":"CANCELED","event":"close_started","operation":1,"outcome":"CANCELED","phase":"CLOSING","pid":35512,"role":"client","session_deadline_ms":15203,"ticks_usec":210016}
S03 {"case_deadline_ms":0,"clock_domain":"engine_elapsed_usec_pid_35512","close_outcome":"CANCELED","event":"session_changed","operation":1,"participant":0,"phase":"CLOSING","pid":35512,"role":"client","session_deadline_ms":15216,"ticks_usec":216919}
S03 {"case_deadline_ms":8220,"clock_domain":"engine_elapsed_usec_pid_35512","close_outcome":"CANCELED","event":"completed","operation":1,"outcome":"CANCELED","phase":"IDLE","pid":35512,"role":"client","session_deadline_ms":15216,"source_operation":1,"ticks_usec":221305}
S03 {"case_deadline_ms":8220,"clock_domain":"engine_elapsed_usec_pid_35512","close_outcome":"CANCELED","event":"session_changed","operation":1,"participant":0,"phase":"IDLE","pid":35512,"role":"client","session_deadline_ms":15216,"ticks_usec":223780}
S03 {"case_deadline_ms":8220,"clock_domain":"engine_elapsed_usec_pid_35512","close_outcome":"CANCELED","event":"session_changed","operation":2,"participant":0,"phase":"STARTING","pid":35512,"role":"client","session_deadline_ms":15226,"ticks_usec":226062}
S03 {"case_deadline_ms":8228,"clock_domain":"engine_elapsed_usec_pid_35512","close_outcome":"CANCELED","event":"completed","operation":2,"outcome":"OK","phase":"ACTIVE","pid":35512,"role":"client","session_deadline_ms":15226,"source_operation":2,"ticks_usec":298436}
S03 {"case_deadline_ms":8228,"clock_domain":"engine_elapsed_usec_pid_35512","close_outcome":"CANCELED","event":"session_changed","operation":2,"participant":1,"phase":"ACTIVE","pid":35512,"role":"client","session_deadline_ms":15226,"ticks_usec":301470}
S03 {"case_deadline_ms":8228,"clock_domain":"engine_elapsed_usec_pid_35512","close_outcome":"LEFT","event":"close_started","operation":3,"outcome":"LEFT","phase":"CLOSING","pid":35512,"role":"client","session_deadline_ms":15226,"ticks_usec":304080}
S03 {"case_deadline_ms":8228,"clock_domain":"engine_elapsed_usec_pid_35512","close_outcome":"LEFT","event":"session_changed","operation":3,"participant":1,"phase":"CLOSING","pid":35512,"role":"client","session_deadline_ms":15306,"ticks_usec":306671}
S03 {"case_deadline_ms":8309,"clock_domain":"engine_elapsed_usec_pid_35512","close_outcome":"LEFT","event":"completed","operation":3,"outcome":"LEFT","phase":"IDLE","pid":35512,"role":"client","session_deadline_ms":15306,"source_operation":3,"ticks_usec":318190}
S03 {"case_deadline_ms":8309,"clock_domain":"engine_elapsed_usec_pid_35512","close_outcome":"LEFT","event":"session_changed","operation":3,"participant":0,"phase":"IDLE","pid":35512,"role":"client","session_deadline_ms":15306,"ticks_usec":320735}
S03 {"case_deadline_ms":8309,"clock_domain":"engine_elapsed_usec_pid_35512","close_outcome":"LEFT","event":"session_changed","operation":4,"participant":0,"phase":"CONNECTING","pid":35512,"role":"client","session_deadline_ms":15332,"ticks_usec":332026}
S03 {"baseline":1,"case_deadline_ms":8338,"clock_domain":"engine_elapsed_usec_pid_35512","close_outcome":"LEFT","event":"baseline_installed","operation":4,"phase":"SYNCHRONIZING","pid":35512,"role":"client","session_deadline_ms":15332,"ticks_usec":470970}
S03 {"case_deadline_ms":8338,"clock_domain":"engine_elapsed_usec_pid_35512","close_outcome":"LEFT","event":"held_send","expected":"NOT_ADMITTED","operation":4,"phase":"SYNCHRONIZING","pid":35512,"role":"client","sequence":1,"session_deadline_ms":15332,"ticks_usec":474245}
S03 {"case_deadline_ms":8476,"clock_domain":"engine_elapsed_usec_pid_35512","close_outcome":"LEFT","event":"held_receipt","operation":4,"phase":"SYNCHRONIZING","pid":35512,"reason":"NOT_ADMITTED","role":"client","sequence":1,"session_deadline_ms":15332,"ticks_usec":511576}
S03 {"case_deadline_ms":8476,"clock_domain":"engine_elapsed_usec_pid_35512","close_outcome":"CANCELED","event":"close_started","operation":4,"outcome":"CANCELED","phase":"CLOSING","pid":35512,"role":"client","session_deadline_ms":15332,"ticks_usec":552879}
S03 {"case_deadline_ms":8476,"clock_domain":"engine_elapsed_usec_pid_35512","close_outcome":"CANCELED","event":"session_changed","operation":4,"participant":2,"phase":"CLOSING","pid":35512,"role":"client","session_deadline_ms":15555,"ticks_usec":556271}
S03 {"case_deadline_ms":8558,"clock_domain":"engine_elapsed_usec_pid_35512","close_outcome":"CANCELED","event":"completed","operation":4,"outcome":"CANCELED","phase":"IDLE","pid":35512,"role":"client","session_deadline_ms":15555,"source_operation":4,"ticks_usec":573561}
S03 {"case_deadline_ms":8558,"clock_domain":"engine_elapsed_usec_pid_35512","close_outcome":"CANCELED","event":"session_changed","operation":4,"participant":0,"phase":"IDLE","pid":35512,"role":"client","session_deadline_ms":15555,"ticks_usec":576638}
S03 {"case_deadline_ms":8558,"clock_domain":"engine_elapsed_usec_pid_35512","close_outcome":"CANCELED","event":"session_changed","operation":5,"participant":0,"phase":"CONNECTING","pid":35512,"role":"client","session_deadline_ms":15683,"ticks_usec":684005}
S03 {"baseline":2,"case_deadline_ms":8687,"clock_domain":"engine_elapsed_usec_pid_35512","close_outcome":"CANCELED","event":"baseline_installed","operation":5,"phase":"SYNCHRONIZING","pid":35512,"role":"client","session_deadline_ms":15683,"ticks_usec":821533}
S03 {"case_deadline_ms":8687,"clock_domain":"engine_elapsed_usec_pid_35512","close_outcome":"CANCELED","event":"completed","operation":5,"outcome":"OK","phase":"ACTIVE","pid":35512,"role":"client","session_deadline_ms":15683,"source_operation":5,"ticks_usec":905074}
S03 {"case_deadline_ms":8687,"clock_domain":"engine_elapsed_usec_pid_35512","close_outcome":"CANCELED","event":"session_changed","operation":5,"participant":3,"phase":"ACTIVE","pid":35512,"role":"client","session_deadline_ms":15683,"ticks_usec":908176}
S03 {"case_deadline_ms":8687,"clock_domain":"engine_elapsed_usec_pid_35512","close_outcome":"CANCELED","event":"held_send","expected":"OK","operation":5,"phase":"ACTIVE","pid":35512,"role":"client","sequence":1,"session_deadline_ms":15683,"ticks_usec":910769}
S03 {"case_deadline_ms":8913,"clock_domain":"engine_elapsed_usec_pid_35512","close_outcome":"CANCELED","event":"held_receipt","operation":5,"phase":"ACTIVE","pid":35512,"reason":"OK","role":"client","sequence":1,"session_deadline_ms":15683,"ticks_usec":946249}
S03 {"case_deadline_ms":8913,"clock_domain":"engine_elapsed_usec_pid_35512","close_outcome":"CANCELED","event":"held_send","expected":"STALE_SEQUENCE","operation":5,"phase":"ACTIVE","pid":35512,"role":"client","sequence":1,"session_deadline_ms":15683,"ticks_usec":980742}
S03 {"case_deadline_ms":8984,"clock_domain":"engine_elapsed_usec_pid_35512","close_outcome":"CANCELED","event":"held_receipt","operation":5,"phase":"ACTIVE","pid":35512,"reason":"STALE_SEQUENCE","role":"client","sequence":1,"session_deadline_ms":15683,"ticks_usec":1015251}
S03 {"case_deadline_ms":8984,"clock_domain":"engine_elapsed_usec_pid_35512","close_outcome":"CANCELED","event":"held_send","expected":"STALE_CONTEXT","operation":5,"phase":"ACTIVE","pid":35512,"role":"client","sequence":2,"session_deadline_ms":15683,"ticks_usec":1056599}
S03 {"case_deadline_ms":9059,"clock_domain":"engine_elapsed_usec_pid_35512","close_outcome":"CANCELED","event":"held_receipt","operation":5,"phase":"ACTIVE","pid":35512,"reason":"STALE_CONTEXT","role":"client","sequence":2,"session_deadline_ms":15683,"ticks_usec":1105995}
S03 {"case_deadline_ms":9059,"clock_domain":"engine_elapsed_usec_pid_35512","close_outcome":"CANCELED","event":"held_send","expected":"INVALID","operation":5,"phase":"ACTIVE","pid":35512,"role":"client","sequence":3,"session_deadline_ms":15683,"ticks_usec":1146257}
S03 {"case_deadline_ms":9148,"clock_domain":"engine_elapsed_usec_pid_35512","close_outcome":"CANCELED","event":"held_receipt","operation":5,"phase":"ACTIVE","pid":35512,"reason":"INVALID","role":"client","sequence":3,"session_deadline_ms":15683,"ticks_usec":1194653}
S03 {"case_deadline_ms":9148,"clock_domain":"engine_elapsed_usec_pid_35512","close_outcome":"CANCELED","event":"held_send","expected":"INVALID","operation":5,"phase":"ACTIVE","pid":35512,"role":"client","sequence":4,"session_deadline_ms":15683,"ticks_usec":1236008}
S03 {"case_deadline_ms":9239,"clock_domain":"engine_elapsed_usec_pid_35512","close_outcome":"CANCELED","event":"held_receipt","operation":5,"phase":"ACTIVE","pid":35512,"reason":"INVALID","role":"client","sequence":4,"session_deadline_ms":15683,"ticks_usec":1284356}
S03 {"case_deadline_ms":9239,"clock_domain":"engine_elapsed_usec_pid_35512","close_outcome":"CANCELED","event":"held_send","expected":"WINDOW","operation":5,"phase":"ACTIVE","pid":35512,"role":"client","sequence":122,"session_deadline_ms":15683,"ticks_usec":1325638}
S03 {"case_deadline_ms":9328,"clock_domain":"engine_elapsed_usec_pid_35512","close_outcome":"CANCELED","event":"held_receipt","operation":5,"phase":"ACTIVE","pid":35512,"reason":"WINDOW","role":"client","sequence":122,"session_deadline_ms":15683,"ticks_usec":1374015}
S03 {"case_deadline_ms":9328,"clock_domain":"engine_elapsed_usec_pid_35512","close_outcome":"CANCELED","event":"held_send","expected":"WINDOW","operation":5,"phase":"ACTIVE","pid":35512,"role":"client","sequence":123,"session_deadline_ms":15683,"ticks_usec":1415389}
S03 {"case_deadline_ms":9418,"clock_domain":"engine_elapsed_usec_pid_35512","close_outcome":"CANCELED","event":"held_receipt","operation":5,"phase":"ACTIVE","pid":35512,"reason":"WINDOW","role":"client","sequence":123,"session_deadline_ms":15683,"ticks_usec":1463754}
S03 {"case_deadline_ms":9418,"clock_domain":"engine_elapsed_usec_pid_35512","close_outcome":"CANCELED","event":"held_send","expected":"WINDOW","operation":5,"phase":"ACTIVE","pid":35512,"role":"client","sequence":124,"session_deadline_ms":15683,"ticks_usec":1534710}
S03 {"case_deadline_ms":9549,"clock_domain":"engine_elapsed_usec_pid_35512","close_outcome":"CANCELED","event":"held_receipt","operation":5,"phase":"ACTIVE","pid":35512,"reason":"WINDOW","role":"client","sequence":124,"session_deadline_ms":15683,"ticks_usec":1598024}
S03 {"baseline":3,"case_deadline_ms":9639,"clock_domain":"engine_elapsed_usec_pid_35512","close_outcome":"CANCELED","event":"baseline_installed","operation":5,"phase":"SYNCHRONIZING","pid":35512,"role":"client","session_deadline_ms":16639,"ticks_usec":1691398}
S03 {"case_deadline_ms":9639,"clock_domain":"engine_elapsed_usec_pid_35512","close_outcome":"CANCELED","event":"held_send","expected":"NOT_ADMITTED","operation":5,"phase":"SYNCHRONIZING","pid":35512,"role":"client","sequence":1,"session_deadline_ms":16639,"ticks_usec":1694569}
S03 {"case_deadline_ms":9697,"clock_domain":"engine_elapsed_usec_pid_35512","close_outcome":"CANCELED","event":"held_receipt","operation":5,"phase":"SYNCHRONIZING","pid":35512,"reason":"NOT_ADMITTED","role":"client","sequence":1,"session_deadline_ms":16639,"ticks_usec":1725608}
S03 {"case_deadline_ms":9767,"clock_domain":"engine_elapsed_usec_pid_35512","close_outcome":"CANCELED","event":"session_changed","operation":5,"participant":3,"phase":"ACTIVE","pid":35512,"role":"client","session_deadline_ms":16639,"ticks_usec":1842983}
S03 {"case_deadline_ms":9767,"clock_domain":"engine_elapsed_usec_pid_35512","close_outcome":"CANCELED","event":"held_send","expected":"STALE_CONTEXT","operation":5,"phase":"ACTIVE","pid":35512,"role":"client","sequence":1,"session_deadline_ms":16639,"ticks_usec":1849746}
S03 {"case_deadline_ms":9852,"clock_domain":"engine_elapsed_usec_pid_35512","close_outcome":"CANCELED","event":"held_receipt","operation":5,"phase":"ACTIVE","pid":35512,"reason":"STALE_CONTEXT","role":"client","sequence":1,"session_deadline_ms":16639,"ticks_usec":1891386}
S03 {"case_deadline_ms":9852,"clock_domain":"engine_elapsed_usec_pid_35512","close_outcome":"CANCELED","event":"held_send","expected":"OK","operation":5,"phase":"ACTIVE","pid":35512,"role":"client","sequence":1,"session_deadline_ms":16639,"ticks_usec":1925651}
S03 {"case_deadline_ms":9928,"clock_domain":"engine_elapsed_usec_pid_35512","close_outcome":"CANCELED","event":"held_receipt","operation":5,"phase":"ACTIVE","pid":35512,"reason":"OK","role":"client","sequence":1,"session_deadline_ms":16639,"ticks_usec":1980984}
S03 {"case_deadline_ms":10665,"clock_domain":"engine_elapsed_usec_pid_35512","close_outcome":"HOST_LOST","event":"close_started","operation":5,"outcome":"HOST_LOST","phase":"CLOSING","pid":35512,"role":"client","session_deadline_ms":16639,"ticks_usec":2788684}
S03 {"case_deadline_ms":10665,"clock_domain":"engine_elapsed_usec_pid_35512","close_outcome":"HOST_LOST","event":"session_changed","operation":5,"participant":3,"phase":"CLOSING","pid":35512,"role":"client","session_deadline_ms":17791,"ticks_usec":2791459}
S03 {"case_deadline_ms":10665,"clock_domain":"engine_elapsed_usec_pid_35512","close_outcome":"HOST_LOST","event":"session_changed","operation":5,"participant":0,"phase":"IDLE","pid":35512,"role":"client","session_deadline_ms":17791,"ticks_usec":2801969}
S03 {"baseline_bytes":0,"case_deadline_ms":10665,"cases":["provider_substitution_late_cleanup","baseline_cancel_retry","held_window_resync","subset_reorder_loss_recovery"],"clock_domain":"engine_elapsed_usec_pid_35512","close_outcome":"HOST_LOST","event":"result","max_held_bytes":0,"max_movement_bytes":0,"movement_received":5,"ok":true,"operation":5,"phase":"IDLE","pid":35512,"role":"client","session_deadline_ms":17791,"steam_available":false,"ticks_usec":2804960,"user_dir":"C:/tmp/ft/s03-fix-2/client/user/appdata/Godot/app_userdata/S03 contract proof"}
