Godot Engine v4.8.dev7.official.c971f93e7 - https://godotengine.org

S03 {"case_deadline_ms":0,"clock_domain":"engine_elapsed_usec_pid_63392","close_outcome":"","event":"session_changed","operation":1,"participant":0,"phase":"STARTING","pid":63392,"role":"client","session_deadline_ms":15214,"ticks_usec":214727}
S03 {"case_deadline_ms":0,"clock_domain":"engine_elapsed_usec_pid_63392","close_outcome":"CANCELED","event":"close_started","operation":1,"outcome":"CANCELED","phase":"CLOSING","pid":63392,"role":"client","session_deadline_ms":15214,"ticks_usec":219657}
S03 {"case_deadline_ms":0,"clock_domain":"engine_elapsed_usec_pid_63392","close_outcome":"CANCELED","event":"session_changed","operation":1,"participant":0,"phase":"CLOSING","pid":63392,"role":"client","session_deadline_ms":15224,"ticks_usec":224692}
S03 {"case_deadline_ms":8227,"clock_domain":"engine_elapsed_usec_pid_63392","close_outcome":"CANCELED","event":"completed","operation":1,"outcome":"CANCELED","phase":"IDLE","pid":63392,"role":"client","session_deadline_ms":15224,"source_operation":1,"ticks_usec":228696}
S03 {"case_deadline_ms":8227,"clock_domain":"engine_elapsed_usec_pid_63392","close_outcome":"CANCELED","event":"session_changed","operation":1,"participant":0,"phase":"IDLE","pid":63392,"role":"client","session_deadline_ms":15224,"ticks_usec":231108}
S03 {"case_deadline_ms":8227,"clock_domain":"engine_elapsed_usec_pid_63392","close_outcome":"CANCELED","event":"session_changed","operation":2,"participant":0,"phase":"STARTING","pid":63392,"role":"client","session_deadline_ms":15233,"ticks_usec":233402}
S03 {"case_deadline_ms":8235,"clock_domain":"engine_elapsed_usec_pid_63392","close_outcome":"CANCELED","event":"completed","operation":2,"outcome":"OK","phase":"ACTIVE","pid":63392,"role":"client","session_deadline_ms":15233,"source_operation":2,"ticks_usec":295810}
S03 {"case_deadline_ms":8235,"clock_domain":"engine_elapsed_usec_pid_63392","close_outcome":"CANCELED","event":"session_changed","operation":2,"participant":1,"phase":"ACTIVE","pid":63392,"role":"client","session_deadline_ms":15233,"ticks_usec":298723}
S03 {"case_deadline_ms":8235,"clock_domain":"engine_elapsed_usec_pid_63392","close_outcome":"LEFT","event":"close_started","operation":3,"outcome":"LEFT","phase":"CLOSING","pid":63392,"role":"client","session_deadline_ms":15233,"ticks_usec":301256}
S03 {"case_deadline_ms":8235,"clock_domain":"engine_elapsed_usec_pid_63392","close_outcome":"LEFT","event":"session_changed","operation":3,"participant":1,"phase":"CLOSING","pid":63392,"role":"client","session_deadline_ms":15303,"ticks_usec":303780}
S03 {"case_deadline_ms":8306,"clock_domain":"engine_elapsed_usec_pid_63392","close_outcome":"LEFT","event":"completed","operation":3,"outcome":"LEFT","phase":"IDLE","pid":63392,"role":"client","session_deadline_ms":15303,"source_operation":3,"ticks_usec":313406}
S03 {"case_deadline_ms":8306,"clock_domain":"engine_elapsed_usec_pid_63392","close_outcome":"LEFT","event":"session_changed","operation":3,"participant":0,"phase":"IDLE","pid":63392,"role":"client","session_deadline_ms":15303,"ticks_usec":315954}
S03 {"case_deadline_ms":8306,"clock_domain":"engine_elapsed_usec_pid_63392","close_outcome":"LEFT","event":"session_changed","operation":4,"participant":0,"phase":"CONNECTING","pid":63392,"role":"client","session_deadline_ms":15320,"ticks_usec":320316}
S03 {"baseline":1,"case_deadline_ms":8327,"clock_domain":"engine_elapsed_usec_pid_63392","close_outcome":"LEFT","event":"baseline_installed","operation":4,"phase":"SYNCHRONIZING","pid":63392,"role":"client","session_deadline_ms":15320,"ticks_usec":471778}
S03 {"case_deadline_ms":8327,"clock_domain":"engine_elapsed_usec_pid_63392","close_outcome":"LEFT","event":"held_send","expected":"NOT_ADMITTED","operation":4,"phase":"SYNCHRONIZING","pid":63392,"role":"client","sequence":1,"session_deadline_ms":15320,"ticks_usec":476740}
S03 {"case_deadline_ms":8479,"clock_domain":"engine_elapsed_usec_pid_63392","close_outcome":"LEFT","event":"held_receipt","operation":4,"phase":"SYNCHRONIZING","pid":63392,"reason":"NOT_ADMITTED","role":"client","sequence":1,"session_deadline_ms":15320,"ticks_usec":507378}
S03 {"case_deadline_ms":8479,"clock_domain":"engine_elapsed_usec_pid_63392","close_outcome":"CANCELED","event":"close_started","operation":4,"outcome":"CANCELED","phase":"CLOSING","pid":63392,"role":"client","session_deadline_ms":15320,"ticks_usec":549057}
S03 {"case_deadline_ms":8479,"clock_domain":"engine_elapsed_usec_pid_63392","close_outcome":"CANCELED","event":"session_changed","operation":4,"participant":2,"phase":"CLOSING","pid":63392,"role":"client","session_deadline_ms":15554,"ticks_usec":554942}
S03 {"case_deadline_ms":8557,"clock_domain":"engine_elapsed_usec_pid_63392","close_outcome":"CANCELED","event":"completed","operation":4,"outcome":"CANCELED","phase":"IDLE","pid":63392,"role":"client","session_deadline_ms":15554,"source_operation":4,"ticks_usec":570568}
S03 {"case_deadline_ms":8557,"clock_domain":"engine_elapsed_usec_pid_63392","close_outcome":"CANCELED","event":"session_changed","operation":4,"participant":0,"phase":"IDLE","pid":63392,"role":"client","session_deadline_ms":15554,"ticks_usec":575749}
S03 {"case_deadline_ms":8557,"clock_domain":"engine_elapsed_usec_pid_63392","close_outcome":"CANCELED","event":"session_changed","operation":5,"participant":0,"phase":"CONNECTING","pid":63392,"role":"client","session_deadline_ms":15686,"ticks_usec":686775}
S03 {"baseline":2,"case_deadline_ms":8690,"clock_domain":"engine_elapsed_usec_pid_63392","close_outcome":"CANCELED","event":"baseline_installed","operation":5,"phase":"SYNCHRONIZING","pid":63392,"role":"client","session_deadline_ms":15686,"ticks_usec":843102}
S03 {"case_deadline_ms":8690,"clock_domain":"engine_elapsed_usec_pid_63392","close_outcome":"CANCELED","event":"completed","operation":5,"outcome":"OK","phase":"ACTIVE","pid":63392,"role":"client","session_deadline_ms":15686,"source_operation":5,"ticks_usec":921440}
S03 {"case_deadline_ms":8690,"clock_domain":"engine_elapsed_usec_pid_63392","close_outcome":"CANCELED","event":"session_changed","operation":5,"participant":3,"phase":"ACTIVE","pid":63392,"role":"client","session_deadline_ms":15686,"ticks_usec":924373}
S03 {"case_deadline_ms":8690,"clock_domain":"engine_elapsed_usec_pid_63392","close_outcome":"CANCELED","event":"held_send","expected":"OK","operation":5,"phase":"ACTIVE","pid":63392,"role":"client","sequence":1,"session_deadline_ms":15686,"ticks_usec":927464}
S03 {"case_deadline_ms":8930,"clock_domain":"engine_elapsed_usec_pid_63392","close_outcome":"CANCELED","event":"held_receipt","operation":5,"phase":"ACTIVE","pid":63392,"reason":"OK","role":"client","sequence":1,"session_deadline_ms":15686,"ticks_usec":969898}
S03 {"case_deadline_ms":8930,"clock_domain":"engine_elapsed_usec_pid_63392","close_outcome":"CANCELED","event":"held_send","expected":"STALE_SEQUENCE","operation":5,"phase":"ACTIVE","pid":63392,"role":"client","sequence":1,"session_deadline_ms":15686,"ticks_usec":1010992}
