[
  {
    "file": "art/models/environment/city_shop_fittings_01/city_shop_fittings_01.glb",
    "godot_axis_aabb": [
      [
        -1.600000023841858,
        -0.41999998688697815,
        -1.100000023841858
      ],
      [
        1.600000023841858,
        0.23999999463558197,
        0.0
      ]
    ],
    "triangles": 1244,
    "mesh_count": 4,
    "materials": [
      {
        "name": "canopy_slate_petrol",
        "pbrMetallicRoughness": {
          "baseColorFactor": [
            0.05126945674419403,
            0.10461648553609848,
            0.1384316086769104,
            1
          ],
          "metallicFactor": 0.25,
          "roughnessFactor": 0.46000000834465027
        }
      },
      {
        "name": "canopy_dark_mounts",
        "pbrMetallicRoughness": {
          "baseColorFactor": [
            0.022173885256052017,
            0.04373503103852272,
            0.05612849071621895,
            1
          ],
          "metallicFactor": 0.3499999940395355,
          "roughnessFactor": 0.550000011920929
        }
      },
      {
        "name": "canopy_warm_ivory_rim",
        "pbrMetallicRoughness": {
          "baseColorFactor": [
            0.577580451965332,
            0.5394794940948486,
            0.41788506507873535,
            1
          ],
          "metallicFactor": 0.2199999988079071,
          "roughnessFactor": 0.47999998927116394
        }
      }
    ],
    "checks": "PASS: exact dimensions, unit transforms, finite unit normals, nondegenerate triangles, studio exclusion, no lights/animations/textures"
  }
]
