00:00.291  blend            | Read blend: "/home/regner/.paseo/worktrees/0u71f39f/asset-register-production/art/source/models/environment/city_shop_fittings_07/city_shop_fittings_07.blend"
BlenderMCP addon registered
INFO Draco is available, use library at /usr/lib/blender/5.2/scripts/addons_core/io_scene_gltf2/libbf_intern_draco_bridge.so
ERROR MeshOptimizer is not available because library could not be found at /usr/lib/blender/5.2/scripts/addons_core/io_scene_gltf2/libbf_intern_meshopt_bridge.so
18:20:49 | INFO: Starting glTF 2.0 export
18:20:49 | INFO: Extracting primitive: centre_glazing_seal
18:20:49 | INFO: Primitives created: 1
18:20:49 | INFO: Extracting primitive: centre_opaque_pane
18:20:49 | INFO: Primitives created: 1
18:20:49 | INFO: Extracting primitive: continuous_window_frame
18:20:49 | INFO: Primitives created: 1
18:20:49 | INFO: Extracting primitive: folded_drip_shoe
18:20:49 | INFO: Primitives created: 1
18:20:49 | INFO: Extracting primitive: inner_ivory_bead
18:20:49 | INFO: Primitives created: 1
18:20:49 | INFO: Extracting primitive: left_glazing_seal
18:20:49 | INFO: Primitives created: 1
18:20:49 | INFO: Extracting primitive: left_meeting_stile
18:20:49 | INFO: Primitives created: 1
18:20:49 | INFO: Extracting primitive: left_opaque_pane
18:20:49 | INFO: Primitives created: 1
18:20:49 | INFO: Extracting primitive: right_glazing_seal
18:20:49 | INFO: Primitives created: 1
18:20:49 | INFO: Extracting primitive: right_meeting_stile
18:20:49 | INFO: Primitives created: 1
18:20:49 | INFO: Extracting primitive: right_opaque_pane
18:20:49 | INFO: Primitives created: 1
18:20:49 | INFO: Finished glTF 2.0 export in 0.022966861724853516 s

SOURCE_EXPORT_CHECKS_PASS {"blender": "5.2.2 LTS", "build": "d13f752e3b9c", "exporter": [5, 2, 40], "objects": [{"name": "continuous_window_frame", "vertices": 160, "triangles": 320, "nonmanifold_or_inconsistent_edges": 0, "component_signed_volumes_m3": [0.20136671943629275], "material_slots": ["upper_slate_petrol"]}, {"name": "inner_ivory_bead", "vertices": 80, "triangles": 160, "nonmanifold_or_inconsistent_edges": 0, "component_signed_volumes_m3": [0.005444294007256803], "material_slots": ["upper_warm_ivory"]}, {"name": "left_glazing_seal", "vertices": 100, "triangles": 200, "nonmanifold_or_inconsistent_edges": 0, "component_signed_volumes_m3": [0.019638862433684526], "material_slots": ["upper_dark_gasket"]}, {"name": "left_opaque_pane", "vertices": 40, "triangles": 76, "nonmanifold_or_inconsistent_edges": 0, "component_signed_volumes_m3": [0.13733679697155343], "material_slots": ["upper_opaque_tint"]}, {"name": "centre_glazing_seal", "vertices": 100, "triangles": 200, "nonmanifold_or_inconsistent_edges": 0, "component_signed_volumes_m3": [0.029364410520625935], "material_slots": ["upper_dark_gasket"]}, {"name": "centre_opaque_pane", "vertices": 40, "triangles": 76, "nonmanifold_or_inconsistent_edges": 0, "component_signed_volumes_m3": [0.2888251779455578], "material_slots": ["upper_opaque_tint"]}, {"name": "right_glazing_seal", "vertices": 100, "triangles": 200, "nonmanifold_or_inconsistent_edges": 0, "component_signed_volumes_m3": [0.01963886249755349], "material_slots": ["upper_dark_gasket"]}, {"name": "right_opaque_pane", "vertices": 40, "triangles": 76, "nonmanifold_or_inconsistent_edges": 0, "component_signed_volumes_m3": [0.1373367885967942], "material_slots": ["upper_opaque_tint"]}, {"name": "left_meeting_stile", "vertices": 60, "triangles": 116, "nonmanifold_or_inconsistent_edges": 0, "component_signed_volumes_m3": [0.023744869192316945], "material_slots": ["upper_slate_petrol"]}, {"name": "right_meeting_stile", "vertices": 60, "triangles": 116, "nonmanifold_or_inconsistent_edges": 0, "component_signed_volumes_m3": [0.023744870986711276], "material_slots": ["upper_slate_petrol"]}, {"name": "folded_drip_shoe", "vertices": 112, "triangles": 220, "nonmanifold_or_inconsistent_edges": 0, "component_signed_volumes_m3": [0.03517825618221454], "material_slots": ["upper_satin_sill"]}], "blender_bounds": [[-2.4000000953674316, -0.1599999964237213, 0.0], [2.4000000953674316, 0.15000000596046448, 1.600000023841858]], "triangles": 1760, "authoring_reference_dimensions_m": [1.0, 1.0, 1.0], "export_settings": {"export_format": "GLB", "use_selection": true, "export_yup": true, "export_apply": true, "export_texcoords": false, "export_normals": true, "export_tangents": false, "export_materials": "EXPORT", "export_cameras": false, "export_lights": false, "export_extras": false, "export_animations": false}, "sha256": "726af54525323b3f13253052b6fe61d80bafd1601a2ea8845f7238b53b88551b", "bytes": 35940}
BlenderMCP addon unregistered
Blender 5.2.2 LTS (hash d13f752e3b9c built 2026-09-22 17:10:25)

Blender quit
