00:00.302  blend            | Read blend: "/home/regner/.paseo/worktrees/0u71f39f/asset-register-production/art/source/models/environment/city_shop_fittings_07/city_shop_fittings_07.blend"
BlenderMCP addon registered
{
  "checks": "PASS",
  "objects": [
    {
      "name": "continuous_window_frame",
      "bounds": [
        [
          -2.4000000953674316,
          -0.1599999964237213,
          0.0
        ],
        [
          2.4000000953674316,
          0.07400000095367432,
          1.600000023841858
        ]
      ],
      "rear_vertex_count": 40
    },
    {
      "name": "inner_ivory_bead",
      "bounds": [
        [
          -2.296999931335449,
          0.0560000017285347,
          0.10300000011920929
        ],
        [
          2.296999931335449,
          0.08100000023841858,
          1.496999979019165
        ]
      ],
      "rear_vertex_count": 0
    },
    {
      "name": "left_glazing_seal",
      "bounds": [
        [
          -2.2799999713897705,
          -0.06499999761581421,
          0.125
        ],
        [
          -1.1699999570846558,
          0.04800000041723251,
          1.475000023841858
        ]
      ],
      "rear_vertex_count": 40
    },
    {
      "name": "left_opaque_pane",
      "bounds": [
        [
          -2.259999990463257,
          -0.07400000095367432,
          0.14499999582767487
        ],
        [
          -1.190000057220459,
          0.024000000208616257,
          1.4550000429153442
        ]
      ],
      "rear_vertex_count": 20
    },
    {
      "name": "centre_glazing_seal",
      "bounds": [
        [
          -1.1449999809265137,
          -0.06499999761581421,
          0.125
        ],
        [
          1.1449999809265137,
          0.04800000041723251,
          1.475000023841858
        ]
      ],
      "rear_vertex_count": 40
    },
    {
      "name": "centre_opaque_pane",
      "bounds": [
        [
          -1.125,
          -0.07400000095367432,
          0.14499999582767487
        ],
        [
          1.125,
          0.024000000208616257,
          1.4550000429153442
        ]
      ],
      "rear_vertex_count": 20
    },
    {
      "name": "right_glazing_seal",
      "bounds": [
        [
          1.1699999570846558,
          -0.06499999761581421,
          0.125
        ],
        [
          2.2799999713897705,
          0.04800000041723251,
          1.475000023841858
        ]
      ],
      "rear_vertex_count": 40
    },
    {
      "name": "right_opaque_pane",
      "bounds": [
        [
          1.190000057220459,
          -0.07400000095367432,
          0.14499999582767487
        ],
        [
          2.259999990463257,
          0.024000000208616257,
          1.4550000429153442
        ]
      ],
      "rear_vertex_count": 20
    },
    {
      "name": "left_meeting_stile",
      "bounds": [
        [
          -1.1929999589920044,
          -0.12999999523162842,
          0.11500000208616257
        ],
        [
          -1.1069999933242798,
          0.07400000095367432,
          1.4850000143051147
        ]
      ],
      "rear_vertex_count": 20
    },
    {
      "name": "right_meeting_stile",
      "bounds": [
        [
          1.1069999933242798,
          -0.12999999523162842,
          0.11500000208616257
        ],
        [
          1.1929999589920044,
          0.07400000095367432,
          1.4850000143051147
        ]
      ],
      "rear_vertex_count": 20
    },
    {
      "name": "folded_drip_shoe",
      "bounds": [
        [
          -2.4000000953674316,
          0.009999999776482582,
          0.0
        ],
        [
          2.4000000953674316,
          0.15000000596046448,
          0.06300000101327896
        ]
      ],
      "rear_vertex_count": 0
    }
  ],
  "opening_xz_m": [
    [
      -2.34,
      0.06
    ],
    [
      2.34,
      1.54
    ]
  ],
  "insertion_clearance_left_right_bottom_top_m": [
    0.020000066757202006,
    0.020000066757202006,
    0.01999999821186066,
    0.020000019073486364
  ],
  "rear_void_limit_y_m": -0.18,
  "minimum_rear_clearance_m": 0.02000000357627868,
  "source_external_dependencies": [],
  "excluded_objects": [
    "authoring_1m_reference"
  ]
}
BlenderMCP addon unregistered
Blender 5.2.2 LTS (hash d13f752e3b9c built 2026-09-22 17:10:25)

Blender quit
