Godot Engine v4.8.dev7.official.c971f93e7 - https://godotengine.org

SCENE res://tests/fixtures/s01/static_prefab.tscn
{"body_material":"<none>","node":".","scene_file_path":"res://tests/fixtures/s01/static_prefab.tscn","transform":"[X: (1.0, 0.0, 0.0), Y: (0.0, 1.0, 0.0), Z: (0.0, 0.0, 1.0), O: (0.0, 0.0, 0.0)]","type":"Node3D","world_id":""}
{"node":"Visuals","transform":"[X: (1.0, 0.0, 0.0), Y: (0.0, 1.0, 0.0), Z: (0.0, 0.0, 1.0), O: (0.0, 0.0, 0.0)]","type":"Node3D"}
{"node":"Visuals/Model","scene_file_path":"res://art/models/spikes/s01_static.glb","transform":"[X: (1.0, 0.0, 0.0), Y: (0.0, 1.0, 0.0), Z: (0.0, 0.0, 1.0), O: (0.0, 0.0, 0.0)]","type":"Node3D"}
{"active_material":"res://art/materials/s01_petrol.tres","material_override":"<none>","mesh_local_aabb":"[P: (-1.0, -0.5, -0.5), S: (2.0, 1.0, 1.0)]","mesh_resource":"res://art/models/spikes/s01_static.glb::ArrayMesh_w5suh","node":"Visuals/Model/Body","scene_aabb":"[P: (-1.0, 0.0, -0.5), S: (2.0, 1.0, 1.0)]","surface_material":"res://art/materials/s01_petrol.tres","surface_name":"body_paint","transform":"[X: (1.0, 0.0, 0.0), Y: (0.0, 1.0, 0.0), Z: (0.0, 0.0, 1.0), O: (0.0, 0.5, 0.0)]","type":"MeshInstance3D"}
{"active_material":"res://art/models/spikes/s01_static.glb::StandardMaterial3D_oauy0","material_override":"<none>","mesh_local_aabb":"[P: (-0.35, -0.125, -0.125), S: (0.7, 0.25, 0.25)]","mesh_resource":"res://art/models/spikes/s01_static.glb::ArrayMesh_5cxrq","node":"Visuals/Model/Front","scene_aabb":"[P: (-0.35, 0.625, -0.75), S: (0.7, 0.25, 0.25)]","surface_material":"res://art/models/spikes/s01_static.glb::StandardMaterial3D_oauy0","surface_name":"front_accent","transform":"[X: (1.0, 0.0, 0.0), Y: (0.0, 1.0, 0.0), Z: (0.0, 0.0, 1.0), O: (0.0, 0.75, -0.625)]","type":"MeshInstance3D"}
{"active_material":"res://art/models/spikes/s01_static.glb::StandardMaterial3D_ykova","material_override":"<none>","mesh_local_aabb":"[P: (-0.05, -0.5, -0.05), S: (0.1, 1.0, 0.1)]","mesh_resource":"res://art/models/spikes/s01_static.glb::ArrayMesh_ybuge","node":"Visuals/Model/Meter","scene_aabb":"[P: (1.25, 0.0, -0.05), S: (0.1, 1.0, 0.1)]","surface_material":"res://art/models/spikes/s01_static.glb::StandardMaterial3D_ykova","surface_name":"meter_reference","transform":"[X: (1.0, 0.0, 0.0), Y: (0.0, 1.0, 0.0), Z: (0.0, 0.0, 1.0), O: (1.3, 0.5, 0.0)]","type":"MeshInstance3D"}
{"node":"Visuals/Model/right_axis","transform":"[X: (1.0, 0.0, 0.0), Y: (0.0, 1.0, 0.0), Z: (0.0, 0.0, 1.0), O: (1.0, 0.0, 0.0)]","type":"Node3D"}
{"node":"Visuals/Model/socket_muzzle","transform":"[X: (1.0, 0.0, 0.0), Y: (0.0, 1.0, 0.0), Z: (0.0, 0.0, 1.0), O: (0.0, 0.75, -0.75)]","type":"Node3D"}
{"node":"Visuals/Model/up_axis","transform":"[X: (1.0, 0.0, 0.0), Y: (0.0, 1.0, 0.0), Z: (0.0, 0.0, 1.0), O: (0.0, 1.0, 0.0)]","type":"Node3D"}
{"node":"Collision","transform":"[X: (1.0, 0.0, 0.0), Y: (0.0, 1.0, 0.0), Z: (0.0, 0.0, 1.0), O: (0.0, 0.0, 0.0)]","type":"Node3D"}
{"collision_layer":1,"collision_mask":1,"node":"Collision/Body","transform":"[X: (1.0, 0.0, 0.0), Y: (0.0, 1.0, 0.0), Z: (0.0, 0.0, 1.0), O: (0.0, 0.0, 0.0)]","type":"StaticBody3D"}
{"direct_parent":"StaticBody3D","disabled":false,"node":"Collision/Body/Shape","scene_aabb":"[P: (-2.0, 1.0, -0.5), S: (4.0, 1.0, 1.0)]","shape_size":"(4.0, 1.0, 1.0)","transform":"[X: (1.0, 0.0, 0.0), Y: (0.0, 1.0, 0.0), Z: (0.0, 0.0, 1.0), O: (0.0, 1.5, 0.0)]","type":"CollisionShape3D"}
SCENE res://tests/fixtures/s01/static_variant.tscn
{"body_material":"res://art/materials/s01_coral.tres","node":".","scene_file_path":"res://tests/fixtures/s01/static_variant.tscn","transform":"[X: (1.0, 0.0, 0.0), Y: (0.0, 1.0, 0.0), Z: (0.0, 0.0, 1.0), O: (0.0, 0.0, 0.0)]","type":"Node3D","world_id":""}
{"node":"Visuals","transform":"[X: (1.0, 0.0, 0.0), Y: (0.0, 1.0, 0.0), Z: (0.0, 0.0, 1.0), O: (0.0, 0.0, 0.0)]","type":"Node3D"}
{"node":"Visuals/Model","scene_file_path":"res://art/models/spikes/s01_static.glb","transform":"[X: (1.0, 0.0, 0.0), Y: (0.0, 1.0, 0.0), Z: (0.0, 0.0, 1.0), O: (0.0, 0.0, 0.0)]","type":"Node3D"}
{"active_material":"res://art/materials/s01_coral.tres","material_override":"res://art/materials/s01_coral.tres","mesh_local_aabb":"[P: (-1.0, -0.5, -0.5), S: (2.0, 1.0, 1.0)]","mesh_resource":"res://art/models/spikes/s01_static.glb::ArrayMesh_w5suh","node":"Visuals/Model/Body","scene_aabb":"[P: (-1.0, 0.0, -0.5), S: (2.0, 1.0, 1.0)]","surface_material":"res://art/materials/s01_petrol.tres","surface_name":"body_paint","transform":"[X: (1.0, 0.0, 0.0), Y: (0.0, 1.0, 0.0), Z: (0.0, 0.0, 1.0), O: (0.0, 0.5, 0.0)]","type":"MeshInstance3D"}
{"active_material":"res://art/models/spikes/s01_static.glb::StandardMaterial3D_oauy0","material_override":"<none>","mesh_local_aabb":"[P: (-0.35, -0.125, -0.125), S: (0.7, 0.25, 0.25)]","mesh_resource":"res://art/models/spikes/s01_static.glb::ArrayMesh_5cxrq","node":"Visuals/Model/Front","scene_aabb":"[P: (-0.35, 0.625, -0.75), S: (0.7, 0.25, 0.25)]","surface_material":"res://art/models/spikes/s01_static.glb::StandardMaterial3D_oauy0","surface_name":"front_accent","transform":"[X: (1.0, 0.0, 0.0), Y: (0.0, 1.0, 0.0), Z: (0.0, 0.0, 1.0), O: (0.0, 0.75, -0.625)]","type":"MeshInstance3D"}
{"active_material":"res://art/models/spikes/s01_static.glb::StandardMaterial3D_ykova","material_override":"<none>","mesh_local_aabb":"[P: (-0.05, -0.5, -0.05), S: (0.1, 1.0, 0.1)]","mesh_resource":"res://art/models/spikes/s01_static.glb::ArrayMesh_ybuge","node":"Visuals/Model/Meter","scene_aabb":"[P: (1.25, 0.0, -0.05), S: (0.1, 1.0, 0.1)]","surface_material":"res://art/models/spikes/s01_static.glb::StandardMaterial3D_ykova","surface_name":"meter_reference","transform":"[X: (1.0, 0.0, 0.0), Y: (0.0, 1.0, 0.0), Z: (0.0, 0.0, 1.0), O: (1.3, 0.5, 0.0)]","type":"MeshInstance3D"}
{"node":"Visuals/Model/right_axis","transform":"[X: (1.0, 0.0, 0.0), Y: (0.0, 1.0, 0.0), Z: (0.0, 0.0, 1.0), O: (1.0, 0.0, 0.0)]","type":"Node3D"}
{"node":"Visuals/Model/socket_muzzle","transform":"[X: (1.0, 0.0, 0.0), Y: (0.0, 1.0, 0.0), Z: (0.0, 0.0, 1.0), O: (0.0, 0.75, -0.75)]","type":"Node3D"}
{"node":"Visuals/Model/up_axis","transform":"[X: (1.0, 0.0, 0.0), Y: (0.0, 1.0, 0.0), Z: (0.0, 0.0, 1.0), O: (0.0, 1.0, 0.0)]","type":"Node3D"}
{"node":"Collision","transform":"[X: (1.0, 0.0, 0.0), Y: (0.0, 1.0, 0.0), Z: (0.0, 0.0, 1.0), O: (0.0, 0.0, 0.0)]","type":"Node3D"}
{"collision_layer":1,"collision_mask":1,"node":"Collision/Body","transform":"[X: (1.0, 0.0, 0.0), Y: (0.0, 1.0, 0.0), Z: (0.0, 0.0, 1.0), O: (0.0, 0.0, 0.0)]","type":"StaticBody3D"}
{"direct_parent":"StaticBody3D","disabled":false,"node":"Collision/Body/Shape","scene_aabb":"[P: (-2.0, 1.0, -0.5), S: (4.0, 1.0, 1.0)]","shape_size":"(4.0, 1.0, 1.0)","transform":"[X: (1.0, 0.0, 0.0), Y: (0.0, 1.0, 0.0), Z: (0.0, 0.0, 1.0), O: (0.0, 1.5, 0.0)]","type":"CollisionShape3D"}
SCENE res://tests/fixtures/s01/roundtrip.tscn
{"node":".","scene_file_path":"res://tests/fixtures/s01/roundtrip.tscn","transform":"[X: (1.0, 0.0, 0.0), Y: (0.0, 1.0, 0.0), Z: (0.0, 0.0, 1.0), O: (0.0, 0.0, 0.0)]","type":"Node3D"}
{"body_material":"<none>","node":"StaticA","scene_file_path":"res://tests/fixtures/s01/static_prefab.tscn","transform":"[X: (1.0, 0.0, 0.0), Y: (0.0, 1.0, 0.0), Z: (0.0, 0.0, 1.0), O: (-3.0, 0.0, 0.0)]","type":"Node3D","world_id":"s01/roundtrip/statica"}
{"node":"StaticA/Visuals","transform":"[X: (1.0, 0.0, 0.0), Y: (0.0, 1.0, 0.0), Z: (0.0, 0.0, 1.0), O: (0.0, 0.0, 0.0)]","type":"Node3D"}
{"node":"StaticA/Visuals/Model","scene_file_path":"res://art/models/spikes/s01_static.glb","transform":"[X: (1.0, 0.0, 0.0), Y: (0.0, 1.0, 0.0), Z: (0.0, 0.0, 1.0), O: (0.0, 0.0, 0.0)]","type":"Node3D"}
{"active_material":"res://art/materials/s01_petrol.tres","material_override":"<none>","mesh_local_aabb":"[P: (-1.0, -0.5, -0.5), S: (2.0, 1.0, 1.0)]","mesh_resource":"res://art/models/spikes/s01_static.glb::ArrayMesh_w5suh","node":"StaticA/Visuals/Model/Body","scene_aabb":"[P: (-4.0, 0.0, -0.5), S: (2.0, 1.0, 1.0)]","surface_material":"res://art/materials/s01_petrol.tres","surface_name":"body_paint","transform":"[X: (1.0, 0.0, 0.0), Y: (0.0, 1.0, 0.0), Z: (0.0, 0.0, 1.0), O: (0.0, 0.5, 0.0)]","type":"MeshInstance3D"}
{"active_material":"res://art/models/spikes/s01_static.glb::StandardMaterial3D_oauy0","material_override":"<none>","mesh_local_aabb":"[P: (-0.35, -0.125, -0.125), S: (0.7, 0.25, 0.25)]","mesh_resource":"res://art/models/spikes/s01_static.glb::ArrayMesh_5cxrq","node":"StaticA/Visuals/Model/Front","scene_aabb":"[P: (-3.35, 0.625, -0.75), S: (0.7, 0.25, 0.25)]","surface_material":"res://art/models/spikes/s01_static.glb::StandardMaterial3D_oauy0","surface_name":"front_accent","transform":"[X: (1.0, 0.0, 0.0), Y: (0.0, 1.0, 0.0), Z: (0.0, 0.0, 1.0), O: (0.0, 0.75, -0.625)]","type":"MeshInstance3D"}
{"active_material":"res://art/models/spikes/s01_static.glb::StandardMaterial3D_ykova","material_override":"<none>","mesh_local_aabb":"[P: (-0.05, -0.5, -0.05), S: (0.1, 1.0, 0.1)]","mesh_resource":"res://art/models/spikes/s01_static.glb::ArrayMesh_ybuge","node":"StaticA/Visuals/Model/Meter","scene_aabb":"[P: (-1.75, 0.0, -0.05), S: (0.1, 1.0, 0.1)]","surface_material":"res://art/models/spikes/s01_static.glb::StandardMaterial3D_ykova","surface_name":"meter_reference","transform":"[X: (1.0, 0.0, 0.0), Y: (0.0, 1.0, 0.0), Z: (0.0, 0.0, 1.0), O: (1.3, 0.5, 0.0)]","type":"MeshInstance3D"}
{"node":"StaticA/Visuals/Model/right_axis","transform":"[X: (1.0, 0.0, 0.0), Y: (0.0, 1.0, 0.0), Z: (0.0, 0.0, 1.0), O: (1.0, 0.0, 0.0)]","type":"Node3D"}
{"node":"StaticA/Visuals/Model/socket_muzzle","transform":"[X: (1.0, 0.0, 0.0), Y: (0.0, 1.0, 0.0), Z: (0.0, 0.0, 1.0), O: (0.0, 0.75, -0.75)]","type":"Node3D"}
{"node":"StaticA/Visuals/Model/up_axis","transform":"[X: (1.0, 0.0, 0.0), Y: (0.0, 1.0, 0.0), Z: (0.0, 0.0, 1.0), O: (0.0, 1.0, 0.0)]","type":"Node3D"}
{"node":"StaticA/Collision","transform":"[X: (1.0, 0.0, 0.0), Y: (0.0, 1.0, 0.0), Z: (0.0, 0.0, 1.0), O: (0.0, 0.0, 0.0)]","type":"Node3D"}
{"collision_layer":1,"collision_mask":1,"node":"StaticA/Collision/Body","transform":"[X: (1.0, 0.0, 0.0), Y: (0.0, 1.0, 0.0), Z: (0.0, 0.0, 1.0), O: (0.0, 0.0, 0.0)]","type":"StaticBody3D"}
{"direct_parent":"StaticBody3D","disabled":false,"node":"StaticA/Collision/Body/Shape","scene_aabb":"[P: (-5.0, 1.0, -0.5), S: (4.0, 1.0, 1.0)]","shape_size":"(4.0, 1.0, 1.0)","transform":"[X: (1.0, 0.0, 0.0), Y: (0.0, 1.0, 0.0), Z: (0.0, 0.0, 1.0), O: (0.0, 1.5, 0.0)]","type":"CollisionShape3D"}
{"body_material":"<none>","node":"StaticB","scene_file_path":"res://tests/fixtures/s01/static_prefab.tscn","transform":"[X: (-0.0, 0.0, -1.0), Y: (0.0, 1.0, 0.0), Z: (1.0, 0.0, -0.0), O: (0.0, 0.0, 0.0)]","type":"Node3D","world_id":"s01/roundtrip/statica"}
{"node":"StaticB/Visuals","transform":"[X: (1.0, 0.0, 0.0), Y: (0.0, 1.0, 0.0), Z: (0.0, 0.0, 1.0), O: (0.0, 0.0, 0.0)]","type":"Node3D"}
{"node":"StaticB/Visuals/Model","scene_file_path":"res://art/models/spikes/s01_static.glb","transform":"[X: (1.0, 0.0, 0.0), Y: (0.0, 1.0, 0.0), Z: (0.0, 0.0, 1.0), O: (0.0, 0.0, 0.0)]","type":"Node3D"}
{"active_material":"res://art/materials/s01_petrol.tres","material_override":"<none>","mesh_local_aabb":"[P: (-1.0, -0.5, -0.5), S: (2.0, 1.0, 1.0)]","mesh_resource":"res://art/models/spikes/s01_static.glb::ArrayMesh_w5suh","node":"StaticB/Visuals/Model/Body","scene_aabb":"[P: (-0.5, 0.0, -1.0), S: (1.0, 1.0, 2.0)]","surface_material":"res://art/materials/s01_petrol.tres","surface_name":"body_paint","transform":"[X: (1.0, 0.0, 0.0), Y: (0.0, 1.0, 0.0), Z: (0.0, 0.0, 1.0), O: (0.0, 0.5, 0.0)]","type":"MeshInstance3D"}
{"active_material":"res://art/models/spikes/s01_static.glb::StandardMaterial3D_oauy0","material_override":"<none>","mesh_local_aabb":"[P: (-0.35, -0.125, -0.125), S: (0.7, 0.25, 0.25)]","mesh_resource":"res://art/models/spikes/s01_static.glb::ArrayMesh_5cxrq","node":"StaticB/Visuals/Model/Front","scene_aabb":"[P: (-0.75, 0.625, -0.35), S: (0.25, 0.25, 0.7)]","surface_material":"res://art/models/spikes/s01_static.glb::StandardMaterial3D_oauy0","surface_name":"front_accent","transform":"[X: (1.0, 0.0, 0.0), Y: (0.0, 1.0, 0.0), Z: (0.0, 0.0, 1.0), O: (0.0, 0.75, -0.625)]","type":"MeshInstance3D"}
{"active_material":"res://art/models/spikes/s01_static.glb::StandardMaterial3D_ykova","material_override":"<none>","mesh_local_aabb":"[P: (-0.05, -0.5, -0.05), S: (0.1, 1.0, 0.1)]","mesh_resource":"res://art/models/spikes/s01_static.glb::ArrayMesh_ybuge","node":"StaticB/Visuals/Model/Meter","scene_aabb":"[P: (-0.05, 0.0, -1.35), S: (0.1, 1.0, 0.1)]","surface_material":"res://art/models/spikes/s01_static.glb::StandardMaterial3D_ykova","surface_name":"meter_reference","transform":"[X: (1.0, 0.0, 0.0), Y: (0.0, 1.0, 0.0), Z: (0.0, 0.0, 1.0), O: (1.3, 0.5, 0.0)]","type":"MeshInstance3D"}
{"node":"StaticB/Visuals/Model/right_axis","transform":"[X: (1.0, 0.0, 0.0), Y: (0.0, 1.0, 0.0), Z: (0.0, 0.0, 1.0), O: (1.0, 0.0, 0.0)]","type":"Node3D"}
{"node":"StaticB/Visuals/Model/socket_muzzle","transform":"[X: (1.0, 0.0, 0.0), Y: (0.0, 1.0, 0.0), Z: (0.0, 0.0, 1.0), O: (0.0, 0.75, -0.75)]","type":"Node3D"}
{"node":"StaticB/Visuals/Model/up_axis","transform":"[X: (1.0, 0.0, 0.0), Y: (0.0, 1.0, 0.0), Z: (0.0, 0.0, 1.0), O: (0.0, 1.0, 0.0)]","type":"Node3D"}
{"node":"StaticB/Collision","transform":"[X: (1.0, 0.0, 0.0), Y: (0.0, 1.0, 0.0), Z: (0.0, 0.0, 1.0), O: (0.0, 0.0, 0.0)]","type":"Node3D"}
{"collision_layer":1,"collision_mask":1,"node":"StaticB/Collision/Body","transform":"[X: (1.0, 0.0, 0.0), Y: (0.0, 1.0, 0.0), Z: (0.0, 0.0, 1.0), O: (0.0, 0.0, 0.0)]","type":"StaticBody3D"}
{"direct_parent":"StaticBody3D","disabled":false,"node":"StaticB/Collision/Body/Shape","scene_aabb":"[P: (-0.5, 1.0, -2.0), S: (1.0, 1.0, 4.0)]","shape_size":"(4.0, 1.0, 1.0)","transform":"[X: (1.0, 0.0, 0.0), Y: (0.0, 1.0, 0.0), Z: (0.0, 0.0, 1.0), O: (0.0, 1.5, 0.0)]","type":"CollisionShape3D"}
{"body_material":"res://art/materials/s01_coral.tres","node":"Variant","scene_file_path":"res://tests/fixtures/s01/static_variant.tscn","transform":"[X: (1.0, 0.0, 0.0), Y: (0.0, 1.0, 0.0), Z: (0.0, 0.0, 1.0), O: (3.0, 0.0, 0.0)]","type":"Node3D","world_id":"s01/roundtrip/variant"}
{"node":"Variant/Visuals","transform":"[X: (1.0, 0.0, 0.0), Y: (0.0, 1.0, 0.0), Z: (0.0, 0.0, 1.0), O: (0.0, 0.0, 0.0)]","type":"Node3D"}
{"node":"Variant/Visuals/Model","scene_file_path":"res://art/models/spikes/s01_static.glb","transform":"[X: (1.0, 0.0, 0.0), Y: (0.0, 1.0, 0.0), Z: (0.0, 0.0, 1.0), O: (0.0, 0.0, 0.0)]","type":"Node3D"}
{"active_material":"res://art/materials/s01_coral.tres","material_override":"res://art/materials/s01_coral.tres","mesh_local_aabb":"[P: (-1.0, -0.5, -0.5), S: (2.0, 1.0, 1.0)]","mesh_resource":"res://art/models/spikes/s01_static.glb::ArrayMesh_w5suh","node":"Variant/Visuals/Model/Body","scene_aabb":"[P: (2.0, 0.0, -0.5), S: (2.0, 1.0, 1.0)]","surface_material":"res://art/materials/s01_petrol.tres","surface_name":"body_paint","transform":"[X: (1.0, 0.0, 0.0), Y: (0.0, 1.0, 0.0), Z: (0.0, 0.0, 1.0), O: (0.0, 0.5, 0.0)]","type":"MeshInstance3D"}
{"active_material":"res://art/models/spikes/s01_static.glb::StandardMaterial3D_oauy0","material_override":"<none>","mesh_local_aabb":"[P: (-0.35, -0.125, -0.125), S: (0.7, 0.25, 0.25)]","mesh_resource":"res://art/models/spikes/s01_static.glb::ArrayMesh_5cxrq","node":"Variant/Visuals/Model/Front","scene_aabb":"[P: (2.65, 0.625, -0.75), S: (0.7, 0.25, 0.25)]","surface_material":"res://art/models/spikes/s01_static.glb::StandardMaterial3D_oauy0","surface_name":"front_accent","transform":"[X: (1.0, 0.0, 0.0), Y: (0.0, 1.0, 0.0), Z: (0.0, 0.0, 1.0), O: (0.0, 0.75, -0.625)]","type":"MeshInstance3D"}
{"active_material":"res://art/models/spikes/s01_static.glb::StandardMaterial3D_ykova","material_override":"<none>","mesh_local_aabb":"[P: (-0.05, -0.5, -0.05), S: (0.1, 1.0, 0.1)]","mesh_resource":"res://art/models/spikes/s01_static.glb::ArrayMesh_ybuge","node":"Variant/Visuals/Model/Meter","scene_aabb":"[P: (4.25, 0.0, -0.05), S: (0.1, 1.0, 0.1)]","surface_material":"res://art/models/spikes/s01_static.glb::StandardMaterial3D_ykova","surface_name":"meter_reference","transform":"[X: (1.0, 0.0, 0.0), Y: (0.0, 1.0, 0.0), Z: (0.0, 0.0, 1.0), O: (1.3, 0.5, 0.0)]","type":"MeshInstance3D"}
{"node":"Variant/Visuals/Model/right_axis","transform":"[X: (1.0, 0.0, 0.0), Y: (0.0, 1.0, 0.0), Z: (0.0, 0.0, 1.0), O: (1.0, 0.0, 0.0)]","type":"Node3D"}
{"node":"Variant/Visuals/Model/socket_muzzle","transform":"[X: (1.0, 0.0, 0.0), Y: (0.0, 1.0, 0.0), Z: (0.0, 0.0, 1.0), O: (0.0, 0.75, -0.75)]","type":"Node3D"}
{"node":"Variant/Visuals/Model/up_axis","transform":"[X: (1.0, 0.0, 0.0), Y: (0.0, 1.0, 0.0), Z: (0.0, 0.0, 1.0), O: (0.0, 1.0, 0.0)]","type":"Node3D"}
{"node":"Variant/Collision","transform":"[X: (1.0, 0.0, 0.0), Y: (0.0, 1.0, 0.0), Z: (0.0, 0.0, 1.0), O: (0.0, 0.0, 0.0)]","type":"Node3D"}
{"collision_layer":1,"collision_mask":1,"node":"Variant/Collision/Body","transform":"[X: (1.0, 0.0, 0.0), Y: (0.0, 1.0, 0.0), Z: (0.0, 0.0, 1.0), O: (0.0, 0.0, 0.0)]","type":"StaticBody3D"}
{"direct_parent":"StaticBody3D","disabled":false,"node":"Variant/Collision/Body/Shape","scene_aabb":"[P: (1.0, 1.0, -0.5), S: (4.0, 1.0, 1.0)]","shape_size":"(4.0, 1.0, 1.0)","transform":"[X: (1.0, 0.0, 0.0), Y: (0.0, 1.0, 0.0), Z: (0.0, 0.0, 1.0), O: (0.0, 1.5, 0.0)]","type":"CollisionShape3D"}
{"body_material":"<none>","node":"RigA","scene_file_path":"res://tests/fixtures/s01/rig_prefab.tscn","transform":"[X: (1.0, 0.0, 0.0), Y: (0.0, 1.0, 0.0), Z: (0.0, 0.0, 1.0), O: (-1.5, 0.0, 3.0)]","type":"Node3D","world_id":"s01/roundtrip/riga"}
{"node":"RigA/Visuals","transform":"[X: (1.0, 0.0, 0.0), Y: (0.0, 1.0, 0.0), Z: (0.0, 0.0, 1.0), O: (0.0, 0.0, 0.0)]","type":"Node3D"}
{"node":"RigA/Visuals/Model","scene_file_path":"res://art/models/spikes/s01_rig.glb","transform":"[X: (1.0, 0.0, 0.0), Y: (0.0, 1.0, 0.0), Z: (0.0, 0.0, 1.0), O: (0.0, 0.0, 0.0)]","type":"Node3D"}
{"node":"RigA/Visuals/Model/Rig","transform":"[X: (1.0, 0.0, 0.0), Y: (0.0, 1.0, 0.0), Z: (0.0, 0.0, 1.0), O: (0.0, 0.0, 0.0)]","type":"Node3D"}
{"node":"RigA/Visuals/Model/Rig/Skeleton3D","transform":"[X: (1.0, 0.0, 0.0), Y: (0.0, 1.0, 0.0), Z: (0.0, 0.0, 1.0), O: (0.0, 0.0, 0.0)]","type":"Skeleton3D"}
{"node":"RigA/Visuals/Model/Rig/Skeleton3D/hand","transform":"[X: (1.0, 0.0, 0.0), Y: (0.0, 1.0, 0.0), Z: (0.0, 0.0, 1.0), O: (0.5, 1.0, 0.0)]","type":"BoneAttachment3D"}
{"node":"RigA/Visuals/Model/Rig/Skeleton3D/hand/socket_grip","transform":"[X: (1.0, 0.0, 0.0), Y: (0.0, 1.0, -0.0), Z: (0.0, 0.0, 1.0), O: (0.0, 0.6, -0.15)]","type":"Node3D"}
{"active_material":"res://art/materials/s01_petrol.tres","material_override":"<none>","mesh_local_aabb":"[P: (-0.375, 0.0, -0.2), S: (0.975, 1.6, 0.4)]","mesh_resource":"res://art/models/spikes/s01_rig.glb::ArrayMesh_28atp","node":"RigA/Visuals/Model/Rig/Skeleton3D/Skin","scene_aabb":"[P: (-1.875, 0.0, 2.8), S: (0.975, 1.6, 0.4)]","surface_material":"res://art/materials/s01_petrol.tres","surface_name":"body_paint","transform":"[X: (1.0, 0.0, 0.0), Y: (0.0, 1.0, 0.0), Z: (0.0, 0.0, 1.0), O: (0.0, 0.0, 0.0)]","type":"MeshInstance3D"}
{"node":"RigA/Visuals/Model/AnimationPlayer","type":"AnimationPlayer"}
{"body_material":"<none>","node":"RigB","scene_file_path":"res://tests/fixtures/s01/rig_prefab.tscn","transform":"[X: (-0.0, 0.0, 1.0), Y: (0.0, 1.0, 0.0), Z: (-1.0, 0.0, -0.0), O: (1.5, 0.0, 3.0)]","type":"Node3D","world_id":"s01/roundtrip/rigb"}
{"node":"RigB/Visuals","transform":"[X: (1.0, 0.0, 0.0), Y: (0.0, 1.0, 0.0), Z: (0.0, 0.0, 1.0), O: (0.0, 0.0, 0.0)]","type":"Node3D"}
{"node":"RigB/Visuals/Model","scene_file_path":"res://art/models/spikes/s01_rig.glb","transform":"[X: (1.0, 0.0, 0.0), Y: (0.0, 1.0, 0.0), Z: (0.0, 0.0, 1.0), O: (0.0, 0.0, 0.0)]","type":"Node3D"}
{"node":"RigB/Visuals/Model/Rig","transform":"[X: (1.0, 0.0, 0.0), Y: (0.0, 1.0, 0.0), Z: (0.0, 0.0, 1.0), O: (0.0, 0.0, 0.0)]","type":"Node3D"}
{"node":"RigB/Visuals/Model/Rig/Skeleton3D","transform":"[X: (1.0, 0.0, 0.0), Y: (0.0, 1.0, 0.0), Z: (0.0, 0.0, 1.0), O: (0.0, 0.0, 0.0)]","type":"Skeleton3D"}
{"node":"RigB/Visuals/Model/Rig/Skeleton3D/hand","transform":"[X: (1.0, 0.0, 0.0), Y: (0.0, 1.0, 0.0), Z: (0.0, 0.0, 1.0), O: (0.5, 1.0, 0.0)]","type":"BoneAttachment3D"}
{"node":"RigB/Visuals/Model/Rig/Skeleton3D/hand/socket_grip","transform":"[X: (1.0, 0.0, 0.0), Y: (0.0, 1.0, -0.0), Z: (0.0, 0.0, 1.0), O: (0.0, 0.6, -0.15)]","type":"Node3D"}
{"active_material":"res://art/materials/s01_petrol.tres","material_override":"<none>","mesh_local_aabb":"[P: (-0.375, 0.0, -0.2), S: (0.975, 1.6, 0.4)]","mesh_resource":"res://art/models/spikes/s01_rig.glb::ArrayMesh_28atp","node":"RigB/Visuals/Model/Rig/Skeleton3D/Skin","scene_aabb":"[P: (1.3, 0.0, 2.625), S: (0.4, 1.6, 0.975)]","surface_material":"res://art/materials/s01_petrol.tres","surface_name":"body_paint","transform":"[X: (1.0, 0.0, 0.0), Y: (0.0, 1.0, 0.0), Z: (0.0, 0.0, 1.0), O: (0.0, 0.0, 0.0)]","type":"MeshInstance3D"}
{"node":"RigB/Visuals/Model/AnimationPlayer","type":"AnimationPlayer"}
{"camera":{"current":true,"far":4000.0,"fov":50.0,"near":0.0500000007450581,"projection":0},"node":"OverviewCamera","transform":"[X: (1.0, 0.0, 0.0), Y: (0.0, 0.83957, -0.543251), Z: (0.0, 0.543251, 0.83957), O: (0.0, 6.0, 10.0)]","type":"Camera3D"}
{"camera":{"current":false,"far":100.0,"fov":50.0,"near":0.0500000007450581,"projection":0},"node":"GameplayReference","transform":"[X: (1.0, 0.0, 0.0), Y: (0.0, -0.0, -1.0), Z: (0.0, 1.0, -0.0), O: (0.0, 47.0, 0.0)]","type":"Camera3D"}
{"node":"Sun","transform":"[X: (0.866025, 0.0, 0.5), Y: (0.433013, 0.5, -0.75), Z: (-0.25, 0.866025, 0.433013), O: (0.0, 0.0, 0.0)]","type":"DirectionalLight3D"}
{"node":"Environment","type":"WorldEnvironment"}
SHARING {"rig_a_b":true,"static_a_b":true,"static_variant":true}
DEPENDENCY {"dependency":"uid://dxr4pwbyxxmmh::::res://tests/fixtures/s01/static_prefab.tscn","exists":true,"from":"res://tests/fixtures/s01/roundtrip.tscn","registered":true,"uid_matches_fallback":true,"uid_path":"res://tests/fixtures/s01/static_prefab.tscn"}
DEPENDENCY {"dependency":"uid://ccodwfs5fdyy3::::res://tests/fixtures/s01/fixture_identity.gd","exists":true,"from":"res://tests/fixtures/s01/static_prefab.tscn","registered":true,"uid_matches_fallback":true,"uid_path":"res://tests/fixtures/s01/fixture_identity.gd"}
DEPENDENCY {"dependency":"uid://b3yy7e8tyou0w::::res://art/models/spikes/s01_static.glb","exists":true,"from":"res://tests/fixtures/s01/static_prefab.tscn","registered":true,"uid_matches_fallback":true,"uid_path":"res://art/models/spikes/s01_static.glb"}
DEPENDENCY {"dependency":"uid://cbmqvw8h0sths::::res://art/materials/s01_petrol.tres","exists":true,"from":"res://art/models/spikes/s01_static.glb","registered":true,"uid_matches_fallback":true,"uid_path":"res://art/materials/s01_petrol.tres"}
DEPENDENCY {"dependency":"uid://bq3qkbis02xfu::::res://art/textures/spikes/s01_palette.png","exists":true,"from":"res://art/materials/s01_petrol.tres","registered":true,"uid_matches_fallback":true,"uid_path":"res://art/textures/spikes/s01_palette.png"}
DEPENDENCY {"dependency":"uid://bc1n5y0cqkt8a::::res://tests/fixtures/s01/static_variant.tscn","exists":true,"from":"res://tests/fixtures/s01/roundtrip.tscn","registered":true,"uid_matches_fallback":true,"uid_path":"res://tests/fixtures/s01/static_variant.tscn"}
DEPENDENCY {"dependency":"uid://dxr4pwbyxxmmh::::res://tests/fixtures/s01/static_prefab.tscn","exists":true,"from":"res://tests/fixtures/s01/static_variant.tscn","registered":true,"uid_matches_fallback":true,"uid_path":"res://tests/fixtures/s01/static_prefab.tscn"}
DEPENDENCY {"dependency":"uid://bs0swxuv4lqby::::res://art/materials/s01_coral.tres","exists":true,"from":"res://tests/fixtures/s01/static_variant.tscn","registered":true,"uid_matches_fallback":true,"uid_path":"res://art/materials/s01_coral.tres"}
DEPENDENCY {"dependency":"uid://b4ml1xnm5y68a::::res://tests/fixtures/s01/rig_prefab.tscn","exists":true,"from":"res://tests/fixtures/s01/roundtrip.tscn","registered":true,"uid_matches_fallback":true,"uid_path":"res://tests/fixtures/s01/rig_prefab.tscn"}
DEPENDENCY {"dependency":"uid://ccodwfs5fdyy3::::res://tests/fixtures/s01/fixture_identity.gd","exists":true,"from":"res://tests/fixtures/s01/rig_prefab.tscn","registered":true,"uid_matches_fallback":true,"uid_path":"res://tests/fixtures/s01/fixture_identity.gd"}
DEPENDENCY {"dependency":"uid://byi8aq2hhf4pf::::res://art/models/spikes/s01_rig.glb","exists":true,"from":"res://tests/fixtures/s01/rig_prefab.tscn","registered":true,"uid_matches_fallback":true,"uid_path":"res://art/models/spikes/s01_rig.glb"}
DEPENDENCY {"dependency":"uid://cbmqvw8h0sths::::res://art/materials/s01_petrol.tres","exists":true,"from":"res://art/models/spikes/s01_rig.glb","registered":true,"uid_matches_fallback":true,"uid_path":"res://art/materials/s01_petrol.tres"}
QUERY_COMPLETE
