[
  {
    "file": "art/models/environment/city_planting_03/city_planting_03.glb",
    "godot_axis_aabb": [
      [
        -0.5430297255516052,
        0.0,
        -0.35622134804725647
      ],
      [
        0.5404995083808899,
        0.6700000166893005,
        0.3346724510192871
      ]
    ],
    "triangles": 4932,
    "mesh_count": 6,
    "materials": [
      {
        "doubleSided": true,
        "name": "shrub_muted_sage",
        "pbrMetallicRoughness": {
          "baseColorFactor": [
            0.09305896610021591,
            0.18447498977184296,
            0.07618538290262222,
            1
          ],
          "metallicFactor": 0,
          "roughnessFactor": 0.8600000143051147
        }
      },
      {
        "doubleSided": true,
        "name": "shrub_quiet_jade",
        "pbrMetallicRoughness": {
          "baseColorFactor": [
            0.05448027700185776,
            0.14126329123973846,
            0.06847816705703735,
            1
          ],
          "metallicFactor": 0,
          "roughnessFactor": 0.8700000047683716
        }
      },
      {
        "doubleSided": true,
        "name": "shrub_woody_umber",
        "pbrMetallicRoughness": {
          "baseColorFactor": [
            0.07227185368537903,
            0.05448027700185776,
            0.026241222396492958,
            1
          ],
          "metallicFactor": 0,
          "roughnessFactor": 0.9399999976158142
        }
      }
    ],
    "checks": "PASS: exact dimensions, unit transforms, finite unit normals, nondegenerate triangles, studio exclusion, no lights/animations/textures"
  }
]
