00:00.298  blend            | Read blend: "/home/regner/.paseo/worktrees/0u71f39f/asset-register-production/art/source/models/environment/city_planting_03/city_planting_03.blend"
BlenderMCP addon registered
INFO Draco is available, use library at /usr/lib/blender/5.2/scripts/addons_core/io_scene_gltf2/libbf_intern_draco_bridge.so
ERROR MeshOptimizer is not available because library could not be found at /usr/lib/blender/5.2/scripts/addons_core/io_scene_gltf2/libbf_intern_meshopt_bridge.so
17:33:06 | INFO: Starting glTF 2.0 export
17:33:06 | INFO: Extracting primitive: crown_back_shoulder_mesh
17:33:06 | INFO: Primitives created: 1
17:33:06 | INFO: Extracting primitive: crown_centre_mesh
17:33:06 | INFO: Primitives created: 1
17:33:06 | INFO: Extracting primitive: crown_east_mesh
17:33:06 | INFO: Primitives created: 1
17:33:06 | INFO: Extracting primitive: crown_front_shoulder_mesh
17:33:06 | INFO: Primitives created: 1
17:33:06 | INFO: Extracting primitive: crown_west_mesh
17:33:06 | INFO: Primitives created: 1
17:33:06 | INFO: Extracting primitive: three_recessed_stems_mesh
17:33:06 | INFO: Primitives created: 1
17:33:06 | INFO: Finished glTF 2.0 export in 0.016170501708984375 s

SOURCE_EXPORT_CHECKS_PASS {"blender": "5.2.2 LTS", "build_hash": "d13f752e3b9c", "exporter": [5, 2, 40], "objects": [{"name": "crown_west", "vertices": 482, "triangles": 960, "nonmanifold_or_inconsistent_edges": 0, "signed_volume_m3": 0.05367838257027335, "material_slots": ["shrub_quiet_jade"]}, {"name": "crown_centre", "vertices": 482, "triangles": 960, "nonmanifold_or_inconsistent_edges": 0, "signed_volume_m3": 0.08787783142125669, "material_slots": ["shrub_quiet_jade"]}, {"name": "crown_east", "vertices": 482, "triangles": 960, "nonmanifold_or_inconsistent_edges": 0, "signed_volume_m3": 0.05110953267400062, "material_slots": ["shrub_muted_sage"]}, {"name": "crown_front_shoulder", "vertices": 482, "triangles": 960, "nonmanifold_or_inconsistent_edges": 0, "signed_volume_m3": 0.020405902081392806, "material_slots": ["shrub_quiet_jade"]}, {"name": "crown_back_shoulder", "vertices": 482, "triangles": 960, "nonmanifold_or_inconsistent_edges": 0, "signed_volume_m3": 0.022809677886656374, "material_slots": ["shrub_muted_sage"]}, {"name": "three_recessed_stems", "vertices": 72, "triangles": 132, "nonmanifold_or_inconsistent_edges": 0, "signed_volume_m3": 0.0015264601819843814, "material_slots": ["shrub_woody_umber"]}], "interface_checks": "PASS: below rectangular rim shrub inside .92 x .36m; full shrub inside radius .60m", "below_rectangular_rim_bounds": [[-0.4091147780418396, -0.15444213151931763, 0.0], [0.4171541631221771, 0.1663604974746704, 0.20000001788139343]], "blender_bounds": [[-0.5430297255516052, -0.3346724510192871, 0.0], [0.5404995083808899, 0.35622134804725647, 0.6700000166893005]], "triangles": 4932, "export_settings": {"export_format": "GLB", "use_selection": true, "export_yup": true, "export_apply": true, "export_texcoords": false, "export_normals": true, "export_tangents": false, "export_materials": "EXPORT", "export_cameras": false, "export_lights": false, "export_extras": false, "export_animations": false}, "sha256": "572bb17a248b686df1917181e569b04a3662fbd6994de230dc8b17cd634cb7cd", "bytes": 70556}
BlenderMCP addon unregistered
Blender 5.2.2 LTS (hash d13f752e3b9c built 2026-09-22 17:10:25)

Blender quit
