00:00.298  blend            | Read blend: "/home/regner/.paseo/worktrees/0u71f39f/asset-register-production/art/source/models/environment/city_shop_fittings_05/city_shop_fittings_05.blend"
BlenderMCP addon registered
INFO Draco is available, use library at /usr/lib/blender/5.2/scripts/addons_core/io_scene_gltf2/libbf_intern_draco_bridge.so
ERROR MeshOptimizer is not available because library could not be found at /usr/lib/blender/5.2/scripts/addons_core/io_scene_gltf2/libbf_intern_meshopt_bridge.so
18:14:32 | INFO: Starting glTF 2.0 export
18:14:32 | INFO: Extracting primitive: centre_mullion
18:14:32 | INFO: Primitives created: 1
18:14:32 | INFO: Extracting primitive: formed_perimeter
18:14:32 | INFO: Primitives created: 1
18:14:32 | INFO: Extracting primitive: ivory_perimeter_inlay
18:14:32 | INFO: Primitives created: 1
18:14:32 | INFO: Extracting primitive: left_glazing_gasket
18:14:32 | INFO: Primitives created: 1
18:14:32 | INFO: Extracting primitive: left_opaque_glazing
18:14:32 | INFO: Primitives created: 1
18:14:32 | INFO: Extracting primitive: right_glazing_gasket
18:14:32 | INFO: Primitives created: 1
18:14:32 | INFO: Extracting primitive: right_opaque_glazing
18:14:32 | INFO: Primitives created: 1
18:14:32 | INFO: Extracting primitive: sloped_sill
18:14:32 | INFO: Primitives created: 1
18:14:32 | INFO: Finished glTF 2.0 export in 0.018184185028076172 s

SOURCE_EXPORT_CHECKS_PASS {"blender": "5.2.2 LTS", "build": "d13f752e3b9c", "exporter": [5, 2, 40], "objects": [{"name": "formed_perimeter", "vertices": 160, "triangles": 320, "nonmanifold_or_inconsistent_edges": 0, "component_signed_volumes_m3": [0.17537327597348573], "material_slots": ["window_slate_petrol"]}, {"name": "ivory_perimeter_inlay", "vertices": 80, "triangles": 160, "nonmanifold_or_inconsistent_edges": 0, "component_signed_volumes_m3": [0.003708241924452709], "material_slots": ["window_warm_ivory"]}, {"name": "left_glazing_gasket", "vertices": 100, "triangles": 200, "nonmanifold_or_inconsistent_edges": 0, "component_signed_volumes_m3": [0.026166512935339673], "material_slots": ["window_dark_gasket"]}, {"name": "left_opaque_glazing", "vertices": 40, "triangles": 76, "nonmanifold_or_inconsistent_edges": 0, "component_signed_volumes_m3": [0.18418500770509033], "material_slots": ["window_opaque_tint"]}, {"name": "right_glazing_gasket", "vertices": 100, "triangles": 200, "nonmanifold_or_inconsistent_edges": 0, "component_signed_volumes_m3": [0.02616651273485178], "material_slots": ["window_dark_gasket"]}, {"name": "right_opaque_glazing", "vertices": 40, "triangles": 76, "nonmanifold_or_inconsistent_edges": 0, "component_signed_volumes_m3": [0.184185010858223], "material_slots": ["window_opaque_tint"]}, {"name": "centre_mullion", "vertices": 60, "triangles": 116, "nonmanifold_or_inconsistent_edges": 0, "component_signed_volumes_m3": [0.028125225438745263], "material_slots": ["window_slate_petrol"]}, {"name": "sloped_sill", "vertices": 112, "triangles": 220, "nonmanifold_or_inconsistent_edges": 0, "component_signed_volumes_m3": [0.09820947275912839], "material_slots": ["window_satin_sill"]}], "blender_bounds": [[-1.600000023841858, -0.18000000715255737, 0.0], [1.600000023841858, 0.2199999988079071, 2.0]], "triangles": 1368, "authoring_reference_dimensions_m": [1.0, 1.0, 1.0], "export_settings": {"export_format": "GLB", "use_selection": true, "export_yup": true, "export_apply": true, "export_texcoords": false, "export_normals": true, "export_tangents": false, "export_materials": "EXPORT", "export_cameras": false, "export_lights": false, "export_extras": false, "export_animations": false}, "sha256": "bfc58ba85ef2b45c1e8e74cb3b362b765129b8a05b914cd58fe0756e533db22e", "bytes": 29556}
BlenderMCP addon unregistered
Blender 5.2.2 LTS (hash d13f752e3b9c built 2026-09-22 17:10:25)

Blender quit
