[
  {
    "file": "art/models/environment/city_shop_fittings_05/city_shop_fittings_05.glb",
    "godot_axis_aabb": [
      [
        -1.600000023841858,
        0.0,
        -0.2199999988079071
      ],
      [
        1.600000023841858,
        2.0,
        0.18000000715255737
      ]
    ],
    "triangles": 1368,
    "mesh_count": 8,
    "materials": [
      {
        "name": "window_slate_petrol",
        "pbrMetallicRoughness": {
          "baseColorFactor": [
            0.05126945674419403,
            0.10461648553609848,
            0.1384316086769104,
            1
          ],
          "metallicFactor": 0.25,
          "roughnessFactor": 0.46000000834465027
        }
      },
      {
        "name": "window_warm_ivory",
        "pbrMetallicRoughness": {
          "baseColorFactor": [
            0.577580451965332,
            0.5394794940948486,
            0.41788506507873535,
            1
          ],
          "metallicFactor": 0.2199999988079071,
          "roughnessFactor": 0.47999998927116394
        }
      },
      {
        "name": "window_dark_gasket",
        "pbrMetallicRoughness": {
          "baseColorFactor": [
            0.016807375475764275,
            0.03310476616024971,
            0.04373503103852272,
            1
          ],
          "metallicFactor": 0,
          "roughnessFactor": 0.7200000286102295
        }
      },
      {
        "name": "window_opaque_tint",
        "pbrMetallicRoughness": {
          "baseColorFactor": [
            0.03433980792760849,
            0.109461709856987,
            0.12743768095970154,
            1
          ],
          "metallicFactor": 0.18000000715255737,
          "roughnessFactor": 0.23999999463558197
        }
      },
      {
        "name": "window_satin_sill",
        "pbrMetallicRoughness": {
          "baseColorFactor": [
            0.28744083642959595,
            0.33716362714767456,
            0.34670406579971313,
            1
          ],
          "metallicFactor": 0.6499999761581421,
          "roughnessFactor": 0.3799999952316284
        }
      }
    ],
    "checks": "PASS: exact dimensions, unit transforms, finite unit normals, nondegenerate triangles, studio exclusion, no lights/animations/textures"
  }
]
