00:00.308  blend            | Read blend: "/home/regner/.paseo/worktrees/0u71f39f/brackett-smg/art/source/models/weapons_smg/smg_wedgewire_a.blend"
BlenderMCP addon registered
INFO Draco is available, use library at /usr/lib/blender/5.2/scripts/addons_core/io_scene_gltf2/libbf_intern_draco_bridge.so
ERROR MeshOptimizer is not available because library could not be found at /usr/lib/blender/5.2/scripts/addons_core/io_scene_gltf2/libbf_intern_meshopt_bridge.so
13:53:39 | INFO: Starting glTF 2.0 export
13:53:39 | INFO: Extracting primitive: Cube.012
13:53:39 | INFO: Primitives created: 1
13:53:39 | INFO: Extracting primitive: Wedgewire_CoralShell_refined_mesh
13:53:39 | INFO: Primitives created: 1
13:53:39 | INFO: Extracting primitive: Wedgewire_CyanRoofBand_mesh
13:53:39 | INFO: Primitives created: 1
13:53:39 | INFO: Extracting primitive: Wedgewire_CyanSideLeft_refined_mesh
13:53:39 | INFO: Primitives created: 1
13:53:39 | INFO: Extracting primitive: Cube.011
13:53:39 | INFO: Primitives created: 1
13:53:39 | INFO: Extracting primitive: Cube.005
13:53:39 | INFO: Primitives created: 1
13:53:39 | INFO: Extracting primitive: Cube.006
13:53:39 | INFO: Primitives created: 1
13:53:39 | INFO: Extracting primitive: Cube.004
13:53:39 | INFO: Primitives created: 1
13:53:39 | INFO: Extracting primitive: Wedgewire_Muzzle_mesh
13:53:39 | INFO: Primitives created: 1
13:53:39 | INFO: Extracting primitive: Cube.001
13:53:39 | INFO: Primitives created: 1
13:53:39 | INFO: Extracting primitive: Cube.003
13:53:39 | INFO: Primitives created: 1
13:53:39 | INFO: Extracting primitive: Cube.002
13:53:39 | INFO: Primitives created: 1
13:53:39 | INFO: Extracting primitive: Cube.009
13:53:39 | INFO: Primitives created: 1
13:53:39 | INFO: Extracting primitive: Cube.007
13:53:39 | INFO: Primitives created: 1
13:53:39 | INFO: Extracting primitive: Cube.008
13:53:39 | INFO: Primitives created: 1
13:53:39 | INFO: Extracting primitive: Wedgewire_Underbody_refined_mesh.001
13:53:39 | INFO: Primitives created: 1
13:53:39 | INFO: Finished glTF 2.0 export in 0.031121015548706055 s

13:53:39 | INFO: Starting glTF 2.0 export
13:53:39 | INFO: Extracting primitive: Cube.014
13:53:39 | INFO: Primitives created: 1
13:53:39 | INFO: Extracting primitive: Cube.013
13:53:39 | INFO: Primitives created: 1
13:53:39 | INFO: Finished glTF 2.0 export in 0.0046558380126953125 s

SMG_EXPORT_OK /tmp/brackett-smg/verified-exports
BlenderMCP addon unregistered
Blender 5.2.2 LTS (hash d13f752e3b9c built 2026-09-22 17:10:25)

Blender quit
