Godot Engine v4.8.dev7.official.c971f93e7 - https://godotengine.org

S12 {"client_hit":false,"event":"shot_sent","phase":"ACTIVE","pid":38088,"role":"client","sequence":1,"target":"pedestrian","view_age_ms":283.0,"wall_usec":1791529331403000}
S12 {"client_hit":true,"event":"shot_sent","phase":"ACTIVE","pid":38088,"role":"client","sequence":2,"target":"car","view_age_ms":230.0,"wall_usec":1791529331552000}
S12 {"event":"verdict","phase":"ACTIVE","pid":38088,"role":"client","row":{"accepted":true,"client_hit":false,"current_hit":false,"reason":"OK","rewind_age_ms":246.0,"rewind_clamped":true,"rewind_cpu_usec":22,"rewind_hit":false,"sequence":1,"speed":1.5,"target":"pedestrian"},"wall_usec":1791529331660000}
S12 {"client_hit":true,"event":"shot_sent","phase":"ACTIVE","pid":38088,"role":"client","sequence":3,"target":"pedestrian","view_age_ms":250.0,"wall_usec":1791529331709000}
S12 {"event":"rocket","phase":"ACTIVE","pid":38088,"role":"client","row":{"accepted":true,"launch_usec":1791529331568000,"sent_usec":1791529331410000,"sequence":1},"wall_usec":1791529331739000}
S12 {"event":"verdict","phase":"ACTIVE","pid":38088,"role":"client","row":{"accepted":true,"client_hit":true,"current_hit":false,"reason":"OK","rewind_age_ms":250.0,"rewind_clamped":true,"rewind_cpu_usec":12,"rewind_hit":true,"sequence":2,"speed":12.0,"target":"car"},"wall_usec":1791529331862000}
S12 {"client_hit":true,"event":"shot_sent","phase":"ACTIVE","pid":38088,"role":"client","sequence":4,"target":"car","view_age_ms":269.0,"wall_usec":1791529331867000}
S12 {"client_hit":false,"event":"shot_sent","phase":"ACTIVE","pid":38088,"role":"client","sequence":5,"target":"pedestrian","view_age_ms":293.0,"wall_usec":1791529332002000}
S12 {"event":"verdict","phase":"ACTIVE","pid":38088,"role":"client","row":{"accepted":true,"client_hit":true,"current_hit":false,"reason":"OK","rewind_age_ms":248.0,"rewind_clamped":true,"rewind_cpu_usec":15,"rewind_hit":true,"sequence":3,"speed":1.5,"target":"pedestrian"},"wall_usec":1791529332007000}
S12 {"event":"verdict","phase":"ACTIVE","pid":38088,"role":"client","row":{"accepted":true,"client_hit":true,"current_hit":false,"reason":"OK","rewind_age_ms":249.0,"rewind_clamped":true,"rewind_cpu_usec":47,"rewind_hit":false,"sequence":4,"speed":12.0,"target":"car"},"wall_usec":1791529332127000}
S12 {"client_hit":false,"event":"shot_sent","phase":"ACTIVE","pid":38088,"role":"client","sequence":6,"target":"car","view_age_ms":249.0,"wall_usec":1791529332158000}
S12 {"event":"verdict","phase":"ACTIVE","pid":38088,"role":"client","row":{"accepted":true,"client_hit":false,"current_hit":true,"reason":"OK","rewind_age_ms":252.0,"rewind_clamped":true,"rewind_cpu_usec":22,"rewind_hit":true,"sequence":5,"speed":1.5,"target":"pedestrian"},"wall_usec":1791529332234000}
S12 {"client_hit":true,"event":"shot_sent","phase":"ACTIVE","pid":38088,"role":"client","sequence":7,"target":"pedestrian","view_age_ms":310.0,"wall_usec":1791529332312000}
S12 {"event":"verdict","phase":"ACTIVE","pid":38088,"role":"client","row":{"accepted":true,"client_hit":false,"current_hit":false,"reason":"OK","rewind_age_ms":253.0,"rewind_clamped":true,"rewind_cpu_usec":16,"rewind_hit":true,"sequence":6,"speed":12.0,"target":"car"},"wall_usec":1791529332434000}
S12 {"client_hit":true,"event":"shot_sent","phase":"ACTIVE","pid":38088,"role":"client","sequence":8,"target":"car","view_age_ms":295.0,"wall_usec":1791529332453000}
S12 {"event":"verdict","phase":"ACTIVE","pid":38088,"role":"client","row":{"accepted":true,"client_hit":true,"current_hit":false,"reason":"OK","rewind_age_ms":250.0,"rewind_clamped":true,"rewind_cpu_usec":9,"rewind_hit":false,"sequence":7,"speed":1.5,"target":"pedestrian"},"wall_usec":1791529332558000}
S12 {"client_hit":true,"event":"shot_sent","phase":"ACTIVE","pid":38088,"role":"client","sequence":9,"target":"pedestrian","view_age_ms":255.0,"wall_usec":1791529332603000}
S12 {"event":"verdict","phase":"ACTIVE","pid":38088,"role":"client","row":{"accepted":false,"reason":"RATE_LIMITED","sequence":8},"wall_usec":1791529332682000}
S12 {"client_hit":false,"event":"shot_sent","phase":"ACTIVE","pid":38088,"role":"client","sequence":10,"target":"car","view_age_ms":264.0,"wall_usec":1791529332760000}
S12 {"event":"verdict","phase":"ACTIVE","pid":38088,"role":"client","row":{"accepted":true,"client_hit":true,"current_hit":true,"reason":"OK","rewind_age_ms":258.0,"rewind_clamped":true,"rewind_cpu_usec":11,"rewind_hit":true,"sequence":9,"speed":1.5,"target":"pedestrian"},"wall_usec":1791529332885000}
S12 {"event":"rocket","phase":"ACTIVE","pid":38088,"role":"client","row":{"accepted":true,"launch_usec":1791529332768000,"sent_usec":1791529332606000,"sequence":2},"wall_usec":1791529332892000}
S12 {"client_hit":false,"event":"shot_sent","phase":"ACTIVE","pid":38088,"role":"client","sequence":11,"target":"pedestrian","view_age_ms":312.0,"wall_usec":1791529332915000}
S12 {"event":"verdict","phase":"ACTIVE","pid":38088,"role":"client","row":{"accepted":false,"reason":"RATE_LIMITED","sequence":10},"wall_usec":1791529332993000}
S12 {"client_hit":true,"event":"shot_sent","phase":"ACTIVE","pid":38088,"role":"client","sequence":12,"target":"car","view_age_ms":244.0,"wall_usec":1791529333054000}
S12 {"event":"verdict","phase":"ACTIVE","pid":38088,"role":"client","row":{"accepted":true,"client_hit":false,"current_hit":false,"reason":"OK","rewind_age_ms":242.0,"rewind_clamped":true,"rewind_cpu_usec":25,"rewind_hit":false,"sequence":11,"speed":1.5,"target":"pedestrian"},"wall_usec":1791529333132000}
S12 {"client_hit":true,"event":"shot_sent","phase":"ACTIVE","pid":38088,"role":"client","sequence":13,"target":"pedestrian","view_age_ms":309.0,"wall_usec":1791529333209000}
S12 {"event":"verdict","phase":"ACTIVE","pid":38088,"role":"client","row":{"accepted":true,"client_hit":true,"current_hit":false,"reason":"OK","rewind_age_ms":247.0,"rewind_clamped":true,"rewind_cpu_usec":22,"rewind_hit":false,"sequence":12,"speed":12.0,"target":"car"},"wall_usec":1791529333319000}
S12 {"client_hit":true,"event":"shot_sent","phase":"ACTIVE","pid":38088,"role":"client","sequence":14,"target":"car","view_age_ms":249.0,"wall_usec":1791529333350000}
S12 {"client_hit":false,"event":"shot_sent","phase":"ACTIVE","pid":38088,"role":"client","sequence":15,"target":"pedestrian","view_age_ms":357.0,"wall_usec":1791529333505000}
S12 {"client_hit":false,"event":"shot_sent","phase":"ACTIVE","pid":38088,"role":"client","sequence":16,"target":"car","view_age_ms":253.0,"wall_usec":1791529333658000}
S12 {"client_hit":true,"event":"shot_sent","phase":"ACTIVE","pid":38088,"role":"client","sequence":17,"target":"pedestrian","view_age_ms":292.0,"wall_usec":1791529333812000}
S12 {"event":"verdict","phase":"ACTIVE","pid":38088,"role":"client","row":{"accepted":true,"client_hit":true,"current_hit":false,"reason":"OK","rewind_age_ms":255.0,"rewind_clamped":true,"rewind_cpu_usec":10,"rewind_hit":true,"sequence":13,"speed":1.5,"target":"pedestrian"},"wall_usec":1791529333827000}
S12 {"event":"verdict","phase":"ACTIVE","pid":38088,"role":"client","row":{"accepted":true,"client_hit":true,"current_hit":false,"reason":"OK","rewind_age_ms":251.0,"rewind_clamped":true,"rewind_cpu_usec":12,"rewind_hit":true,"sequence":14,"speed":12.0,"target":"car"},"wall_usec":1791529333829000}
S12 {"event":"verdict","phase":"ACTIVE","pid":38088,"role":"client","row":{"accepted":true,"client_hit":false,"current_hit":true,"reason":"OK","rewind_age_ms":239.0,"rewind_clamped":true,"rewind_cpu_usec":18,"rewind_hit":true,"sequence":15,"speed":1.5,"target":"pedestrian"},"wall_usec":1791529333832000}
S12 {"client_hit":true,"event":"shot_sent","phase":"ACTIVE","pid":38088,"role":"client","sequence":18,"target":"car","view_age_ms":249.0,"wall_usec":1791529333952000}
S12 {"event":"verdict","phase":"ACTIVE","pid":38088,"role":"client","row":{"accepted":true,"client_hit":false,"current_hit":false,"reason":"OK","rewind_age_ms":245.0,"rewind_clamped":true,"rewind_cpu_usec":28,"rewind_hit":false,"sequence":16,"speed":12.0,"target":"car"},"wall_usec":1791529333983000}
S12 {"event":"verdict","phase":"ACTIVE","pid":38088,"role":"client","row":{"accepted":false,"reason":"RATE_LIMITED","sequence":17},"wall_usec":1791529333998000}
S12 {"event":"rocket","phase":"ACTIVE","pid":38088,"role":"client","row":{"accepted":true,"launch_usec":1791529333968000,"sent_usec":1791529333815000,"sequence":3},"wall_usec":1791529334093000}
S12 {"client_hit":true,"event":"shot_sent","phase":"ACTIVE","pid":38088,"role":"client","sequence":19,"target":"pedestrian","view_age_ms":201.0,"wall_usec":1791529334107000}
S12 {"event":"verdict","phase":"ACTIVE","pid":38088,"role":"client","row":{"accepted":true,"client_hit":true,"current_hit":false,"reason":"OK","rewind_age_ms":248.0,"rewind_clamped":true,"rewind_cpu_usec":21,"rewind_hit":true,"sequence":18,"speed":12.0,"target":"car"},"wall_usec":1791529334249000}
S12 {"client_hit":false,"event":"shot_sent","phase":"ACTIVE","pid":38088,"role":"client","sequence":20,"target":"car","view_age_ms":219.0,"wall_usec":1791529334265000}
S12 {"client_hit":false,"event":"shot_sent","phase":"ACTIVE","pid":38088,"role":"client","sequence":21,"target":"pedestrian","view_age_ms":296.0,"wall_usec":1791529334404000}
S12 {"event":"verdict","phase":"ACTIVE","pid":38088,"role":"client","row":{"accepted":true,"client_hit":true,"current_hit":true,"reason":"OK","rewind_age_ms":250.0,"rewind_clamped":true,"rewind_cpu_usec":11,"rewind_hit":true,"sequence":19,"speed":1.5,"target":"pedestrian"},"wall_usec":1791529334473000}
S12 {"event":"verdict","phase":"ACTIVE","pid":38088,"role":"client","row":{"accepted":false,"reason":"RATE_LIMITED","sequence":20},"wall_usec":1791529334482000}
S12 {"client_hit":true,"event":"shot_sent","phase":"ACTIVE","pid":38088,"role":"client","sequence":22,"target":"car","view_age_ms":248.0,"wall_usec":1791529334559000}
S12 {"event":"verdict","phase":"ACTIVE","pid":38088,"role":"client","row":{"accepted":true,"client_hit":false,"current_hit":false,"reason":"OK","rewind_age_ms":249.0,"rewind_clamped":true,"rewind_cpu_usec":11,"rewind_hit":false,"sequence":21,"speed":1.5,"target":"pedestrian"},"wall_usec":1791529334699000}
S12 {"client_hit":true,"event":"shot_sent","phase":"ACTIVE","pid":38088,"role":"client","sequence":23,"target":"pedestrian","view_age_ms":260.0,"wall_usec":1791529334714000}
S12 {"event":"verdict","phase":"ACTIVE","pid":38088,"role":"client","row":{"accepted":true,"client_hit":true,"current_hit":false,"reason":"OK","rewind_age_ms":256.0,"rewind_clamped":true,"rewind_cpu_usec":21,"rewind_hit":true,"sequence":22,"speed":12.0,"target":"car"},"wall_usec":1791529334855000}
S12 {"client_hit":true,"event":"shot_sent","phase":"ACTIVE","pid":38088,"role":"client","sequence":24,"target":"car","view_age_ms":298.0,"wall_usec":1791529334858000}
S12 {"client_hit":false,"event":"shot_sent","phase":"ACTIVE","pid":38088,"role":"client","sequence":25,"target":"pedestrian","view_age_ms":250.0,"wall_usec":1791529335012000}
S12 {"event":"verdict","phase":"ACTIVE","pid":38088,"role":"client","row":{"accepted":true,"client_hit":true,"current_hit":false,"reason":"OK","rewind_age_ms":255.0,"rewind_clamped":true,"rewind_cpu_usec":14,"rewind_hit":true,"sequence":23,"speed":1.5,"target":"pedestrian"},"wall_usec":1791529335060000}
S12 {"client_hit":false,"event":"shot_sent","phase":"ACTIVE","pid":38088,"role":"client","sequence":26,"target":"car","view_age_ms":314.0,"wall_usec":1791529335169000}
S12 {"event":"verdict","phase":"ACTIVE","pid":38088,"role":"client","row":{"accepted":false,"reason":"RATE_LIMITED","sequence":24},"wall_usec":1791529335172000}
S12 {"client_hit":true,"event":"shot_sent","phase":"ACTIVE","pid":38088,"role":"client","sequence":27,"target":"pedestrian","view_age_ms":250.0,"wall_usec":1791529335310000}
S12 {"event":"verdict","phase":"ACTIVE","pid":38088,"role":"client","row":{"accepted":true,"client_hit":false,"current_hit":true,"reason":"OK","rewind_age_ms":262.0,"rewind_clamped":true,"rewind_cpu_usec":11,"rewind_hit":true,"sequence":25,"speed":1.5,"target":"pedestrian"},"wall_usec":1791529335357000}
S12 {"event":"rocket","phase":"ACTIVE","pid":38088,"role":"client","row":{"accepted":true,"launch_usec":1791529335169000,"sent_usec":1791529335015000,"sequence":4},"wall_usec":1791529335360000}
S12 {"client_hit":true,"event":"shot_sent","phase":"ACTIVE","pid":38088,"role":"client","sequence":28,"target":"car","view_age_ms":298.0,"wall_usec":1791529335452000}
S12 {"event":"verdict","phase":"ACTIVE","pid":38088,"role":"client","row":{"accepted":true,"client_hit":false,"current_hit":true,"reason":"OK","rewind_age_ms":252.0,"rewind_clamped":true,"rewind_cpu_usec":11,"rewind_hit":false,"sequence":26,"speed":12.0,"target":"car"},"wall_usec":1791529335512000}
S12 {"event":"verdict","phase":"ACTIVE","pid":38088,"role":"client","row":{"accepted":true,"client_hit":true,"current_hit":false,"reason":"OK","rewind_age_ms":254.0,"rewind_clamped":true,"rewind_cpu_usec":11,"rewind_hit":false,"sequence":27,"speed":1.5,"target":"pedestrian"},"wall_usec":1791529335559000}
S12 {"client_hit":true,"event":"shot_sent","phase":"ACTIVE","pid":38088,"role":"client","sequence":29,"target":"pedestrian","view_age_ms":249.0,"wall_usec":1791529335607000}
S12 {"client_hit":false,"event":"shot_sent","phase":"ACTIVE","pid":38088,"role":"client","sequence":30,"target":"car","view_age_ms":218.0,"wall_usec":1791529335762000}
S12 {"event":"verdict","phase":"ACTIVE","pid":38088,"role":"client","row":{"accepted":true,"client_hit":true,"current_hit":false,"reason":"OK","rewind_age_ms":246.0,"rewind_clamped":true,"rewind_cpu_usec":15,"rewind_hit":false,"sequence":28,"speed":12.0,"target":"car"},"wall_usec":1791529335824000}
S12 {"event":"verdict","phase":"ACTIVE","pid":38088,"role":"client","row":{"accepted":false,"reason":"RATE_LIMITED","sequence":29},"wall_usec":1791529335829000}
S12 {"client_hit":false,"event":"shot_sent","phase":"ACTIVE","pid":38088,"role":"client","sequence":31,"target":"pedestrian","view_age_ms":293.0,"wall_usec":1791529335900000}
S12 {"event":"verdict","phase":"ACTIVE","pid":38088,"role":"client","row":{"accepted":true,"client_hit":false,"current_hit":false,"reason":"OK","rewind_age_ms":251.0,"rewind_clamped":true,"rewind_cpu_usec":12,"rewind_hit":true,"sequence":30,"speed":12.0,"target":"car"},"wall_usec":1791529336025000}
S12 {"client_hit":true,"event":"shot_sent","phase":"ACTIVE","pid":38088,"role":"client","sequence":32,"target":"car","view_age_ms":295.0,"wall_usec":1791529336056000}
S12 {"event":"verdict","phase":"ACTIVE","pid":38088,"role":"client","row":{"accepted":true,"client_hit":false,"current_hit":false,"reason":"OK","rewind_age_ms":255.0,"rewind_clamped":true,"rewind_cpu_usec":11,"rewind_hit":false,"sequence":31,"speed":1.5,"target":"pedestrian"},"wall_usec":1791529336149000}
S12 {"client_hit":true,"event":"shot_sent","phase":"ACTIVE","pid":38088,"role":"client","sequence":33,"target":"pedestrian","view_age_ms":263.0,"wall_usec":1791529336211000}
S12 {"event":"verdict","phase":"ACTIVE","pid":38088,"role":"client","row":{"accepted":true,"client_hit":true,"current_hit":false,"reason":"OK","rewind_age_ms":245.0,"rewind_clamped":true,"rewind_cpu_usec":12,"rewind_hit":false,"sequence":32,"speed":12.0,"target":"car"},"wall_usec":1791529336321000}
S12 {"client_hit":true,"event":"shot_sent","phase":"ACTIVE","pid":38088,"role":"client","sequence":34,"target":"car","view_age_ms":242.0,"wall_usec":1791529336350000}
S12 {"event":"verdict","phase":"ACTIVE","pid":38088,"role":"client","row":{"accepted":true,"client_hit":true,"current_hit":false,"reason":"OK","rewind_age_ms":242.0,"rewind_clamped":true,"rewind_cpu_usec":16,"rewind_hit":true,"sequence":33,"speed":1.5,"target":"pedestrian"},"wall_usec":1791529336506000}
S12 {"client_hit":false,"event":"shot_sent","phase":"ACTIVE","pid":38088,"role":"client","sequence":35,"target":"pedestrian","view_age_ms":343.0,"wall_usec":1791529336509000}
S12 {"event":"rocket","phase":"ACTIVE","pid":38088,"role":"client","row":{"accepted":true,"launch_usec":1791529336398000,"sent_usec":1791529336214000,"sequence":5},"wall_usec":1791529336537000}
S12 {"client_hit":false,"event":"shot_sent","phase":"ACTIVE","pid":38088,"role":"client","sequence":36,"target":"car","view_age_ms":263.0,"wall_usec":1791529336661000}
S12 {"client_hit":true,"event":"shot_sent","phase":"ACTIVE","pid":38088,"role":"client","sequence":37,"target":"pedestrian","view_age_ms":295.0,"wall_usec":1791529336801000}
S12 {"client_hit":true,"event":"shot_sent","phase":"ACTIVE","pid":38088,"role":"client","sequence":38,"target":"car","view_age_ms":298.0,"wall_usec":1791529336958000}
S12 {"client_hit":true,"event":"shot_sent","phase":"ACTIVE","pid":38088,"role":"client","sequence":39,"target":"pedestrian","view_age_ms":235.0,"wall_usec":1791529337100000}
S12 {"event":"verdict","phase":"ACTIVE","pid":38088,"role":"client","row":{"accepted":true,"client_hit":true,"current_hit":false,"reason":"OK","rewind_age_ms":249.0,"rewind_clamped":true,"rewind_cpu_usec":12,"rewind_hit":true,"sequence":34,"speed":12.0,"target":"car"},"wall_usec":1791529337132000}
S12 {"event":"verdict","phase":"ACTIVE","pid":38088,"role":"client","row":{"accepted":true,"client_hit":false,"current_hit":true,"reason":"OK","rewind_age_ms":248.0,"rewind_clamped":true,"rewind_cpu_usec":16,"rewind_hit":true,"sequence":35,"speed":1.5,"target":"pedestrian"},"wall_usec":1791529337136000}
S12 {"event":"verdict","phase":"ACTIVE","pid":38088,"role":"client","row":{"accepted":true,"client_hit":false,"current_hit":false,"reason":"OK","rewind_age_ms":251.0,"rewind_clamped":true,"rewind_cpu_usec":15,"rewind_hit":false,"sequence":36,"speed":12.0,"target":"car"},"wall_usec":1791529337139000}
S12 {"event":"verdict","phase":"ACTIVE","pid":38088,"role":"client","row":{"accepted":false,"reason":"RELOADING","sequence":37},"wall_usec":1791529337141000}
S12 {"client_hit":false,"event":"shot_sent","phase":"ACTIVE","pid":38088,"role":"client","sequence":40,"target":"car","view_age_ms":250.0,"wall_usec":1791529337255000}
S12 {"event":"verdict","phase":"ACTIVE","pid":38088,"role":"client","row":{"accepted":false,"reason":"RELOADING","sequence":38},"wall_usec":1791529337286000}
S12 {"event":"verdict","phase":"ACTIVE","pid":38088,"role":"client","row":{"accepted":false,"reason":"RELOADING","sequence":39},"wall_usec":1791529337333000}
S12 {"client_hit":false,"event":"shot_sent","phase":"ACTIVE","pid":38088,"role":"client","sequence":41,"target":"pedestrian","view_age_ms":248.0,"wall_usec":1791529337411000}
S12 {"client_hit":true,"event":"shot_sent","phase":"ACTIVE","pid":38088,"role":"client","sequence":42,"target":"car","view_age_ms":249.0,"wall_usec":1791529337551000}
S12 {"event":"verdict","phase":"ACTIVE","pid":38088,"role":"client","row":{"accepted":false,"reason":"RELOADING","sequence":40},"wall_usec":1791529337598000}
S12 {"client_hit":true,"event":"shot_sent","phase":"ACTIVE","pid":38088,"role":"client","sequence":43,"target":"pedestrian","view_age_ms":356.0,"wall_usec":1791529337705000}
S12 {"client_hit":true,"event":"shot_sent","phase":"ACTIVE","pid":38088,"role":"client","sequence":44,"target":"car","view_age_ms":244.0,"wall_usec":1791529337858000}
S12 {"client_hit":false,"event":"shot_sent","phase":"ACTIVE","pid":38088,"role":"client","sequence":45,"target":"pedestrian","view_age_ms":289.0,"wall_usec":1791529338001000}
S12 {"client_hit":false,"event":"shot_sent","phase":"ACTIVE","pid":38088,"role":"client","sequence":46,"target":"car","view_age_ms":244.0,"wall_usec":1791529338152000}
S12 {"event":"verdict","phase":"ACTIVE","pid":38088,"role":"client","row":{"accepted":false,"reason":"RELOADING","sequence":41},"wall_usec":1791529338244000}
S12 {"event":"rocket","phase":"ACTIVE","pid":38088,"role":"client","row":{"accepted":true,"launch_usec":1791529338075000,"sent_usec":1791529337417000,"sequence":6},"wall_usec":1791529338247000}
S12 {"event":"verdict","phase":"ACTIVE","pid":38088,"role":"client","row":{"accepted":false,"reason":"RELOADING","sequence":42},"wall_usec":1791529338250000}
S12 {"event":"verdict","phase":"ACTIVE","pid":38088,"role":"client","row":{"accepted":false,"reason":"RELOADING","sequence":43},"wall_usec":1791529338252000}
S12 {"event":"verdict","phase":"ACTIVE","pid":38088,"role":"client","row":{"accepted":false,"reason":"RELOADING","sequence":44},"wall_usec":1791529338255000}
S12 {"event":"verdict","phase":"ACTIVE","pid":38088,"role":"client","row":{"accepted":false,"reason":"RELOADING","sequence":45},"wall_usec":1791529338257000}
S12 {"client_hit":true,"event":"shot_sent","phase":"ACTIVE","pid":38088,"role":"client","sequence":47,"target":"pedestrian","view_age_ms":199.0,"wall_usec":1791529338306000}
S12 {"event":"verdict","phase":"ACTIVE","pid":38088,"role":"client","row":{"accepted":false,"reason":"RELOADING","sequence":46},"wall_usec":1791529338338000}
S12 {"client_hit":true,"event":"shot_sent","phase":"ACTIVE","pid":38088,"role":"client","sequence":48,"target":"car","view_age_ms":264.0,"wall_usec":1791529338477000}
S12 {"client_hit":true,"event":"shot_sent","phase":"ACTIVE","pid":38088,"role":"client","sequence":49,"target":"pedestrian","view_age_ms":343.0,"wall_usec":1791529338603000}
S12 {"event":"verdict","phase":"ACTIVE","pid":38088,"role":"client","row":{"accepted":false,"reason":"RELOADING","sequence":47},"wall_usec":1791529338681000}
S12 {"client_hit":false,"event":"shot_sent","phase":"ACTIVE","pid":38088,"role":"client","sequence":50,"target":"car","view_age_ms":501.0,"wall_usec":1791529338761000}
S12 {"event":"verdict","phase":"ACTIVE","pid":38088,"role":"client","row":{"accepted":false,"reason":"RELOADING","sequence":48},"wall_usec":1791529338840000}
S12 {"event":"verdict","phase":"ACTIVE","pid":38088,"role":"client","row":{"accepted":false,"reason":"RELOADING","sequence":49},"wall_usec":1791529338887000}
S12 {"event":"rocket","phase":"ACTIVE","pid":38088,"role":"client","row":{"accepted":false,"launch_usec":1791529338701000,"sent_usec":1791529338608000,"sequence":7},"wall_usec":1791529338890000}
S12 {"client_hit":false,"event":"shot_sent","phase":"ACTIVE","pid":38088,"role":"client","sequence":51,"target":"pedestrian","view_age_ms":286.0,"wall_usec":1791529338919000}
S12 {"event":"verdict","phase":"ACTIVE","pid":38088,"role":"client","row":{"accepted":true,"client_hit":false,"current_hit":false,"reason":"OK","rewind_age_ms":254.0,"rewind_clamped":true,"rewind_cpu_usec":12,"rewind_hit":false,"sequence":50,"speed":12.0,"target":"car"},"wall_usec":1791529339009000}
S12 {"client_hit":true,"event":"shot_sent","phase":"ACTIVE","pid":38088,"role":"client","sequence":52,"target":"car","view_age_ms":200.0,"wall_usec":1791529339056000}
S12 {"event":"verdict","phase":"ACTIVE","pid":38088,"role":"client","row":{"accepted":true,"client_hit":false,"current_hit":true,"reason":"OK","rewind_age_ms":263.0,"rewind_clamped":true,"rewind_cpu_usec":12,"rewind_hit":true,"sequence":51,"speed":1.5,"target":"pedestrian"},"wall_usec":1791529339133000}
S12 {"client_hit":true,"event":"shot_sent","phase":"ACTIVE","pid":38088,"role":"client","sequence":53,"target":"pedestrian","view_age_ms":309.0,"wall_usec":1791529339211000}
S12 {"client_hit":true,"event":"shot_sent","phase":"ACTIVE","pid":38088,"role":"client","sequence":54,"target":"car","view_age_ms":264.0,"wall_usec":1791529339351000}
S12 {"event":"verdict","phase":"ACTIVE","pid":38088,"role":"client","row":{"accepted":true,"client_hit":true,"current_hit":false,"reason":"OK","rewind_age_ms":247.0,"rewind_clamped":true,"rewind_cpu_usec":12,"rewind_hit":false,"sequence":52,"speed":12.0,"target":"car"},"wall_usec":1791529339382000}
S12 {"event":"verdict","phase":"ACTIVE","pid":38088,"role":"client","row":{"accepted":true,"client_hit":true,"current_hit":false,"reason":"OK","rewind_age_ms":248.0,"rewind_clamped":true,"rewind_cpu_usec":28,"rewind_hit":true,"sequence":53,"speed":1.5,"target":"pedestrian"},"wall_usec":1791529339504000}
S12 {"client_hit":false,"event":"shot_sent","phase":"ACTIVE","pid":38088,"role":"client","sequence":55,"target":"pedestrian","view_age_ms":329.0,"wall_usec":1791529339508000}
S12 {"event":"verdict","phase":"ACTIVE","pid":38088,"role":"client","row":{"accepted":false,"reason":"RATE_LIMITED","sequence":54},"wall_usec":1791529339565000}
S12 {"client_hit":false,"event":"shot_sent","phase":"ACTIVE","pid":38088,"role":"client","sequence":56,"target":"car","view_age_ms":276.0,"wall_usec":1791529339659000}
S12 {"event":"verdict","phase":"ACTIVE","pid":38088,"role":"client","row":{"accepted":true,"client_hit":false,"current_hit":false,"reason":"OK","rewind_age_ms":245.0,"rewind_clamped":true,"rewind_cpu_usec":24,"rewind_hit":false,"sequence":55,"speed":1.5,"target":"pedestrian"},"wall_usec":1791529339771000}
S12 {"client_hit":true,"event":"shot_sent","phase":"ACTIVE","pid":38088,"role":"client","sequence":57,"target":"pedestrian","view_age_ms":312.0,"wall_usec":1791529339800000}
S12 {"event":"verdict","phase":"ACTIVE","pid":38088,"role":"client","row":{"accepted":true,"client_hit":false,"current_hit":false,"reason":"OK","rewind_age_ms":250.0,"rewind_clamped":true,"rewind_cpu_usec":15,"rewind_hit":false,"sequence":56,"speed":12.0,"target":"car"},"wall_usec":1791529339953000}
S12 {"client_hit":true,"event":"shot_sent","phase":"ACTIVE","pid":38088,"role":"client","sequence":58,"target":"car","view_age_ms":265.0,"wall_usec":1791529339956000}
S12 {"client_hit":true,"event":"shot_sent","phase":"ACTIVE","pid":38088,"role":"client","sequence":59,"target":"pedestrian","view_age_ms":324.0,"wall_usec":1791529340109000}
S12 {"client_hit":false,"event":"shot_sent","phase":"ACTIVE","pid":38088,"role":"client","sequence":60,"target":"car","view_age_ms":308.0,"wall_usec":1791529340250000}
S12 {"client_hit":false,"event":"shot_sent","phase":"ACTIVE","pid":38088,"role":"client","sequence":61,"target":"pedestrian","view_age_ms":314.0,"wall_usec":1791529340406000}
S12 {"client_hit":true,"event":"shot_sent","phase":"ACTIVE","pid":38088,"role":"client","sequence":62,"target":"car","view_age_ms":264.0,"wall_usec":1791529340558000}
S12 {"event":"verdict","phase":"ACTIVE","pid":38088,"role":"client","row":{"accepted":true,"client_hit":true,"current_hit":true,"reason":"OK","rewind_age_ms":247.0,"rewind_clamped":true,"rewind_cpu_usec":13,"rewind_hit":true,"sequence":57,"speed":1.5,"target":"pedestrian"},"wall_usec":1791529340589000}
S12 {"event":"rocket","phase":"ACTIVE","pid":38088,"role":"client","row":{"accepted":true,"launch_usec":1791529339953000,"sent_usec":1791529339806000,"sequence":8},"wall_usec":1791529340593000}
S12 {"event":"verdict","phase":"ACTIVE","pid":38088,"role":"client","row":{"accepted":true,"client_hit":true,"current_hit":false,"reason":"OK","rewind_age_ms":249.0,"rewind_clamped":true,"rewind_cpu_usec":11,"rewind_hit":false,"sequence":58,"speed":12.0,"target":"car"},"wall_usec":1791529340595000}
S12 {"event":"verdict","phase":"ACTIVE","pid":38088,"role":"client","row":{"accepted":true,"client_hit":true,"current_hit":false,"reason":"OK","rewind_age_ms":250.0,"rewind_clamped":true,"rewind_cpu_usec":16,"rewind_hit":false,"sequence":59,"speed":1.5,"target":"pedestrian"},"wall_usec":1791529340598000}
S12 {"event":"verdict","phase":"ACTIVE","pid":38088,"role":"client","row":{"accepted":true,"client_hit":false,"current_hit":false,"reason":"OK","rewind_age_ms":249.0,"rewind_clamped":true,"rewind_cpu_usec":12,"rewind_hit":false,"sequence":60,"speed":12.0,"target":"car"},"wall_usec":1791529340600000}
S12 {"event":"verdict","phase":"ACTIVE","pid":38088,"role":"client","row":{"accepted":true,"client_hit":false,"current_hit":true,"reason":"OK","rewind_age_ms":250.0,"rewind_clamped":true,"rewind_cpu_usec":12,"rewind_hit":true,"sequence":61,"speed":1.5,"target":"pedestrian"},"wall_usec":1791529340667000}
S12 {"client_hit":true,"event":"shot_sent","phase":"ACTIVE","pid":38088,"role":"client","sequence":63,"target":"pedestrian","view_age_ms":234.0,"wall_usec":1791529340714000}
S12 {"event":"verdict","phase":"ACTIVE","pid":38088,"role":"client","row":{"accepted":true,"client_hit":true,"current_hit":false,"reason":"OK","rewind_age_ms":249.0,"rewind_clamped":true,"rewind_cpu_usec":14,"rewind_hit":false,"sequence":62,"speed":12.0,"target":"car"},"wall_usec":1791529340838000}
S12 {"client_hit":true,"event":"shot_sent","phase":"ACTIVE","pid":38088,"role":"client","sequence":64,"target":"car","view_age_ms":263.0,"wall_usec":1791529340853000}
S12 {"client_hit":false,"event":"shot_sent","phase":"ACTIVE","pid":38088,"role":"client","sequence":65,"target":"pedestrian","view_age_ms":262.0,"wall_usec":1791529341007000}
S12 {"event":"verdict","phase":"ACTIVE","pid":38088,"role":"client","row":{"accepted":true,"client_hit":true,"current_hit":false,"reason":"OK","rewind_age_ms":247.0,"rewind_clamped":true,"rewind_cpu_usec":22,"rewind_hit":true,"sequence":63,"speed":1.5,"target":"pedestrian"},"wall_usec":1791529341010000}
S12 {"event":"verdict","phase":"ACTIVE","pid":38088,"role":"client","row":{"accepted":true,"client_hit":true,"current_hit":false,"reason":"OK","rewind_age_ms":247.0,"rewind_clamped":true,"rewind_cpu_usec":14,"rewind_hit":false,"sequence":64,"speed":12.0,"target":"car"},"wall_usec":1791529341117000}
S12 {"client_hit":false,"event":"shot_sent","phase":"ACTIVE","pid":38088,"role":"client","sequence":66,"target":"car","view_age_ms":220.0,"wall_usec":1791529341150000}
S12 {"client_hit":true,"event":"shot_sent","phase":"ACTIVE","pid":38088,"role":"client","sequence":67,"target":"pedestrian","view_age_ms":210.0,"wall_usec":1791529341311000}
S12 {"client_hit":true,"event":"shot_sent","phase":"ACTIVE","pid":38088,"role":"client","sequence":68,"target":"car","view_age_ms":312.0,"wall_usec":1791529341462000}
S12 {"client_hit":true,"event":"shot_sent","phase":"ACTIVE","pid":38088,"role":"client","sequence":69,"target":"pedestrian","view_age_ms":262.0,"wall_usec":1791529341604000}
S12 {"event":"verdict","phase":"ACTIVE","pid":38088,"role":"client","row":{"accepted":true,"client_hit":false,"current_hit":false,"reason":"OK","rewind_age_ms":252.0,"rewind_clamped":true,"rewind_cpu_usec":20,"rewind_hit":false,"sequence":65,"speed":1.5,"target":"pedestrian"},"wall_usec":1791529341679000}
S12 {"event":"rocket","phase":"ACTIVE","pid":38088,"role":"client","row":{"accepted":true,"launch_usec":1791529341151000,"sent_usec":1791529341010000,"sequence":9},"wall_usec":1791529341683000}
S12 {"event":"verdict","phase":"ACTIVE","pid":38088,"role":"client","row":{"accepted":true,"client_hit":false,"current_hit":false,"reason":"OK","rewind_age_ms":253.0,"rewind_clamped":true,"rewind_cpu_usec":16,"rewind_hit":false,"sequence":66,"speed":12.0,"target":"car"},"wall_usec":1791529341685000}
S12 {"event":"verdict","phase":"ACTIVE","pid":38088,"role":"client","row":{"accepted":true,"client_hit":true,"current_hit":true,"reason":"OK","rewind_age_ms":249.0,"rewind_clamped":true,"rewind_cpu_usec":12,"rewind_hit":true,"sequence":67,"speed":1.5,"target":"pedestrian"},"wall_usec":1791529341688000}
S12 {"client_hit":false,"event":"shot_sent","phase":"ACTIVE","pid":38088,"role":"client","sequence":70,"target":"car","view_age_ms":310.0,"wall_usec":1791529341757000}
S12 {"event":"verdict","phase":"ACTIVE","pid":38088,"role":"client","row":{"accepted":true,"client_hit":true,"current_hit":false,"reason":"OK","rewind_age_ms":250.0,"rewind_clamped":true,"rewind_cpu_usec":16,"rewind_hit":false,"sequence":68,"speed":12.0,"target":"car"},"wall_usec":1791529341760000}
S12 {"client_hit":false,"event":"shot_sent","phase":"ACTIVE","pid":38088,"role":"client","sequence":71,"target":"pedestrian","view_age_ms":278.0,"wall_usec":1791529341911000}
S12 {"event":"verdict","phase":"ACTIVE","pid":38088,"role":"client","row":{"accepted":true,"client_hit":true,"current_hit":false,"reason":"OK","rewind_age_ms":249.0,"rewind_clamped":true,"rewind_cpu_usec":21,"rewind_hit":false,"sequence":69,"speed":1.5,"target":"pedestrian"},"wall_usec":1791529341915000}
S12 {"client_hit":true,"event":"shot_sent","phase":"ACTIVE","pid":38088,"role":"client","sequence":72,"target":"car","view_age_ms":264.0,"wall_usec":1791529342052000}
S12 {"event":"verdict","phase":"ACTIVE","pid":38088,"role":"client","row":{"accepted":true,"client_hit":false,"current_hit":false,"reason":"OK","rewind_age_ms":246.0,"rewind_clamped":true,"rewind_cpu_usec":23,"rewind_hit":false,"sequence":70,"speed":12.0,"target":"car"},"wall_usec":1791529342058000}
S12 {"client_hit":true,"event":"shot_sent","phase":"ACTIVE","pid":38088,"role":"client","sequence":73,"target":"pedestrian","view_age_ms":218.0,"wall_usec":1791529342206000}
S12 {"event":"verdict","phase":"ACTIVE","pid":38088,"role":"client","row":{"accepted":true,"client_hit":false,"current_hit":true,"reason":"OK","rewind_age_ms":249.0,"rewind_clamped":true,"rewind_cpu_usec":22,"rewind_hit":true,"sequence":71,"speed":1.5,"target":"pedestrian"},"wall_usec":1791529342237000}
S12 {"event":"verdict","phase":"ACTIVE","pid":38088,"role":"client","row":{"accepted":true,"client_hit":true,"current_hit":true,"reason":"OK","rewind_age_ms":264.0,"rewind_clamped":true,"rewind_cpu_usec":17,"rewind_hit":false,"sequence":72,"speed":12.0,"target":"car"},"wall_usec":1791529342347000}
S12 {"client_hit":true,"event":"shot_sent","phase":"ACTIVE","pid":38088,"role":"client","sequence":74,"target":"car","view_age_ms":280.0,"wall_usec":1791529342362000}
S12 {"event":"verdict","phase":"ACTIVE","pid":38088,"role":"client","row":{"accepted":true,"client_hit":true,"current_hit":false,"reason":"OK","rewind_age_ms":249.0,"rewind_clamped":true,"rewind_cpu_usec":12,"rewind_hit":true,"sequence":73,"speed":1.5,"target":"pedestrian"},"wall_usec":1791529342423000}
S12 {"client_hit":false,"event":"shot_sent","phase":"ACTIVE","pid":38088,"role":"client","sequence":75,"target":"pedestrian","view_age_ms":357.0,"wall_usec":1791529342501000}
S12 {"event":"rocket","phase":"ACTIVE","pid":38088,"role":"client","row":{"accepted":true,"launch_usec":1791529342393000,"sent_usec":1791529342216000,"sequence":10},"wall_usec":1791529342532000}
S12 {"client_hit":false,"event":"shot_sent","phase":"ACTIVE","pid":38088,"role":"client","sequence":76,"target":"car","view_age_ms":217.0,"wall_usec":1791529342658000}
S12 {"event":"verdict","phase":"ACTIVE","pid":38088,"role":"client","row":{"accepted":true,"client_hit":true,"current_hit":false,"reason":"OK","rewind_age_ms":245.0,"rewind_clamped":true,"rewind_cpu_usec":12,"rewind_hit":false,"sequence":74,"speed":12.0,"target":"car"},"wall_usec":1791529342705000}
S12 {"event":"verdict","phase":"ACTIVE","pid":38088,"role":"client","row":{"accepted":false,"reason":"RATE_LIMITED","sequence":75},"wall_usec":1791529342751000}
S12 {"client_hit":true,"event":"shot_sent","phase":"ACTIVE","pid":38088,"role":"client","sequence":77,"target":"pedestrian","view_age_ms":233.0,"wall_usec":1791529342813000}
S12 {"event":"verdict","phase":"ACTIVE","pid":38088,"role":"client","row":{"accepted":true,"client_hit":false,"current_hit":false,"reason":"OK","rewind_age_ms":250.0,"rewind_clamped":true,"rewind_cpu_usec":12,"rewind_hit":true,"sequence":76,"speed":12.0,"target":"car"},"wall_usec":1791529342937000}
S12 {"client_hit":true,"event":"shot_sent","phase":"ACTIVE","pid":38088,"role":"client","sequence":78,"target":"car","view_age_ms":281.0,"wall_usec":1791529342970000}
S12 {"event":"verdict","phase":"ACTIVE","pid":38088,"role":"client","row":{"accepted":true,"client_hit":true,"current_hit":true,"reason":"OK","rewind_age_ms":264.0,"rewind_clamped":true,"rewind_cpu_usec":12,"rewind_hit":true,"sequence":77,"speed":1.5,"target":"pedestrian"},"wall_usec":1791529343096000}
S12 {"client_hit":true,"event":"shot_sent","phase":"ACTIVE","pid":38088,"role":"client","sequence":79,"target":"pedestrian","view_age_ms":314.0,"wall_usec":1791529343112000}
S12 {"event":"verdict","phase":"ACTIVE","pid":38088,"role":"client","row":{"accepted":true,"client_hit":true,"current_hit":false,"reason":"OK","rewind_age_ms":251.0,"rewind_clamped":true,"rewind_cpu_usec":23,"rewind_hit":false,"sequence":78,"speed":12.0,"target":"car"},"wall_usec":1791529343204000}
S12 {"client_hit":false,"event":"shot_sent","phase":"ACTIVE","pid":38088,"role":"client","sequence":80,"target":"car","view_age_ms":267.0,"wall_usec":1791529343251000}
S12 {"event":"verdict","phase":"ACTIVE","pid":38088,"role":"client","row":{"accepted":true,"client_hit":true,"current_hit":false,"reason":"OK","rewind_age_ms":252.0,"rewind_clamped":true,"rewind_cpu_usec":16,"rewind_hit":false,"sequence":79,"speed":1.5,"target":"pedestrian"},"wall_usec":1791529343390000}
S12 {"client_hit":false,"event":"shot_sent","phase":"ACTIVE","pid":38088,"role":"client","sequence":81,"target":"pedestrian","view_age_ms":264.0,"wall_usec":1791529343406000}
S12 {"event":"verdict","phase":"ACTIVE","pid":38088,"role":"client","row":{"accepted":false,"reason":"RATE_LIMITED","sequence":80},"wall_usec":1791529343530000}
S12 {"client_hit":true,"event":"shot_sent","phase":"ACTIVE","pid":38088,"role":"client","sequence":82,"target":"car","view_age_ms":218.0,"wall_usec":1791529343561000}
S12 {"client_hit":true,"event":"shot_sent","phase":"ACTIVE","pid":38088,"role":"client","sequence":83,"target":"pedestrian","view_age_ms":263.0,"wall_usec":1791529343700000}
S12 {"client_hit":true,"event":"shot_sent","phase":"ACTIVE","pid":38088,"role":"client","sequence":84,"target":"car","view_age_ms":420.0,"wall_usec":1791529343857000}
S12 {"client_hit":false,"event":"shot_sent","phase":"ACTIVE","pid":38088,"role":"client","sequence":85,"target":"pedestrian","view_age_ms":577.0,"wall_usec":1791529344014000}
S12 {"client_hit":false,"event":"shot_sent","phase":"ACTIVE","pid":38088,"role":"client","sequence":86,"target":"car","view_age_ms":716.0,"wall_usec":1791529344153000}
S12 {"client_hit":true,"event":"shot_sent","phase":"ACTIVE","pid":38088,"role":"client","sequence":87,"target":"pedestrian","view_age_ms":873.0,"wall_usec":1791529344310000}
S12 {"client_hit":true,"event":"shot_sent","phase":"ACTIVE","pid":38088,"role":"client","sequence":88,"target":"car","view_age_ms":1013.0,"wall_usec":1791529344450000}
S12 {"client_hit":true,"event":"shot_sent","phase":"ACTIVE","pid":38088,"role":"client","sequence":89,"target":"pedestrian","view_age_ms":1183.0,"wall_usec":1791529344620000}
S12 {"client_hit":false,"event":"shot_sent","phase":"ACTIVE","pid":38088,"role":"client","sequence":90,"target":"car","view_age_ms":1324.0,"wall_usec":1791529344761000}
S12 {"client_hit":false,"event":"shot_sent","phase":"ACTIVE","pid":38088,"role":"client","sequence":91,"target":"pedestrian","view_age_ms":266.0,"wall_usec":1791529344902000}
S12 {"client_hit":true,"event":"shot_sent","phase":"ACTIVE","pid":38088,"role":"client","sequence":92,"target":"car","view_age_ms":219.0,"wall_usec":1791529345058000}
S12 {"event":"verdict","phase":"ACTIVE","pid":38088,"role":"client","row":{"accepted":true,"client_hit":false,"current_hit":true,"reason":"OK","rewind_age_ms":247.0,"rewind_clamped":true,"rewind_cpu_usec":30,"rewind_hit":true,"sequence":81,"speed":1.5,"target":"pedestrian"},"wall_usec":1791529345061000}
S12 {"event":"rocket","phase":"ACTIVE","pid":38088,"role":"client","row":{"accepted":true,"launch_usec":1791529343545000,"sent_usec":1791529343410000,"sequence":11},"wall_usec":1791529345065000}
S12 {"client_hit":true,"event":"shot_sent","phase":"ACTIVE","pid":38088,"role":"client","sequence":93,"target":"pedestrian","view_age_ms":280.0,"wall_usec":1791529345214000}
S12 {"client_hit":true,"event":"shot_sent","phase":"ACTIVE","pid":38088,"role":"client","sequence":94,"target":"car","view_age_ms":313.0,"wall_usec":1791529345355000}
S12 {"client_hit":false,"event":"shot_sent","phase":"ACTIVE","pid":38088,"role":"client","sequence":95,"target":"pedestrian","view_age_ms":282.0,"wall_usec":1791529345512000}
S12 {"client_hit":false,"event":"shot_sent","phase":"ACTIVE","pid":38088,"role":"client","sequence":96,"target":"car","view_age_ms":249.0,"wall_usec":1791529345651000}
S12 {"event":"verdict","phase":"ACTIVE","pid":38088,"role":"client","row":{"accepted":true,"client_hit":true,"current_hit":false,"reason":"OK","rewind_age_ms":251.0,"rewind_clamped":true,"rewind_cpu_usec":11,"rewind_hit":false,"sequence":82,"speed":12.0,"target":"car"},"wall_usec":1791529346428000}
S12 {"event":"verdict","phase":"ACTIVE","pid":38088,"role":"client","row":{"accepted":false,"reason":"RATE_LIMITED","sequence":83},"wall_usec":1791529346431000}
S12 {"event":"verdict","phase":"ACTIVE","pid":38088,"role":"client","row":{"accepted":false,"reason":"RATE_LIMITED","sequence":84},"wall_usec":1791529346506000}
S12 {"event":"verdict","phase":"ACTIVE","pid":38088,"role":"client","row":{"accepted":false,"reason":"RATE_LIMITED","sequence":85},"wall_usec":1791529346509000}
S12 {"event":"verdict","phase":"ACTIVE","pid":38088,"role":"client","row":{"accepted":false,"reason":"RATE_LIMITED","sequence":86},"wall_usec":1791529346512000}
S12 {"event":"verdict","phase":"ACTIVE","pid":38088,"role":"client","row":{"accepted":false,"reason":"RATE_LIMITED","sequence":87},"wall_usec":1791529346515000}
S12 {"event":"verdict","phase":"ACTIVE","pid":38088,"role":"client","row":{"accepted":false,"reason":"RATE_LIMITED","sequence":88},"wall_usec":1791529346516000}
S12 {"event":"verdict","phase":"ACTIVE","pid":38088,"role":"client","row":{"accepted":false,"reason":"RATE_LIMITED","sequence":89},"wall_usec":1791529346519000}
S12 {"event":"rocket","phase":"ACTIVE","pid":38088,"role":"client","row":{"accepted":true,"launch_usec":1791529346322000,"sent_usec":1791529344627000,"sequence":12},"wall_usec":1791529346521000}
S12 {"event":"verdict","phase":"ACTIVE","pid":38088,"role":"client","row":{"accepted":false,"reason":"RATE_LIMITED","sequence":90},"wall_usec":1791529346524000}
S12 {"event":"verdict","phase":"ACTIVE","pid":38088,"role":"client","row":{"accepted":false,"reason":"RATE_LIMITED","sequence":91},"wall_usec":1791529346527000}
S12 {"event":"verdict","phase":"ACTIVE","pid":38088,"role":"client","row":{"accepted":false,"reason":"RATE_LIMITED","sequence":92},"wall_usec":1791529346529000}
S12 {"event":"verdict","phase":"ACTIVE","pid":38088,"role":"client","row":{"accepted":false,"reason":"RATE_LIMITED","sequence":93},"wall_usec":1791529346532000}
S12 {"event":"verdict","phase":"ACTIVE","pid":38088,"role":"client","row":{"accepted":false,"reason":"RATE_LIMITED","sequence":94},"wall_usec":1791529346534000}
S12 {"event":"verdict","phase":"ACTIVE","pid":38088,"role":"client","row":{"accepted":false,"reason":"RATE_LIMITED","sequence":95},"wall_usec":1791529346537000}
S12 {"event":"verdict","phase":"ACTIVE","pid":38088,"role":"client","row":{"accepted":false,"reason":"RATE_LIMITED","sequence":96},"wall_usec":1791529346539000}
S12 {"event":"verdict","phase":"ACTIVE","pid":38088,"role":"client","row":{"accepted":false,"reason":"STALE_SEQUENCE","sequence":96},"wall_usec":1791529346883000}
S12 {"event":"verdict","phase":"ACTIVE","pid":38088,"role":"client","row":{"accepted":false,"reason":"INVALID","sequence":97},"wall_usec":1791529346896000}
S12 {"event":"verdict","phase":"ACTIVE","pid":38088,"role":"client","row":{"accepted":false,"reason":"INVALID","sequence":98},"wall_usec":1791529346899000}
S12 {"details":{"summary":{"attempts":96,"host":{"history_peak_bytes":2988,"history_samples":24,"magazine":0,"rejections":{"INVALID":2,"RATE_LIMITED":23,"RELOADING":13,"STALE_SEQUENCE":1}},"probes":[{"accepted":false,"reason":"STALE_SEQUENCE","sequence":96},{"accepted":false,"reason":"INVALID","sequence":97},{"accepted":false,"reason":"INVALID","sequence":98}],"responses":96,"rockets":[{"offset_m":2.844,"sequence":1},{"offset_m":2.916,"sequence":2},{"offset_m":2.754,"sequence":3},{"offset_m":2.772,"sequence":4},{"offset_m":3.312,"sequence":5},{"offset_m":11.844,"sequence":6},{"offset_m":2.646,"sequence":8},{"offset_m":2.538,"sequence":9},{"offset_m":3.186,"sequence":10},{"offset_m":2.43,"sequence":11},{"offset_m":30.51,"sequence":12}],"shots":[{"accepted":true,"client_hit":false,"current_hit":false,"reason":"OK","rewind_age_ms":246.0,"rewind_clamped":true,"rewind_cpu_usec":22,"rewind_hit":false,"sequence":1,"speed":1.5,"target":"pedestrian"},{"accepted":true,"client_hit":true,"current_hit":false,"reason":"OK","rewind_age_ms":250.0,"rewind_clamped":true,"rewind_cpu_usec":12,"rewind_hit":true,"sequence":2,"speed":12.0,"target":"car"},{"accepted":true,"client_hit":true,"current_hit":false,"reason":"OK","rewind_age_ms":248.0,"rewind_clamped":true,"rewind_cpu_usec":15,"rewind_hit":true,"sequence":3,"speed":1.5,"target":"pedestrian"},{"accepted":true,"client_hit":true,"current_hit":false,"reason":"OK","rewind_age_ms":249.0,"rewind_clamped":true,"rewind_cpu_usec":47,"rewind_hit":false,"sequence":4,"speed":12.0,"target":"car"},{"accepted":true,"client_hit":false,"current_hit":true,"reason":"OK","rewind_age_ms":252.0,"rewind_clamped":true,"rewind_cpu_usec":22,"rewind_hit":true,"sequence":5,"speed":1.5,"target":"pedestrian"},{"accepted":true,"client_hit":false,"current_hit":false,"reason":"OK","rewind_age_ms":253.0,"rewind_clamped":true,"rewind_cpu_usec":16,"rewind_hit":true,"sequence":6,"speed":12.0,"target":"car"},{"accepted":true,"client_hit":true,"current_hit":false,"reason":"OK","rewind_age_ms":250.0,"rewind_clamped":true,"rewind_cpu_usec":9,"rewind_hit":false,"sequence":7,"speed":1.5,"target":"pedestrian"},{"accepted":true,"client_hit":true,"current_hit":true,"reason":"OK","rewind_age_ms":258.0,"rewind_clamped":true,"rewind_cpu_usec":11,"rewind_hit":true,"sequence":9,"speed":1.5,"target":"pedestrian"},{"accepted":true,"client_hit":false,"current_hit":false,"reason":"OK","rewind_age_ms":242.0,"rewind_clamped":true,"rewind_cpu_usec":25,"rewind_hit":false,"sequence":11,"speed":1.5,"target":"pedestrian"},{"accepted":true,"client_hit":true,"current_hit":false,"reason":"OK","rewind_age_ms":247.0,"rewind_clamped":true,"rewind_cpu_usec":22,"rewind_hit":false,"sequence":12,"speed":12.0,"target":"car"},{"accepted":true,"client_hit":true,"current_hit":false,"reason":"OK","rewind_age_ms":255.0,"rewind_clamped":true,"rewind_cpu_usec":10,"rewind_hit":true,"sequence":13,"speed":1.5,"target":"pedestrian"},{"accepted":true,"client_hit":true,"current_hit":false,"reason":"OK","rewind_age_ms":251.0,"rewind_clamped":true,"rewind_cpu_usec":12,"rewind_hit":true,"sequence":14,"speed":12.0,"target":"car"},{"accepted":true,"client_hit":false,"current_hit":true,"reason":"OK","rewind_age_ms":239.0,"rewind_clamped":true,"rewind_cpu_usec":18,"rewind_hit":true,"sequence":15,"speed":1.5,"target":"pedestrian"},{"accepted":true,"client_hit":false,"current_hit":false,"reason":"OK","rewind_age_ms":245.0,"rewind_clamped":true,"rewind_cpu_usec":28,"rewind_hit":false,"sequence":16,"speed":12.0,"target":"car"},{"accepted":true,"client_hit":true,"current_hit":false,"reason":"OK","rewind_age_ms":248.0,"rewind_clamped":true,"rewind_cpu_usec":21,"rewind_hit":true,"sequence":18,"speed":12.0,"target":"car"},{"accepted":true,"client_hit":true,"current_hit":true,"reason":"OK","rewind_age_ms":250.0,"rewind_clamped":true,"rewind_cpu_usec":11,"rewind_hit":true,"sequence":19,"speed":1.5,"target":"pedestrian"},{"accepted":true,"client_hit":false,"current_hit":false,"reason":"OK","rewind_age_ms":249.0,"rewind_clamped":true,"rewind_cpu_usec":11,"rewind_hit":false,"sequence":21,"speed":1.5,"target":"pedestrian"},{"accepted":true,"client_hit":true,"current_hit":false,"reason":"OK","rewind_age_ms":256.0,"rewind_clamped":true,"rewind_cpu_usec":21,"rewind_hit":true,"sequence":22,"speed":12.0,"target":"car"},{"accepted":true,"client_hit":true,"current_hit":false,"reason":"OK","rewind_age_ms":255.0,"rewind_clamped":true,"rewind_cpu_usec":14,"rewind_hit":true,"sequence":23,"speed":1.5,"target":"pedestrian"},{"accepted":true,"client_hit":false,"current_hit":true,"reason":"OK","rewind_age_ms":262.0,"rewind_clamped":true,"rewind_cpu_usec":11,"rewind_hit":true,"sequence":25,"speed":1.5,"target":"pedestrian"},{"accepted":true,"client_hit":false,"current_hit":true,"reason":"OK","rewind_age_ms":252.0,"rewind_clamped":true,"rewind_cpu_usec":11,"rewind_hit":false,"sequence":26,"speed":12.0,"target":"car"},{"accepted":true,"client_hit":true,"current_hit":false,"reason":"OK","rewind_age_ms":254.0,"rewind_clamped":true,"rewind_cpu_usec":11,"rewind_hit":false,"sequence":27,"speed":1.5,"target":"pedestrian"},{"accepted":true,"client_hit":true,"current_hit":false,"reason":"OK","rewind_age_ms":246.0,"rewind_clamped":true,"rewind_cpu_usec":15,"rewind_hit":false,"sequence":28,"speed":12.0,"target":"car"},{"accepted":true,"client_hit":false,"current_hit":false,"reason":"OK","rewind_age_ms":251.0,"rewind_clamped":true,"rewind_cpu_usec":12,"rewind_hit":true,"sequence":30,"speed":12.0,"target":"car"},{"accepted":true,"client_hit":false,"current_hit":false,"reason":"OK","rewind_age_ms":255.0,"rewind_clamped":true,"rewind_cpu_usec":11,"rewind_hit":false,"sequence":31,"speed":1.5,"target":"pedestrian"},{"accepted":true,"client_hit":true,"current_hit":false,"reason":"OK","rewind_age_ms":245.0,"rewind_clamped":true,"rewind_cpu_usec":12,"rewind_hit":false,"sequence":32,"speed":12.0,"target":"car"},{"accepted":true,"client_hit":true,"current_hit":false,"reason":"OK","rewind_age_ms":242.0,"rewind_clamped":true,"rewind_cpu_usec":16,"rewind_hit":true,"sequence":33,"speed":1.5,"target":"pedestrian"},{"accepted":true,"client_hit":true,"current_hit":false,"reason":"OK","rewind_age_ms":249.0,"rewind_clamped":true,"rewind_cpu_usec":12,"rewind_hit":true,"sequence":34,"speed":12.0,"target":"car"},{"accepted":true,"client_hit":false,"current_hit":true,"reason":"OK","rewind_age_ms":248.0,"rewind_clamped":true,"rewind_cpu_usec":16,"rewind_hit":true,"sequence":35,"speed":1.5,"target":"pedestrian"},{"accepted":true,"client_hit":false,"current_hit":false,"reason":"OK","rewind_age_ms":251.0,"rewind_clamped":true,"rewind_cpu_usec":15,"rewind_hit":false,"sequence":36,"speed":12.0,"target":"car"},{"accepted":true,"client_hit":false,"current_hit":false,"reason":"OK","rewind_age_ms":254.0,"rewind_clamped":true,"rewind_cpu_usec":12,"rewind_hit":false,"sequence":50,"speed":12.0,"target":"car"},{"accepted":true,"client_hit":false,"current_hit":true,"reason":"OK","rewind_age_ms":263.0,"rewind_clamped":true,"rewind_cpu_usec":12,"rewind_hit":true,"sequence":51,"speed":1.5,"target":"pedestrian"},{"accepted":true,"client_hit":true,"current_hit":false,"reason":"OK","rewind_age_ms":247.0,"rewind_clamped":true,"rewind_cpu_usec":12,"rewind_hit":false,"sequence":52,"speed":12.0,"target":"car"},{"accepted":true,"client_hit":true,"current_hit":false,"reason":"OK","rewind_age_ms":248.0,"rewind_clamped":true,"rewind_cpu_usec":28,"rewind_hit":true,"sequence":53,"speed":1.5,"target":"pedestrian"},{"accepted":true,"client_hit":false,"current_hit":false,"reason":"OK","rewind_age_ms":245.0,"rewind_clamped":true,"rewind_cpu_usec":24,"rewind_hit":false,"sequence":55,"speed":1.5,"target":"pedestrian"},{"accepted":true,"client_hit":false,"current_hit":false,"reason":"OK","rewind_age_ms":250.0,"rewind_clamped":true,"rewind_cpu_usec":15,"rewind_hit":false,"sequence":56,"speed":12.0,"target":"car"},{"accepted":true,"client_hit":true,"current_hit":true,"reason":"OK","rewind_age_ms":247.0,"rewind_clamped":true,"rewind_cpu_usec":13,"rewind_hit":true,"sequence":57,"speed":1.5,"target":"pedestrian"},{"accepted":true,"client_hit":true,"current_hit":false,"reason":"OK","rewind_age_ms":249.0,"rewind_clamped":true,"rewind_cpu_usec":11,"rewind_hit":false,"sequence":58,"speed":12.0,"target":"car"},{"accepted":true,"client_hit":true,"current_hit":false,"reason":"OK","rewind_age_ms":250.0,"rewind_clamped":true,"rewind_cpu_usec":16,"rewind_hit":false,"sequence":59,"speed":1.5,"target":"pedestrian"},{"accepted":true,"client_hit":false,"current_hit":false,"reason":"OK","rewind_age_ms":249.0,"rewind_clamped":true,"rewind_cpu_usec":12,"rewind_hit":false,"sequence":60,"speed":12.0,"target":"car"},{"accepted":true,"client_hit":false,"current_hit":true,"reason":"OK","rewind_age_ms":250.0,"rewind_clamped":true,"rewind_cpu_usec":12,"rewind_hit":true,"sequence":61,"speed":1.5,"target":"pedestrian"},{"accepted":true,"client_hit":true,"current_hit":false,"reason":"OK","rewind_age_ms":249.0,"rewind_clamped":true,"rewind_cpu_usec":14,"rewind_hit":false,"sequence":62,"speed":12.0,"target":"car"},{"accepted":true,"client_hit":true,"current_hit":false,"reason":"OK","rewind_age_ms":247.0,"rewind_clamped":true,"rewind_cpu_usec":22,"rewind_hit":true,"sequence":63,"speed":1.5,"target":"pedestrian"},{"accepted":true,"client_hit":true,"current_hit":false,"reason":"OK","rewind_age_ms":247.0,"rewind_clamped":true,"rewind_cpu_usec":14,"rewind_hit":false,"sequence":64,"speed":12.0,"target":"car"},{"accepted":true,"client_hit":false,"current_hit":false,"reason":"OK","rewind_age_ms":252.0,"rewind_clamped":true,"rewind_cpu_usec":20,"rewind_hit":false,"sequence":65,"speed":1.5,"target":"pedestrian"},{"accepted":true,"client_hit":false,"current_hit":false,"reason":"OK","rewind_age_ms":253.0,"rewind_clamped":true,"rewind_cpu_usec":16,"rewind_hit":false,"sequence":66,"speed":12.0,"target":"car"},{"accepted":true,"client_hit":true,"current_hit":true,"reason":"OK","rewind_age_ms":249.0,"rewind_clamped":true,"rewind_cpu_usec":12,"rewind_hit":true,"sequence":67,"speed":1.5,"target":"pedestrian"},{"accepted":true,"client_hit":true,"current_hit":false,"reason":"OK","rewind_age_ms":250.0,"rewind_clamped":true,"rewind_cpu_usec":16,"rewind_hit":false,"sequence":68,"speed":12.0,"target":"car"},{"accepted":true,"client_hit":true,"current_hit":false,"reason":"OK","rewind_age_ms":249.0,"rewind_clamped":true,"rewind_cpu_usec":21,"rewind_hit":false,"sequence":69,"speed":1.5,"target":"pedestrian"},{"accepted":true,"client_hit":false,"current_hit":false,"reason":"OK","rewind_age_ms":246.0,"rewind_clamped":true,"rewind_cpu_usec":23,"rewind_hit":false,"sequence":70,"speed":12.0,"target":"car"},{"accepted":true,"client_hit":false,"current_hit":true,"reason":"OK","rewind_age_ms":249.0,"rewind_clamped":true,"rewind_cpu_usec":22,"rewind_hit":true,"sequence":71,"speed":1.5,"target":"pedestrian"},{"accepted":true,"client_hit":true,"current_hit":true,"reason":"OK","rewind_age_ms":264.0,"rewind_clamped":true,"rewind_cpu_usec":17,"rewind_hit":false,"sequence":72,"speed":12.0,"target":"car"},{"accepted":true,"client_hit":true,"current_hit":false,"reason":"OK","rewind_age_ms":249.0,"rewind_clamped":true,"rewind_cpu_usec":12,"rewind_hit":true,"sequence":73,"speed":1.5,"target":"pedestrian"},{"accepted":true,"client_hit":true,"current_hit":false,"reason":"OK","rewind_age_ms":245.0,"rewind_clamped":true,"rewind_cpu_usec":12,"rewind_hit":false,"sequence":74,"speed":12.0,"target":"car"},{"accepted":true,"client_hit":false,"current_hit":false,"reason":"OK","rewind_age_ms":250.0,"rewind_clamped":true,"rewind_cpu_usec":12,"rewind_hit":true,"sequence":76,"speed":12.0,"target":"car"},{"accepted":true,"client_hit":true,"current_hit":true,"reason":"OK","rewind_age_ms":264.0,"rewind_clamped":true,"rewind_cpu_usec":12,"rewind_hit":true,"sequence":77,"speed":1.5,"target":"pedestrian"},{"accepted":true,"client_hit":true,"current_hit":false,"reason":"OK","rewind_age_ms":251.0,"rewind_clamped":true,"rewind_cpu_usec":23,"rewind_hit":false,"sequence":78,"speed":12.0,"target":"car"},{"accepted":true,"client_hit":true,"current_hit":false,"reason":"OK","rewind_age_ms":252.0,"rewind_clamped":true,"rewind_cpu_usec":16,"rewind_hit":false,"sequence":79,"speed":1.5,"target":"pedestrian"},{"accepted":true,"client_hit":false,"current_hit":true,"reason":"OK","rewind_age_ms":247.0,"rewind_clamped":true,"rewind_cpu_usec":30,"rewind_hit":true,"sequence":81,"speed":1.5,"target":"pedestrian"},{"accepted":true,"client_hit":true,"current_hit":false,"reason":"OK","rewind_age_ms":251.0,"rewind_clamped":true,"rewind_cpu_usec":11,"rewind_hit":false,"sequence":82,"speed":12.0,"target":"car"}]}},"event":"result","ok":true,"phase":"ACTIVE","pid":38088,"role":"client","wall_usec":1791529347403000}
