tools/pedestrian_civilian/author_scenes.gd
  14:1 warning function 'build' is 121 lines long (max 50) [quality/max-function-length]
      func build() -> Dictionary:
      ^
  14:1 warning function 'build' has 22 local variables (max 10) [quality/max-local-variables]
      func build() -> Dictionary:
      ^
  37:101 warning line is 105 characters long (max 100) [format/max-line-length]
        worker.set_script(load("res://scripts/presentation/pedestrian_civilian/pedestrian_worker_visual.gd"))
                                                                                                           ^
  53:101 warning line is 101 characters long (max 100) [format/max-line-length]
        preview.set_script(load("res://tests/fixtures/pedestrian_civilian/pedestrian_worker_preview.gd"))
                                                                                                         ^
  54:101 warning line is 146 characters long (max 100) [format/max-line-length]
        var ground: Node3D = load("res://art/models/pedestrian_civilian/pedestrian_worker_stage.glb").instantiate(PackedScene.GEN_EDIT_STATE_INSTANCE)
                                                                                                           ^

tools/pedestrian_civilian/capture_motion.gd
  17:101 warning line is 119 characters long (max 100) [format/max-line-length]
        var scene: Node3D = load("res://tests/fixtures/pedestrian_civilian/pedestrian_worker_a_preview.tscn").instantiate()
                                                                                                           ^
  38:1 warning 'await' used inside a loop [quality/await-in-loop]
            await process_frame
      ^
  39:1 warning 'await' used inside a loop [quality/await-in-loop]
            await RenderingServer.frame_post_draw
      ^

tools/pedestrian_civilian/check_imported_contact.gd
  11:1 warning function '_check' has 16 local variables (max 10) [quality/max-local-variables]
      func _check() -> void:
      ^
  12:101 warning line is 111 characters long (max 100) [format/max-line-length]
        var actor: Node3D = load("res://scenes/prefabs/pedestrian_civilian/pedestrian_worker_a.tscn").instantiate()
                                                                                                           ^
  34:101 warning line is 130 characters long (max 100) [format/max-line-length]
                    transforms.append(skeleton.global_transform * skeleton.get_bone_global_pose(bone) * mesh.skin.get_bind_pose(bind))
                                                                                                                    ^
  43:16 warning add space after '{' in single-line dictionary literal [format/brace-spacing]
                rows.append({"clip": clip, "time": time, "world_min_y": minimum})
                            ^
  43:67 warning add space before '}' in single-line dictionary literal [format/brace-spacing]
                rows.append({"clip": clip, "time": time, "world_min_y": minimum})
                                                                               ^

tools/pedestrian_civilian/check_worker.gd
  16:1 warning function '_check' is 106 lines long (max 50) [quality/max-function-length]
      func _check() -> void:
      ^
  16:1 warning function '_check' has 25 local variables (max 10) [quality/max-local-variables]
      func _check() -> void:
      ^
  49:101 warning line is 125 characters long (max 100) [format/max-line-length]
        var other_mesh: MeshInstance3D = other.get_node("PresentationAnchor/Visuals/Model").find_child("WorkerMesh", true, false)
                                                                                                           ^
  71:101 warning line is 107 characters long (max 100) [format/max-line-length]
            _expect(animation.loop_mode == (Animation.LOOP_NONE if clip == "death" else Animation.LOOP_LINEAR),
                                                                                                              ^
  85:101 warning line is 105 characters long (max 100) [format/max-line-length]
            _expect(skeleton.get_bone_pose(skeleton.find_bone("root")).is_equal_approx(Transform3D.IDENTITY),
                                                                                                             ^
  116:101 warning line is 121 characters long (max 100) [format/max-line-length]
            "clips": clips, "failures": _failures, "scope": "asset preview only; no gameplay/network/performance acceptance"}
                                                                                                              ^

6 files checked, 19 warnings found.
