/home/regner/.paseo/worktrees/0u71f39f/brackett-pedestrian/tools/pedestrian_civilian/author_worker.py:30: DeprecationWarning: 'Material.use_nodes' is expected to be removed in Blender 6.0
  material.use_nodes = True
/home/regner/.paseo/worktrees/0u71f39f/brackett-pedestrian/tools/pedestrian_civilian/author_worker.py:333: DeprecationWarning: 'Material.use_nodes' is expected to be removed in Blender 6.0
  stage_material.use_nodes = True
WORKER_PROCESS {"pid": 3, "project": "/home/regner/.paseo/worktrees/0u71f39f/brackett-pedestrian", "blender": "5.2.2 LTS"}
Info: Saved as "pedestrian_worker_a.blend"
INFO Draco is available, use library at /usr/lib/blender/5.2/scripts/addons_core/io_scene_gltf2/libbf_intern_draco_bridge.so
ERROR MeshOptimizer is not available because library could not be found at /usr/lib/blender/5.2/scripts/addons_core/io_scene_gltf2/libbf_intern_meshopt_bridge.so
13:47:52 | INFO: Starting glTF 2.0 export
13:47:52 | INFO: Extracting primitive: JacketGeometry.001
13:47:52 | INFO: Primitives created: 1
13:47:52 | INFO: Finished glTF 2.0 export in 0.024152755737304688 s

13:47:52 | INFO: Starting glTF 2.0 export
13:47:52 | INFO: Extracting primitive: Cube.010
13:47:52 | INFO: Primitives created: 1
13:47:52 | INFO: Finished glTF 2.0 export in 0.00359344482421875 s

WORKER_EXPORT [{"collection": "export_pedestrian_worker_a", "members": ["WorkerMesh"], "output": "/home/regner/.paseo/worktrees/0u71f39f/brackett-pedestrian/art/models/pedestrian_civilian/pedestrian_worker_a.glb", "sha256": "9264fec1790867c396faf8d1c32f213a42c4e05c5bddbf9974acce5ebccef0df"}, {"collection": "export_pedestrian_worker_stage", "members": ["PreviewGround"], "output": "/home/regner/.paseo/worktrees/0u71f39f/brackett-pedestrian/art/models/pedestrian_civilian/pedestrian_worker_stage.glb", "sha256": "89d9aa7d7f96cfe2c9081314a287bedf1a9e1f70eaeaeefc80765aac6aa4adc2"}]
WORKER_SOURCE {"scope": "unbound geometry checkpoint; no rig/clip acceptance", "blender": "5.2.2 LTS", "source": "art/source/models/pedestrian_civilian/pedestrian_worker_a.blend", "editable_parts": 48, "vertices": 7460, "triangles": 14728, "material_surfaces": 1, "blender_aabb_min": [-0.48899999260902405, -0.16500000655651093, 0.0], "blender_aabb_max": [0.48899999260902405, 0.2949998378753662, 1.8589999675750732], "palette_regions": ["skin", "jacket", "yoke", "trousers", "cap", "shirt", "boots", "trim", "hair"], "default_srgb": ["B77D53", "ECA23E", "326DC0", "48596C", "22525D", "26333B", "202B32", "E2D6B9", "392C25"]}
Blender 5.2.2 LTS (hash d13f752e3b9c built 2026-09-22 17:10:25)

Blender quit
