Godot Engine v4.8.dev7.official.c971f93e7 - https://godotengine.org

[   0% ] [90m[1mfirst_scan_filesystem[22m | Started Project initialization (5 steps)[39m[0m
[   0% ] [90m[1mfirst_scan_filesystem[22m | Scanning file structure...[39m[0m
[  16% ] [90m[1mfirst_scan_filesystem[22m | Loading global class names...[39m[0m
[  33% ] [90m[1mfirst_scan_filesystem[22m | Verifying GDExtensions...[39m[0m
[  50% ] [90m[1mfirst_scan_filesystem[22m | Creating autoload scripts...[39m[0m
[  66% ] [90m[1mfirst_scan_filesystem[22m | Initializing plugins...[39m[0m
[  83% ] [90m[1mfirst_scan_filesystem[22m | Starting file scan...[39m[0m
[92m[ DONE ][39m [1mfirst_scan_filesystem[22m
[0m
[   0% ] [90m[1mupdate_scripts_classes[22m | Started Registering global classes... (44 steps)[39m[0m
[   0% ] [90m[1mupdate_scripts_classes[22m | S02ActorMotion[39m[0m
[   2% ] [90m[1mupdate_scripts_classes[22m | S02AimProbe[39m[0m
[   4% ] [90m[1mupdate_scripts_classes[22m | S02BuildingView[39m[0m
[   6% ] [90m[1mupdate_scripts_classes[22m | S02CameraRig[39m[0m
[   8% ] [90m[1mupdate_scripts_classes[22m | [39m[0m
[  11% ] [90m[1mupdate_scripts_classes[22m | [39m[0m
[  13% ] [90m[1mupdate_scripts_classes[22m | S02DesktopInput[39m[0m
[  15% ] [90m[1mupdate_scripts_classes[22m | S02Fixture[39m[0m
[  17% ] [90m[1mupdate_scripts_classes[22m | [39m[0m
[  20% ] [90m[1mupdate_scripts_classes[22m | S02ProbeOverlay[39m[0m
[  22% ] [90m[1mupdate_scripts_classes[22m | S03Entity[39m[0m
[  24% ] [90m[1mupdate_scripts_classes[22m | S03FakeTransport[39m[0m
[  26% ] [90m[1mupdate_scripts_classes[22m | S03Match[39m[0m
[  28% ] [90m[1mupdate_scripts_classes[22m | S03Proof[39m[0m
[  31% ] [90m[1mupdate_scripts_classes[22m | S03Replication[39m[0m
[  33% ] [90m[1mupdate_scripts_classes[22m | S03Session[39m[0m
[  35% ] [90m[1mupdate_scripts_classes[22m | S03Transport[39m[0m
[  37% ] [90m[1mupdate_scripts_classes[22m | [39m[0m
[  40% ] [90m[1mupdate_scripts_classes[22m | S04BodyComparison[39m[0m
[  42% ] [90m[1mupdate_scripts_classes[22m | S04CameraRig[39m[0m
[  44% ] [90m[1mupdate_scripts_classes[22m | S04DesktopInput[39m[0m
[  46% ] [90m[1mupdate_scripts_classes[22m | S04DriveRules[39m[0m
[  48% ] [90m[1mupdate_scripts_classes[22m | S04Dynamic[39m[0m
[  51% ] [90m[1mupdate_scripts_classes[22m | S04Kinematic[39m[0m
[  53% ] [90m[1mupdate_scripts_classes[22m | S04Match[39m[0m
[  55% ] [90m[1mupdate_scripts_classes[22m | [39m[0m
[  57% ] [90m[1mupdate_scripts_classes[22m | [39m[0m
[  60% ] [90m[1mupdate_scripts_classes[22m | [39m[0m
[  62% ] [90m[1mupdate_scripts_classes[22m | [39m[0m
[  64% ] [90m[1mupdate_scripts_classes[22m | S04Proof[39m[0m
[  66% ] [90m[1mupdate_scripts_classes[22m | S04Replication[39m[0m
[  68% ] [90m[1mupdate_scripts_classes[22m | S05Car[39m[0m
[  71% ] [90m[1mupdate_scripts_classes[22m | S05Damage[39m[0m
[  73% ] [90m[1mupdate_scripts_classes[22m | S05Match[39m[0m
[  75% ] [90m[1mupdate_scripts_classes[22m | S05Presentation[39m[0m
[  77% ] [90m[1mupdate_scripts_classes[22m | S05Proof[39m[0m
[  80% ] [90m[1mupdate_scripts_classes[22m | S05Replication[39m[0m
[  82% ] [90m[1mupdate_scripts_classes[22m | S05Session[39m[0m
[  84% ] [90m[1mupdate_scripts_classes[22m | S05DrawProof[39m[0m
[  86% ] [90m[1mupdate_scripts_classes[22m | S05EffectEditorProbe[39m[0m
[  88% ] [90m[1mupdate_scripts_classes[22m | S05SavedMatch[39m[0m
[  91% ] [90m[1mupdate_scripts_classes[22m | S05SavedPresentation[39m[0m
[  93% ] [90m[1mupdate_scripts_classes[22m | S05SavedProof[39m[0m
[  95% ] [90m[1mupdate_scripts_classes[22m | [39m[0m
[92m[ DONE ][39m [1mupdate_scripts_classes[22m
[0m
[   0% ] [90m[1m_update_scan_actions[22m | Started Scanning actions... (12 steps)[39m[0m
[   0% ] [90m[1m_update_scan_actions[22m | s02_actor.glb[39m[0m
[   7% ] [90m[1m_update_scan_actions[22m | s02_ground.glb[39m[0m
[  15% ] [90m[1m_update_scan_actions[22m | s02_launcher.glb[39m[0m
[  23% ] [90m[1m_update_scan_actions[22m | s02_low.glb[39m[0m
[  30% ] [90m[1m_update_scan_actions[22m | s02_near.glb[39m[0m
[  38% ] [90m[1m_update_scan_actions[22m | s02_pistol.glb[39m[0m
[  46% ] [90m[1m_update_scan_actions[22m | s02_smg.glb[39m[0m
[  53% ] [90m[1m_update_scan_actions[22m | s02_tall.glb[39m[0m
[  61% ] [90m[1m_update_scan_actions[22m | s02_target.glb[39m[0m
[  69% ] [90m[1m_update_scan_actions[22m | s04_car.glb[39m[0m
[  76% ] [90m[1m_update_scan_actions[22m | s04_track.glb[39m[0m
[  84% ] [90m[1m_update_scan_actions[22m | s05_explosion_carrier.glb[39m[0m
[92m[ DONE ][39m [1m_update_scan_actions[22m
[0m
[   0% ] [90m[1mreimport[22m | Started (Re)Importing Assets (12 steps)[39m[0m
[   0% ] [90m[1mreimport[22m | Preparing files to reimport...[39m[0m
[   7% ] [90m[1mreimport[22m | Preparing files to reimport...[39m[0m
[  15% ] [90m[1mreimport[22m | Preparing files to reimport...[39m[0m
[  23% ] [90m[1mreimport[22m | Preparing files to reimport...[39m[0m
[  30% ] [90m[1mreimport[22m | Preparing files to reimport...[39m[0m
[  38% ] [90m[1mreimport[22m | Preparing files to reimport...[39m[0m
[  46% ] [90m[1mreimport[22m | Preparing files to reimport...[39m[0m
[  53% ] [90m[1mreimport[22m | Preparing files to reimport...[39m[0m
[  61% ] [90m[1mreimport[22m | Preparing files to reimport...[39m[0m
[  69% ] [90m[1mreimport[22m | Preparing files to reimport...[39m[0m
[  76% ] [90m[1mreimport[22m | Preparing files to reimport...[39m[0m
[  84% ] [90m[1mreimport[22m | Preparing files to reimport...[39m[0m
[   0% ] [90m[1mreimport[22m | Executing pre-reimport operations...[39m[0m
[   0% ] [90m[1mpreload_reimporting_scene[22m | Started Preparing scenes for reload (1 steps)[39m[0m
[   0% ] [90m[1mpreload_reimporting_scene[22m | Analyzing scene [empty][39m[0m
[  50% ] [90m[1mpreload_reimporting_scene[22m | Preparation done.[39m[0m
[92m[ DONE ][39m [1mpreload_reimporting_scene[22m
[0m
[   0% ] [90m[1mreimport[22m | s02_actor.glb[39m[0m
[   0% ] [90m[1mimport[22m | Started Import Scene (104 steps)[39m[0m
[   0% ] [90m[1mimport[22m | Importing Scene...[39m[0m
[   1% ] [90m[1mimport[22m | Running Custom Script...[39m[0m
[  99% ] [90m[1mimport[22m | Saving...[39m[0m
[92m[ DONE ][39m [1mimport[22m
[0m
[   7% ] [90m[1mreimport[22m | s02_ground.glb[39m[0m
[   0% ] [90m[1mimport[22m | Started Import Scene (104 steps)[39m[0m
[   0% ] [90m[1mimport[22m | Importing Scene...[39m[0m
[   1% ] [90m[1mimport[22m | Running Custom Script...[39m[0m
[  99% ] [90m[1mimport[22m | Saving...[39m[0m
[92m[ DONE ][39m [1mimport[22m
[0m
[  15% ] [90m[1mreimport[22m | s02_launcher.glb[39m[0m
[   0% ] [90m[1mimport[22m | Started Import Scene (104 steps)[39m[0m
[   0% ] [90m[1mimport[22m | Importing Scene...[39m[0m
[   1% ] [90m[1mimport[22m | Running Custom Script...[39m[0m
[  99% ] [90m[1mimport[22m | Saving...[39m[0m
[92m[ DONE ][39m [1mimport[22m
[0m
[  23% ] [90m[1mreimport[22m | s02_low.glb[39m[0m
[   0% ] [90m[1mimport[22m | Started Import Scene (104 steps)[39m[0m
[   0% ] [90m[1mimport[22m | Importing Scene...[39m[0m
[   1% ] [90m[1mimport[22m | Running Custom Script...[39m[0m
[  99% ] [90m[1mimport[22m | Saving...[39m[0m
[92m[ DONE ][39m [1mimport[22m
[0m
[  30% ] [90m[1mreimport[22m | s02_near.glb[39m[0m
[   0% ] [90m[1mimport[22m | Started Import Scene (104 steps)[39m[0m
[   0% ] [90m[1mimport[22m | Importing Scene...[39m[0m
[   1% ] [90m[1mimport[22m | Running Custom Script...[39m[0m
[  99% ] [90m[1mimport[22m | Saving...[39m[0m
[92m[ DONE ][39m [1mimport[22m
[0m
[  38% ] [90m[1mreimport[22m | s02_pistol.glb[39m[0m
[   0% ] [90m[1mimport[22m | Started Import Scene (104 steps)[39m[0m
[   0% ] [90m[1mimport[22m | Importing Scene...[39m[0m
[   1% ] [90m[1mimport[22m | Running Custom Script...[39m[0m
[  99% ] [90m[1mimport[22m | Saving...[39m[0m
[92m[ DONE ][39m [1mimport[22m
[0m
[  46% ] [90m[1mreimport[22m | s02_smg.glb[39m[0m
[   0% ] [90m[1mimport[22m | Started Import Scene (104 steps)[39m[0m
[   0% ] [90m[1mimport[22m | Importing Scene...[39m[0m
[   1% ] [90m[1mimport[22m | Running Custom Script...[39m[0m
[  99% ] [90m[1mimport[22m | Saving...[39m[0m
[92m[ DONE ][39m [1mimport[22m
[0m
[  53% ] [90m[1mreimport[22m | s02_tall.glb[39m[0m
[   0% ] [90m[1mimport[22m | Started Import Scene (104 steps)[39m[0m
[   0% ] [90m[1mimport[22m | Importing Scene...[39m[0m
[   1% ] [90m[1mimport[22m | Running Custom Script...[39m[0m
[  99% ] [90m[1mimport[22m | Saving...[39m[0m
[92m[ DONE ][39m [1mimport[22m
[0m
[  61% ] [90m[1mreimport[22m | s02_target.glb[39m[0m
[   0% ] [90m[1mimport[22m | Started Import Scene (104 steps)[39m[0m
[   0% ] [90m[1mimport[22m | Importing Scene...[39m[0m
[   1% ] [90m[1mimport[22m | Running Custom Script...[39m[0m
[  99% ] [90m[1mimport[22m | Saving...[39m[0m
[92m[ DONE ][39m [1mimport[22m
[0m
[  69% ] [90m[1mreimport[22m | s04_car.glb[39m[0m
[   0% ] [90m[1mimport[22m | Started Import Scene (104 steps)[39m[0m
[   0% ] [90m[1mimport[22m | Importing Scene...[39m[0m
[   1% ] [90m[1mimport[22m | Running Custom Script...[39m[0m
[  99% ] [90m[1mimport[22m | Saving...[39m[0m
[92m[ DONE ][39m [1mimport[22m
[0m
[  76% ] [90m[1mreimport[22m | s04_track.glb[39m[0m
[   0% ] [90m[1mimport[22m | Started Import Scene (104 steps)[39m[0m
[   0% ] [90m[1mimport[22m | Importing Scene...[39m[0m
[   1% ] [90m[1mimport[22m | Running Custom Script...[39m[0m
[  99% ] [90m[1mimport[22m | Saving...[39m[0m
[92m[ DONE ][39m [1mimport[22m
[0m
[  84% ] [90m[1mreimport[22m | s05_explosion_carrier.glb[39m[0m
[   0% ] [90m[1mimport[22m | Started Import Scene (104 steps)[39m[0m
[   0% ] [90m[1mimport[22m | Importing Scene...[39m[0m
[   1% ] [90m[1mimport[22m | Running Custom Script...[39m[0m
[  99% ] [90m[1mimport[22m | Saving...[39m[0m
[92m[ DONE ][39m [1mimport[22m
[0m
[  92% ] [90m[1mreimport[22m | Finalizing Asset Import...[39m[0m
[92m[ DONE ][39m [1mreimport[22m
[0m
[   0% ] [90m[1mreimport[22m | Started (Re)Importing Assets (12 steps)[39m[0m
[   0% ] [90m[1mreimport[22m | Executing post-reimport operations...[39m[0m
[92m[ DONE ][39m [1mreimport[22m
[0m
[   0% ] [90m[1mloading_editor_layout[22m | Started Loading editor (5 steps)[39m[0m
[   0% ] [90m[1mloading_editor_layout[22m | Loading editor layout...[39m[0m
[  16% ] [90m[1mloading_editor_layout[22m | Loading docks...[39m[0m
[92m[ DONE ][39m [1mloading_editor_layout[22m
[0m
