00:00.289  blend            | Read blend: "/home/regner/.paseo/worktrees/0u71f39f/asset-register-production/art/source/models/environment/city_roof_details_02/city_roof_details_02.blend"
BlenderMCP addon registered
INFO Draco is available, use library at /usr/lib/blender/5.2/scripts/addons_core/io_scene_gltf2/libbf_intern_draco_bridge.so
ERROR MeshOptimizer is not available because library could not be found at /usr/lib/blender/5.2/scripts/addons_core/io_scene_gltf2/libbf_intern_meshopt_bridge.so
17:59:21 | INFO: Starting glTF 2.0 export
17:59:21 | INFO: Extracting primitive: flashing_and_curb
17:59:21 | INFO: Primitives created: 1
17:59:21 | INFO: Extracting primitive: formed_enclosure_body
17:59:21 | INFO: Primitives created: 1
17:59:21 | INFO: Extracting primitive: Cube.002
17:59:21 | INFO: Primitives created: 1
17:59:21 | INFO: Extracting primitive: Cube.001
17:59:21 | INFO: Primitives created: 1
17:59:21 | INFO: Extracting primitive: Cube.013
17:59:21 | INFO: Primitives created: 1
17:59:21 | INFO: Extracting primitive: Cube.012
17:59:21 | INFO: Primitives created: 1
17:59:21 | INFO: Extracting primitive: Cube.011
17:59:21 | INFO: Primitives created: 1
17:59:21 | INFO: Extracting primitive: blade_-1_0
17:59:21 | INFO: Primitives created: 1
17:59:21 | INFO: Extracting primitive: swept_rain_cover
17:59:21 | INFO: Primitives created: 1
17:59:21 | INFO: Finished glTF 2.0 export in 0.021221399307250977 s

SOURCE_EXPORT_CHECKS_PASS {"blender": "5.2.2 LTS", "build": "d13f752e3b9c", "exporter": [5, 2, 40], "objects": [{"name": "flashing_and_curb", "vertices": 288, "triangles": 576, "nonmanifold_or_inconsistent_edges": 0, "component_signed_volumes_m3": [0.3977454309479764], "material_slots": ["roof_plant_folded_metal"]}, {"name": "formed_enclosure_body", "vertices": 180, "triangles": 356, "nonmanifold_or_inconsistent_edges": 0, "component_signed_volumes_m3": [6.647649486757027], "material_slots": ["roof_plant_dark_petrol"]}, {"name": "swept_rain_cover", "vertices": 216, "triangles": 428, "nonmanifold_or_inconsistent_edges": 0, "component_signed_volumes_m3": [1.041844193253575], "material_slots": ["roof_plant_folded_metal"]}, {"name": "intake_shadow_panels", "vertices": 192, "triangles": 376, "nonmanifold_or_inconsistent_edges": 0, "component_signed_volumes_m3": [0.09000546270070423, 0.06452949773555236], "material_slots": ["roof_plant_shadow"]}, {"name": "intake_frames", "vertices": 768, "triangles": 1504, "nonmanifold_or_inconsistent_edges": 0, "component_signed_volumes_m3": [0.015686115429257887, 0.01568612772114877, 0.005761487601624538, 0.011316208813949756, 0.005761478759155373, 0.011316214195230124, 0.005761462334132166, 0.005761477987982523], "material_slots": ["roof_plant_dark_petrol"]}, {"name": "six_formed_louvers", "vertices": 1200, "triangles": 2376, "nonmanifold_or_inconsistent_edges": 0, "component_signed_volumes_m3": [0.008096042086379226, 0.005709000556817512, 0.008096096634560358, 0.00570898971190823, 0.008096020704111901, 0.005708958292022898], "material_slots": ["roof_plant_dark_petrol"]}, {"name": "service_panel_gasket", "vertices": 96, "triangles": 188, "nonmanifold_or_inconsistent_edges": 0, "component_signed_volumes_m3": [0.02790614082344077], "material_slots": ["roof_plant_shadow"]}, {"name": "service_panel", "vertices": 96, "triangles": 188, "nonmanifold_or_inconsistent_edges": 0, "component_signed_volumes_m3": [0.01683813495519895], "material_slots": ["roof_plant_dark_petrol"]}, {"name": "service_latch", "vertices": 96, "triangles": 188, "nonmanifold_or_inconsistent_edges": 0, "component_signed_volumes_m3": [0.00036581261859026373], "material_slots": ["roof_plant_folded_metal"]}], "blender_bounds": [[-1.600000023841858, -1.100000023841858, 0.0], [1.600000023841858, 1.100000023841858, 1.5499999523162842]], "triangles": 6180, "authoring_reference_dimensions_m": [1.0, 1.0, 1.0], "export_settings": {"export_format": "GLB", "use_selection": true, "export_yup": true, "export_apply": true, "export_texcoords": false, "export_normals": true, "export_tangents": false, "export_materials": "EXPORT", "export_cameras": false, "export_lights": false, "export_extras": false, "export_animations": false}, "sha256": "18d0ede1099abed3b84b1a8d0f983441aa53f7b0d99e9893b4d4ff430ba24b35", "bytes": 116664}
BlenderMCP addon unregistered
Blender 5.2.2 LTS (hash d13f752e3b9c built 2026-09-22 17:10:25)

Blender quit
