Godot Engine v4.8.dev7.official.c971f93e7 - https://godotengine.org

S03 {"case_deadline_ms":0,"clock_domain":"engine_elapsed_usec_pid_64684","close_outcome":"","event":"session_changed","operation":1,"participant":0,"phase":"STARTING","pid":64684,"role":"client","session_deadline_ms":15199,"ticks_usec":199920}
S03 {"case_deadline_ms":0,"clock_domain":"engine_elapsed_usec_pid_64684","close_outcome":"CANCELED","event":"close_started","operation":1,"outcome":"CANCELED","phase":"CLOSING","pid":64684,"role":"client","session_deadline_ms":15199,"ticks_usec":205001}
S03 {"case_deadline_ms":0,"clock_domain":"engine_elapsed_usec_pid_64684","close_outcome":"CANCELED","event":"session_changed","operation":1,"participant":0,"phase":"CLOSING","pid":64684,"role":"client","session_deadline_ms":15209,"ticks_usec":209452}
S03 {"case_deadline_ms":8212,"clock_domain":"engine_elapsed_usec_pid_64684","close_outcome":"CANCELED","event":"completed","operation":1,"outcome":"CANCELED","phase":"IDLE","pid":64684,"role":"client","session_deadline_ms":15209,"source_operation":1,"ticks_usec":212586}
S03 {"case_deadline_ms":8212,"clock_domain":"engine_elapsed_usec_pid_64684","close_outcome":"CANCELED","event":"session_changed","operation":1,"participant":0,"phase":"IDLE","pid":64684,"role":"client","session_deadline_ms":15209,"ticks_usec":214914}
S03 {"case_deadline_ms":8212,"clock_domain":"engine_elapsed_usec_pid_64684","close_outcome":"CANCELED","event":"session_changed","operation":2,"participant":0,"phase":"STARTING","pid":64684,"role":"client","session_deadline_ms":15217,"ticks_usec":217205}
S03 {"case_deadline_ms":8219,"clock_domain":"engine_elapsed_usec_pid_64684","close_outcome":"CANCELED","event":"completed","operation":2,"outcome":"OK","phase":"ACTIVE","pid":64684,"role":"client","session_deadline_ms":15217,"source_operation":2,"ticks_usec":273393}
S03 {"case_deadline_ms":8219,"clock_domain":"engine_elapsed_usec_pid_64684","close_outcome":"CANCELED","event":"session_changed","operation":2,"participant":1,"phase":"ACTIVE","pid":64684,"role":"client","session_deadline_ms":15217,"ticks_usec":276365}
S03 {"case_deadline_ms":8219,"clock_domain":"engine_elapsed_usec_pid_64684","close_outcome":"LEFT","event":"close_started","operation":3,"outcome":"LEFT","phase":"CLOSING","pid":64684,"role":"client","session_deadline_ms":15217,"ticks_usec":279021}
S03 {"case_deadline_ms":8219,"clock_domain":"engine_elapsed_usec_pid_64684","close_outcome":"LEFT","event":"session_changed","operation":3,"participant":1,"phase":"CLOSING","pid":64684,"role":"client","session_deadline_ms":15281,"ticks_usec":281487}
S03 {"case_deadline_ms":8283,"clock_domain":"engine_elapsed_usec_pid_64684","close_outcome":"LEFT","event":"completed","operation":3,"outcome":"LEFT","phase":"IDLE","pid":64684,"role":"client","session_deadline_ms":15281,"source_operation":3,"ticks_usec":291028}
S03 {"case_deadline_ms":8283,"clock_domain":"engine_elapsed_usec_pid_64684","close_outcome":"LEFT","event":"session_changed","operation":3,"participant":0,"phase":"IDLE","pid":64684,"role":"client","session_deadline_ms":15281,"ticks_usec":294177}
S03 {"case_deadline_ms":8283,"clock_domain":"engine_elapsed_usec_pid_64684","close_outcome":"LEFT","event":"session_changed","operation":4,"participant":0,"phase":"CONNECTING","pid":64684,"role":"client","session_deadline_ms":15304,"ticks_usec":304870}
S03 {"baseline":1,"case_deadline_ms":8310,"clock_domain":"engine_elapsed_usec_pid_64684","close_outcome":"LEFT","event":"baseline_installed","operation":4,"phase":"SYNCHRONIZING","pid":64684,"role":"client","session_deadline_ms":15304,"ticks_usec":457809}
S03 {"case_deadline_ms":8310,"clock_domain":"engine_elapsed_usec_pid_64684","close_outcome":"LEFT","event":"held_send","expected":"NOT_ADMITTED","operation":4,"phase":"SYNCHRONIZING","pid":64684,"role":"client","sequence":1,"session_deadline_ms":15304,"ticks_usec":460732}
S03 {"case_deadline_ms":8463,"clock_domain":"engine_elapsed_usec_pid_64684","close_outcome":"LEFT","event":"held_receipt","operation":4,"phase":"SYNCHRONIZING","pid":64684,"reason":"NOT_ADMITTED","role":"client","sequence":1,"session_deadline_ms":15304,"ticks_usec":491217}
S03 {"case_deadline_ms":8463,"clock_domain":"engine_elapsed_usec_pid_64684","close_outcome":"CANCELED","event":"close_started","operation":4,"outcome":"CANCELED","phase":"CLOSING","pid":64684,"role":"client","session_deadline_ms":15304,"ticks_usec":525637}
S03 {"case_deadline_ms":8463,"clock_domain":"engine_elapsed_usec_pid_64684","close_outcome":"CANCELED","event":"session_changed","operation":4,"participant":2,"phase":"CLOSING","pid":64684,"role":"client","session_deadline_ms":15528,"ticks_usec":529145}
S03 {"case_deadline_ms":8532,"clock_domain":"engine_elapsed_usec_pid_64684","close_outcome":"CANCELED","event":"completed","operation":4,"outcome":"CANCELED","phase":"IDLE","pid":64684,"role":"client","session_deadline_ms":15528,"source_operation":4,"ticks_usec":546326}
S03 {"case_deadline_ms":8532,"clock_domain":"engine_elapsed_usec_pid_64684","close_outcome":"CANCELED","event":"session_changed","operation":4,"participant":0,"phase":"IDLE","pid":64684,"role":"client","session_deadline_ms":15528,"ticks_usec":548995}
S03 {"case_deadline_ms":8532,"clock_domain":"engine_elapsed_usec_pid_64684","close_outcome":"CANCELED","event":"session_changed","operation":5,"participant":0,"phase":"CONNECTING","pid":64684,"role":"client","session_deadline_ms":15656,"ticks_usec":656746}
S03 {"baseline":2,"case_deadline_ms":8660,"clock_domain":"engine_elapsed_usec_pid_64684","close_outcome":"CANCELED","event":"baseline_installed","operation":5,"phase":"SYNCHRONIZING","pid":64684,"role":"client","session_deadline_ms":15656,"ticks_usec":789929}
S03 {"case_deadline_ms":8660,"clock_domain":"engine_elapsed_usec_pid_64684","close_outcome":"CANCELED","event":"completed","operation":5,"outcome":"OK","phase":"ACTIVE","pid":64684,"role":"client","session_deadline_ms":15656,"source_operation":5,"ticks_usec":863843}
S03 {"case_deadline_ms":8660,"clock_domain":"engine_elapsed_usec_pid_64684","close_outcome":"CANCELED","event":"session_changed","operation":5,"participant":3,"phase":"ACTIVE","pid":64684,"role":"client","session_deadline_ms":15656,"ticks_usec":866907}
S03 {"case_deadline_ms":8660,"clock_domain":"engine_elapsed_usec_pid_64684","close_outcome":"CANCELED","event":"held_send","expected":"OK","operation":5,"phase":"ACTIVE","pid":64684,"role":"client","sequence":1,"session_deadline_ms":15656,"ticks_usec":869535}
S03 {"case_deadline_ms":8874,"clock_domain":"engine_elapsed_usec_pid_64684","close_outcome":"CANCELED","event":"held_receipt","operation":5,"phase":"ACTIVE","pid":64684,"reason":"OK","role":"client","sequence":1,"session_deadline_ms":15656,"ticks_usec":912210}
S03 {"case_deadline_ms":8874,"clock_domain":"engine_elapsed_usec_pid_64684","close_outcome":"CANCELED","event":"held_send","expected":"STALE_SEQUENCE","operation":5,"phase":"ACTIVE","pid":64684,"role":"client","sequence":1,"session_deadline_ms":15656,"ticks_usec":953485}
S03 {"case_deadline_ms":8956,"clock_domain":"engine_elapsed_usec_pid_64684","close_outcome":"CANCELED","event":"held_receipt","operation":5,"phase":"ACTIVE","pid":64684,"reason":"STALE_SEQUENCE","role":"client","sequence":1,"session_deadline_ms":15656,"ticks_usec":1001879}
S03 {"case_deadline_ms":8956,"clock_domain":"engine_elapsed_usec_pid_64684","close_outcome":"CANCELED","event":"held_send","expected":"STALE_CONTEXT","operation":5,"phase":"ACTIVE","pid":64684,"role":"client","sequence":2,"session_deadline_ms":15656,"ticks_usec":1043148}
S03 {"case_deadline_ms":9046,"clock_domain":"engine_elapsed_usec_pid_64684","close_outcome":"CANCELED","event":"held_receipt","operation":5,"phase":"ACTIVE","pid":64684,"reason":"STALE_CONTEXT","role":"client","sequence":2,"session_deadline_ms":15656,"ticks_usec":1091520}
S03 {"case_deadline_ms":9046,"clock_domain":"engine_elapsed_usec_pid_64684","close_outcome":"CANCELED","event":"held_send","expected":"INVALID","operation":5,"phase":"ACTIVE","pid":64684,"role":"client","sequence":3,"session_deadline_ms":15656,"ticks_usec":1132848}
S03 {"case_deadline_ms":9136,"clock_domain":"engine_elapsed_usec_pid_64684","close_outcome":"CANCELED","event":"held_receipt","operation":5,"phase":"ACTIVE","pid":64684,"reason":"INVALID","role":"client","sequence":3,"session_deadline_ms":15656,"ticks_usec":1174332}
S03 {"case_deadline_ms":9136,"clock_domain":"engine_elapsed_usec_pid_64684","close_outcome":"CANCELED","event":"held_send","expected":"INVALID","operation":5,"phase":"ACTIVE","pid":64684,"role":"client","sequence":4,"session_deadline_ms":15656,"ticks_usec":1208729}
S03 {"case_deadline_ms":9212,"clock_domain":"engine_elapsed_usec_pid_64684","close_outcome":"CANCELED","event":"held_receipt","operation":5,"phase":"ACTIVE","pid":64684,"reason":"INVALID","role":"client","sequence":4,"session_deadline_ms":15656,"ticks_usec":1236425}
S03 {"case_deadline_ms":9212,"clock_domain":"engine_elapsed_usec_pid_64684","close_outcome":"CANCELED","event":"held_send","expected":"WINDOW","operation":5,"phase":"ACTIVE","pid":64684,"role":"client","sequence":122,"session_deadline_ms":15656,"ticks_usec":1270813}
S03 {"case_deadline_ms":9274,"clock_domain":"engine_elapsed_usec_pid_64684","close_outcome":"CANCELED","event":"held_receipt","operation":5,"phase":"ACTIVE","pid":64684,"reason":"WINDOW","role":"client","sequence":122,"session_deadline_ms":15656,"ticks_usec":1305439}
S03 {"case_deadline_ms":9274,"clock_domain":"engine_elapsed_usec_pid_64684","close_outcome":"CANCELED","event":"held_send","expected":"WINDOW","operation":5,"phase":"ACTIVE","pid":64684,"role":"client","sequence":123,"session_deadline_ms":15656,"ticks_usec":1346736}
S03 {"case_deadline_ms":9349,"clock_domain":"engine_elapsed_usec_pid_64684","close_outcome":"CANCELED","event":"held_receipt","operation":5,"phase":"ACTIVE","pid":64684,"reason":"WINDOW","role":"client","sequence":123,"session_deadline_ms":15656,"ticks_usec":1388187}
S03 {"case_deadline_ms":9349,"clock_domain":"engine_elapsed_usec_pid_64684","close_outcome":"CANCELED","event":"held_send","expected":"WINDOW","operation":5,"phase":"ACTIVE","pid":64684,"role":"client","sequence":124,"session_deadline_ms":15656,"ticks_usec":1422627}
S03 {"case_deadline_ms":9426,"clock_domain":"engine_elapsed_usec_pid_64684","close_outcome":"CANCELED","event":"held_receipt","operation":5,"phase":"ACTIVE","pid":64684,"reason":"WINDOW","role":"client","sequence":124,"session_deadline_ms":15656,"ticks_usec":1457217}
S03 {"baseline":3,"case_deadline_ms":9498,"clock_domain":"engine_elapsed_usec_pid_64684","close_outcome":"CANCELED","event":"baseline_installed","operation":5,"phase":"SYNCHRONIZING","pid":64684,"role":"client","session_deadline_ms":16498,"ticks_usec":1556034}
S03 {"case_deadline_ms":9498,"clock_domain":"engine_elapsed_usec_pid_64684","close_outcome":"CANCELED","event":"held_send","expected":"NOT_ADMITTED","operation":5,"phase":"SYNCHRONIZING","pid":64684,"role":"client","sequence":1,"session_deadline_ms":16498,"ticks_usec":1559290}
S03 {"case_deadline_ms":9561,"clock_domain":"engine_elapsed_usec_pid_64684","close_outcome":"CANCELED","event":"held_receipt","operation":5,"phase":"SYNCHRONIZING","pid":64684,"reason":"NOT_ADMITTED","role":"client","sequence":1,"session_deadline_ms":16498,"ticks_usec":1595252}
S03 {"case_deadline_ms":9629,"clock_domain":"engine_elapsed_usec_pid_64684","close_outcome":"CANCELED","event":"session_changed","operation":5,"participant":3,"phase":"ACTIVE","pid":64684,"role":"client","session_deadline_ms":16498,"ticks_usec":1705678}
S03 {"case_deadline_ms":9629,"clock_domain":"engine_elapsed_usec_pid_64684","close_outcome":"CANCELED","event":"held_send","expected":"STALE_CONTEXT","operation":5,"phase":"ACTIVE","pid":64684,"role":"client","sequence":1,"session_deadline_ms":16498,"ticks_usec":1712482}
S03 {"case_deadline_ms":9715,"clock_domain":"engine_elapsed_usec_pid_64684","close_outcome":"CANCELED","event":"held_receipt","operation":5,"phase":"ACTIVE","pid":64684,"reason":"STALE_CONTEXT","role":"client","sequence":1,"session_deadline_ms":16498,"ticks_usec":1753963}
S03 {"case_deadline_ms":9715,"clock_domain":"engine_elapsed_usec_pid_64684","close_outcome":"CANCELED","event":"held_send","expected":"OK","operation":5,"phase":"ACTIVE","pid":64684,"role":"client","sequence":1,"session_deadline_ms":16498,"ticks_usec":1789256}
S03 {"case_deadline_ms":9793,"clock_domain":"engine_elapsed_usec_pid_64684","close_outcome":"CANCELED","event":"held_receipt","operation":5,"phase":"ACTIVE","pid":64684,"reason":"OK","role":"client","sequence":1,"session_deadline_ms":16498,"ticks_usec":1822933}
S03 {"case_deadline_ms":10500,"clock_domain":"engine_elapsed_usec_pid_64684","close_outcome":"HOST_LOST","event":"close_started","operation":5,"outcome":"HOST_LOST","phase":"CLOSING","pid":64684,"role":"client","session_deadline_ms":16498,"ticks_usec":2651010}
S03 {"case_deadline_ms":10500,"clock_domain":"engine_elapsed_usec_pid_64684","close_outcome":"HOST_LOST","event":"session_changed","operation":5,"participant":3,"phase":"CLOSING","pid":64684,"role":"client","session_deadline_ms":17653,"ticks_usec":2654089}
S03 {"case_deadline_ms":10500,"clock_domain":"engine_elapsed_usec_pid_64684","close_outcome":"HOST_LOST","event":"session_changed","operation":5,"participant":0,"phase":"IDLE","pid":64684,"role":"client","session_deadline_ms":17653,"ticks_usec":2664681}
S03 {"baseline_bytes":0,"case_deadline_ms":10500,"cases":["provider_substitution_late_cleanup","baseline_cancel_retry","held_window_resync","subset_reorder_loss_recovery"],"clock_domain":"engine_elapsed_usec_pid_64684","close_outcome":"HOST_LOST","event":"result","max_held_bytes":0,"max_movement_bytes":0,"movement_received":5,"ok":true,"operation":5,"phase":"IDLE","pid":64684,"role":"client","session_deadline_ms":17653,"steam_available":false,"ticks_usec":2667498,"user_dir":"C:/tmp/ft/s03-fix-4/client/user/appdata/Godot/app_userdata/S03 contract proof"}
