{"verified_project": "/home/regner/.paseo/worktrees/0u71f39f/brackett-weapon-effects", "pid": 70915, "port": 17550}
{"method": "scene.open", "response": {"id": 1, "jsonrpc": "2.0", "result": {"path": "res://scenes/effects/weapon_effects/authoring.tscn", "success": true}}}
{"method": "editor.save_scene", "response": {"id": 2, "jsonrpc": "2.0", "result": {"path": "res://scenes/effects/weapon_effects/authoring.tscn", "success": true}}}
{"method": "scene.close", "response": {"id": 3, "jsonrpc": "2.0", "result": {"path": "res://scenes/effects/weapon_effects/authoring.tscn", "success": true, "unsaved_changes_discarded": false}}}
{"method": "scene.open", "response": {"id": 4, "jsonrpc": "2.0", "result": {"path": "res://scenes/effects/weapon_effects/authoring.tscn", "success": true}}}
{"method": "editor.save_scene", "response": {"id": 5, "jsonrpc": "2.0", "result": {"path": "res://scenes/effects/weapon_effects/authoring.tscn", "success": true}}}
{"method": "scene.open", "response": {"id": 6, "jsonrpc": "2.0", "result": {"path": "res://scenes/effects/weapon_effects/weapon_effects_a_preview.tscn", "success": true}}}
{"method": "editor.save_scene", "response": {"id": 7, "jsonrpc": "2.0", "result": {"path": "res://scenes/effects/weapon_effects/weapon_effects_a_preview.tscn", "success": true}}}
{"method": "scene.close", "response": {"id": 8, "jsonrpc": "2.0", "result": {"path": "res://scenes/effects/weapon_effects/weapon_effects_a_preview.tscn", "success": true, "unsaved_changes_discarded": false}}}
{"method": "scene.open", "response": {"id": 9, "jsonrpc": "2.0", "result": {"path": "res://scenes/effects/weapon_effects/weapon_effects_a_preview.tscn", "success": true}}}
{"method": "editor.save_scene", "response": {"id": 10, "jsonrpc": "2.0", "result": {"path": "res://scenes/effects/weapon_effects/weapon_effects_a_preview.tscn", "success": true}}}
{"method": "scene.open", "response": {"id": 11, "jsonrpc": "2.0", "result": {"path": "res://scenes/effects/weapon_effects/weapon_effects_a_muzzle.tscn", "success": true}}}
{"method": "editor.save_scene", "response": {"id": 12, "jsonrpc": "2.0", "result": {"path": "res://scenes/effects/weapon_effects/weapon_effects_a_muzzle.tscn", "success": true}}}
{"method": "scene.close", "response": {"id": 13, "jsonrpc": "2.0", "result": {"path": "res://scenes/effects/weapon_effects/weapon_effects_a_muzzle.tscn", "success": true, "unsaved_changes_discarded": false}}}
{"method": "scene.open", "response": {"id": 14, "jsonrpc": "2.0", "result": {"path": "res://scenes/effects/weapon_effects/weapon_effects_a_muzzle.tscn", "success": true}}}
{"method": "editor.save_scene", "response": {"id": 15, "jsonrpc": "2.0", "result": {"path": "res://scenes/effects/weapon_effects/weapon_effects_a_muzzle.tscn", "success": true}}}
{"method": "scene.open", "response": {"id": 16, "jsonrpc": "2.0", "result": {"path": "res://scenes/effects/weapon_effects/weapon_effects_a_hit.tscn", "success": true}}}
{"method": "editor.save_scene", "response": {"id": 17, "jsonrpc": "2.0", "result": {"path": "res://scenes/effects/weapon_effects/weapon_effects_a_hit.tscn", "success": true}}}
{"method": "scene.close", "response": {"id": 18, "jsonrpc": "2.0", "result": {"path": "res://scenes/effects/weapon_effects/weapon_effects_a_hit.tscn", "success": true, "unsaved_changes_discarded": false}}}
{"method": "scene.open", "response": {"id": 19, "jsonrpc": "2.0", "result": {"path": "res://scenes/effects/weapon_effects/weapon_effects_a_hit.tscn", "success": true}}}
{"method": "editor.save_scene", "response": {"id": 20, "jsonrpc": "2.0", "result": {"path": "res://scenes/effects/weapon_effects/weapon_effects_a_hit.tscn", "success": true}}}
{"method": "scene.open", "response": {"id": 21, "jsonrpc": "2.0", "result": {"path": "res://scenes/effects/weapon_effects/weapon_effects_a_trail.tscn", "success": true}}}
{"method": "editor.save_scene", "response": {"id": 22, "jsonrpc": "2.0", "result": {"path": "res://scenes/effects/weapon_effects/weapon_effects_a_trail.tscn", "success": true}}}
{"method": "scene.close", "response": {"id": 23, "jsonrpc": "2.0", "result": {"path": "res://scenes/effects/weapon_effects/weapon_effects_a_trail.tscn", "success": true, "unsaved_changes_discarded": false}}}
{"method": "scene.open", "response": {"id": 24, "jsonrpc": "2.0", "result": {"path": "res://scenes/effects/weapon_effects/weapon_effects_a_trail.tscn", "success": true}}}
{"method": "editor.save_scene", "response": {"id": 25, "jsonrpc": "2.0", "result": {"path": "res://scenes/effects/weapon_effects/weapon_effects_a_trail.tscn", "success": true}}}
{"method": "scene.open", "response": {"id": 26, "jsonrpc": "2.0", "result": {"path": "res://scenes/effects/weapon_effects/weapon_effects_a_explosion.tscn", "success": true}}}
{"method": "editor.save_scene", "response": {"id": 27, "jsonrpc": "2.0", "result": {"path": "res://scenes/effects/weapon_effects/weapon_effects_a_explosion.tscn", "success": true}}}
{"method": "scene.close", "response": {"id": 28, "jsonrpc": "2.0", "result": {"path": "res://scenes/effects/weapon_effects/weapon_effects_a_explosion.tscn", "success": true, "unsaved_changes_discarded": false}}}
{"method": "scene.open", "response": {"id": 29, "jsonrpc": "2.0", "result": {"path": "res://scenes/effects/weapon_effects/weapon_effects_a_explosion.tscn", "success": true}}}
{"method": "editor.save_scene", "response": {"id": 30, "jsonrpc": "2.0", "result": {"path": "res://scenes/effects/weapon_effects/weapon_effects_a_explosion.tscn", "success": true}}}
{"method": "scene.open", "response": {"id": 31, "jsonrpc": "2.0", "result": {"path": "res://scenes/effects/weapon_effects/weapon_effects_a_preview.tscn", "success": true}}}
