00:00.298  blend            | Read blend: "/home/regner/.paseo/worktrees/0u71f39f/asset-register-production/art/source/models/environment/city_planting_04/city_planting_04.blend"
BlenderMCP addon registered
17:44:55 | INFO: Data are loaded, start creating Blender stuff
17:44:55 | INFO: Blender create Mesh node cast_stone_open_surround_mesh
17:44:55 | INFO: Blender create Mesh node recessed_annular_foot_mesh
17:44:55 | INFO: glTF import finished in 0.01s
17:44:55 | INFO: Data are loaded, start creating Blender stuff
17:44:55 | INFO: Blender create Mesh node coral_courier_skin
17:44:55 | INFO: glTF import finished in 0.04s
17:44:55 | INFO: Data are loaded, start creating Blender stuff
17:44:55 | INFO: Blender create Mesh node cast_stone_open_surround_mesh
17:44:55 | INFO: Blender create Mesh node recessed_annular_foot_mesh
17:44:55 | INFO: glTF import finished in 0.01s
17:44:55 | INFO: Data are loaded, start creating Blender stuff
17:44:55 | INFO: Blender create Mesh node coral_courier_skin
17:44:55 | INFO: glTF import finished in 0.05s
00:26.048  render           | Saved: '/home/regner/.paseo/worktrees/0u71f39f/asset-register-production/docs/assets/production/city_planting_04-evidence/pair_surround_actor_hero.png'
00:44.097  render           | Saved: '/home/regner/.paseo/worktrees/0u71f39f/asset-register-production/docs/assets/production/city_planting_04-evidence/pair_surround_actor_project_camera.png'
BlenderMCP addon unregistered
Blender 5.2.2 LTS (hash d13f752e3b9c built 2026-09-22 17:10:25)

Blender quit
