[
  {
    "file": "art/models/environment/city_planting_04/city_planting_04_broad.glb",
    "godot_axis_aabb": [
      [
        -1.2882429361343384,
        0.0,
        -1.2381691932678223
      ],
      [
        1.483805775642395,
        3.317199468612671,
        1.203524112701416
      ]
    ],
    "triangles": 19418,
    "mesh_count": 6,
    "materials": [
      {
        "name": "tree_soft_sage",
        "pbrMetallicRoughness": {
          "baseColorFactor": [
            0.07421357184648514,
            0.16202937066555023,
            0.07421357184648514,
            1
          ],
          "metallicFactor": 0,
          "roughnessFactor": 0.8700000047683716
        }
      },
      {
        "name": "tree_quiet_jade",
        "pbrMetallicRoughness": {
          "baseColorFactor": [
            0.05448027700185776,
            0.14126329123973846,
            0.06847816705703735,
            1
          ],
          "metallicFactor": 0,
          "roughnessFactor": 0.8700000047683716
        }
      },
      {
        "name": "tree_warm_umber",
        "pbrMetallicRoughness": {
          "baseColorFactor": [
            0.10461648553609848,
            0.07421357184648514,
            0.0382043719291687,
            1
          ],
          "metallicFactor": 0,
          "roughnessFactor": 0.9300000071525574
        }
      }
    ],
    "checks": "PASS: exact dimensions, unit transforms, finite unit normals, nondegenerate triangles, studio exclusion, no lights/animations/textures"
  },
  {
    "file": "art/models/environment/city_planting_04/city_planting_04_compact.glb",
    "godot_axis_aabb": [
      [
        -0.908597469329834,
        0.0,
        -0.9533852338790894
      ],
      [
        1.0899916887283325,
        3.596365451812744,
        0.8941905498504639
      ]
    ],
    "triangles": 19282,
    "mesh_count": 6,
    "materials": [
      {
        "name": "tree_soft_sage",
        "pbrMetallicRoughness": {
          "baseColorFactor": [
            0.07421357184648514,
            0.16202937066555023,
            0.07421357184648514,
            1
          ],
          "metallicFactor": 0,
          "roughnessFactor": 0.8700000047683716
        }
      },
      {
        "name": "tree_quiet_jade",
        "pbrMetallicRoughness": {
          "baseColorFactor": [
            0.05448027700185776,
            0.14126329123973846,
            0.06847816705703735,
            1
          ],
          "metallicFactor": 0,
          "roughnessFactor": 0.8700000047683716
        }
      },
      {
        "name": "tree_warm_umber",
        "pbrMetallicRoughness": {
          "baseColorFactor": [
            0.10461648553609848,
            0.07421357184648514,
            0.0382043719291687,
            1
          ],
          "metallicFactor": 0,
          "roughnessFactor": 0.9300000071525574
        }
      }
    ],
    "checks": "PASS: exact dimensions, unit transforms, finite unit normals, nondegenerate triangles, studio exclusion, no lights/animations/textures"
  }
]
