Godot Engine v4.8.dev7.official.c971f93e7 - https://godotengine.org
Vulkan 1.4.312 - Forward+ - Using Device #0: NVIDIA - NVIDIA GeForce GTX 1070

[MCPRuntimeServer] port: scanning 6570-6585 (default)
[MCPRuntimeServer] listening on 127.0.0.1:6570
[MCPRegistry] runtime port 6570 registered for /home/regner/.paseo/worktrees/0u71f39f/s02-desktop-camera-controls
S02_FOCUS {"command":{"fire":false,"move":0.0,"turn":0.0},"focused":true,"mode":1,"native_focus":true,"position":"(0.0, 0.001, 6.0)","shots":0,"time":0.133333333333333,"visible":true}
S02_FOCUS {"command":{"fire":false,"move":0.0,"turn":0.0},"focused":true,"mode":1,"native_focus":true,"position":"(0.0, 0.001, 6.0)","shots":0,"time":0.236255666666667,"visible":true}
S02_FOCUS {"command":{"fire":false,"move":0.0,"turn":0.0},"focused":true,"mode":1,"native_focus":true,"position":"(0.0, 0.001, 6.0)","shots":0,"time":0.340277777777778,"visible":true}
S02_FOCUS {"command":{"fire":false,"move":0.0,"turn":0.0},"focused":true,"mode":1,"native_focus":true,"position":"(0.0, 0.001, 6.0)","shots":0,"time":0.444444444444444,"visible":true}
S02_FOCUS {"command":{"fire":false,"move":0.0,"turn":0.0},"focused":true,"mode":1,"native_focus":true,"position":"(0.0, 0.001, 6.0)","shots":0,"time":0.54861111111111,"visible":true}
S02_FOCUS {"command":{"fire":false,"move":0.0,"turn":0.0},"focused":true,"mode":1,"native_focus":true,"position":"(0.0, 0.001, 6.0)","shots":0,"time":0.652777777777776,"visible":true}
S02_FOCUS {"command":{"fire":false,"move":0.0,"turn":0.0},"focused":true,"mode":1,"native_focus":true,"position":"(0.0, 0.001, 6.0)","shots":0,"time":0.756944444444443,"visible":true}
S02_FOCUS {"command":{"fire":false,"move":0.0,"turn":0.0},"focused":true,"mode":1,"native_focus":true,"position":"(0.0, 0.001, 6.0)","shots":0,"time":0.861111111111109,"visible":true}
S02_FOCUS {"command":{"fire":false,"move":0.0,"turn":0.0},"focused":true,"mode":1,"native_focus":true,"position":"(0.0, 0.001, 6.0)","shots":0,"time":0.965277777777775,"visible":true}
S02_FOCUS {"command":{"fire":true,"move":1.0,"turn":0.0},"focused":true,"mode":1,"native_focus":true,"position":"(0.0, 0.001, 5.666666)","shots":1,"time":1.06944444444444,"visible":true}
S02_FOCUS {"command":{"fire":true,"move":1.0,"turn":0.0},"focused":true,"mode":1,"native_focus":true,"position":"(0.0, 0.001, 5.166665)","shots":1,"time":1.17361111111111,"visible":true}
S02_FOCUS {"command":{"fire":true,"move":1.0,"turn":0.0},"focused":true,"mode":1,"native_focus":true,"position":"(0.0, 0.001, 4.666664)","shots":1,"time":1.27777777777777,"visible":true}
S02_FOCUS {"command":{"fire":true,"move":1.0,"turn":0.0},"focused":true,"mode":1,"native_focus":true,"position":"(0.0, 0.001, 4.166663)","shots":2,"time":1.38194444444444,"visible":true}
S02_FOCUS {"command":{"fire":true,"move":1.0,"turn":0.0},"focused":true,"mode":1,"native_focus":true,"position":"(0.0, 0.001, 3.58333)","shots":2,"time":1.48611111111111,"visible":true}
S02_FOCUS {"command":{"fire":true,"move":1.0,"turn":0.0},"focused":true,"mode":1,"native_focus":true,"position":"(0.0, 0.001, 3.083331)","shots":3,"time":1.590097,"visible":true}
S02_FOCUS {"command":{"fire":true,"move":1.0,"turn":0.0},"focused":true,"mode":1,"native_focus":true,"position":"(0.0, 0.001, 2.583331)","shots":3,"time":1.693586,"visible":true}
S02_FOCUS {"command":{"fire":true,"move":1.0,"turn":0.0},"focused":true,"mode":1,"native_focus":true,"position":"(0.0, 0.001, 2.083332)","shots":3,"time":1.7971,"visible":true}
S02_FOCUS {"command":{"fire":true,"move":1.0,"turn":0.0},"focused":true,"mode":1,"native_focus":true,"position":"(0.0, 0.001, 1.499998)","shots":4,"time":1.90058699999999,"visible":true}
S02_FOCUS {"command":{"fire":true,"move":1.0,"turn":0.0},"focused":true,"mode":1,"native_focus":true,"position":"(0.0, 0.001, 0.999998)","shots":4,"time":2.00408799999999,"visible":true}
S02_FOCUS {"command":{"fire":true,"move":1.0,"turn":0.0},"focused":true,"mode":1,"native_focus":true,"position":"(0.0, 0.001, 0.499998)","shots":5,"time":2.10759899999999,"visible":true}
S02_FOCUS {"command":{"fire":true,"move":1.0,"turn":0.0},"focused":true,"mode":1,"native_focus":true,"position":"(0.0, 0.001, -0.000002)","shots":5,"time":2.21110099999999,"visible":true}
S02_FOCUS {"command":{"fire":true,"move":1.0,"turn":0.0},"focused":true,"mode":1,"native_focus":true,"position":"(0.0, 0.001, -0.500002)","shots":5,"time":2.31459799999999,"visible":true}
S02_FOCUS {"command":{"fire":true,"move":1.0,"turn":0.0},"focused":true,"mode":1,"native_focus":true,"position":"(0.0, 0.001, -1.083336)","shots":6,"time":2.41809199999999,"visible":true}
S02_FOCUS {"command":{"fire":true,"move":1.0,"turn":0.0},"focused":true,"mode":1,"native_focus":true,"position":"(0.0, 0.001, -1.583336)","shots":6,"time":2.52159499999999,"visible":true}
S02_FOCUS {"command":{"fire":true,"move":1.0,"turn":0.0},"focused":true,"mode":1,"native_focus":true,"position":"(0.0, 0.001, -2.083336)","shots":7,"time":2.62508899999999,"visible":true}
S02_FOCUS {"command":{"fire":true,"move":1.0,"turn":0.0},"focused":true,"mode":1,"native_focus":true,"position":"(0.0, 0.001, -2.583335)","shots":7,"time":2.72858999999999,"visible":true}
S02_FOCUS {"command":{"fire":true,"move":1.0,"turn":0.0},"focused":true,"mode":1,"native_focus":true,"position":"(0.0, 0.001, -3.083335)","shots":7,"time":2.83208799999999,"visible":true}
S02_FOCUS {"command":{"fire":true,"move":1.0,"turn":0.0},"focused":true,"mode":1,"native_focus":true,"position":"(0.0, 0.001, -3.666668)","shots":8,"time":2.93559499999999,"visible":true}
S02_FOCUS {"command":{"fire":false,"move":0.0,"turn":0.0},"focused":true,"mode":1,"native_focus":true,"position":"(0.0, 0.001, -4.000001)","shots":8,"time":3.03908599999999,"visible":true}
S02_FOCUS {"command":{"fire":false,"move":0.0,"turn":0.0},"focused":true,"mode":1,"native_focus":true,"position":"(0.0, 0.001, -4.000001)","shots":8,"time":3.142596,"visible":true}
S02_FOCUS {"command":{"fire":false,"move":0.0,"turn":0.0},"focused":true,"mode":1,"native_focus":true,"position":"(0.0, 0.001, -4.000001)","shots":8,"time":3.246094,"visible":true}
S02_FOCUS {"command":{"fire":false,"move":0.0,"turn":0.0},"focused":true,"mode":1,"native_focus":true,"position":"(0.0, 0.001, -4.000001)","shots":8,"time":3.349594,"visible":true}
S02_FOCUS {"command":{"fire":false,"move":0.0,"turn":0.0},"focused":true,"mode":1,"native_focus":true,"position":"(0.0, 0.001, -4.000001)","shots":8,"time":3.453086,"visible":true}
S02_FOCUS {"command":{"fire":false,"move":0.0,"turn":0.0},"focused":true,"mode":1,"native_focus":true,"position":"(0.0, 0.001, -4.000001)","shots":8,"time":3.556586,"visible":true}
S02_FOCUS {"command":{"fire":false,"move":0.0,"turn":0.0},"focused":true,"mode":1,"native_focus":true,"position":"(0.0, 0.001, -4.000001)","shots":8,"time":3.660095,"visible":true}
S02_FOCUS {"command":{"fire":false,"move":0.0,"turn":0.0},"focused":true,"mode":1,"native_focus":true,"position":"(0.0, 0.001, -4.000001)","shots":8,"time":3.763594,"visible":true}
S02_FOCUS {"command":{"fire":false,"move":0.0,"turn":0.0},"focused":true,"mode":1,"native_focus":true,"position":"(0.0, 0.001, -4.000001)","shots":8,"time":3.867086,"visible":true}
S02_FOCUS {"command":{"fire":false,"move":0.0,"turn":0.0},"focused":true,"mode":1,"native_focus":true,"position":"(0.0, 0.001, -4.000001)","shots":8,"time":3.970587,"visible":true}
S02_FOCUS {"command":{"fire":false,"move":0.0,"turn":0.0},"focused":true,"mode":1,"native_focus":true,"position":"(0.0, 0.001, -4.000001)","shots":8,"time":4.074096,"visible":true}
S02_FOCUS {"command":{"fire":false,"move":0.0,"turn":0.0},"focused":true,"mode":1,"native_focus":true,"position":"(0.0, 0.001, -4.000001)","shots":8,"time":4.177594,"visible":true}
S02_FOCUS {"command":{"fire":false,"move":0.0,"turn":0.0},"focused":true,"mode":1,"native_focus":true,"position":"(0.0, 0.001, -4.000001)","shots":8,"time":4.281098,"visible":true}
S02_FOCUS {"command":{"fire":false,"move":0.0,"turn":0.0},"focused":true,"mode":1,"native_focus":true,"position":"(0.0, 0.001, -4.000001)","shots":8,"time":4.38459799999999,"visible":true}
S02_FOCUS {"command":{"fire":false,"move":0.0,"turn":0.0},"focused":true,"mode":1,"native_focus":true,"position":"(0.0, 0.001, -4.000001)","shots":8,"time":4.48809699999999,"visible":true}
S02_FOCUS {"command":{"fire":false,"move":0.0,"turn":0.0},"focused":true,"mode":1,"native_focus":true,"position":"(0.0, 0.001, -4.000001)","shots":8,"time":4.59158699999999,"visible":true}
S02_FOCUS {"command":{"fire":false,"move":0.0,"turn":0.0},"focused":true,"mode":1,"native_focus":true,"position":"(0.0, 0.001, -4.000001)","shots":8,"time":4.69508699999999,"visible":true}
S02_FOCUS {"command":{"fire":false,"move":0.0,"turn":0.0},"focused":true,"mode":1,"native_focus":true,"position":"(0.0, 0.001, -4.000001)","shots":8,"time":4.79858799999999,"visible":true}
S02_FOCUS {"command":{"fire":false,"move":0.0,"turn":0.0},"focused":true,"mode":1,"native_focus":true,"position":"(0.0, 0.001, -4.000001)","shots":8,"time":4.90209599999999,"visible":true}
S02_FOCUS {"command":{"fire":false,"move":0.0,"turn":0.0},"focused":true,"mode":1,"native_focus":true,"position":"(0.0, 0.001, -4.000001)","shots":8,"time":5.00559599999999,"visible":true}
S02_FOCUS {"command":{"fire":false,"move":0.0,"turn":0.0},"focused":true,"mode":1,"native_focus":true,"position":"(0.0, 0.001, -4.000001)","shots":8,"time":5.10909999999999,"visible":true}
S02_FOCUS {"command":{"fire":false,"move":0.0,"turn":0.0},"focused":true,"mode":1,"native_focus":true,"position":"(0.0, 0.001, -4.000001)","shots":8,"time":5.21259999999999,"visible":true}
S02_FOCUS {"command":{"fire":false,"move":0.0,"turn":0.0},"focused":true,"mode":1,"native_focus":true,"position":"(0.0, 0.001, -4.000001)","shots":8,"time":5.31609899999999,"visible":true}
S02_FOCUS {"command":{"fire":false,"move":0.0,"turn":0.0},"focused":true,"mode":1,"native_focus":true,"position":"(0.0, 0.001, -4.000001)","shots":8,"time":5.41960499999999,"visible":true}
S02_FOCUS {"command":{"fire":false,"move":0.0,"turn":0.0},"focused":true,"mode":1,"native_focus":true,"position":"(0.0, 0.001, -4.000001)","shots":8,"time":5.52310299999999,"visible":true}
S02_FOCUS {"command":{"fire":false,"move":0.0,"turn":0.0},"focused":true,"mode":1,"native_focus":true,"position":"(0.0, 0.001, -4.000001)","shots":8,"time":5.62659799999999,"visible":true}
S02_FOCUS {"command":{"fire":false,"move":0.0,"turn":0.0},"focused":true,"mode":1,"native_focus":true,"position":"(0.0, 0.001, -4.000001)","shots":8,"time":5.73009699999999,"visible":true}
S02_FOCUS {"command":{"fire":false,"move":0.0,"turn":0.0},"focused":true,"mode":1,"native_focus":true,"position":"(0.0, 0.001, -4.000001)","shots":8,"time":5.83359699999998,"visible":true}
S02_FOCUS {"command":{"fire":false,"move":0.0,"turn":0.0},"focused":true,"mode":1,"native_focus":true,"position":"(0.0, 0.001, -4.000001)","shots":8,"time":5.93709699999998,"visible":true}
S02_FOCUS {"command":{"fire":false,"move":0.0,"turn":0.0},"focused":true,"mode":1,"native_focus":true,"position":"(0.0, 0.001, -4.000001)","shots":8,"time":6.04059499999998,"visible":true}
S02_FOCUS {"command":{"fire":false,"move":0.0,"turn":0.0},"focused":true,"mode":1,"native_focus":true,"position":"(0.0, 0.001, -4.000001)","shots":8,"time":6.14409999999998,"visible":true}
S02_FOCUS {"command":{"fire":false,"move":0.0,"turn":0.0},"focused":true,"mode":1,"native_focus":true,"position":"(0.0, 0.001, -4.000001)","shots":8,"time":6.24759999999998,"visible":true}
S02_FOCUS {"command":{"fire":false,"move":0.0,"turn":0.0},"focused":true,"mode":1,"native_focus":true,"position":"(0.0, 0.001, -4.000001)","shots":8,"time":6.35109499999998,"visible":true}
S02_FOCUS {"command":{"fire":false,"move":0.0,"turn":0.0},"focused":true,"mode":1,"native_focus":true,"position":"(0.0, 0.001, -4.000001)","shots":8,"time":6.45459399999998,"visible":true}
S02_FOCUS {"command":{"fire":false,"move":0.0,"turn":0.0},"focused":true,"mode":1,"native_focus":true,"position":"(0.0, 0.001, -4.000001)","shots":8,"time":6.55809799999998,"visible":true}
S02_FOCUS {"command":{"fire":false,"move":0.0,"turn":0.0},"focused":true,"mode":1,"native_focus":true,"position":"(0.0, 0.001, -4.000001)","shots":8,"time":6.66159899999998,"visible":true}
S02_FOCUS {"command":{"fire":false,"move":0.0,"turn":0.0},"focused":true,"mode":1,"native_focus":true,"position":"(0.0, 0.001, -4.000001)","shots":8,"time":6.76509699999998,"visible":true}
S02_FOCUS {"command":{"fire":false,"move":0.0,"turn":0.0},"focused":true,"mode":1,"native_focus":true,"position":"(0.0, 0.001, -4.000001)","shots":8,"time":6.86859999999998,"visible":true}
S02_FOCUS {"command":{"fire":false,"move":0.0,"turn":0.0},"focused":true,"mode":1,"native_focus":true,"position":"(0.0, 0.001, -4.000001)","shots":8,"time":6.97208699999998,"visible":true}
S02_FOCUS_RESULT {"failures":["OS minimize did not deliver focus loss"],"os_focus_loss":false}
