Godot Engine v4.8.dev7.official.c971f93e7 - https://godotengine.org
Vulkan 1.4.312 - Forward+ - Using Device #0: NVIDIA - NVIDIA GeForce GTX 1070

S02_FOCUS {"command":{"fire":false,"move":0.0,"turn":0.0},"focused":true,"mode":1,"native_focus":true,"position":"(0.0, 0.00087, 6.0)","shots":0,"time":0.0273286666666667,"visible":true}
S02_FOCUS {"command":{"fire":false,"move":0.0,"turn":0.0},"focused":true,"mode":1,"native_focus":true,"position":"(0.0, 0.001, 6.0)","shots":0,"time":0.130810333333333,"visible":true}
S02_FOCUS {"command":{"fire":false,"move":0.0,"turn":0.0},"focused":true,"mode":1,"native_focus":true,"position":"(0.0, 0.001, 6.0)","shots":0,"time":0.232914333333333,"visible":true}
S02_FOCUS {"command":{"fire":false,"move":0.0,"turn":0.0},"focused":true,"mode":1,"native_focus":true,"position":"(0.0, 0.001, 6.0)","shots":0,"time":0.332914333333333,"visible":true}
S02_FOCUS {"command":{"fire":false,"move":0.0,"turn":0.0},"focused":true,"mode":1,"native_focus":true,"position":"(0.0, 0.001, 6.0)","shots":0,"time":0.432983,"visible":true}
S02_FOCUS {"command":{"fire":false,"move":0.0,"turn":0.0},"focused":true,"mode":1,"native_focus":true,"position":"(0.0, 0.001, 6.0)","shots":0,"time":0.536479999999999,"visible":true}
S02_FOCUS {"command":{"fire":false,"move":0.0,"turn":0.0},"focused":true,"mode":1,"native_focus":true,"position":"(0.0, 0.001, 6.0)","shots":0,"time":0.639976999999999,"visible":true}
S02_FOCUS {"command":{"fire":false,"move":0.0,"turn":0.0},"focused":true,"mode":1,"native_focus":true,"position":"(0.0, 0.001, 6.0)","shots":0,"time":0.743483999999999,"visible":true}
S02_FOCUS {"command":{"fire":false,"move":0.0,"turn":0.0},"focused":true,"mode":1,"native_focus":true,"position":"(0.0, 0.001, 6.0)","shots":0,"time":0.84698,"visible":true}
S02_FOCUS {"command":{"fire":false,"move":0.0,"turn":0.0},"focused":true,"mode":1,"native_focus":true,"position":"(0.0, 0.001, 6.0)","shots":0,"time":0.950483,"visible":true}
S02_FOCUS {"command":{"fire":true,"move":1.0,"turn":0.0},"focused":true,"mode":1,"native_focus":true,"position":"(0.0, 0.001, 5.75)","shots":1,"time":1.05833333333333,"visible":true}
S02_FOCUS {"command":{"fire":true,"move":1.0,"turn":0.0},"focused":true,"mode":1,"native_focus":true,"position":"(0.0, 0.001, 5.249999)","shots":1,"time":1.16034733333333,"visible":true}
S02_FOCUS {"command":{"fire":true,"move":1.0,"turn":0.0},"focused":true,"mode":1,"native_focus":true,"position":"(0.0, 0.001, 4.749998)","shots":1,"time":1.26384933333333,"visible":true}
S02_FOCUS {"command":{"fire":true,"move":1.0,"turn":0.0},"focused":true,"mode":1,"native_focus":true,"position":"(0.0, 0.001, 4.249997)","shots":2,"time":1.36594633333333,"visible":true}
S02_FOCUS {"command":{"fire":true,"move":1.0,"turn":0.0},"focused":true,"mode":1,"native_focus":true,"position":"(0.0, 0.001, 3.749997)","shots":2,"time":1.46594633333333,"visible":true}
S02_FOCUS {"command":{"fire":true,"move":1.0,"turn":0.0},"focused":true,"mode":1,"native_focus":true,"position":"(0.0, 0.001, 3.249997)","shots":3,"time":1.56622411111111,"visible":true}
S02_FOCUS {"command":{"fire":true,"move":1.0,"turn":0.0},"focused":true,"mode":1,"native_focus":true,"position":"(0.0, 0.001, 2.666664)","shots":3,"time":1.669509,"visible":true}
S02_FOCUS {"command":{"fire":true,"move":1.0,"turn":0.0},"focused":true,"mode":1,"native_focus":true,"position":"(0.0, 0.001, 2.166665)","shots":3,"time":1.773009,"visible":true}
S02_FOCUS {"command":{"fire":true,"move":1.0,"turn":0.0},"focused":true,"mode":1,"native_focus":true,"position":"(0.0, 0.001, 1.666665)","shots":4,"time":1.876503,"visible":true}
S02_FOCUS {"command":{"fire":true,"move":1.0,"turn":0.0},"focused":true,"mode":1,"native_focus":true,"position":"(0.0, 0.001, 1.166664)","shots":4,"time":1.98001,"visible":true}
S02_FOCUS {"command":{"fire":true,"move":1.0,"turn":0.0},"focused":true,"mode":1,"native_focus":true,"position":"(0.0, 0.001, 0.583331)","shots":5,"time":2.083511,"visible":true}
S02_FOCUS {"command":{"fire":true,"move":1.0,"turn":0.0},"focused":true,"mode":1,"native_focus":true,"position":"(0.0, 0.001, 0.083331)","shots":5,"time":2.187009,"visible":true}
S02_FOCUS {"command":{"fire":true,"move":1.0,"turn":0.0},"focused":true,"mode":1,"native_focus":true,"position":"(0.0, 0.001, -0.416669)","shots":5,"time":2.290511,"visible":true}
S02_FOCUS {"command":{"fire":true,"move":1.0,"turn":0.0},"focused":true,"mode":1,"native_focus":true,"position":"(0.0, 0.001, -0.916669)","shots":6,"time":2.39401,"visible":true}
S02_FOCUS {"command":{"fire":true,"move":1.0,"turn":0.0},"focused":true,"mode":1,"native_focus":true,"position":"(0.0, 0.001, -1.416669)","shots":6,"time":2.49751,"visible":true}
S02_FOCUS {"command":{"fire":true,"move":1.0,"turn":0.0},"focused":true,"mode":1,"native_focus":true,"position":"(0.0, 0.001, -2.000003)","shots":6,"time":2.601012,"visible":true}
S02_FOCUS {"command":{"fire":true,"move":1.0,"turn":0.0},"focused":true,"mode":1,"native_focus":true,"position":"(0.0, 0.001, -2.500002)","shots":7,"time":2.704503,"visible":true}
S02_FOCUS {"command":{"fire":true,"move":1.0,"turn":0.0},"focused":true,"mode":1,"native_focus":true,"position":"(0.0, 0.001, -3.000002)","shots":7,"time":2.80801,"visible":true}
S02_FOCUS {"command":{"fire":true,"move":1.0,"turn":0.0},"focused":true,"mode":1,"native_focus":true,"position":"(0.0, 0.001, -3.500001)","shots":8,"time":2.91151,"visible":true}
S02_FOCUS {"command":{"fire":false,"move":0.0,"turn":0.0},"focused":true,"mode":1,"native_focus":true,"position":"(0.0, 0.001, -4.000001)","shots":8,"time":3.015001,"visible":true}
S02_FOCUS {"command":{"fire":false,"move":0.0,"turn":0.0},"focused":true,"mode":1,"native_focus":true,"position":"(0.0, 0.001, -4.000001)","shots":8,"time":3.118512,"visible":true}
S02_FOCUS {"command":{"fire":false,"move":0.0,"turn":0.0},"focused":true,"mode":1,"native_focus":true,"position":"(0.0, 0.001, -4.000001)","shots":8,"time":3.222008,"visible":true}
S02_FOCUS {"command":{"fire":false,"move":0.0,"turn":0.0},"focused":true,"mode":1,"native_focus":true,"position":"(0.0, 0.001, -4.000001)","shots":8,"time":3.325478,"visible":true}
S02_FOCUS {"command":{"fire":false,"move":0.0,"turn":0.0},"focused":true,"mode":1,"native_focus":true,"position":"(0.0, 0.001, -4.000001)","shots":8,"time":3.42901,"visible":true}
S02_FOCUS {"command":{"fire":false,"move":0.0,"turn":0.0},"focused":true,"mode":1,"native_focus":true,"position":"(0.0, 0.001, -4.000001)","shots":8,"time":3.532518,"visible":true}
S02_FOCUS {"command":{"fire":false,"move":0.0,"turn":0.0},"focused":true,"mode":1,"native_focus":true,"position":"(0.0, 0.001, -4.000001)","shots":8,"time":3.636011,"visible":true}
S02_FOCUS {"command":{"fire":false,"move":0.0,"turn":0.0},"focused":true,"mode":1,"native_focus":true,"position":"(0.0, 0.001, -4.000001)","shots":8,"time":3.739515,"visible":true}
S02_FOCUS {"command":{"fire":false,"move":0.0,"turn":0.0},"focused":true,"mode":1,"native_focus":true,"position":"(0.0, 0.001, -4.000001)","shots":8,"time":3.843015,"visible":true}
S02_FOCUS {"command":{"fire":false,"move":0.0,"turn":0.0},"focused":true,"mode":1,"native_focus":true,"position":"(0.0, 0.001, -4.000001)","shots":8,"time":3.946513,"visible":true}
S02_FOCUS {"command":{"fire":false,"move":0.0,"turn":0.0},"focused":true,"mode":1,"native_focus":true,"position":"(0.0, 0.001, -4.000001)","shots":8,"time":4.050016,"visible":true}
S02_FOCUS {"command":{"fire":false,"move":0.0,"turn":0.0},"focused":true,"mode":1,"native_focus":true,"position":"(0.0, 0.001, -4.000001)","shots":8,"time":4.153509,"visible":true}
S02_FOCUS {"command":{"fire":false,"move":0.0,"turn":0.0},"focused":true,"mode":1,"native_focus":true,"position":"(0.0, 0.001, -4.000001)","shots":8,"time":4.257009,"visible":true}
S02_FOCUS {"command":{"fire":false,"move":0.0,"turn":0.0},"focused":true,"mode":1,"native_focus":true,"position":"(0.0, 0.001, -4.000001)","shots":8,"time":4.360517,"visible":true}
S02_FOCUS {"command":{"fire":false,"move":0.0,"turn":0.0},"focused":true,"mode":1,"native_focus":true,"position":"(0.0, 0.001, -4.000001)","shots":8,"time":4.464011,"visible":true}
S02_FOCUS {"command":{"fire":false,"move":0.0,"turn":0.0},"focused":true,"mode":1,"native_focus":true,"position":"(0.0, 0.001, -4.000001)","shots":8,"time":4.567509,"visible":true}
S02_FOCUS {"command":{"fire":false,"move":0.0,"turn":0.0},"focused":true,"mode":1,"native_focus":true,"position":"(0.0, 0.001, -4.000001)","shots":8,"time":4.671015,"visible":true}
S02_FOCUS {"command":{"fire":false,"move":0.0,"turn":0.0},"focused":true,"mode":1,"native_focus":true,"position":"(0.0, 0.001, -4.000001)","shots":8,"time":4.77451,"visible":true}
S02_FOCUS {"command":{"fire":false,"move":0.0,"turn":0.0},"focused":true,"mode":1,"native_focus":true,"position":"(0.0, 0.001, -4.000001)","shots":8,"time":4.878012,"visible":true}
S02_FOCUS {"command":{"fire":false,"move":0.0,"turn":0.0},"focused":true,"mode":1,"native_focus":true,"position":"(0.0, 0.001, -4.000001)","shots":8,"time":4.981513,"visible":true}
S02_FOCUS {"command":{"fire":false,"move":0.0,"turn":0.0},"focused":true,"mode":1,"native_focus":true,"position":"(0.0, 0.001, -4.000001)","shots":8,"time":5.085012,"visible":true}
S02_FOCUS {"command":{"fire":false,"move":0.0,"turn":0.0},"focused":true,"mode":1,"native_focus":true,"position":"(0.0, 0.001, -4.000001)","shots":8,"time":5.188513,"visible":true}
S02_FOCUS {"command":{"fire":false,"move":0.0,"turn":0.0},"focused":true,"mode":1,"native_focus":true,"position":"(0.0, 0.001, -4.000001)","shots":8,"time":5.292015,"visible":true}
S02_FOCUS {"command":{"fire":false,"move":0.0,"turn":0.0},"focused":true,"mode":1,"native_focus":true,"position":"(0.0, 0.001, -4.000001)","shots":8,"time":5.39551,"visible":true}
S02_FOCUS {"command":{"fire":false,"move":0.0,"turn":0.0},"focused":true,"mode":1,"native_focus":true,"position":"(0.0, 0.001, -4.000001)","shots":8,"time":5.499015,"visible":true}
S02_FOCUS {"command":{"fire":false,"move":0.0,"turn":0.0},"focused":true,"mode":1,"native_focus":true,"position":"(0.0, 0.001, -4.000001)","shots":8,"time":5.602514,"visible":true}
S02_FOCUS {"command":{"fire":false,"move":0.0,"turn":0.0},"focused":true,"mode":1,"native_focus":true,"position":"(0.0, 0.001, -4.000001)","shots":8,"time":5.706017,"visible":true}
S02_FOCUS {"command":{"fire":false,"move":0.0,"turn":0.0},"focused":true,"mode":1,"native_focus":true,"position":"(0.0, 0.001, -4.000001)","shots":8,"time":5.809502,"visible":true}
S02_FOCUS {"command":{"fire":false,"move":0.0,"turn":0.0},"focused":true,"mode":1,"native_focus":true,"position":"(0.0, 0.001, -4.000001)","shots":8,"time":5.913012,"visible":true}
S02_FOCUS {"command":{"fire":false,"move":0.0,"turn":0.0},"focused":true,"mode":1,"native_focus":true,"position":"(0.0, 0.001, -4.000001)","shots":8,"time":6.016511,"visible":true}
S02_FOCUS {"command":{"fire":false,"move":0.0,"turn":0.0},"focused":true,"mode":1,"native_focus":true,"position":"(0.0, 0.001, -4.000001)","shots":8,"time":6.120012,"visible":true}
S02_FOCUS {"command":{"fire":false,"move":0.0,"turn":0.0},"focused":true,"mode":1,"native_focus":true,"position":"(0.0, 0.001, -4.000001)","shots":8,"time":6.22351699999999,"visible":true}
S02_FOCUS {"command":{"fire":false,"move":0.0,"turn":0.0},"focused":true,"mode":1,"native_focus":true,"position":"(0.0, 0.001, -4.000001)","shots":8,"time":6.32701099999999,"visible":true}
S02_FOCUS {"command":{"fire":false,"move":0.0,"turn":0.0},"focused":true,"mode":1,"native_focus":true,"position":"(0.0, 0.001, -4.000001)","shots":8,"time":6.43050999999999,"visible":true}
S02_FOCUS {"command":{"fire":false,"move":0.0,"turn":0.0},"focused":true,"mode":1,"native_focus":true,"position":"(0.0, 0.001, -4.000001)","shots":8,"time":6.53400999999999,"visible":true}
S02_FOCUS {"command":{"fire":false,"move":0.0,"turn":0.0},"focused":true,"mode":1,"native_focus":true,"position":"(0.0, 0.001, -4.000001)","shots":8,"time":6.63750999999999,"visible":true}
S02_FOCUS {"command":{"fire":false,"move":0.0,"turn":0.0},"focused":true,"mode":1,"native_focus":true,"position":"(0.0, 0.001, -4.000001)","shots":8,"time":6.74097399999999,"visible":true}
S02_FOCUS {"command":{"fire":false,"move":0.0,"turn":0.0},"focused":true,"mode":1,"native_focus":true,"position":"(0.0, 0.001, -4.000001)","shots":8,"time":6.844414,"visible":true}
S02_FOCUS {"command":{"fire":false,"move":0.0,"turn":0.0},"focused":true,"mode":1,"native_focus":true,"position":"(0.0, 0.001, -4.000001)","shots":8,"time":6.947854,"visible":true}
S02_FOCUS_RESULT {"failures":["OS minimize did not deliver focus loss"],"os_focus_loss":false}
