Godot Engine v4.8.dev7.official.c971f93e7 - https://godotengine.org
Vulkan 1.4.312 - Forward+ - Using Device #0: NVIDIA - NVIDIA GeForce GTX 1070

S02_FOCUS {"command":{"fire":false,"move":0.0,"turn":0.0},"focused":true,"mode":0,"native_focus":true,"position":"(0.0, 0.001, 6.0)","shots":0,"time":0.1,"visible":true}
S02_FOCUS {"command":{"fire":false,"move":0.0,"turn":0.0},"focused":true,"mode":0,"native_focus":true,"position":"(0.0, 0.001, 6.0)","shots":0,"time":0.206169666666667,"visible":true}
S02_FOCUS {"command":{"fire":false,"move":0.0,"turn":0.0},"focused":true,"mode":0,"native_focus":true,"position":"(0.0, 0.001, 6.0)","shots":0,"time":0.306310666666667,"visible":true}
S02_FOCUS {"command":{"fire":false,"move":0.0,"turn":0.0},"focused":true,"mode":0,"native_focus":true,"position":"(0.0, 0.001, 6.0)","shots":0,"time":0.407211333333333,"visible":true}
S02_FOCUS {"command":{"fire":false,"move":0.0,"turn":0.0},"focused":true,"mode":0,"native_focus":true,"position":"(0.0, 0.001, 6.0)","shots":0,"time":0.507954333333333,"visible":true}
S02_FOCUS {"command":{"fire":false,"move":0.0,"turn":0.0},"focused":true,"mode":0,"native_focus":true,"position":"(0.0, 0.001, 6.0)","shots":0,"time":0.624621,"visible":true}
S02_FOCUS {"command":{"fire":false,"move":0.0,"turn":0.0},"focused":true,"mode":0,"native_focus":true,"position":"(0.0, 0.001, 6.0)","shots":0,"time":0.741287666666667,"visible":true}
S02_FOCUS {"command":{"fire":false,"move":0.0,"turn":0.0},"focused":true,"mode":0,"native_focus":true,"position":"(0.0, 0.001, 6.0)","shots":0,"time":0.857954333333334,"visible":true}
S02_FOCUS {"command":{"fire":false,"move":0.0,"turn":0.0},"focused":true,"mode":0,"native_focus":true,"position":"(0.0, 0.001, 6.0)","shots":0,"time":0.974621000000001,"visible":true}
S02_FOCUS {"command":{"fire":true,"move":1.0,"turn":0.0},"focused":true,"mode":0,"native_focus":true,"position":"(0.0, 0.001, 5.666666)","shots":1,"time":1.07463933333333,"visible":true}
S02_FOCUS {"command":{"fire":true,"move":1.0,"turn":0.0},"focused":true,"mode":0,"native_focus":true,"position":"(0.0, 0.001, 5.083332)","shots":1,"time":1.191306,"visible":true}
S02_FOCUS {"command":{"fire":true,"move":1.0,"turn":0.0},"focused":true,"mode":0,"native_focus":true,"position":"(0.0, 0.001, 4.499997)","shots":2,"time":1.30797266666667,"visible":true}
S02_FOCUS {"command":{"fire":true,"move":1.0,"turn":0.0},"focused":true,"mode":0,"native_focus":true,"position":"(0.0, 0.001, 3.916663)","shots":2,"time":1.42463933333333,"visible":true}
S02_FOCUS {"command":{"fire":false,"move":0.0,"turn":0.0},"focused":false,"mode":1,"native_focus":false,"position":"(0.0, 0.001, 3.499997)","shots":2,"time":1.52600666666667,"visible":true}
S02_FOCUS {"command":{"fire":false,"move":0.0,"turn":0.0},"focused":false,"mode":1,"native_focus":false,"position":"(0.0, 0.001, 3.499997)","shots":2,"time":1.63230933333333,"visible":true}
S02_FOCUS {"command":{"fire":false,"move":0.0,"turn":0.0},"focused":false,"mode":1,"native_focus":false,"position":"(0.0, 0.001, 3.499997)","shots":2,"time":1.73581433333333,"visible":true}
S02_FOCUS {"command":{"fire":false,"move":0.0,"turn":0.0},"focused":false,"mode":1,"native_focus":false,"position":"(0.0, 0.001, 3.499997)","shots":2,"time":1.83604466666667,"visible":true}
S02_FOCUS {"command":{"fire":false,"move":0.0,"turn":0.0},"focused":false,"mode":1,"native_focus":false,"position":"(0.0, 0.001, 3.499997)","shots":2,"time":1.93604466666666,"visible":true}
S02_FOCUS {"command":{"fire":false,"move":0.0,"turn":0.0},"focused":false,"mode":1,"native_focus":false,"position":"(0.0, 0.001, 3.499997)","shots":2,"time":2.037987,"visible":true}
S02_FOCUS {"command":{"fire":false,"move":0.0,"turn":0.0},"focused":false,"mode":1,"native_focus":false,"position":"(0.0, 0.001, 3.499997)","shots":2,"time":2.141488,"visible":true}
S02_FOCUS {"command":{"fire":false,"move":0.0,"turn":0.0},"focused":false,"mode":1,"native_focus":false,"position":"(0.0, 0.001, 3.499997)","shots":2,"time":2.244984,"visible":true}
S02_FOCUS {"command":{"fire":false,"move":0.0,"turn":0.0},"focused":false,"mode":1,"native_focus":false,"position":"(0.0, 0.001, 3.499997)","shots":2,"time":2.348488,"visible":true}
S02_FOCUS {"command":{"fire":false,"move":0.0,"turn":0.0},"focused":false,"mode":1,"native_focus":false,"position":"(0.0, 0.001, 3.499997)","shots":2,"time":2.451991,"visible":true}
S02_FOCUS {"command":{"fire":false,"move":0.0,"turn":0.0},"focused":false,"mode":1,"native_focus":false,"position":"(0.0, 0.001, 3.499997)","shots":2,"time":2.55549,"visible":true}
S02_FOCUS {"command":{"fire":false,"move":0.0,"turn":0.0},"focused":false,"mode":1,"native_focus":false,"position":"(0.0, 0.001, 3.499997)","shots":2,"time":2.658987,"visible":true}
S02_FOCUS {"command":{"fire":false,"move":0.0,"turn":0.0},"focused":false,"mode":1,"native_focus":false,"position":"(0.0, 0.001, 3.499997)","shots":2,"time":2.762483,"visible":true}
S02_FOCUS {"command":{"fire":false,"move":0.0,"turn":0.0},"focused":false,"mode":1,"native_focus":false,"position":"(0.0, 0.001, 3.499997)","shots":2,"time":2.865987,"visible":true}
S02_FOCUS {"command":{"fire":false,"move":0.0,"turn":0.0},"focused":false,"mode":1,"native_focus":false,"position":"(0.0, 0.001, 3.499997)","shots":2,"time":2.969478,"visible":true}
S02_FOCUS {"command":{"fire":false,"move":0.0,"turn":0.0},"focused":true,"mode":0,"native_focus":true,"position":"(0.0, 0.001, 3.499997)","shots":2,"time":3.07334366666666,"visible":true}
S02_FOCUS {"command":{"fire":false,"move":0.0,"turn":0.0},"focused":true,"mode":0,"native_focus":true,"position":"(0.0, 0.001, 3.499997)","shots":2,"time":3.17347966666666,"visible":true}
S02_FOCUS {"command":{"fire":false,"move":0.0,"turn":0.0},"focused":true,"mode":0,"native_focus":true,"position":"(0.0, 0.001, 3.499997)","shots":2,"time":3.29057866666666,"visible":true}
S02_FOCUS {"command":{"fire":false,"move":0.0,"turn":0.0},"focused":true,"mode":0,"native_focus":true,"position":"(0.0, 0.001, 3.499997)","shots":2,"time":3.40724533333333,"visible":true}
S02_FOCUS {"command":{"fire":false,"move":0.0,"turn":0.0},"focused":true,"mode":0,"native_focus":true,"position":"(0.0, 0.001, 3.499997)","shots":2,"time":3.523912,"visible":true}
S02_FOCUS {"command":{"fire":false,"move":0.0,"turn":0.0},"focused":true,"mode":0,"native_focus":true,"position":"(0.0, 0.001, 3.499997)","shots":2,"time":3.64104166666666,"visible":true}
S02_FOCUS {"command":{"fire":false,"move":0.0,"turn":0.0},"focused":true,"mode":0,"native_focus":true,"position":"(0.0, 0.001, 3.499997)","shots":2,"time":3.75770833333333,"visible":true}
S02_FOCUS {"command":{"fire":false,"move":0.0,"turn":0.0},"focused":true,"mode":0,"native_focus":true,"position":"(0.0, 0.001, 3.499997)","shots":2,"time":3.85800533333333,"visible":true}
S02_FOCUS {"command":{"fire":false,"move":0.0,"turn":0.0},"focused":true,"mode":0,"native_focus":true,"position":"(0.0, 0.001, 3.499997)","shots":2,"time":3.95866366666666,"visible":true}
S02_FOCUS {"command":{"fire":false,"move":0.0,"turn":0.0},"focused":true,"mode":0,"native_focus":true,"position":"(0.0, 0.001, 3.499997)","shots":2,"time":4.07533033333333,"visible":true}
S02_FOCUS {"command":{"fire":false,"move":0.0,"turn":0.0},"focused":true,"mode":0,"native_focus":true,"position":"(0.0, 0.001, 3.499997)","shots":2,"time":4.19199699999999,"visible":true}
S02_FOCUS {"command":{"fire":false,"move":0.0,"turn":0.0},"focused":true,"mode":0,"native_focus":true,"position":"(0.0, 0.001, 3.499997)","shots":2,"time":4.30866366666666,"visible":true}
S02_FOCUS {"command":{"fire":false,"move":0.0,"turn":0.0},"focused":true,"mode":0,"native_focus":true,"position":"(0.0, 0.001, 3.499997)","shots":2,"time":4.42533033333333,"visible":true}
S02_FOCUS {"command":{"fire":false,"move":0.0,"turn":0.0},"focused":true,"mode":0,"native_focus":true,"position":"(0.0, 0.001, 3.499997)","shots":2,"time":4.54199699999999,"visible":true}
S02_FOCUS {"command":{"fire":false,"move":0.0,"turn":0.0},"focused":true,"mode":0,"native_focus":true,"position":"(0.0, 0.001, 3.499997)","shots":2,"time":4.65866366666666,"visible":true}
S02_FOCUS {"command":{"fire":false,"move":0.0,"turn":0.0},"focused":true,"mode":0,"native_focus":true,"position":"(0.0, 0.001, 3.499997)","shots":2,"time":4.77533033333332,"visible":true}
S02_FOCUS {"command":{"fire":false,"move":0.0,"turn":0.0},"focused":true,"mode":0,"native_focus":true,"position":"(0.0, 0.001, 3.499997)","shots":2,"time":4.89199699999999,"visible":true}
S02_FOCUS {"command":{"fire":false,"move":0.0,"turn":0.0},"focused":true,"mode":0,"native_focus":true,"position":"(0.0, 0.001, 3.499997)","shots":2,"time":5.00866366666666,"visible":true}
S02_FOCUS {"command":{"fire":false,"move":0.0,"turn":0.0},"focused":true,"mode":0,"native_focus":true,"position":"(0.0, 0.001, 3.499997)","shots":2,"time":5.12533033333332,"visible":true}
S02_FOCUS {"command":{"fire":false,"move":0.0,"turn":0.0},"focused":true,"mode":0,"native_focus":true,"position":"(0.0, 0.001, 3.499997)","shots":2,"time":5.24199699999999,"visible":true}
S02_FOCUS {"command":{"fire":false,"move":0.0,"turn":0.0},"focused":true,"mode":0,"native_focus":true,"position":"(0.0, 0.001, 3.499997)","shots":2,"time":5.35866366666666,"visible":true}
S02_FOCUS {"command":{"fire":false,"move":0.0,"turn":0.0},"focused":true,"mode":0,"native_focus":true,"position":"(0.0, 0.001, 3.499997)","shots":2,"time":5.47533033333332,"visible":true}
S02_FOCUS {"command":{"fire":false,"move":0.0,"turn":0.0},"focused":true,"mode":0,"native_focus":true,"position":"(0.0, 0.001, 3.499997)","shots":2,"time":5.59199699999999,"visible":true}
S02_FOCUS {"command":{"fire":false,"move":0.0,"turn":0.0},"focused":true,"mode":0,"native_focus":true,"position":"(0.0, 0.001, 3.499997)","shots":2,"time":5.70866366666665,"visible":true}
S02_FOCUS {"command":{"fire":false,"move":0.0,"turn":0.0},"focused":true,"mode":0,"native_focus":true,"position":"(0.0, 0.001, 3.499997)","shots":2,"time":5.82533033333332,"visible":true}
S02_FOCUS {"command":{"fire":false,"move":0.0,"turn":0.0},"focused":true,"mode":0,"native_focus":true,"position":"(0.0, 0.001, 3.499997)","shots":2,"time":5.92535133333332,"visible":true}
S02_FOCUS {"command":{"fire":false,"move":0.0,"turn":0.0},"focused":true,"mode":0,"native_focus":true,"position":"(0.0, 0.001, 3.499997)","shots":2,"time":6.04201799999999,"visible":true}
S02_FOCUS {"command":{"fire":false,"move":0.0,"turn":0.0},"focused":true,"mode":0,"native_focus":true,"position":"(0.0, 0.001, 3.499997)","shots":2,"time":6.15868466666665,"visible":true}
S02_FOCUS {"command":{"fire":false,"move":0.0,"turn":0.0},"focused":true,"mode":0,"native_focus":true,"position":"(0.0, 0.001, 3.499997)","shots":2,"time":6.27535133333332,"visible":true}
S02_FOCUS {"command":{"fire":false,"move":0.0,"turn":0.0},"focused":true,"mode":0,"native_focus":true,"position":"(0.0, 0.001, 3.499997)","shots":2,"time":6.39201799999999,"visible":true}
S02_FOCUS {"command":{"fire":false,"move":0.0,"turn":0.0},"focused":true,"mode":0,"native_focus":true,"position":"(0.0, 0.001, 3.499997)","shots":2,"time":6.50868466666665,"visible":true}
S02_FOCUS {"command":{"fire":false,"move":0.0,"turn":0.0},"focused":true,"mode":0,"native_focus":true,"position":"(0.0, 0.001, 3.499997)","shots":2,"time":6.62535133333332,"visible":true}
S02_FOCUS {"command":{"fire":false,"move":0.0,"turn":0.0},"focused":true,"mode":0,"native_focus":true,"position":"(0.0, 0.001, 3.499997)","shots":2,"time":6.74201799999998,"visible":true}
S02_FOCUS {"command":{"fire":false,"move":0.0,"turn":0.0},"focused":true,"mode":0,"native_focus":true,"position":"(0.0, 0.001, 3.499997)","shots":2,"time":6.85868466666665,"visible":true}
S02_FOCUS {"command":{"fire":false,"move":0.0,"turn":0.0},"focused":true,"mode":0,"native_focus":true,"position":"(0.0, 0.001, 3.499997)","shots":2,"time":6.95893066666665,"visible":true}
S02_FOCUS_RESULT {"failures":[],"os_focus_loss":true}
