M	TODO.md
A	docs/spikes/s03-s-valve-api-evidence/.gitattributes
A	docs/spikes/s03-s-valve-api-evidence/README.md
A	docs/spikes/s03-s-valve-api-evidence/check.py
A	docs/spikes/s03-s-valve-api-evidence/checks/commands.json
A	docs/spikes/s03-s-valve-api-evidence/checks/offline-static.stderr
A	docs/spikes/s03-s-valve-api-evidence/checks/offline-static.stdout
A	docs/spikes/s03-s-valve-api-evidence/checks/source-readback.stderr
A	docs/spikes/s03-s-valve-api-evidence/checks/source-readback.stdout
A	docs/spikes/s03-s-valve-api-evidence/checks/whitespace.stderr
A	docs/spikes/s03-s-valve-api-evidence/checks/whitespace.stdout
A	docs/spikes/s03-s-valve-api-evidence/expected-set.json
A	docs/spikes/s03-s-valve-api-evidence/extract.py
A	docs/spikes/s03-s-valve-api-evidence/launch.json
A	docs/spikes/s03-s-valve-api-evidence/requirements.txt
A	docs/spikes/s03-s-valve-api-evidence/retrieval.json
A	docs/spikes/s03-s-valve-api-evidence/retrieval/api-common.h.stderr
A	docs/spikes/s03-s-valve-api-evidence/retrieval/api-common.h.stdout
A	docs/spikes/s03-s-valve-api-evidence/retrieval/friends.html.stderr
A	docs/spikes/s03-s-valve-api-evidence/retrieval/friends.html.stdout
A	docs/spikes/s03-s-valve-api-evidence/retrieval/gns-readme.md.stderr
A	docs/spikes/s03-s-valve-api-evidence/retrieval/gns-readme.md.stdout
A	docs/spikes/s03-s-valve-api-evidence/retrieval/license.stderr
A	docs/spikes/s03-s-valve-api-evidence/retrieval/license.stdout
A	docs/spikes/s03-s-valve-api-evidence/retrieval/matchmaking.html.stderr
A	docs/spikes/s03-s-valve-api-evidence/retrieval/matchmaking.html.stdout
A	docs/spikes/s03-s-valve-api-evidence/retrieval/messages.h.stderr
A	docs/spikes/s03-s-valve-api-evidence/retrieval/messages.h.stdout
A	docs/spikes/s03-s-valve-api-evidence/retrieval/messages.html.stderr
A	docs/spikes/s03-s-valve-api-evidence/retrieval/messages.html.stdout
A	docs/spikes/s03-s-valve-api-evidence/retrieval/sdk-api.html.stderr
A	docs/spikes/s03-s-valve-api-evidence/retrieval/sdk-api.html.stdout
A	docs/spikes/s03-s-valve-api-evidence/retrieval/sdr.html.stderr
A	docs/spikes/s03-s-valve-api-evidence/retrieval/sdr.html.stdout
A	docs/spikes/s03-s-valve-api-evidence/retrieval/sockets.html.stderr
A	docs/spikes/s03-s-valve-api-evidence/retrieval/sockets.html.stdout
A	docs/spikes/s03-s-valve-api-evidence/retrieval/steam-utils.html.stderr
A	docs/spikes/s03-s-valve-api-evidence/retrieval/steam-utils.html.stdout
A	docs/spikes/s03-s-valve-api-evidence/retrieval/types.html.stderr
A	docs/spikes/s03-s-valve-api-evidence/retrieval/types.html.stdout
A	docs/spikes/s03-s-valve-api-evidence/retrieval/utils.h.stderr
A	docs/spikes/s03-s-valve-api-evidence/retrieval/utils.h.stdout
A	docs/spikes/s03-s-valve-api-evidence/retrieval/utils.html.stderr
A	docs/spikes/s03-s-valve-api-evidence/retrieval/utils.html.stdout
A	docs/spikes/s03-s-valve-api-evidence/retrieve.py
A	docs/spikes/s03-s-valve-api-evidence/run_checks.py
A	docs/spikes/s03-s-valve-api-evidence/snapshot.py
A	docs/spikes/s03-s-valve-api-evidence/sources.json
A	docs/spikes/s03-s-valve-api-evidence/sources/api-common.h.txt
A	docs/spikes/s03-s-valve-api-evidence/sources/friends.text.txt
A	docs/spikes/s03-s-valve-api-evidence/sources/gns-readme.md.txt
A	docs/spikes/s03-s-valve-api-evidence/sources/license.txt
A	docs/spikes/s03-s-valve-api-evidence/sources/matchmaking.text.txt
A	docs/spikes/s03-s-valve-api-evidence/sources/messages.h.txt
A	docs/spikes/s03-s-valve-api-evidence/sources/messages.text.txt
A	docs/spikes/s03-s-valve-api-evidence/sources/sdk-api.text.txt
A	docs/spikes/s03-s-valve-api-evidence/sources/sdr.text.txt
A	docs/spikes/s03-s-valve-api-evidence/sources/sockets.h.txt
A	docs/spikes/s03-s-valve-api-evidence/sources/sockets.text.txt
A	docs/spikes/s03-s-valve-api-evidence/sources/steam-utils.text.txt
A	docs/spikes/s03-s-valve-api-evidence/sources/types.h.txt
A	docs/spikes/s03-s-valve-api-evidence/sources/types.text.txt
A	docs/spikes/s03-s-valve-api-evidence/sources/utils.h.txt
A	docs/spikes/s03-s-valve-api-evidence/sources/utils.text.txt
A	docs/spikes/s03-s-valve-api-interface.md
