A	docs/spikes/p0-drawable-route-evidence/README.md
A	docs/spikes/p0-drawable-route-evidence/acquisition.json
A	docs/spikes/p0-drawable-route-evidence/check_manifest.py
A	docs/spikes/p0-drawable-route-evidence/commands.json
A	docs/spikes/p0-drawable-route-evidence/discover.py
A	docs/spikes/p0-drawable-route-evidence/discovery.stderr
A	docs/spikes/p0-drawable-route-evidence/discovery.stdout
A	docs/spikes/p0-drawable-route-evidence/fifo-acquisition.json
A	docs/spikes/p0-drawable-route-evidence/fifo-fetch.stdin
A	docs/spikes/p0-drawable-route-evidence/inventory/0.stderr
A	docs/spikes/p0-drawable-route-evidence/inventory/0.stdout
A	docs/spikes/p0-drawable-route-evidence/inventory/1.stderr
A	docs/spikes/p0-drawable-route-evidence/inventory/1.stdout
A	docs/spikes/p0-drawable-route-evidence/inventory/2.stderr
A	docs/spikes/p0-drawable-route-evidence/inventory/2.stdout
A	docs/spikes/p0-drawable-route-evidence/inventory/3.stderr
A	docs/spikes/p0-drawable-route-evidence/inventory/3.stdout
A	docs/spikes/p0-drawable-route-evidence/launch.json
A	docs/spikes/p0-drawable-route-evidence/manifest.json
A	docs/spikes/p0-drawable-route-evidence/raw-requirements.txt
A	docs/spikes/p0-drawable-route-evidence/source/doc/classes/MovieWriter.xml
A	docs/spikes/p0-drawable-route-evidence/source/doc/classes/RenderingServer.xml
A	docs/spikes/p0-drawable-route-evidence/source/main/main.cpp
A	docs/spikes/p0-drawable-route-evidence/source/platform/linuxbsd/wayland/display_server_wayland.cpp
A	docs/spikes/p0-drawable-route-evidence/source/platform/linuxbsd/wayland/wayland_thread.cpp
A	docs/spikes/p0-drawable-route-evidence/source/platform/linuxbsd/wayland/wayland_thread.h
A	docs/spikes/p0-drawable-route-evidence/source/servers/movie_writer/movie_writer.cpp
A	docs/spikes/p0-drawable-route-evidence/source/servers/movie_writer/movie_writer_pngwav.cpp
A	docs/spikes/p0-drawable-route-evidence/source/servers/rendering/rendering_server_default.cpp
A	docs/spikes/p0-drawable-route-evidence/static-attempt01.py
A	docs/spikes/p0-drawable-route-evidence/static-attempt01.stderr
A	docs/spikes/p0-drawable-route-evidence/static-attempt01.stdout
A	docs/spikes/p0-drawable-route-evidence/static-result.json
A	docs/spikes/p0-drawable-route-evidence/static.stderr
A	docs/spikes/p0-drawable-route-evidence/static.stdout
A	docs/spikes/p0-drawable-route-evidence/static_check.py
A	docs/spikes/p0-drawable-route-evidence/supplement.json
A	docs/spikes/p0-drawable-route-evidence/supplement.py
A	docs/spikes/p0-drawable-route-evidence/supplement.stderr
A	docs/spikes/p0-drawable-route-evidence/supplement.stdout
A	docs/spikes/p0-drawable-route-evidence/whitespace-diagnostic.stderr
A	docs/spikes/p0-drawable-route-evidence/whitespace-diagnostic.stdout
A	docs/spikes/p0-drawable-route.md
