[detached HEAD ba2d106] Record release gameplay positives and unresolved native diagnostics
 59 files changed, 7940 insertions(+), 20 deletions(-)
 create mode 100644 docs/spikes/s08-release-lifecycle-evidence/README.md
 create mode 100644 docs/spikes/s08-release-lifecycle-evidence/analysis01.command.json
 create mode 100644 docs/spikes/s08-release-lifecycle-evidence/analysis01.stderr
 create mode 100644 docs/spikes/s08-release-lifecycle-evidence/analysis01.stdout
 create mode 100644 docs/spikes/s08-release-lifecycle-evidence/base-and-ref-commands.json
 create mode 100644 docs/spikes/s08-release-lifecycle-evidence/base43-paths.stderr
 create mode 100644 docs/spikes/s08-release-lifecycle-evidence/base43-paths.stdout
 create mode 100644 docs/spikes/s08-release-lifecycle-evidence/base65-TODO.stderr
 create mode 100644 docs/spikes/s08-release-lifecycle-evidence/base65-TODO.stdout
 create mode 100644 docs/spikes/s08-release-lifecycle-evidence/base65-paths.stderr
 create mode 100644 docs/spikes/s08-release-lifecycle-evidence/base65-paths.stdout
 create mode 100644 docs/spikes/s08-release-lifecycle-evidence/final-inverse.stderr
 create mode 100644 docs/spikes/s08-release-lifecycle-evidence/final-inverse.stdout
 create mode 100644 docs/spikes/s08-release-lifecycle-evidence/final-python.stderr
 create mode 100644 docs/spikes/s08-release-lifecycle-evidence/final-python.stdout
 create mode 100644 docs/spikes/s08-release-lifecycle-evidence/final-static-checks.json
 create mode 100644 docs/spikes/s08-release-lifecycle-evidence/original-operation-receipts.jsonl
 create mode 100644 docs/spikes/s08-release-lifecycle-evidence/raw-user-messages.json
 create mode 100644 docs/spikes/s08-release-lifecycle-evidence/release02/cache-config-readback.json
 create mode 100644 docs/spikes/s08-release-lifecycle-evidence/release02/client/command.json
 create mode 100644 docs/spikes/s08-release-lifecycle-evidence/release02/client/engine.log
 create mode 100644 docs/spikes/s08-release-lifecycle-evidence/release02/client/stderr.log
 create mode 100644 docs/spikes/s08-release-lifecycle-evidence/release02/client/stdout.log
 create mode 100644 docs/spikes/s08-release-lifecycle-evidence/release02/expected.json
 create mode 100644 docs/spikes/s08-release-lifecycle-evidence/release02/host/command.json
 create mode 100644 docs/spikes/s08-release-lifecycle-evidence/release02/host/engine.log
 create mode 100644 docs/spikes/s08-release-lifecycle-evidence/release02/host/stderr.log
 create mode 100644 docs/spikes/s08-release-lifecycle-evidence/release02/host/stdout.log
 create mode 100644 docs/spikes/s08-release-lifecycle-evidence/release02/proxy.jsonl
 create mode 100644 docs/spikes/s08-release-lifecycle-evidence/release02/release-supervisor.command.json
 create mode 100644 docs/spikes/s08-release-lifecycle-evidence/release02/release-supervisor.stderr
 create mode 100644 docs/spikes/s08-release-lifecycle-evidence/release02/release-supervisor.stdout
 create mode 100644 docs/spikes/s08-release-lifecycle-evidence/release02/result.json
 create mode 100644 docs/spikes/s08-release-lifecycle-evidence/release02/staged-input.json
 create mode 100644 docs/spikes/s08-release-lifecycle-evidence/release02/traffic.jsonl
 create mode 100644 docs/spikes/s08-release-lifecycle-evidence/retained-traces.stderr
 create mode 100644 docs/spikes/s08-release-lifecycle-evidence/retained-traces.stdout
 create mode 100644 docs/spikes/s08-release-lifecycle-evidence/runtime-ref.stderr
 create mode 100644 docs/spikes/s08-release-lifecycle-evidence/runtime-ref.stdout
 create mode 100644 docs/spikes/s08-release-lifecycle-evidence/source/callable.cpp
 create mode 100644 docs/spikes/s08-release-lifecycle-evidence/source/callable.cpp.command.json
 create mode 100644 docs/spikes/s08-release-lifecycle-evidence/source/callable.cpp.stderr
 create mode 100644 docs/spikes/s08-release-lifecycle-evidence/source/callable_bind.cpp
 create mode 100644 docs/spikes/s08-release-lifecycle-evidence/source/callable_bind.cpp.command.json
 create mode 100644 docs/spikes/s08-release-lifecycle-evidence/source/callable_bind.cpp.stderr
 create mode 100644 docs/spikes/s08-release-lifecycle-evidence/source/callable_mp.cpp
 create mode 100644 docs/spikes/s08-release-lifecycle-evidence/source/callable_mp.cpp.command.json
 create mode 100644 docs/spikes/s08-release-lifecycle-evidence/source/callable_mp.cpp.stderr
 create mode 100644 docs/spikes/s08-release-lifecycle-evidence/source/object.cpp
 create mode 100644 docs/spikes/s08-release-lifecycle-evidence/source/object.cpp.command.json
 create mode 100644 docs/spikes/s08-release-lifecycle-evidence/source/object.cpp.stderr
 create mode 100644 docs/spikes/s08-release-lifecycle-evidence/source/variant-callable.command.json
 create mode 100644 docs/spikes/s08-release-lifecycle-evidence/source/variant-callable.cpp
 create mode 100644 docs/spikes/s08-release-lifecycle-evidence/source/variant-callable.stderr
 create mode 100644 docs/spikes/s08-release-lifecycle-evidence/verify.py
 create mode 100644 tools/s08/lifecycle_analyze.py
