Godot Engine v4.8.dev7.official.c971f93e7 - https://godotengine.org

[   0% ] first_scan_filesystem | Started Project initialization (5 steps)
[   0% ] first_scan_filesystem | Scanning file structure...
[  16% ] first_scan_filesystem | Loading global class names...
[  33% ] first_scan_filesystem | Verifying GDExtensions...
[  50% ] first_scan_filesystem | Creating autoload scripts...
[  66% ] first_scan_filesystem | Initializing plugins...
[  83% ] first_scan_filesystem | Starting file scan...
[ DONE ] first_scan_filesystem

[   0% ] update_scripts_classes | Started Registering global classes... (12 steps)
[   0% ] update_scripts_classes | S06Anchor
[   7% ] update_scripts_classes | S06Bake
[  15% ] update_scripts_classes | S06City
[  23% ] update_scripts_classes | S06Controller
[  30% ] update_scripts_classes | S06Fixture
[  38% ] update_scripts_classes | S06Link
[  46% ] update_scripts_classes | S06Minimap
[  53% ] update_scripts_classes | 
[  61% ] update_scripts_classes | S06Sector
[  69% ] update_scripts_classes | 
[  76% ] update_scripts_classes | S10Pedestrian
[  84% ] update_scripts_classes | S10Population
[ DONE ] update_scripts_classes

[   0% ] _update_scan_actions | Started Scanning actions... (2 steps)
[   0% ] _update_scan_actions | s06_east.glb
[  33% ] _update_scan_actions | s06_west.glb
[ DONE ] _update_scan_actions

[   0% ] reimport | Started (Re)Importing Assets (2 steps)
[   0% ] reimport | Preparing files to reimport...
[  33% ] reimport | Preparing files to reimport...
[   0% ] reimport | Executing pre-reimport operations...
[   0% ] preload_reimporting_scene | Started Preparing scenes for reload (1 steps)
[   0% ] preload_reimporting_scene | Analyzing scene [empty]
[  50% ] preload_reimporting_scene | Preparation done.
[ DONE ] preload_reimporting_scene

[   0% ] reimport | s06_east.glb
[   0% ] import | Started Import Scene (104 steps)
[   0% ] import | Importing Scene...
[   1% ] import | Running Custom Script...
[  99% ] import | Saving...
[ DONE ] import

[  33% ] reimport | s06_west.glb
[   0% ] import | Started Import Scene (104 steps)
[   0% ] import | Importing Scene...
[   1% ] import | Running Custom Script...
[  99% ] import | Saving...
[ DONE ] import

[  66% ] reimport | Finalizing Asset Import...
[ DONE ] reimport

[   0% ] reimport | Started (Re)Importing Assets (2 steps)
[   0% ] reimport | Executing post-reimport operations...
[ DONE ] reimport

[   0% ] loading_editor_layout | Started Loading editor (5 steps)
[   0% ] loading_editor_layout | Loading editor layout...
[  16% ] loading_editor_layout | Loading docks...
[ DONE ] loading_editor_layout

