docs/assets/production/city_lights_04-evidence/tool_help.log:5: trailing whitespace.
+-b or --background 
docs/assets/production/city_lights_04-evidence/tool_help.log:11: trailing whitespace.
+-a or --render-anim 
docs/assets/production/city_lights_04-evidence/tool_help.log:112: trailing whitespace.
+-w or --window-border 
docs/assets/production/city_lights_04-evidence/tool_help.log:115: trailing whitespace.
+-M or --window-maximized 
docs/assets/production/city_lights_04-evidence/tool_help.log:118: trailing whitespace.
+-W or --window-fullscreen 
docs/assets/production/city_lights_04-evidence/tool_help.log:124: trailing whitespace.
+-con or --start-console 
docs/assets/production/city_lights_04-evidence/tool_help.log:127: trailing whitespace.
+--no-native-pixels 
docs/assets/production/city_lights_04-evidence/tool_help.log:130: trailing whitespace.
+--no-window-frame 
docs/assets/production/city_lights_04-evidence/tool_help.log:133: trailing whitespace.
+--no-window-focus 
docs/assets/production/city_lights_04-evidence/tool_help.log:138: trailing whitespace.
+-y or --enable-autoexec 
docs/assets/production/city_lights_04-evidence/tool_help.log:141: trailing whitespace.
+-Y or --disable-autoexec 
docs/assets/production/city_lights_04-evidence/tool_help.log:157: trailing whitespace.
+--python-console 
docs/assets/production/city_lights_04-evidence/tool_help.log:164: trailing whitespace.
+--python-use-system-env 
docs/assets/production/city_lights_04-evidence/tool_help.log:168: trailing whitespace.
+--python-use-user-env 
docs/assets/production/city_lights_04-evidence/tool_help.log:177: trailing whitespace.
+--online-mode 
docs/assets/production/city_lights_04-evidence/tool_help.log:180: trailing whitespace.
+--offline-mode 
docs/assets/production/city_lights_04-evidence/tool_help.log:204: trailing whitespace.
+--log-show-memory 
docs/assets/production/city_lights_04-evidence/tool_help.log:207: trailing whitespace.
+--log-show-source 
docs/assets/production/city_lights_04-evidence/tool_help.log:210: trailing whitespace.
+--log-show-backtrace 
docs/assets/production/city_lights_04-evidence/tool_help.log:216: trailing whitespace.
+--log-list-categories 
docs/assets/production/city_lights_04-evidence/tool_help.log:222: trailing whitespace.
+-d or --debug 
docs/assets/production/city_lights_04-evidence/tool_help.log:233: trailing whitespace.
+--debug-events 
docs/assets/production/city_lights_04-evidence/tool_help.log:236: trailing whitespace.
+--debug-handlers 
docs/assets/production/city_lights_04-evidence/tool_help.log:239: trailing whitespace.
+--debug-libmv 
docs/assets/production/city_lights_04-evidence/tool_help.log:242: trailing whitespace.
+--debug-memory 
docs/assets/production/city_lights_04-evidence/tool_help.log:245: trailing whitespace.
+--debug-jobs 
docs/assets/production/city_lights_04-evidence/tool_help.log:248: trailing whitespace.
+--debug-python 
docs/assets/production/city_lights_04-evidence/tool_help.log:251: trailing whitespace.
+--debug-depsgraph 
docs/assets/production/city_lights_04-evidence/tool_help.log:254: trailing whitespace.
+--debug-depsgraph-eval 
docs/assets/production/city_lights_04-evidence/tool_help.log:257: trailing whitespace.
+--debug-depsgraph-build 
docs/assets/production/city_lights_04-evidence/tool_help.log:260: trailing whitespace.
+--debug-depsgraph-tag 
docs/assets/production/city_lights_04-evidence/tool_help.log:263: trailing whitespace.
+--debug-depsgraph-no-threads 
docs/assets/production/city_lights_04-evidence/tool_help.log:266: trailing whitespace.
+--debug-depsgraph-time 
docs/assets/production/city_lights_04-evidence/tool_help.log:269: trailing whitespace.
+--debug-depsgraph-pretty 
docs/assets/production/city_lights_04-evidence/tool_help.log:272: trailing whitespace.
+--debug-depsgraph-uid 
docs/assets/production/city_lights_04-evidence/tool_help.log:275: trailing whitespace.
+--debug-ghost 
docs/assets/production/city_lights_04-evidence/tool_help.log:278: trailing whitespace.
+--debug-wintab 
docs/assets/production/city_lights_04-evidence/tool_help.log:281: trailing whitespace.
+--debug-gpu 
docs/assets/production/city_lights_04-evidence/tool_help.log:284: trailing whitespace.
+--debug-gpu-force-workarounds 
docs/assets/production/city_lights_04-evidence/tool_help.log:287: trailing whitespace.
+--debug-gpu-compile-shaders 
docs/assets/production/city_lights_04-evidence/tool_help.log:290: trailing whitespace.
+--debug-gpu-shader-debug-info 
docs/assets/production/city_lights_04-evidence/tool_help.log:293: trailing whitespace.
+--debug-gpu-scope-capture 
docs/assets/production/city_lights_04-evidence/tool_help.log:296: trailing whitespace.
+--debug-gpu-shader-source 
docs/assets/production/city_lights_04-evidence/tool_help.log:301: trailing whitespace.
+--debug-gpu-shader-no-preprocessor 
docs/assets/production/city_lights_04-evidence/tool_help.log:305: trailing whitespace.
+--debug-gpu-shader-no-dce 
docs/assets/production/city_lights_04-evidence/tool_help.log:308: trailing whitespace.
+--debug-gpu-no-texture-pool 
docs/assets/production/city_lights_04-evidence/tool_help.log:311: trailing whitespace.
+--debug-gpu-vulkan-local-read 
docs/assets/production/city_lights_04-evidence/tool_help.log:314: trailing whitespace.
+--debug-wm 
docs/assets/production/city_lights_04-evidence/tool_help.log:317: trailing whitespace.
+--debug-xr 
docs/assets/production/city_lights_04-evidence/tool_help.log:321: trailing whitespace.
+--debug-xr-time 
docs/assets/production/city_lights_04-evidence/tool_help.log:324: trailing whitespace.
+--debug-all 
docs/assets/production/city_lights_04-evidence/tool_help.log:327: trailing whitespace.
+--debug-io 
docs/assets/production/city_lights_04-evidence/tool_help.log:331: trailing whitespace.
+--debug-fpe 
docs/assets/production/city_lights_04-evidence/tool_help.log:334: trailing whitespace.
+--debug-exit-on-error 
docs/assets/production/city_lights_04-evidence/tool_help.log:337: trailing whitespace.
+--debug-freestyle 
docs/assets/production/city_lights_04-evidence/tool_help.log:340: trailing whitespace.
+--console-crash-handler 
docs/assets/production/city_lights_04-evidence/tool_help.log:343: trailing whitespace.
+--disable-crash-handler 
docs/assets/production/city_lights_04-evidence/tool_help.log:346: trailing whitespace.
+--disable-abort-handler 
docs/assets/production/city_lights_04-evidence/tool_help.log:352: trailing whitespace.
+-q or --quiet 
docs/assets/production/city_lights_04-evidence/tool_help.log:357: trailing whitespace.
+--gpu-backend 
docs/assets/production/city_lights_04-evidence/tool_help.log:373: trailing whitespace.
+--gpu-device-no-fallback 
docs/assets/production/city_lights_04-evidence/tool_help.log:376: trailing whitespace.
+--gpu-vsync 
docs/assets/production/city_lights_04-evidence/tool_help.log:384: trailing whitespace.
+--gpu-compilation-subprocesses 
docs/assets/production/city_lights_04-evidence/tool_help.log:387: trailing whitespace.
+--profile-gpu 
docs/assets/production/city_lights_04-evidence/tool_help.log:393: trailing whitespace.
+--open-last 
docs/assets/production/city_lights_04-evidence/tool_help.log:399: trailing whitespace.
+-X or --factory-startup 
docs/assets/production/city_lights_04-evidence/tool_help.log:402: trailing whitespace.
+--enable-event-simulate 
docs/assets/production/city_lights_04-evidence/tool_help.log:406: trailing whitespace.
+--env-system-datafiles 
docs/assets/production/city_lights_04-evidence/tool_help.log:409: trailing whitespace.
+--env-system-scripts 
docs/assets/production/city_lights_04-evidence/tool_help.log:412: trailing whitespace.
+--env-system-extensions 
docs/assets/production/city_lights_04-evidence/tool_help.log:415: trailing whitespace.
+--env-system-python 
docs/assets/production/city_lights_04-evidence/tool_help.log:419: trailing whitespace.
+-noaudio 
docs/assets/production/city_lights_04-evidence/tool_help.log:422: trailing whitespace.
+-setaudio 
docs/assets/production/city_lights_04-evidence/tool_help.log:435: trailing whitespace.
+-h or --help 
docs/assets/production/city_lights_04-evidence/tool_help.log:438: trailing whitespace.
+/? 
docs/assets/production/city_lights_04-evidence/tool_help.log:441: trailing whitespace.
+-r or --register 
docs/assets/production/city_lights_04-evidence/tool_help.log:444: trailing whitespace.
+--register-allusers 
docs/assets/production/city_lights_04-evidence/tool_help.log:447: trailing whitespace.
+--unregister 
docs/assets/production/city_lights_04-evidence/tool_help.log:450: trailing whitespace.
+--unregister-allusers 
docs/assets/production/city_lights_04-evidence/tool_help.log:460: trailing whitespace.
+-v or --version 
docs/assets/production/city_lights_04-evidence/tool_help.log:463: trailing whitespace.
+-- 
docs/assets/production/city_lights_04-evidence/tool_help.log:468: trailing whitespace.
+--disable-depsgraph-on-file-load 
docs/assets/production/city_lights_04-evidence/tool_help.log:479: trailing whitespace.
+--disable-liboverride-auto-resync 
docs/assets/production/city_lights_04-evidence/tool_help.log:485: trailing whitespace.
+--debug-ffmpeg 
docs/assets/production/city_lights_04-evidence/tool_help.log:488: trailing whitespace.
+--debug-cycles 
docs/assets/production/city_lights_04-evidence/tool_version.log:10: trailing whitespace.
+	build c flags:  -Wall -Werror=implicit-function-declaration -Wstrict-prototypes -Werror=return-type -Werror=vla -Wmissing-prototypes -Wno-char-subscripts -Wno-unknown-pragmas -Wpointer-arith -Wunused-parameter -Wwrite-strings -Wlogical-op -Wundef -Winit-self -Wmissing-include-dirs -Wno-div-by-zero -Wtype-limits -Wformat-signedness -Wrestrict -Wno-stringop-overread -Wno-stringop-overflow -Wnonnull -Wabsolute-value -Wuninitialized -Wredundant-decls -Wshadow -Wimplicit-fallthrough=5 -Wno-error=unused-but-set-variable -march=x86-64 -mtune=generic -O2 -pipe -fno-plt -fexceptions         -Wp,-D_FORTIFY_SOURCE=3 -Wformat -Werror=format-security         -fstack-clash-protection -fcf-protection         -fno-omit-frame-pointer -mno-omit-leaf-frame-pointer -g -ffile-prefix-map=/build/blender/src=/usr/src/debug/blender -march=x86-64-v2 -std=gnu11 -pipe -fPIC -funsigned-char -fno-strict-aliasing -ffp-contract=off  
docs/assets/production/city_lights_04-evidence/tool_version.log:11: trailing whitespace.
+	build c++ flags:  -Wuninitialized -Wredundant-decls -Wall -Wno-invalid-offsetof -Wno-sign-compare -Wlogical-op -Winit-self -Wmissing-include-dirs -Wno-div-by-zero -Wtype-limits -Werror=return-type -Wno-char-subscripts -Wno-unknown-pragmas -Wpointer-arith -Wunused-parameter -Wwrite-strings -Wundef -Wcomma-subscript -Wformat-signedness -Wrestrict -Wno-suggest-override -Wuninitialized -Wno-stringop-overread -Wno-stringop-overflow -Wimplicit-fallthrough=5 -Wundef -Wmissing-declarations -march=x86-64 -mtune=generic -O2 -pipe -fno-plt -fexceptions         -Wp,-D_FORTIFY_SOURCE=3 -Wformat -Werror=format-security         -fstack-clash-protection -fcf-protection         -fno-omit-frame-pointer -mno-omit-leaf-frame-pointer  -g -ffile-prefix-map=/build/blender/src=/usr/src/debug/blender --param=max-vartrack-size=640000000 -Wno-error=format-security -march=x86-64-v2 -pipe -fPIC -funsigned-char -fno-strict-aliasing -ffp-contract=off  
docs/assets/production/city_planting_02-evidence/version.log:11: trailing whitespace.
+	build c flags:  -Wall -Werror=implicit-function-declaration -Wstrict-prototypes -Werror=return-type -Werror=vla -Wmissing-prototypes -Wno-char-subscripts -Wno-unknown-pragmas -Wpointer-arith -Wunused-parameter -Wwrite-strings -Wlogical-op -Wundef -Winit-self -Wmissing-include-dirs -Wno-div-by-zero -Wtype-limits -Wformat-signedness -Wrestrict -Wno-stringop-overread -Wno-stringop-overflow -Wnonnull -Wabsolute-value -Wuninitialized -Wredundant-decls -Wshadow -Wimplicit-fallthrough=5 -Wno-error=unused-but-set-variable -march=x86-64 -mtune=generic -O2 -pipe -fno-plt -fexceptions         -Wp,-D_FORTIFY_SOURCE=3 -Wformat -Werror=format-security         -fstack-clash-protection -fcf-protection         -fno-omit-frame-pointer -mno-omit-leaf-frame-pointer -g -ffile-prefix-map=/build/blender/src=/usr/src/debug/blender -march=x86-64-v2 -std=gnu11 -pipe -fPIC -funsigned-char -fno-strict-aliasing -ffp-contract=off  
docs/assets/production/city_planting_02-evidence/version.log:12: trailing whitespace.
+	build c++ flags:  -Wuninitialized -Wredundant-decls -Wall -Wno-invalid-offsetof -Wno-sign-compare -Wlogical-op -Winit-self -Wmissing-include-dirs -Wno-div-by-zero -Wtype-limits -Werror=return-type -Wno-char-subscripts -Wno-unknown-pragmas -Wpointer-arith -Wunused-parameter -Wwrite-strings -Wundef -Wcomma-subscript -Wformat-signedness -Wrestrict -Wno-suggest-override -Wuninitialized -Wno-stringop-overread -Wno-stringop-overflow -Wimplicit-fallthrough=5 -Wundef -Wmissing-declarations -march=x86-64 -mtune=generic -O2 -pipe -fno-plt -fexceptions         -Wp,-D_FORTIFY_SOURCE=3 -Wformat -Werror=format-security         -fstack-clash-protection -fcf-protection         -fno-omit-frame-pointer -mno-omit-leaf-frame-pointer  -g -ffile-prefix-map=/build/blender/src=/usr/src/debug/blender --param=max-vartrack-size=640000000 -Wno-error=format-security -march=x86-64-v2 -pipe -fPIC -funsigned-char -fno-strict-aliasing -ffp-contract=off  
docs/assets/production/city_sign_supports_01-evidence/blender_help.log:5: trailing whitespace.
+-b or --background 
docs/assets/production/city_sign_supports_01-evidence/blender_help.log:11: trailing whitespace.
+-a or --render-anim 
docs/assets/production/city_sign_supports_01-evidence/blender_help.log:112: trailing whitespace.
+-w or --window-border 
docs/assets/production/city_sign_supports_01-evidence/blender_help.log:115: trailing whitespace.
+-M or --window-maximized 
docs/assets/production/city_sign_supports_01-evidence/blender_help.log:118: trailing whitespace.
+-W or --window-fullscreen 
docs/assets/production/city_sign_supports_01-evidence/blender_help.log:124: trailing whitespace.
+-con or --start-console 
docs/assets/production/city_sign_supports_01-evidence/blender_help.log:127: trailing whitespace.
+--no-native-pixels 
docs/assets/production/city_sign_supports_01-evidence/blender_help.log:130: trailing whitespace.
+--no-window-frame 
docs/assets/production/city_sign_supports_01-evidence/blender_help.log:133: trailing whitespace.
+--no-window-focus 
docs/assets/production/city_sign_supports_01-evidence/blender_help.log:138: trailing whitespace.
+-y or --enable-autoexec 
docs/assets/production/city_sign_supports_01-evidence/blender_help.log:141: trailing whitespace.
+-Y or --disable-autoexec 
docs/assets/production/city_sign_supports_01-evidence/blender_help.log:157: trailing whitespace.
+--python-console 
docs/assets/production/city_sign_supports_01-evidence/blender_help.log:164: trailing whitespace.
+--python-use-system-env 
docs/assets/production/city_sign_supports_01-evidence/blender_help.log:168: trailing whitespace.
+--python-use-user-env 
docs/assets/production/city_sign_supports_01-evidence/blender_help.log:177: trailing whitespace.
+--online-mode 
docs/assets/production/city_sign_supports_01-evidence/blender_help.log:180: trailing whitespace.
+--offline-mode 
docs/assets/production/city_sign_supports_01-evidence/blender_help.log:204: trailing whitespace.
+--log-show-memory 
docs/assets/production/city_sign_supports_01-evidence/blender_help.log:207: trailing whitespace.
+--log-show-source 
docs/assets/production/city_sign_supports_01-evidence/blender_help.log:210: trailing whitespace.
+--log-show-backtrace 
docs/assets/production/city_sign_supports_01-evidence/blender_help.log:216: trailing whitespace.
+--log-list-categories 
docs/assets/production/city_sign_supports_01-evidence/blender_help.log:222: trailing whitespace.
+-d or --debug 
docs/assets/production/city_sign_supports_01-evidence/blender_help.log:233: trailing whitespace.
+--debug-events 
docs/assets/production/city_sign_supports_01-evidence/blender_help.log:236: trailing whitespace.
+--debug-handlers 
docs/assets/production/city_sign_supports_01-evidence/blender_help.log:239: trailing whitespace.
+--debug-libmv 
docs/assets/production/city_sign_supports_01-evidence/blender_help.log:242: trailing whitespace.
+--debug-memory 
docs/assets/production/city_sign_supports_01-evidence/blender_help.log:245: trailing whitespace.
+--debug-jobs 
docs/assets/production/city_sign_supports_01-evidence/blender_help.log:248: trailing whitespace.
+--debug-python 
docs/assets/production/city_sign_supports_01-evidence/blender_help.log:251: trailing whitespace.
+--debug-depsgraph 
docs/assets/production/city_sign_supports_01-evidence/blender_help.log:254: trailing whitespace.
+--debug-depsgraph-eval 
docs/assets/production/city_sign_supports_01-evidence/blender_help.log:257: trailing whitespace.
+--debug-depsgraph-build 
docs/assets/production/city_sign_supports_01-evidence/blender_help.log:260: trailing whitespace.
+--debug-depsgraph-tag 
docs/assets/production/city_sign_supports_01-evidence/blender_help.log:263: trailing whitespace.
+--debug-depsgraph-no-threads 
docs/assets/production/city_sign_supports_01-evidence/blender_help.log:266: trailing whitespace.
+--debug-depsgraph-time 
docs/assets/production/city_sign_supports_01-evidence/blender_help.log:269: trailing whitespace.
+--debug-depsgraph-pretty 
docs/assets/production/city_sign_supports_01-evidence/blender_help.log:272: trailing whitespace.
+--debug-depsgraph-uid 
docs/assets/production/city_sign_supports_01-evidence/blender_help.log:275: trailing whitespace.
+--debug-ghost 
docs/assets/production/city_sign_supports_01-evidence/blender_help.log:278: trailing whitespace.
+--debug-wintab 
docs/assets/production/city_sign_supports_01-evidence/blender_help.log:281: trailing whitespace.
+--debug-gpu 
docs/assets/production/city_sign_supports_01-evidence/blender_help.log:284: trailing whitespace.
+--debug-gpu-force-workarounds 
docs/assets/production/city_sign_supports_01-evidence/blender_help.log:287: trailing whitespace.
+--debug-gpu-compile-shaders 
docs/assets/production/city_sign_supports_01-evidence/blender_help.log:290: trailing whitespace.
+--debug-gpu-shader-debug-info 
docs/assets/production/city_sign_supports_01-evidence/blender_help.log:293: trailing whitespace.
+--debug-gpu-scope-capture 
docs/assets/production/city_sign_supports_01-evidence/blender_help.log:296: trailing whitespace.
+--debug-gpu-shader-source 
docs/assets/production/city_sign_supports_01-evidence/blender_help.log:301: trailing whitespace.
+--debug-gpu-shader-no-preprocessor 
docs/assets/production/city_sign_supports_01-evidence/blender_help.log:305: trailing whitespace.
+--debug-gpu-shader-no-dce 
docs/assets/production/city_sign_supports_01-evidence/blender_help.log:308: trailing whitespace.
+--debug-gpu-no-texture-pool 
docs/assets/production/city_sign_supports_01-evidence/blender_help.log:311: trailing whitespace.
+--debug-gpu-vulkan-local-read 
docs/assets/production/city_sign_supports_01-evidence/blender_help.log:314: trailing whitespace.
+--debug-wm 
docs/assets/production/city_sign_supports_01-evidence/blender_help.log:317: trailing whitespace.
+--debug-xr 
docs/assets/production/city_sign_supports_01-evidence/blender_help.log:321: trailing whitespace.
+--debug-xr-time 
docs/assets/production/city_sign_supports_01-evidence/blender_help.log:324: trailing whitespace.
+--debug-all 
docs/assets/production/city_sign_supports_01-evidence/blender_help.log:327: trailing whitespace.
+--debug-io 
docs/assets/production/city_sign_supports_01-evidence/blender_help.log:331: trailing whitespace.
+--debug-fpe 
docs/assets/production/city_sign_supports_01-evidence/blender_help.log:334: trailing whitespace.
+--debug-exit-on-error 
docs/assets/production/city_sign_supports_01-evidence/blender_help.log:337: trailing whitespace.
+--debug-freestyle 
docs/assets/production/city_sign_supports_01-evidence/blender_help.log:340: trailing whitespace.
+--console-crash-handler 
docs/assets/production/city_sign_supports_01-evidence/blender_help.log:343: trailing whitespace.
+--disable-crash-handler 
docs/assets/production/city_sign_supports_01-evidence/blender_help.log:346: trailing whitespace.
+--disable-abort-handler 
docs/assets/production/city_sign_supports_01-evidence/blender_help.log:352: trailing whitespace.
+-q or --quiet 
docs/assets/production/city_sign_supports_01-evidence/blender_help.log:357: trailing whitespace.
+--gpu-backend 
docs/assets/production/city_sign_supports_01-evidence/blender_help.log:373: trailing whitespace.
+--gpu-device-no-fallback 
docs/assets/production/city_sign_supports_01-evidence/blender_help.log:376: trailing whitespace.
+--gpu-vsync 
docs/assets/production/city_sign_supports_01-evidence/blender_help.log:384: trailing whitespace.
+--gpu-compilation-subprocesses 
docs/assets/production/city_sign_supports_01-evidence/blender_help.log:387: trailing whitespace.
+--profile-gpu 
docs/assets/production/city_sign_supports_01-evidence/blender_help.log:393: trailing whitespace.
+--open-last 
docs/assets/production/city_sign_supports_01-evidence/blender_help.log:399: trailing whitespace.
+-X or --factory-startup 
docs/assets/production/city_sign_supports_01-evidence/blender_help.log:402: trailing whitespace.
+--enable-event-simulate 
docs/assets/production/city_sign_supports_01-evidence/blender_help.log:406: trailing whitespace.
+--env-system-datafiles 
docs/assets/production/city_sign_supports_01-evidence/blender_help.log:409: trailing whitespace.
+--env-system-scripts 
docs/assets/production/city_sign_supports_01-evidence/blender_help.log:412: trailing whitespace.
+--env-system-extensions 
docs/assets/production/city_sign_supports_01-evidence/blender_help.log:415: trailing whitespace.
+--env-system-python 
docs/assets/production/city_sign_supports_01-evidence/blender_help.log:419: trailing whitespace.
+-noaudio 
docs/assets/production/city_sign_supports_01-evidence/blender_help.log:422: trailing whitespace.
+-setaudio 
docs/assets/production/city_sign_supports_01-evidence/blender_help.log:435: trailing whitespace.
+-h or --help 
docs/assets/production/city_sign_supports_01-evidence/blender_help.log:438: trailing whitespace.
+/? 
docs/assets/production/city_sign_supports_01-evidence/blender_help.log:441: trailing whitespace.
+-r or --register 
docs/assets/production/city_sign_supports_01-evidence/blender_help.log:444: trailing whitespace.
+--register-allusers 
docs/assets/production/city_sign_supports_01-evidence/blender_help.log:447: trailing whitespace.
+--unregister 
docs/assets/production/city_sign_supports_01-evidence/blender_help.log:450: trailing whitespace.
+--unregister-allusers 
docs/assets/production/city_sign_supports_01-evidence/blender_help.log:460: trailing whitespace.
+-v or --version 
docs/assets/production/city_sign_supports_01-evidence/blender_help.log:463: trailing whitespace.
+-- 
docs/assets/production/city_sign_supports_01-evidence/blender_help.log:468: trailing whitespace.
+--disable-depsgraph-on-file-load 
docs/assets/production/city_sign_supports_01-evidence/blender_help.log:479: trailing whitespace.
+--disable-liboverride-auto-resync 
docs/assets/production/city_sign_supports_01-evidence/blender_help.log:485: trailing whitespace.
+--debug-ffmpeg 
docs/assets/production/city_sign_supports_01-evidence/blender_help.log:488: trailing whitespace.
+--debug-cycles 
docs/assets/production/city_sign_supports_01-evidence/blender_version.log:10: trailing whitespace.
+	build c flags:  -Wall -Werror=implicit-function-declaration -Wstrict-prototypes -Werror=return-type -Werror=vla -Wmissing-prototypes -Wno-char-subscripts -Wno-unknown-pragmas -Wpointer-arith -Wunused-parameter -Wwrite-strings -Wlogical-op -Wundef -Winit-self -Wmissing-include-dirs -Wno-div-by-zero -Wtype-limits -Wformat-signedness -Wrestrict -Wno-stringop-overread -Wno-stringop-overflow -Wnonnull -Wabsolute-value -Wuninitialized -Wredundant-decls -Wshadow -Wimplicit-fallthrough=5 -Wno-error=unused-but-set-variable -march=x86-64 -mtune=generic -O2 -pipe -fno-plt -fexceptions         -Wp,-D_FORTIFY_SOURCE=3 -Wformat -Werror=format-security         -fstack-clash-protection -fcf-protection         -fno-omit-frame-pointer -mno-omit-leaf-frame-pointer -g -ffile-prefix-map=/build/blender/src=/usr/src/debug/blender -march=x86-64-v2 -std=gnu11 -pipe -fPIC -funsigned-char -fno-strict-aliasing -ffp-contract=off  
docs/assets/production/city_sign_supports_01-evidence/blender_version.log:11: trailing whitespace.
+	build c++ flags:  -Wuninitialized -Wredundant-decls -Wall -Wno-invalid-offsetof -Wno-sign-compare -Wlogical-op -Winit-self -Wmissing-include-dirs -Wno-div-by-zero -Wtype-limits -Werror=return-type -Wno-char-subscripts -Wno-unknown-pragmas -Wpointer-arith -Wunused-parameter -Wwrite-strings -Wundef -Wcomma-subscript -Wformat-signedness -Wrestrict -Wno-suggest-override -Wuninitialized -Wno-stringop-overread -Wno-stringop-overflow -Wimplicit-fallthrough=5 -Wundef -Wmissing-declarations -march=x86-64 -mtune=generic -O2 -pipe -fno-plt -fexceptions         -Wp,-D_FORTIFY_SOURCE=3 -Wformat -Werror=format-security         -fstack-clash-protection -fcf-protection         -fno-omit-frame-pointer -mno-omit-leaf-frame-pointer  -g -ffile-prefix-map=/build/blender/src=/usr/src/debug/blender --param=max-vartrack-size=640000000 -Wno-error=format-security -march=x86-64-v2 -pipe -fPIC -funsigned-char -fno-strict-aliasing -ffp-contract=off  
