00:00.291  blend            | Read blend: "/tmp/batch02-review-5e94cc0/snapshot/art/source/models/environment/city_planting_03/city_planting_03.blend"
BlenderMCP addon registered
INFO Draco is available, use library at /usr/lib/blender/5.2/scripts/addons_core/io_scene_gltf2/libbf_intern_draco_bridge.so
ERROR MeshOptimizer is not available because library could not be found at /usr/lib/blender/5.2/scripts/addons_core/io_scene_gltf2/libbf_intern_meshopt_bridge.so
18:31:03 | INFO: Starting glTF 2.0 export
18:31:03 | INFO: Extracting primitive: crown_back_shoulder_mesh
18:31:03 | INFO: Primitives created: 1
18:31:03 | INFO: Extracting primitive: crown_centre_mesh
18:31:03 | INFO: Primitives created: 1
18:31:03 | INFO: Extracting primitive: crown_east_mesh
18:31:03 | INFO: Primitives created: 1
18:31:03 | INFO: Extracting primitive: crown_front_shoulder_mesh
18:31:03 | INFO: Primitives created: 1
18:31:03 | INFO: Extracting primitive: crown_west_mesh
18:31:03 | INFO: Primitives created: 1
18:31:03 | INFO: Extracting primitive: three_recessed_stems_mesh
18:31:03 | INFO: Primitives created: 1
18:31:03 | INFO: Finished glTF 2.0 export in 0.016297340393066406 s
00:07.623  render           | Saved: '/home/regner/.paseo/worktrees/0u71f39f/asset-register-production/docs/reviews/asset-production/batch_02/initial/city_planting_03-fresh-source.png'

INDEPENDENT_SOURCE_AUDIT_COMPLETE city_planting_03
BlenderMCP addon unregistered
Blender 5.2.2 LTS (hash d13f752e3b9c built 2026-09-22 17:10:25)

Blender quit
