00:00.308  blend            | Read blend: "/tmp/batch02-review-5e94cc0/snapshot/art/source/models/environment/city_planting_04/city_planting_04.blend"
BlenderMCP addon registered
INFO Draco is available, use library at /usr/lib/blender/5.2/scripts/addons_core/io_scene_gltf2/libbf_intern_draco_bridge.so
ERROR MeshOptimizer is not available because library could not be found at /usr/lib/blender/5.2/scripts/addons_core/io_scene_gltf2/libbf_intern_meshopt_bridge.so
18:32:31 | INFO: Starting glTF 2.0 export
18:32:31 | INFO: Extracting primitive: compact_crown_back_mesh
18:32:31 | INFO: Primitives created: 1
18:32:31 | INFO: Extracting primitive: compact_crown_east_mesh
18:32:31 | INFO: Primitives created: 1
18:32:31 | INFO: Extracting primitive: compact_crown_front_mesh
18:32:31 | INFO: Primitives created: 1
18:32:31 | INFO: Extracting primitive: compact_crown_leader_mesh
18:32:31 | INFO: Primitives created: 1
18:32:31 | INFO: Extracting primitive: compact_crown_west_mesh
18:32:31 | INFO: Primitives created: 1
18:32:31 | INFO: Extracting primitive: compact_sculpted_trunk_mesh
18:32:31 | INFO: Primitives created: 1
18:32:31 | INFO: Finished glTF 2.0 export in 0.026456117630004883 s
00:06.779  render           | Saved: '/home/regner/.paseo/worktrees/0u71f39f/asset-register-production/docs/reviews/asset-production/batch_02/initial/city_planting_04_compact-fresh-source.png'

18:32:38 | INFO: Starting glTF 2.0 export
18:32:38 | INFO: Extracting primitive: broad_crown_back_mesh
18:32:38 | INFO: Primitives created: 1
18:32:38 | INFO: Extracting primitive: broad_crown_east_mesh
18:32:38 | INFO: Primitives created: 1
18:32:38 | INFO: Extracting primitive: broad_crown_front_mesh
18:32:38 | INFO: Primitives created: 1
18:32:38 | INFO: Extracting primitive: broad_crown_leader_mesh
18:32:38 | INFO: Primitives created: 1
18:32:38 | INFO: Extracting primitive: broad_crown_west_mesh
18:32:38 | INFO: Primitives created: 1
18:32:38 | INFO: Extracting primitive: broad_sculpted_trunk_mesh
18:32:38 | INFO: Primitives created: 1
18:32:38 | INFO: Finished glTF 2.0 export in 0.019548892974853516 s
00:13.758  render           | Saved: '/home/regner/.paseo/worktrees/0u71f39f/asset-register-production/docs/reviews/asset-production/batch_02/initial/city_planting_04_broad-fresh-source.png'

INDEPENDENT_SOURCE_AUDIT_COMPLETE city_planting_04
BlenderMCP addon unregistered
Blender 5.2.2 LTS (hash d13f752e3b9c built 2026-09-22 17:10:25)

Blender quit
