00:00.312  blend            | Read blend: "/tmp/batch02-review-5e94cc0/snapshot/art/source/models/environment/city_roof_details_02/city_roof_details_02.blend"
BlenderMCP addon registered
INFO Draco is available, use library at /usr/lib/blender/5.2/scripts/addons_core/io_scene_gltf2/libbf_intern_draco_bridge.so
ERROR MeshOptimizer is not available because library could not be found at /usr/lib/blender/5.2/scripts/addons_core/io_scene_gltf2/libbf_intern_meshopt_bridge.so
18:31:34 | INFO: Starting glTF 2.0 export
18:31:34 | INFO: Extracting primitive: flashing_and_curb
18:31:34 | INFO: Primitives created: 1
18:31:34 | INFO: Extracting primitive: formed_enclosure_body
18:31:34 | INFO: Primitives created: 1
18:31:34 | INFO: Extracting primitive: Cube.002
18:31:34 | INFO: Primitives created: 1
18:31:34 | INFO: Extracting primitive: Cube.001
18:31:34 | INFO: Primitives created: 1
18:31:34 | INFO: Extracting primitive: Cube.013
18:31:34 | INFO: Primitives created: 1
18:31:34 | INFO: Extracting primitive: Cube.012
18:31:34 | INFO: Primitives created: 1
18:31:34 | INFO: Extracting primitive: Cube.011
18:31:34 | INFO: Primitives created: 1
18:31:34 | INFO: Extracting primitive: blade_-1_0
18:31:34 | INFO: Primitives created: 1
18:31:34 | INFO: Extracting primitive: swept_rain_cover
18:31:34 | INFO: Primitives created: 1
18:31:34 | INFO: Finished glTF 2.0 export in 0.019964933395385742 s
00:09.341  render           | Saved: '/home/regner/.paseo/worktrees/0u71f39f/asset-register-production/docs/reviews/asset-production/batch_02/initial/city_roof_details_02-fresh-source.png'

BlenderMCP addon unregistered
Blender 5.2.2 LTS (hash d13f752e3b9c built 2026-09-22 17:10:25)

Blender quit
