00:00.301  blend            | Read blend: "/tmp/batch02-review-5e94cc0/snapshot/art/source/models/environment/city_roof_details_01/city_roof_details_01.blend"
BlenderMCP addon registered
INFO Draco is available, use library at /usr/lib/blender/5.2/scripts/addons_core/io_scene_gltf2/libbf_intern_draco_bridge.so
ERROR MeshOptimizer is not available because library could not be found at /usr/lib/blender/5.2/scripts/addons_core/io_scene_gltf2/libbf_intern_meshopt_bridge.so
18:32:58 | INFO: Starting glTF 2.0 export
18:32:58 | INFO: Extracting primitive: flashing_and_curb
18:32:58 | INFO: Primitives created: 1
18:32:58 | INFO: Extracting primitive: formed_rain_cowl
18:32:58 | INFO: Primitives created: 1
18:32:58 | INFO: Extracting primitive: Cube.003
18:32:58 | INFO: Primitives created: 1
18:32:58 | INFO: Extracting primitive: louver_-1_1
18:32:58 | INFO: Primitives created: 1
18:32:58 | INFO: Extracting primitive: Cube.001
18:32:58 | INFO: Primitives created: 1
18:32:58 | INFO: Finished glTF 2.0 export in 0.015350818634033203 s
00:08.105  render           | Saved: '/home/regner/.paseo/worktrees/0u71f39f/asset-register-production/docs/reviews/asset-production/batch_02/initial/city_roof_details_01-fresh-source.png'

INDEPENDENT_SOURCE_AUDIT_COMPLETE city_roof_details_01
BlenderMCP addon unregistered
Blender 5.2.2 LTS (hash d13f752e3b9c built 2026-09-22 17:10:25)

Blender quit
