Traceback (most recent call last):
  File "/home/regner/.paseo/worktrees/0u71f39f/asset-register-production/docs/reviews/asset-production/batch_02/initial/source_audit.py", line 157, in <module>
    (out/(asset+'-source.json')).write_text(json.dumps(result,indent=2)+'\n')
                                            ~~~~~~~~~~^^^^^^^^^^^^^^^^^
  File "/usr/lib/python3.14/json/__init__.py", line 242, in dumps
    **kw).encode(obj)
          ~~~~~~^^^^^
  File "/usr/lib/python3.14/json/encoder.py", line 202, in encode
    chunks = self.iterencode(o, _one_shot=True)
  File "/usr/lib/python3.14/json/encoder.py", line 263, in iterencode
    return _iterencode(o, 0)
  File "/usr/lib/python3.14/json/encoder.py", line 182, in default
    raise TypeError(f'Object of type {o.__class__.__name__} '
                    f'is not JSON serializable')
TypeError: Object of type IDPropertyArray is not JSON serializable
when serializing dict item 'blender_dimensions_m'
when serializing dict item 'custom_properties'
when serializing list item 0
when serializing dict item 'all_objects'

Error: script failed, file: '/home/regner/.paseo/worktrees/0u71f39f/asset-register-production/docs/reviews/asset-production/batch_02/initial/source_audit.py', exiting.
