A	art/models/environment/city_planting_03/city_planting_03.glb
A	art/models/environment/city_planting_04/city_planting_04_broad.glb
A	art/models/environment/city_planting_04/city_planting_04_compact.glb
A	art/models/environment/city_planting_05/city_planting_05_short_tuft.glb
A	art/models/environment/city_planting_05/city_planting_05_spreading_clump.glb
A	art/models/environment/city_roof_details_01/city_roof_details_01.glb
A	art/models/environment/city_roof_details_02/city_roof_details_02.glb
A	art/models/environment/city_shop_fittings_01/city_shop_fittings_01.glb
A	art/source/models/environment/city_planting_03/city_planting_03.blend
A	art/source/models/environment/city_planting_04/city_planting_04.blend
A	art/source/models/environment/city_planting_05/city_planting_05.blend
A	art/source/models/environment/city_roof_details_01/city_roof_details_01.blend
A	art/source/models/environment/city_roof_details_02/city_roof_details_02.blend
A	art/source/models/environment/city_shop_fittings_01/city_shop_fittings_01.blend
A	docs/assets/production/batch_02-evidence/source-readback.json
A	docs/assets/production/city_planting_03-evidence/assembly_preview.json
A	docs/assets/production/city_planting_03-evidence/assembly_preview.log
A	docs/assets/production/city_planting_03-evidence/author.log
A	docs/assets/production/city_planting_03-evidence/check_glb.log
A	docs/assets/production/city_planting_03-evidence/check_glb_final.log
A	docs/assets/production/city_planting_03-evidence/commands.json
A	docs/assets/production/city_planting_03-evidence/export.log
A	docs/assets/production/city_planting_03-evidence/final_audit.json
A	docs/assets/production/city_planting_03-evidence/glb_checks.json
A	docs/assets/production/city_planting_03-evidence/hero.png
A	docs/assets/production/city_planting_03-evidence/initial_attempt/author.log
A	docs/assets/production/city_planting_03-evidence/initial_attempt/author.py.txt
A	docs/assets/production/city_planting_03-evidence/initial_attempt/city_planting_03.blend
A	docs/assets/production/city_planting_03-evidence/initial_attempt/commands.json
A	docs/assets/production/city_planting_03-evidence/initial_attempt/export.log
A	docs/assets/production/city_planting_03-evidence/initial_attempt/export.py.txt
A	docs/assets/production/city_planting_03-evidence/initial_attempt/hero.png
A	docs/assets/production/city_planting_03-evidence/initial_attempt/project_camera_reference.png
A	docs/assets/production/city_planting_03-evidence/manifest.json
A	docs/assets/production/city_planting_03-evidence/planter_fit_project_camera.png
A	docs/assets/production/city_planting_03-evidence/planter_fit_studio.png
A	docs/assets/production/city_planting_03-evidence/project_camera_reference.png
A	docs/assets/production/city_planting_03-evidence/reexport.glb
A	docs/assets/production/city_planting_03-evidence/reexport.log
A	docs/assets/production/city_planting_03-evidence/reexport_checks.json
A	docs/assets/production/city_planting_03-evidence/reexport_comparison.json
A	docs/assets/production/city_planting_03-evidence/reference_inputs.json
A	docs/assets/production/city_planting_03-evidence/source_export_checks.json
A	docs/assets/production/city_planting_03-evidence/version.log
A	docs/assets/production/city_planting_03.md
A	docs/assets/production/city_planting_04-evidence/assembly_preview.json
A	docs/assets/production/city_planting_04-evidence/assembly_preview.log
A	docs/assets/production/city_planting_04-evidence/assembly_preview_final.log
A	docs/assets/production/city_planting_04-evidence/author.log
A	docs/assets/production/city_planting_04-evidence/author_fix.log
A	docs/assets/production/city_planting_04-evidence/broad_hero.png
A	docs/assets/production/city_planting_04-evidence/broad_project_camera.png
A	docs/assets/production/city_planting_04-evidence/check_glb.log
A	docs/assets/production/city_planting_04-evidence/commands.json
A	docs/assets/production/city_planting_04-evidence/compact_hero.png
A	docs/assets/production/city_planting_04-evidence/compact_project_camera.png
A	docs/assets/production/city_planting_04-evidence/export.log
A	docs/assets/production/city_planting_04-evidence/export_final.log
A	docs/assets/production/city_planting_04-evidence/export_fix.log
A	docs/assets/production/city_planting_04-evidence/export_verified.log
A	docs/assets/production/city_planting_04-evidence/final_audit.json
A	docs/assets/production/city_planting_04-evidence/final_audit.log
A	docs/assets/production/city_planting_04-evidence/final_audit_initial.log
A	docs/assets/production/city_planting_04-evidence/glb_checks.json
A	docs/assets/production/city_planting_04-evidence/initial_attempt/assembly_spacing_2_3m.py.txt
A	docs/assets/production/city_planting_04-evidence/initial_attempt/author.log
A	docs/assets/production/city_planting_04-evidence/initial_attempt/author.py.txt
A	docs/assets/production/city_planting_04-evidence/initial_attempt/broad_hero.png
A	docs/assets/production/city_planting_04-evidence/initial_attempt/broad_project_camera.png
A	docs/assets/production/city_planting_04-evidence/initial_attempt/city_planting_04.blend
A	docs/assets/production/city_planting_04-evidence/initial_attempt/commands.json
A	docs/assets/production/city_planting_04-evidence/initial_attempt/compact_hero.png
A	docs/assets/production/city_planting_04-evidence/initial_attempt/compact_project_camera.png
A	docs/assets/production/city_planting_04-evidence/initial_attempt/export.log
A	docs/assets/production/city_planting_04-evidence/initial_attempt/export.py.txt
A	docs/assets/production/city_planting_04-evidence/initial_attempt/inspect_failure.log
A	docs/assets/production/city_planting_04-evidence/initial_attempt/repair_tips_failed.py.txt
A	docs/assets/production/city_planting_04-evidence/initial_attempt/repair_tips_intermediate.py.txt
A	docs/assets/production/city_planting_04-evidence/initial_attempt/spacing_2_3m_pair_surround_actor_hero.png
A	docs/assets/production/city_planting_04-evidence/initial_attempt/spacing_2_3m_pair_surround_actor_project_camera.png
A	docs/assets/production/city_planting_04-evidence/initial_attempt/subdivided_before_tip_repair.blend
A	docs/assets/production/city_planting_04-evidence/inspect_areas.log
A	docs/assets/production/city_planting_04-evidence/inspect_failure.log
A	docs/assets/production/city_planting_04-evidence/inspect_fix.log
A	docs/assets/production/city_planting_04-evidence/manifest.json
A	docs/assets/production/city_planting_04-evidence/pair_surround_actor_hero.png
A	docs/assets/production/city_planting_04-evidence/pair_surround_actor_project_camera.png
A	docs/assets/production/city_planting_04-evidence/preview_saved.log
A	docs/assets/production/city_planting_04-evidence/reexport.log
A	docs/assets/production/city_planting_04-evidence/reexport/city_planting_04_broad.glb
A	docs/assets/production/city_planting_04-evidence/reexport/city_planting_04_compact.glb
A	docs/assets/production/city_planting_04-evidence/reexport_checks.json
A	docs/assets/production/city_planting_04-evidence/reexport_comparison.json
A	docs/assets/production/city_planting_04-evidence/reference_inputs.json
A	docs/assets/production/city_planting_04-evidence/repair_degenerate.log
A	docs/assets/production/city_planting_04-evidence/repair_tips.log
A	docs/assets/production/city_planting_04-evidence/repair_tips_final.log
A	docs/assets/production/city_planting_04-evidence/source_export_checks.json
A	docs/assets/production/city_planting_04-evidence/version.log
A	docs/assets/production/city_planting_04.md
A	docs/assets/production/city_planting_05-evidence/author.command.json
A	docs/assets/production/city_planting_05-evidence/author.log
A	docs/assets/production/city_planting_05-evidence/author_curve_fix.command.json
A	docs/assets/production/city_planting_05-evidence/author_curve_fix.log
A	docs/assets/production/city_planting_05-evidence/author_joined.command.json
A	docs/assets/production/city_planting_05-evidence/author_joined.log
A	docs/assets/production/city_planting_05-evidence/byte_comparison.command.json
A	docs/assets/production/city_planting_05-evidence/byte_comparison.log
A	docs/assets/production/city_planting_05-evidence/check_glb.command.json
A	docs/assets/production/city_planting_05-evidence/check_glb.log
A	docs/assets/production/city_planting_05-evidence/check_glb_fixed.command.json
A	docs/assets/production/city_planting_05-evidence/check_glb_fixed.log
A	docs/assets/production/city_planting_05-evidence/commands.json
A	docs/assets/production/city_planting_05-evidence/export.command.json
A	docs/assets/production/city_planting_05-evidence/export.log
A	docs/assets/production/city_planting_05-evidence/export_curve_fix.command.json
A	docs/assets/production/city_planting_05-evidence/export_curve_fix.log
A	docs/assets/production/city_planting_05-evidence/final_audit.command.json
A	docs/assets/production/city_planting_05-evidence/final_audit.json
A	docs/assets/production/city_planting_05-evidence/final_audit.log
A	docs/assets/production/city_planting_05-evidence/final_audit_complete.command.json
A	docs/assets/production/city_planting_05-evidence/final_audit_complete.log
A	docs/assets/production/city_planting_05-evidence/final_audit_fixed.command.json
A	docs/assets/production/city_planting_05-evidence/final_audit_fixed.log
A	docs/assets/production/city_planting_05-evidence/glb_checks.json
A	docs/assets/production/city_planting_05-evidence/initial_attempt/author.py.txt
A	docs/assets/production/city_planting_05-evidence/initial_attempt/check_glb.py.txt
A	docs/assets/production/city_planting_05-evidence/initial_attempt/city_planting_05.blend
A	docs/assets/production/city_planting_05-evidence/initial_attempt/city_planting_05_short_tuft.glb
A	docs/assets/production/city_planting_05-evidence/initial_attempt/city_planting_05_spreading_clump.glb
A	docs/assets/production/city_planting_05-evidence/initial_attempt/final_audit.py.txt
A	docs/assets/production/city_planting_05-evidence/initial_attempt/preview_before_collection_visibility_filter.json
A	docs/assets/production/city_planting_05-evidence/initial_attempt/preview_before_hidden_helper_filter.json
A	docs/assets/production/city_planting_05-evidence/initial_attempt/preview_checks.json
A	docs/assets/production/city_planting_05-evidence/initial_attempt/scale_comparison_gameplay.png
A	docs/assets/production/city_planting_05-evidence/initial_attempt/scale_comparison_hero.png
A	docs/assets/production/city_planting_05-evidence/initial_attempt/short_tuft_hero.png
A	docs/assets/production/city_planting_05-evidence/initial_attempt/silhouette_overhead_enlarged.png
A	docs/assets/production/city_planting_05-evidence/initial_attempt/source_export_checks.json
A	docs/assets/production/city_planting_05-evidence/initial_attempt/spreading_clump_hero.png
A	docs/assets/production/city_planting_05-evidence/inspect_reference.command.json
A	docs/assets/production/city_planting_05-evidence/inspect_reference.log
A	docs/assets/production/city_planting_05-evidence/manifest.json
A	docs/assets/production/city_planting_05-evidence/preview.command.json
A	docs/assets/production/city_planting_05-evidence/preview.log
A	docs/assets/production/city_planting_05-evidence/preview_checks.json
A	docs/assets/production/city_planting_05-evidence/preview_curve_fix.command.json
A	docs/assets/production/city_planting_05-evidence/preview_curve_fix.log
A	docs/assets/production/city_planting_05-evidence/preview_measurements.command.json
A	docs/assets/production/city_planting_05-evidence/preview_measurements.log
A	docs/assets/production/city_planting_05-evidence/preview_measurements_final.command.json
A	docs/assets/production/city_planting_05-evidence/preview_measurements_final.log
A	docs/assets/production/city_planting_05-evidence/reexport.command.json
A	docs/assets/production/city_planting_05-evidence/reexport.log
A	docs/assets/production/city_planting_05-evidence/reexport/city_planting_05_short_tuft.glb
A	docs/assets/production/city_planting_05-evidence/reexport/city_planting_05_spreading_clump.glb
A	docs/assets/production/city_planting_05-evidence/reexport_checks.json
A	docs/assets/production/city_planting_05-evidence/reexport_comparison.json
A	docs/assets/production/city_planting_05-evidence/reference_inputs.json
A	docs/assets/production/city_planting_05-evidence/requested_version.command.json
A	docs/assets/production/city_planting_05-evidence/requested_version.log
A	docs/assets/production/city_planting_05-evidence/scale_comparison_gameplay.png
A	docs/assets/production/city_planting_05-evidence/scale_comparison_hero.png
A	docs/assets/production/city_planting_05-evidence/short_tuft_hero.png
A	docs/assets/production/city_planting_05-evidence/silhouette_overhead_enlarged.png
A	docs/assets/production/city_planting_05-evidence/source_export_checks.json
A	docs/assets/production/city_planting_05-evidence/spreading_clump_hero.png
A	docs/assets/production/city_planting_05-evidence/version.command.json
A	docs/assets/production/city_planting_05-evidence/version.log
A	docs/assets/production/city_planting_05.md
A	docs/assets/production/city_roof_details_01-evidence/author.log
A	docs/assets/production/city_roof_details_01-evidence/check_glb.log
A	docs/assets/production/city_roof_details_01-evidence/commands.json
A	docs/assets/production/city_roof_details_01-evidence/export.log
A	docs/assets/production/city_roof_details_01-evidence/final_validation.json
A	docs/assets/production/city_roof_details_01-evidence/fix_record.json
A	docs/assets/production/city_roof_details_01-evidence/glb_checks.json
A	docs/assets/production/city_roof_details_01-evidence/hero.png
A	docs/assets/production/city_roof_details_01-evidence/initial_failure/author.log
A	docs/assets/production/city_roof_details_01-evidence/initial_failure/author.py.txt
A	docs/assets/production/city_roof_details_01-evidence/initial_failure/check_glb.log
A	docs/assets/production/city_roof_details_01-evidence/initial_failure/check_glb.py.txt
A	docs/assets/production/city_roof_details_01-evidence/initial_failure/commands.json
A	docs/assets/production/city_roof_details_01-evidence/initial_failure/double_sided.glb
A	docs/assets/production/city_roof_details_01-evidence/initial_failure/export.log
A	docs/assets/production/city_roof_details_01-evidence/initial_failure/export.py.txt
A	docs/assets/production/city_roof_details_01-evidence/initial_failure/hero.png
A	docs/assets/production/city_roof_details_01-evidence/initial_failure/initial_preview.log
A	docs/assets/production/city_roof_details_01-evidence/initial_failure/louver_detail.png
A	docs/assets/production/city_roof_details_01-evidence/initial_failure/material_diagnostic.json
A	docs/assets/production/city_roof_details_01-evidence/initial_failure/preview.py.txt
A	docs/assets/production/city_roof_details_01-evidence/initial_failure/preview_checks.json
A	docs/assets/production/city_roof_details_01-evidence/initial_failure/project_camera_roof_context.png
A	docs/assets/production/city_roof_details_01-evidence/initial_failure/requested_binary_version.log
A	docs/assets/production/city_roof_details_01-evidence/initial_failure/run.py.txt
A	docs/assets/production/city_roof_details_01-evidence/initial_failure/source_export_checks.json
A	docs/assets/production/city_roof_details_01-evidence/initial_failure/unchanged_shop_scale_comparison.png
A	docs/assets/production/city_roof_details_01-evidence/initial_failure/version.log
A	docs/assets/production/city_roof_details_01-evidence/louver_detail.png
A	docs/assets/production/city_roof_details_01-evidence/manifest.json
A	docs/assets/production/city_roof_details_01-evidence/preview.log
A	docs/assets/production/city_roof_details_01-evidence/preview_checks.json
A	docs/assets/production/city_roof_details_01-evidence/project_camera_dark_roof_study.png
A	docs/assets/production/city_roof_details_01-evidence/project_camera_roof_context.png
A	docs/assets/production/city_roof_details_01-evidence/reexport.glb
A	docs/assets/production/city_roof_details_01-evidence/reexport.log
A	docs/assets/production/city_roof_details_01-evidence/reexport_checks.json
A	docs/assets/production/city_roof_details_01-evidence/reexport_comparison.json
A	docs/assets/production/city_roof_details_01-evidence/requested_binary_version.log
A	docs/assets/production/city_roof_details_01-evidence/source_export_checks.json
A	docs/assets/production/city_roof_details_01-evidence/unchanged_shop_scale_comparison.png
A	docs/assets/production/city_roof_details_01-evidence/version.log
A	docs/assets/production/city_roof_details_01.md
A	docs/assets/production/city_roof_details_02-evidence/author.log
A	docs/assets/production/city_roof_details_02-evidence/check_glb.log
A	docs/assets/production/city_roof_details_02-evidence/commands.json
A	docs/assets/production/city_roof_details_02-evidence/export.log
A	docs/assets/production/city_roof_details_02-evidence/final_validation.json
A	docs/assets/production/city_roof_details_02-evidence/finalization_diagnostic.log
A	docs/assets/production/city_roof_details_02-evidence/fix_record.json
A	docs/assets/production/city_roof_details_02-evidence/glb_checks.json
A	docs/assets/production/city_roof_details_02-evidence/hero.png
A	docs/assets/production/city_roof_details_02-evidence/initial_failure/author.log
A	docs/assets/production/city_roof_details_02-evidence/initial_failure/author.py.txt
A	docs/assets/production/city_roof_details_02-evidence/initial_failure/check_glb.py.txt
A	docs/assets/production/city_roof_details_02-evidence/initial_failure/commands.json
A	docs/assets/production/city_roof_details_02-evidence/initial_failure/diagnostic.log
A	docs/assets/production/city_roof_details_02-evidence/initial_failure/export.log
A	docs/assets/production/city_roof_details_02-evidence/initial_failure/export.py.txt
A	docs/assets/production/city_roof_details_02-evidence/initial_failure/geometry_diagnostic.json
A	docs/assets/production/city_roof_details_02-evidence/initial_failure/initial.blend
A	docs/assets/production/city_roof_details_02-evidence/initial_failure/manifest.py.txt
A	docs/assets/production/city_roof_details_02-evidence/initial_failure/preview.py.txt
A	docs/assets/production/city_roof_details_02-evidence/initial_failure/requested_binary_version.log
A	docs/assets/production/city_roof_details_02-evidence/initial_failure/run.py.txt
A	docs/assets/production/city_roof_details_02-evidence/initial_failure/version.log
A	docs/assets/production/city_roof_details_02-evidence/input_references.json
A	docs/assets/production/city_roof_details_02-evidence/louver_detail.png
A	docs/assets/production/city_roof_details_02-evidence/manifest.json
A	docs/assets/production/city_roof_details_02-evidence/preview.log
A	docs/assets/production/city_roof_details_02-evidence/preview_checks.json
A	docs/assets/production/city_roof_details_02-evidence/project_camera_dark_roof_study.png
A	docs/assets/production/city_roof_details_02-evidence/project_camera_roof_context.png
A	docs/assets/production/city_roof_details_02-evidence/reexport.glb
A	docs/assets/production/city_roof_details_02-evidence/reexport.log
A	docs/assets/production/city_roof_details_02-evidence/reexport_checks.json
A	docs/assets/production/city_roof_details_02-evidence/reexport_comparison.json
A	docs/assets/production/city_roof_details_02-evidence/requested_binary_version.log
A	docs/assets/production/city_roof_details_02-evidence/runtime_receipt.json
A	docs/assets/production/city_roof_details_02-evidence/source_export_checks.json
A	docs/assets/production/city_roof_details_02-evidence/unchanged_shop_scale_comparison.png
A	docs/assets/production/city_roof_details_02-evidence/version.log
A	docs/assets/production/city_roof_details_02.md
A	docs/assets/production/city_shop_fittings_01-evidence/attachment_reframe.log
A	docs/assets/production/city_shop_fittings_01-evidence/attachment_side.png
A	docs/assets/production/city_shop_fittings_01-evidence/attachment_view.json
A	docs/assets/production/city_shop_fittings_01-evidence/author.log
A	docs/assets/production/city_shop_fittings_01-evidence/check_glb.log
A	docs/assets/production/city_shop_fittings_01-evidence/commands.json
A	docs/assets/production/city_shop_fittings_01-evidence/export.log
A	docs/assets/production/city_shop_fittings_01-evidence/glb_checks.json
A	docs/assets/production/city_shop_fittings_01-evidence/hero.png
A	docs/assets/production/city_shop_fittings_01-evidence/initial/attachment_side.png
A	docs/assets/production/city_shop_fittings_01-evidence/initial/author.log
A	docs/assets/production/city_shop_fittings_01-evidence/initial/check_glb.log
A	docs/assets/production/city_shop_fittings_01-evidence/initial/commands.json
A	docs/assets/production/city_shop_fittings_01-evidence/initial/export.log
A	docs/assets/production/city_shop_fittings_01-evidence/initial/glb_checks.json
A	docs/assets/production/city_shop_fittings_01-evidence/initial/hero.png
A	docs/assets/production/city_shop_fittings_01-evidence/initial/measured_1m_comparison.png
A	docs/assets/production/city_shop_fittings_01-evidence/initial/preview.log
A	docs/assets/production/city_shop_fittings_01-evidence/initial/preview_checks.json
A	docs/assets/production/city_shop_fittings_01-evidence/initial/project_camera.png
A	docs/assets/production/city_shop_fittings_01-evidence/initial/reexport.glb
A	docs/assets/production/city_shop_fittings_01-evidence/initial/reexport.log
A	docs/assets/production/city_shop_fittings_01-evidence/initial/reexport_checks.json
A	docs/assets/production/city_shop_fittings_01-evidence/initial/reexport_comparison.json
A	docs/assets/production/city_shop_fittings_01-evidence/initial/requested_binary_version.log
A	docs/assets/production/city_shop_fittings_01-evidence/initial/source_export_checks.json
A	docs/assets/production/city_shop_fittings_01-evidence/initial/unchanged_shop_scale_comparison.png
A	docs/assets/production/city_shop_fittings_01-evidence/initial/version.log
A	docs/assets/production/city_shop_fittings_01-evidence/manifest.json
A	docs/assets/production/city_shop_fittings_01-evidence/measured_1m_comparison.png
A	docs/assets/production/city_shop_fittings_01-evidence/preview.log
A	docs/assets/production/city_shop_fittings_01-evidence/preview_checks.json
A	docs/assets/production/city_shop_fittings_01-evidence/project_camera.png
A	docs/assets/production/city_shop_fittings_01-evidence/project_camera_roof_centred_occluded.png
A	docs/assets/production/city_shop_fittings_01-evidence/project_street_camera.log
A	docs/assets/production/city_shop_fittings_01-evidence/reexport.glb
A	docs/assets/production/city_shop_fittings_01-evidence/reexport.log
A	docs/assets/production/city_shop_fittings_01-evidence/reexport_checks.json
A	docs/assets/production/city_shop_fittings_01-evidence/reexport_comparison.json
A	docs/assets/production/city_shop_fittings_01-evidence/requested_binary_version.log
A	docs/assets/production/city_shop_fittings_01-evidence/source_export_checks.json
A	docs/assets/production/city_shop_fittings_01-evidence/unchanged_shop_scale_comparison.png
A	docs/assets/production/city_shop_fittings_01-evidence/version.log
A	docs/assets/production/city_shop_fittings_01.md
A	tools/asset_production/city_planting_03/assembly_preview.py
A	tools/asset_production/city_planting_03/author.py
A	tools/asset_production/city_planting_03/check_glb.py
A	tools/asset_production/city_planting_03/export.py
A	tools/asset_production/city_planting_03/manifest.py
A	tools/asset_production/city_planting_03/run.py
A	tools/asset_production/city_planting_04/assembly_preview.py
A	tools/asset_production/city_planting_04/author.py
A	tools/asset_production/city_planting_04/check_glb.py
A	tools/asset_production/city_planting_04/export.py
A	tools/asset_production/city_planting_04/final_audit.py
A	tools/asset_production/city_planting_04/inspect_areas.py
A	tools/asset_production/city_planting_04/inspect_failure.py
A	tools/asset_production/city_planting_04/manifest.py
A	tools/asset_production/city_planting_04/preview_saved.py
A	tools/asset_production/city_planting_04/repair_tips.py
A	tools/asset_production/city_planting_04/run.py
A	tools/asset_production/city_planting_05/author.py
A	tools/asset_production/city_planting_05/check_glb.py
A	tools/asset_production/city_planting_05/compare.py
A	tools/asset_production/city_planting_05/export.py
A	tools/asset_production/city_planting_05/final_audit.py
A	tools/asset_production/city_planting_05/inspect_reference.py
A	tools/asset_production/city_planting_05/manifest.py
A	tools/asset_production/city_planting_05/preview.py
A	tools/asset_production/city_planting_05/run.py
A	tools/asset_production/city_roof_details_01/author.py
A	tools/asset_production/city_roof_details_01/check_glb.py
A	tools/asset_production/city_roof_details_01/export.py
A	tools/asset_production/city_roof_details_01/manifest.py
A	tools/asset_production/city_roof_details_01/preview.py
A	tools/asset_production/city_roof_details_01/run.py
A	tools/asset_production/city_roof_details_02/author.py
A	tools/asset_production/city_roof_details_02/check_glb.py
A	tools/asset_production/city_roof_details_02/diagnose.py
A	tools/asset_production/city_roof_details_02/export.py
A	tools/asset_production/city_roof_details_02/manifest.py
A	tools/asset_production/city_roof_details_02/preview.py
A	tools/asset_production/city_roof_details_02/run.py
A	tools/asset_production/city_shop_fittings_01/author.py
A	tools/asset_production/city_shop_fittings_01/check_glb.py
A	tools/asset_production/city_shop_fittings_01/export.py
A	tools/asset_production/city_shop_fittings_01/manifest.py
A	tools/asset_production/city_shop_fittings_01/preview.py
A	tools/asset_production/city_shop_fittings_01/run.py
