M	TODO.md
A	art/models/environment/city_lights_01/city_lights_01_cool.glb
A	art/models/environment/city_lights_01/city_lights_01_cool.glb.import
A	art/models/environment/city_lights_01/city_lights_01_warm.glb
A	art/models/environment/city_lights_01/city_lights_01_warm.glb.import
A	art/models/environment/city_lights_02/city_lights_02.glb
A	art/models/environment/city_lights_02/city_lights_02.glb.import
A	art/models/environment/city_lights_02/city_lights_02_cool.glb
A	art/models/environment/city_lights_02/city_lights_02_cool.glb.import
A	art/models/environment/city_lights_04/city_lights_04_cool.glb
A	art/models/environment/city_lights_04/city_lights_04_cool.glb.import
A	art/models/environment/city_lights_04/city_lights_04_warm.glb
A	art/models/environment/city_lights_04/city_lights_04_warm.glb.import
A	art/models/environment/city_planting_01/city_planting_01.glb
A	art/models/environment/city_planting_01/city_planting_01.glb.import
A	art/models/environment/city_planting_02/city_planting_02.glb
A	art/models/environment/city_planting_02/city_planting_02.glb.import
A	art/models/environment/city_planting_03/city_planting_03.glb
A	art/models/environment/city_planting_04/city_planting_04_broad.glb
A	art/models/environment/city_planting_04/city_planting_04_compact.glb
A	art/models/environment/city_planting_05/city_planting_05_short_tuft.glb
A	art/models/environment/city_planting_05/city_planting_05_spreading_clump.glb
A	art/models/environment/city_roof_details_01/city_roof_details_01.glb
A	art/models/environment/city_roof_details_02/city_roof_details_02.glb
A	art/models/environment/city_shop_fittings_01/city_shop_fittings_01.glb
A	art/models/environment/city_sign_supports_01/city_sign_supports_01.glb
A	art/models/environment/city_sign_supports_01/city_sign_supports_01.glb.import
A	art/source/models/environment/city_lights_01/city_lights_01.blend
A	art/source/models/environment/city_lights_02/city_lights_02.blend
A	art/source/models/environment/city_lights_04/city_lights_04.blend
A	art/source/models/environment/city_planting_01/city_planting_01.blend
A	art/source/models/environment/city_planting_02/city_planting_02.blend
A	art/source/models/environment/city_planting_03/city_planting_03.blend
A	art/source/models/environment/city_planting_04/city_planting_04.blend
A	art/source/models/environment/city_planting_05/city_planting_05.blend
A	art/source/models/environment/city_roof_details_01/city_roof_details_01.blend
A	art/source/models/environment/city_roof_details_02/city_roof_details_02.blend
A	art/source/models/environment/city_shop_fittings_01/city_shop_fittings_01.blend
A	art/source/models/environment/city_sign_supports_01/city_sign_supports_01.blend
M	docs/asset-catalogue.md
A	docs/assets/city_barriers.md
A	docs/assets/city_boardwalk.md
A	docs/assets/city_ground_finishes.md
A	docs/assets/city_harbour_bridge.md
A	docs/assets/city_lights.md
A	docs/assets/city_marina_docks.md
A	docs/assets/city_moored_yachts.md
A	docs/assets/city_parking_furniture.md
A	docs/assets/city_planting.md
A	docs/assets/city_quay_furniture.md
A	docs/assets/city_road_markings.md
A	docs/assets/city_roof_details.md
A	docs/assets/city_seating.md
A	docs/assets/city_service_furniture.md
A	docs/assets/city_shop_fittings.md
A	docs/assets/city_shore_edges.md
A	docs/assets/city_sign_supports.md
A	docs/assets/city_small_shop_shells.md
A	docs/assets/city_traffic_fixtures.md
A	docs/assets/city_walkways.md
A	docs/assets/city_waste.md
A	docs/assets/city_water_look.md
A	docs/assets/d01_academic_buildings.md
A	docs/assets/d01_campus_graphics.md
A	docs/assets/d01_lighthouse.md
A	docs/assets/d01_sports_pavilion.md
A	docs/assets/d01_sports_surface.md
A	docs/assets/d02_corner_shop.md
A	docs/assets/d02_domestic_details.md
A	docs/assets/d02_house_family.md
A	docs/assets/d02_neighbourhood_graphics.md
A	docs/assets/d03_apartment_family.md
A	docs/assets/d03_community_graphics.md
A	docs/assets/d03_court_graphics.md
A	docs/assets/d03_laundry_frames.md
A	docs/assets/d04_corporate_graphics.md
A	docs/assets/d04_forecourt_graphics.md
A	docs/assets/d04_podiums.md
A	docs/assets/d04_towers.md
A	docs/assets/d05_civic_graphics.md
A	docs/assets/d05_harbour_hall.md
A	docs/assets/d05_quay_frontages.md
A	docs/assets/d05_quay_paving.md
A	docs/assets/d06_commercial_graphics.md
A	docs/assets/d06_entertainment_hall.md
A	docs/assets/d06_harbour_footbridge.md
A	docs/assets/d06_mixed_use_infill.md
A	docs/assets/d06_poster_drum.md
A	docs/assets/d06_shopfront_blocks.md
A	docs/assets/d06_southern_shopping_parade.md
A	docs/assets/d07_retail_buildings.md
A	docs/assets/d07_retail_graphics.md
A	docs/assets/d07_sign_island.md
A	docs/assets/d07_trolley_shelter.md
A	docs/assets/d08_repair_furniture.md
A	docs/assets/d08_repair_graphics.md
A	docs/assets/d08_work_apron_graphics.md
A	docs/assets/d08_workshop_buildings.md
A	docs/assets/d09_cranes.md
A	docs/assets/d09_freight_graphics.md
A	docs/assets/d09_storage.md
A	docs/assets/d09_warehouses.md
A	docs/assets/production/.gdignore
A	docs/assets/production/batch_01-evidence/calibration/execution.json
A	docs/assets/production/batch_01-evidence/calibration/five-source-metre-comparison.blend
A	docs/assets/production/batch_01-evidence/calibration/five-source-metre-comparison.png
A	docs/assets/production/batch_01-evidence/calibration/measurements.json
A	docs/assets/production/batch_01-evidence/calibration/stderr.log
A	docs/assets/production/batch_01-evidence/calibration/stdout.log
A	docs/assets/production/batch_01-evidence/city_planting_01-retention-manifest.json
A	docs/assets/production/batch_01-evidence/gameplay.png
A	docs/assets/production/batch_01-evidence/integration-artifact-index.json
A	docs/assets/production/batch_01-evidence/mounting-close.png
A	docs/assets/production/batch_01-evidence/repetition.png
A	docs/assets/production/batch_01-evidence/source-readback.json
A	docs/assets/production/batch_01-evidence/source-whitespace-check.stderr.log
A	docs/assets/production/batch_01-evidence/source-whitespace-check.stdout.log
A	docs/assets/production/batch_01-evidence/transport/batch-build-helper-requests.json
A	docs/assets/production/batch_01-evidence/transport/batch-build-helper-results.jsonl
A	docs/assets/production/batch_01-evidence/transport/batch-camera-requests.json
A	docs/assets/production/batch_01-evidence/transport/batch-camera-results.jsonl
A	docs/assets/production/batch_01-evidence/transport/batch-close-capture-requests.json
A	docs/assets/production/batch_01-evidence/transport/batch-close-capture-results.jsonl
A	docs/assets/production/batch_01-evidence/transport/batch-close-capture.stderr.log
A	docs/assets/production/batch_01-evidence/transport/batch-close-requests.json
A	docs/assets/production/batch_01-evidence/transport/batch-close-results.jsonl
A	docs/assets/production/batch_01-evidence/transport/batch-close.stderr.log
A	docs/assets/production/batch_01-evidence/transport/batch-context-results.jsonl
A	docs/assets/production/batch_01-evidence/transport/batch-final-audit-requests.json
A	docs/assets/production/batch_01-evidence/transport/batch-final-audit-results.jsonl
A	docs/assets/production/batch_01-evidence/transport/batch-final-audit.stderr.log
A	docs/assets/production/batch_01-evidence/transport/batch-final-helper-requests.json
A	docs/assets/production/batch_01-evidence/transport/batch-final-helper-results.jsonl
A	docs/assets/production/batch_01-evidence/transport/batch-final-helper.stderr.log
A	docs/assets/production/batch_01-evidence/transport/batch-final-probe-results.jsonl
A	docs/assets/production/batch_01-evidence/transport/batch-final-probe.stderr.log
A	docs/assets/production/batch_01-evidence/transport/batch-final-run-requests.json
A	docs/assets/production/batch_01-evidence/transport/batch-final-run-results.jsonl
A	docs/assets/production/batch_01-evidence/transport/batch-final-run.stderr.log
A	docs/assets/production/batch_01-evidence/transport/batch-final-styled-probe-results.jsonl
A	docs/assets/production/batch_01-evidence/transport/batch-final-styled-probe.stderr.log
A	docs/assets/production/batch_01-evidence/transport/batch-gdstyle-final.stderr.log
A	docs/assets/production/batch_01-evidence/transport/batch-gdstyle-final.stdout.log
A	docs/assets/production/batch_01-evidence/transport/batch-gdstyle.stderr.log
A	docs/assets/production/batch_01-evidence/transport/batch-gdstyle.stdout.log
A	docs/assets/production/batch_01-evidence/transport/batch-helper-style-requests.json
A	docs/assets/production/batch_01-evidence/transport/batch-helper-style-results.jsonl
A	docs/assets/production/batch_01-evidence/transport/batch-helper-style.stderr.log
A	docs/assets/production/batch_01-evidence/transport/batch-import-execution.json
A	docs/assets/production/batch_01-evidence/transport/batch-import.stderr.log
A	docs/assets/production/batch_01-evidence/transport/batch-import.stdout.log
A	docs/assets/production/batch_01-evidence/transport/batch-last-style-requests.json
A	docs/assets/production/batch_01-evidence/transport/batch-last-style-results.jsonl
A	docs/assets/production/batch_01-evidence/transport/batch-last-style.stderr.log
A	docs/assets/production/batch_01-evidence/transport/batch-motion-helper-requests.json
A	docs/assets/production/batch_01-evidence/transport/batch-motion-helper-results.jsonl
A	docs/assets/production/batch_01-evidence/transport/batch-motion-helper.stderr.log
A	docs/assets/production/batch_01-evidence/transport/batch-prefabs-recovery-requests.json
A	docs/assets/production/batch_01-evidence/transport/batch-prefabs-recovery-results.jsonl
A	docs/assets/production/batch_01-evidence/transport/batch-prefabs-recovery.stderr.log
A	docs/assets/production/batch_01-evidence/transport/batch-prefabs-requests.json
A	docs/assets/production/batch_01-evidence/transport/batch-prefabs-results.jsonl
A	docs/assets/production/batch_01-evidence/transport/batch-probe-corrected-requests.json
A	docs/assets/production/batch_01-evidence/transport/batch-probe-corrected-results.jsonl
A	docs/assets/production/batch_01-evidence/transport/batch-probe-corrected.stderr.log
A	docs/assets/production/batch_01-evidence/transport/batch-probe-requests.json
A	docs/assets/production/batch_01-evidence/transport/batch-probe-results.jsonl
A	docs/assets/production/batch_01-evidence/transport/batch-probe.stderr.log
A	docs/assets/production/batch_01-evidence/transport/batch-quiescent-requests.json
A	docs/assets/production/batch_01-evidence/transport/batch-quiescent-results.jsonl
A	docs/assets/production/batch_01-evidence/transport/batch-quiescent.stderr.log
A	docs/assets/production/batch_01-evidence/transport/batch-repeat-probe-requests.json
A	docs/assets/production/batch_01-evidence/transport/batch-repeat-probe-results.jsonl
A	docs/assets/production/batch_01-evidence/transport/batch-repeat-probe.stderr.log
A	docs/assets/production/batch_01-evidence/transport/batch-repeat-requests.json
A	docs/assets/production/batch_01-evidence/transport/batch-repeat-results.jsonl
A	docs/assets/production/batch_01-evidence/transport/batch-repeat.stderr.log
A	docs/assets/production/batch_01-evidence/transport/batch-run-requests.json
A	docs/assets/production/batch_01-evidence/transport/batch-run-results.jsonl
A	docs/assets/production/batch_01-evidence/transport/batch-run.stderr.log
A	docs/assets/production/batch_01-evidence/transport/batch-runtime-start-offset.json
A	docs/assets/production/batch_01-evidence/transport/batch-shutdown-requests.json
A	docs/assets/production/batch_01-evidence/transport/batch-shutdown-results.jsonl
A	docs/assets/production/batch_01-evidence/transport/batch-shutdown.stderr.log
A	docs/assets/production/batch_01-evidence/transport/batch-source-paths.json
A	docs/assets/production/batch_01-evidence/transport/batch-stop-requests.json
A	docs/assets/production/batch_01-evidence/transport/batch-stop-results.jsonl
A	docs/assets/production/batch_01-evidence/transport/batch-stop.stderr.log
A	docs/assets/production/batch_01-evidence/transport/batch-style-last-requests.json
A	docs/assets/production/batch_01-evidence/transport/batch-style-last-results.jsonl
A	docs/assets/production/batch_01-evidence/transport/batch-style-last.stderr.log
A	docs/assets/production/batch_01-evidence/transport/batch-style-requests.json
A	docs/assets/production/batch_01-evidence/transport/batch-style-results.jsonl
A	docs/assets/production/batch_01-evidence/transport/batch-style.stderr.log
A	docs/assets/production/batch_01-evidence/transport/batch-uid-corrected-requests.json
A	docs/assets/production/batch_01-evidence/transport/batch-uid-corrected-results.jsonl
A	docs/assets/production/batch_01-evidence/transport/batch-uid-requests.json
A	docs/assets/production/batch_01-evidence/transport/batch-uid-results.jsonl
A	docs/assets/production/batch_01-evidence/transport/editor-restarted.log
A	docs/assets/production/batch_01-evidence/transport/editor.log
A	docs/assets/production/batch_01-evidence/transport/final-before-roundtrip.json
A	docs/assets/production/batch_01-evidence/transport/final-log-offset.json
A	docs/assets/production/batch_01-evidence/transport/launch-before-batch-restart.json
A	docs/assets/production/batch_01-evidence/transport/launch.json
A	docs/assets/production/batch_01-evidence/uid-cache-after-scan.json
A	docs/assets/production/batch_01-evidence/validation-summary.json
A	docs/assets/production/batch_01-evidence/verification.stderr.log
A	docs/assets/production/batch_01-evidence/verification.stdout.log
A	docs/assets/production/batch_01-integration.md
A	docs/assets/production/batch_02-evidence/source-readback.json
A	docs/assets/production/city_lights_01-evidence/author.log
A	docs/assets/production/city_lights_01-evidence/author_initial.log
A	docs/assets/production/city_lights_01-evidence/commands.json
A	docs/assets/production/city_lights_01-evidence/hero.png
A	docs/assets/production/city_lights_01-evidence/hero.png.import
A	docs/assets/production/city_lights_01-evidence/lens_detail.png
A	docs/assets/production/city_lights_01-evidence/lens_detail.png.import
A	docs/assets/production/city_lights_01-evidence/manifest.json
A	docs/assets/production/city_lights_01-evidence/overhead_47m_42deg.png
A	docs/assets/production/city_lights_01-evidence/overhead_47m_42deg.png.import
A	docs/assets/production/city_lights_01-evidence/pre_cleanup_author.log
A	docs/assets/production/city_lights_01-evidence/pre_cleanup_hero.png
A	docs/assets/production/city_lights_01-evidence/pre_cleanup_lens_detail.png
A	docs/assets/production/city_lights_01-evidence/pre_cleanup_validation.json
A	docs/assets/production/city_lights_01-evidence/pre_cleanup_validation.log
A	docs/assets/production/city_lights_01-evidence/reexport.log
A	docs/assets/production/city_lights_01-evidence/reproducibility.json
A	docs/assets/production/city_lights_01-evidence/side.png
A	docs/assets/production/city_lights_01-evidence/side.png.import
A	docs/assets/production/city_lights_01-evidence/validation.json
A	docs/assets/production/city_lights_01-evidence/validation.log
A	docs/assets/production/city_lights_01-evidence/validation_final.log
A	docs/assets/production/city_lights_01-evidence/validation_initial.log
A	docs/assets/production/city_lights_01.md
A	docs/assets/production/city_lights_02-evidence/author.log
A	docs/assets/production/city_lights_02-evidence/author_initial_failure.log
A	docs/assets/production/city_lights_02-evidence/cool_three_quarter.png
A	docs/assets/production/city_lights_02-evidence/cool_three_quarter.png.import
A	docs/assets/production/city_lights_02-evidence/execution.json
A	docs/assets/production/city_lights_02-evidence/glb_checks.json
A	docs/assets/production/city_lights_02-evidence/glb_checks.log
A	docs/assets/production/city_lights_02-evidence/head_detail.png
A	docs/assets/production/city_lights_02-evidence/head_detail.png.import
A	docs/assets/production/city_lights_02-evidence/initial_export_checks.json
A	docs/assets/production/city_lights_02-evidence/initial_failed_source.blend.gz
A	docs/assets/production/city_lights_02-evidence/manifest.json
A	docs/assets/production/city_lights_02-evidence/reexport.log
A	docs/assets/production/city_lights_02-evidence/reexport_comparison.json
A	docs/assets/production/city_lights_02-evidence/source_export_checks.json
A	docs/assets/production/city_lights_02-evidence/warm_three_quarter.png
A	docs/assets/production/city_lights_02-evidence/warm_three_quarter.png.import
A	docs/assets/production/city_lights_02.md
A	docs/assets/production/city_lights_04-evidence/author_final.log
A	docs/assets/production/city_lights_04-evidence/detail_underside.png
A	docs/assets/production/city_lights_04-evidence/execution.json
A	docs/assets/production/city_lights_04-evidence/final_payload_check.log
A	docs/assets/production/city_lights_04-evidence/glb_checks.json
A	docs/assets/production/city_lights_04-evidence/hero_cool.png
A	docs/assets/production/city_lights_04-evidence/hero_warm.png
A	docs/assets/production/city_lights_04-evidence/initial_author.log
A	docs/assets/production/city_lights_04-evidence/initial_detail_underside.png
A	docs/assets/production/city_lights_04-evidence/initial_glb_check.log
A	docs/assets/production/city_lights_04-evidence/initial_glb_checks.json
A	docs/assets/production/city_lights_04-evidence/initial_hero_cool.png
A	docs/assets/production/city_lights_04-evidence/initial_hero_warm.png
A	docs/assets/production/city_lights_04-evidence/initial_source_checks.json
A	docs/assets/production/city_lights_04-evidence/initial_vertical_down_47m_42deg.png
A	docs/assets/production/city_lights_04-evidence/initial_vertical_down_detail.png
A	docs/assets/production/city_lights_04-evidence/initial_visual_failure.zip
A	docs/assets/production/city_lights_04-evidence/manifest.json
A	docs/assets/production/city_lights_04-evidence/reexport.log
A	docs/assets/production/city_lights_04-evidence/reexport/city_lights_04_cool.glb
A	docs/assets/production/city_lights_04-evidence/reexport/city_lights_04_warm.glb
A	docs/assets/production/city_lights_04-evidence/reexport_source_checks.json
A	docs/assets/production/city_lights_04-evidence/reproducibility.json
A	docs/assets/production/city_lights_04-evidence/source_checks.json
A	docs/assets/production/city_lights_04-evidence/tool_help.log
A	docs/assets/production/city_lights_04-evidence/tool_version.log
A	docs/assets/production/city_lights_04-evidence/vertical_down_47m_42deg.png
A	docs/assets/production/city_lights_04-evidence/vertical_down_detail.png
A	docs/assets/production/city_lights_04.md
A	docs/assets/production/city_planting_01-evidence/author.exit
A	docs/assets/production/city_planting_01-evidence/author.log
A	docs/assets/production/city_planting_01-evidence/camera_check.exit
A	docs/assets/production/city_planting_01-evidence/camera_check.log
A	docs/assets/production/city_planting_01-evidence/camera_checks.json
A	docs/assets/production/city_planting_01-evidence/export.exit
A	docs/assets/production/city_planting_01-evidence/export.log
A	docs/assets/production/city_planting_01-evidence/glb_check.exit
A	docs/assets/production/city_planting_01-evidence/glb_check.log
A	docs/assets/production/city_planting_01-evidence/glb_checks.json
A	docs/assets/production/city_planting_01-evidence/hero.png
A	docs/assets/production/city_planting_01-evidence/project_camera_reference.png
A	docs/assets/production/city_planting_01-evidence/reexport.exit
A	docs/assets/production/city_planting_01-evidence/reexport.log
A	docs/assets/production/city_planting_01-evidence/reexport_checks.json
A	docs/assets/production/city_planting_01-evidence/reexport_comparison.json
A	docs/assets/production/city_planting_01-evidence/source_export_checks.json
A	docs/assets/production/city_planting_01.md
A	docs/assets/production/city_planting_02-evidence/author.log
A	docs/assets/production/city_planting_02-evidence/check_glb.log
A	docs/assets/production/city_planting_02-evidence/commands.json
A	docs/assets/production/city_planting_02-evidence/export.log
A	docs/assets/production/city_planting_02-evidence/glb_checks.json
A	docs/assets/production/city_planting_02-evidence/hero.png
A	docs/assets/production/city_planting_02-evidence/manifest.json
A	docs/assets/production/city_planting_02-evidence/project_camera_reference.png
A	docs/assets/production/city_planting_02-evidence/reexport.glb
A	docs/assets/production/city_planting_02-evidence/reexport.log
A	docs/assets/production/city_planting_02-evidence/reexport_checks.json
A	docs/assets/production/city_planting_02-evidence/reexport_comparison.json
A	docs/assets/production/city_planting_02-evidence/source_export_checks.json
A	docs/assets/production/city_planting_02-evidence/version.log
A	docs/assets/production/city_planting_02.md
A	docs/assets/production/city_planting_03-evidence/assembly_preview.json
A	docs/assets/production/city_planting_03-evidence/assembly_preview.log
A	docs/assets/production/city_planting_03-evidence/author.log
A	docs/assets/production/city_planting_03-evidence/check_glb.log
A	docs/assets/production/city_planting_03-evidence/check_glb_final.log
A	docs/assets/production/city_planting_03-evidence/commands.json
A	docs/assets/production/city_planting_03-evidence/export.log
A	docs/assets/production/city_planting_03-evidence/final_audit.json
A	docs/assets/production/city_planting_03-evidence/glb_checks.json
A	docs/assets/production/city_planting_03-evidence/hero.png
A	docs/assets/production/city_planting_03-evidence/initial_attempt/author.log
A	docs/assets/production/city_planting_03-evidence/initial_attempt/author.py.txt
A	docs/assets/production/city_planting_03-evidence/initial_attempt/city_planting_03.blend
A	docs/assets/production/city_planting_03-evidence/initial_attempt/commands.json
A	docs/assets/production/city_planting_03-evidence/initial_attempt/export.log
A	docs/assets/production/city_planting_03-evidence/initial_attempt/export.py.txt
A	docs/assets/production/city_planting_03-evidence/initial_attempt/hero.png
A	docs/assets/production/city_planting_03-evidence/initial_attempt/project_camera_reference.png
A	docs/assets/production/city_planting_03-evidence/manifest.json
A	docs/assets/production/city_planting_03-evidence/planter_fit_project_camera.png
A	docs/assets/production/city_planting_03-evidence/planter_fit_studio.png
A	docs/assets/production/city_planting_03-evidence/project_camera_reference.png
A	docs/assets/production/city_planting_03-evidence/reexport.glb
A	docs/assets/production/city_planting_03-evidence/reexport.log
A	docs/assets/production/city_planting_03-evidence/reexport_checks.json
A	docs/assets/production/city_planting_03-evidence/reexport_comparison.json
A	docs/assets/production/city_planting_03-evidence/reference_inputs.json
A	docs/assets/production/city_planting_03-evidence/source_export_checks.json
A	docs/assets/production/city_planting_03-evidence/version.log
A	docs/assets/production/city_planting_03.md
A	docs/assets/production/city_planting_04-evidence/assembly_preview.json
A	docs/assets/production/city_planting_04-evidence/assembly_preview.log
A	docs/assets/production/city_planting_04-evidence/assembly_preview_final.log
A	docs/assets/production/city_planting_04-evidence/author.log
A	docs/assets/production/city_planting_04-evidence/author_fix.log
A	docs/assets/production/city_planting_04-evidence/broad_hero.png
A	docs/assets/production/city_planting_04-evidence/broad_project_camera.png
A	docs/assets/production/city_planting_04-evidence/check_glb.log
A	docs/assets/production/city_planting_04-evidence/commands.json
A	docs/assets/production/city_planting_04-evidence/compact_hero.png
A	docs/assets/production/city_planting_04-evidence/compact_project_camera.png
A	docs/assets/production/city_planting_04-evidence/export.log
A	docs/assets/production/city_planting_04-evidence/export_final.log
A	docs/assets/production/city_planting_04-evidence/export_fix.log
A	docs/assets/production/city_planting_04-evidence/export_verified.log
A	docs/assets/production/city_planting_04-evidence/final_audit.json
A	docs/assets/production/city_planting_04-evidence/final_audit.log
A	docs/assets/production/city_planting_04-evidence/final_audit_initial.log
A	docs/assets/production/city_planting_04-evidence/glb_checks.json
A	docs/assets/production/city_planting_04-evidence/initial_attempt/assembly_spacing_2_3m.py.txt
A	docs/assets/production/city_planting_04-evidence/initial_attempt/author.log
A	docs/assets/production/city_planting_04-evidence/initial_attempt/author.py.txt
A	docs/assets/production/city_planting_04-evidence/initial_attempt/broad_hero.png
A	docs/assets/production/city_planting_04-evidence/initial_attempt/broad_project_camera.png
A	docs/assets/production/city_planting_04-evidence/initial_attempt/city_planting_04.blend
A	docs/assets/production/city_planting_04-evidence/initial_attempt/commands.json
A	docs/assets/production/city_planting_04-evidence/initial_attempt/compact_hero.png
A	docs/assets/production/city_planting_04-evidence/initial_attempt/compact_project_camera.png
A	docs/assets/production/city_planting_04-evidence/initial_attempt/export.log
A	docs/assets/production/city_planting_04-evidence/initial_attempt/export.py.txt
A	docs/assets/production/city_planting_04-evidence/initial_attempt/inspect_failure.log
A	docs/assets/production/city_planting_04-evidence/initial_attempt/repair_tips_failed.py.txt
A	docs/assets/production/city_planting_04-evidence/initial_attempt/repair_tips_intermediate.py.txt
A	docs/assets/production/city_planting_04-evidence/initial_attempt/spacing_2_3m_pair_surround_actor_hero.png
A	docs/assets/production/city_planting_04-evidence/initial_attempt/spacing_2_3m_pair_surround_actor_project_camera.png
A	docs/assets/production/city_planting_04-evidence/initial_attempt/subdivided_before_tip_repair.blend
A	docs/assets/production/city_planting_04-evidence/inspect_areas.log
A	docs/assets/production/city_planting_04-evidence/inspect_failure.log
A	docs/assets/production/city_planting_04-evidence/inspect_fix.log
A	docs/assets/production/city_planting_04-evidence/manifest.json
A	docs/assets/production/city_planting_04-evidence/pair_surround_actor_hero.png
A	docs/assets/production/city_planting_04-evidence/pair_surround_actor_project_camera.png
A	docs/assets/production/city_planting_04-evidence/preview_saved.log
A	docs/assets/production/city_planting_04-evidence/reexport.log
A	docs/assets/production/city_planting_04-evidence/reexport/city_planting_04_broad.glb
A	docs/assets/production/city_planting_04-evidence/reexport/city_planting_04_compact.glb
A	docs/assets/production/city_planting_04-evidence/reexport_checks.json
A	docs/assets/production/city_planting_04-evidence/reexport_comparison.json
A	docs/assets/production/city_planting_04-evidence/reference_inputs.json
A	docs/assets/production/city_planting_04-evidence/repair_degenerate.log
A	docs/assets/production/city_planting_04-evidence/repair_tips.log
A	docs/assets/production/city_planting_04-evidence/repair_tips_final.log
A	docs/assets/production/city_planting_04-evidence/source_export_checks.json
A	docs/assets/production/city_planting_04-evidence/version.log
A	docs/assets/production/city_planting_04.md
A	docs/assets/production/city_planting_05-evidence/author.command.json
A	docs/assets/production/city_planting_05-evidence/author.log
A	docs/assets/production/city_planting_05-evidence/author_curve_fix.command.json
A	docs/assets/production/city_planting_05-evidence/author_curve_fix.log
A	docs/assets/production/city_planting_05-evidence/author_joined.command.json
A	docs/assets/production/city_planting_05-evidence/author_joined.log
A	docs/assets/production/city_planting_05-evidence/byte_comparison.command.json
A	docs/assets/production/city_planting_05-evidence/byte_comparison.log
A	docs/assets/production/city_planting_05-evidence/check_glb.command.json
A	docs/assets/production/city_planting_05-evidence/check_glb.log
A	docs/assets/production/city_planting_05-evidence/check_glb_fixed.command.json
A	docs/assets/production/city_planting_05-evidence/check_glb_fixed.log
A	docs/assets/production/city_planting_05-evidence/commands.json
A	docs/assets/production/city_planting_05-evidence/export.command.json
A	docs/assets/production/city_planting_05-evidence/export.log
A	docs/assets/production/city_planting_05-evidence/export_curve_fix.command.json
A	docs/assets/production/city_planting_05-evidence/export_curve_fix.log
A	docs/assets/production/city_planting_05-evidence/final_audit.command.json
A	docs/assets/production/city_planting_05-evidence/final_audit.json
A	docs/assets/production/city_planting_05-evidence/final_audit.log
A	docs/assets/production/city_planting_05-evidence/final_audit_complete.command.json
A	docs/assets/production/city_planting_05-evidence/final_audit_complete.log
A	docs/assets/production/city_planting_05-evidence/final_audit_fixed.command.json
A	docs/assets/production/city_planting_05-evidence/final_audit_fixed.log
A	docs/assets/production/city_planting_05-evidence/glb_checks.json
A	docs/assets/production/city_planting_05-evidence/initial_attempt/author.py.txt
A	docs/assets/production/city_planting_05-evidence/initial_attempt/check_glb.py.txt
A	docs/assets/production/city_planting_05-evidence/initial_attempt/city_planting_05.blend
A	docs/assets/production/city_planting_05-evidence/initial_attempt/city_planting_05_short_tuft.glb
A	docs/assets/production/city_planting_05-evidence/initial_attempt/city_planting_05_spreading_clump.glb
A	docs/assets/production/city_planting_05-evidence/initial_attempt/final_audit.py.txt
A	docs/assets/production/city_planting_05-evidence/initial_attempt/preview_before_collection_visibility_filter.json
A	docs/assets/production/city_planting_05-evidence/initial_attempt/preview_before_hidden_helper_filter.json
A	docs/assets/production/city_planting_05-evidence/initial_attempt/preview_checks.json
A	docs/assets/production/city_planting_05-evidence/initial_attempt/scale_comparison_gameplay.png
A	docs/assets/production/city_planting_05-evidence/initial_attempt/scale_comparison_hero.png
A	docs/assets/production/city_planting_05-evidence/initial_attempt/short_tuft_hero.png
A	docs/assets/production/city_planting_05-evidence/initial_attempt/silhouette_overhead_enlarged.png
A	docs/assets/production/city_planting_05-evidence/initial_attempt/source_export_checks.json
A	docs/assets/production/city_planting_05-evidence/initial_attempt/spreading_clump_hero.png
A	docs/assets/production/city_planting_05-evidence/inspect_reference.command.json
A	docs/assets/production/city_planting_05-evidence/inspect_reference.log
A	docs/assets/production/city_planting_05-evidence/manifest.json
A	docs/assets/production/city_planting_05-evidence/preview.command.json
A	docs/assets/production/city_planting_05-evidence/preview.log
A	docs/assets/production/city_planting_05-evidence/preview_checks.json
A	docs/assets/production/city_planting_05-evidence/preview_curve_fix.command.json
A	docs/assets/production/city_planting_05-evidence/preview_curve_fix.log
A	docs/assets/production/city_planting_05-evidence/preview_measurements.command.json
A	docs/assets/production/city_planting_05-evidence/preview_measurements.log
A	docs/assets/production/city_planting_05-evidence/preview_measurements_final.command.json
A	docs/assets/production/city_planting_05-evidence/preview_measurements_final.log
A	docs/assets/production/city_planting_05-evidence/reexport.command.json
A	docs/assets/production/city_planting_05-evidence/reexport.log
A	docs/assets/production/city_planting_05-evidence/reexport/city_planting_05_short_tuft.glb
A	docs/assets/production/city_planting_05-evidence/reexport/city_planting_05_spreading_clump.glb
A	docs/assets/production/city_planting_05-evidence/reexport_checks.json
A	docs/assets/production/city_planting_05-evidence/reexport_comparison.json
A	docs/assets/production/city_planting_05-evidence/reference_inputs.json
A	docs/assets/production/city_planting_05-evidence/requested_version.command.json
A	docs/assets/production/city_planting_05-evidence/requested_version.log
A	docs/assets/production/city_planting_05-evidence/scale_comparison_gameplay.png
A	docs/assets/production/city_planting_05-evidence/scale_comparison_hero.png
A	docs/assets/production/city_planting_05-evidence/short_tuft_hero.png
A	docs/assets/production/city_planting_05-evidence/silhouette_overhead_enlarged.png
A	docs/assets/production/city_planting_05-evidence/source_export_checks.json
A	docs/assets/production/city_planting_05-evidence/spreading_clump_hero.png
A	docs/assets/production/city_planting_05-evidence/version.command.json
A	docs/assets/production/city_planting_05-evidence/version.log
A	docs/assets/production/city_planting_05.md
A	docs/assets/production/city_roof_details_01-evidence/author.log
A	docs/assets/production/city_roof_details_01-evidence/check_glb.log
A	docs/assets/production/city_roof_details_01-evidence/commands.json
A	docs/assets/production/city_roof_details_01-evidence/export.log
A	docs/assets/production/city_roof_details_01-evidence/final_validation.json
A	docs/assets/production/city_roof_details_01-evidence/fix_record.json
A	docs/assets/production/city_roof_details_01-evidence/glb_checks.json
A	docs/assets/production/city_roof_details_01-evidence/hero.png
A	docs/assets/production/city_roof_details_01-evidence/initial_failure/author.log
A	docs/assets/production/city_roof_details_01-evidence/initial_failure/author.py.txt
A	docs/assets/production/city_roof_details_01-evidence/initial_failure/check_glb.log
A	docs/assets/production/city_roof_details_01-evidence/initial_failure/check_glb.py.txt
A	docs/assets/production/city_roof_details_01-evidence/initial_failure/commands.json
A	docs/assets/production/city_roof_details_01-evidence/initial_failure/double_sided.glb
A	docs/assets/production/city_roof_details_01-evidence/initial_failure/export.log
A	docs/assets/production/city_roof_details_01-evidence/initial_failure/export.py.txt
A	docs/assets/production/city_roof_details_01-evidence/initial_failure/hero.png
A	docs/assets/production/city_roof_details_01-evidence/initial_failure/initial_preview.log
A	docs/assets/production/city_roof_details_01-evidence/initial_failure/louver_detail.png
A	docs/assets/production/city_roof_details_01-evidence/initial_failure/material_diagnostic.json
A	docs/assets/production/city_roof_details_01-evidence/initial_failure/preview.py.txt
A	docs/assets/production/city_roof_details_01-evidence/initial_failure/preview_checks.json
A	docs/assets/production/city_roof_details_01-evidence/initial_failure/project_camera_roof_context.png
A	docs/assets/production/city_roof_details_01-evidence/initial_failure/requested_binary_version.log
A	docs/assets/production/city_roof_details_01-evidence/initial_failure/run.py.txt
A	docs/assets/production/city_roof_details_01-evidence/initial_failure/source_export_checks.json
A	docs/assets/production/city_roof_details_01-evidence/initial_failure/unchanged_shop_scale_comparison.png
A	docs/assets/production/city_roof_details_01-evidence/initial_failure/version.log
A	docs/assets/production/city_roof_details_01-evidence/louver_detail.png
A	docs/assets/production/city_roof_details_01-evidence/manifest.json
A	docs/assets/production/city_roof_details_01-evidence/preview.log
A	docs/assets/production/city_roof_details_01-evidence/preview_checks.json
A	docs/assets/production/city_roof_details_01-evidence/project_camera_dark_roof_study.png
A	docs/assets/production/city_roof_details_01-evidence/project_camera_roof_context.png
A	docs/assets/production/city_roof_details_01-evidence/reexport.glb
A	docs/assets/production/city_roof_details_01-evidence/reexport.log
A	docs/assets/production/city_roof_details_01-evidence/reexport_checks.json
A	docs/assets/production/city_roof_details_01-evidence/reexport_comparison.json
A	docs/assets/production/city_roof_details_01-evidence/requested_binary_version.log
A	docs/assets/production/city_roof_details_01-evidence/source_export_checks.json
A	docs/assets/production/city_roof_details_01-evidence/unchanged_shop_scale_comparison.png
A	docs/assets/production/city_roof_details_01-evidence/version.log
A	docs/assets/production/city_roof_details_01.md
A	docs/assets/production/city_roof_details_02-evidence/author.log
A	docs/assets/production/city_roof_details_02-evidence/check_glb.log
A	docs/assets/production/city_roof_details_02-evidence/commands.json
A	docs/assets/production/city_roof_details_02-evidence/export.log
A	docs/assets/production/city_roof_details_02-evidence/final_validation.json
A	docs/assets/production/city_roof_details_02-evidence/finalization_diagnostic.log
A	docs/assets/production/city_roof_details_02-evidence/fix_record.json
A	docs/assets/production/city_roof_details_02-evidence/glb_checks.json
A	docs/assets/production/city_roof_details_02-evidence/hero.png
A	docs/assets/production/city_roof_details_02-evidence/initial_failure/author.log
A	docs/assets/production/city_roof_details_02-evidence/initial_failure/author.py.txt
A	docs/assets/production/city_roof_details_02-evidence/initial_failure/check_glb.py.txt
A	docs/assets/production/city_roof_details_02-evidence/initial_failure/commands.json
A	docs/assets/production/city_roof_details_02-evidence/initial_failure/diagnostic.log
A	docs/assets/production/city_roof_details_02-evidence/initial_failure/export.log
A	docs/assets/production/city_roof_details_02-evidence/initial_failure/export.py.txt
A	docs/assets/production/city_roof_details_02-evidence/initial_failure/geometry_diagnostic.json
A	docs/assets/production/city_roof_details_02-evidence/initial_failure/initial.blend
A	docs/assets/production/city_roof_details_02-evidence/initial_failure/manifest.py.txt
A	docs/assets/production/city_roof_details_02-evidence/initial_failure/preview.py.txt
A	docs/assets/production/city_roof_details_02-evidence/initial_failure/requested_binary_version.log
A	docs/assets/production/city_roof_details_02-evidence/initial_failure/run.py.txt
A	docs/assets/production/city_roof_details_02-evidence/initial_failure/version.log
A	docs/assets/production/city_roof_details_02-evidence/input_references.json
A	docs/assets/production/city_roof_details_02-evidence/louver_detail.png
A	docs/assets/production/city_roof_details_02-evidence/manifest.json
A	docs/assets/production/city_roof_details_02-evidence/preview.log
A	docs/assets/production/city_roof_details_02-evidence/preview_checks.json
A	docs/assets/production/city_roof_details_02-evidence/project_camera_dark_roof_study.png
A	docs/assets/production/city_roof_details_02-evidence/project_camera_roof_context.png
A	docs/assets/production/city_roof_details_02-evidence/reexport.glb
A	docs/assets/production/city_roof_details_02-evidence/reexport.log
A	docs/assets/production/city_roof_details_02-evidence/reexport_checks.json
A	docs/assets/production/city_roof_details_02-evidence/reexport_comparison.json
A	docs/assets/production/city_roof_details_02-evidence/requested_binary_version.log
A	docs/assets/production/city_roof_details_02-evidence/runtime_receipt.json
A	docs/assets/production/city_roof_details_02-evidence/source_export_checks.json
A	docs/assets/production/city_roof_details_02-evidence/unchanged_shop_scale_comparison.png
A	docs/assets/production/city_roof_details_02-evidence/version.log
A	docs/assets/production/city_roof_details_02.md
A	docs/assets/production/city_shop_fittings_01-evidence/attachment_reframe.log
A	docs/assets/production/city_shop_fittings_01-evidence/attachment_side.png
A	docs/assets/production/city_shop_fittings_01-evidence/attachment_view.json
A	docs/assets/production/city_shop_fittings_01-evidence/author.log
A	docs/assets/production/city_shop_fittings_01-evidence/check_glb.log
A	docs/assets/production/city_shop_fittings_01-evidence/commands.json
A	docs/assets/production/city_shop_fittings_01-evidence/export.log
A	docs/assets/production/city_shop_fittings_01-evidence/glb_checks.json
A	docs/assets/production/city_shop_fittings_01-evidence/hero.png
A	docs/assets/production/city_shop_fittings_01-evidence/initial/attachment_side.png
A	docs/assets/production/city_shop_fittings_01-evidence/initial/author.log
A	docs/assets/production/city_shop_fittings_01-evidence/initial/check_glb.log
A	docs/assets/production/city_shop_fittings_01-evidence/initial/commands.json
A	docs/assets/production/city_shop_fittings_01-evidence/initial/export.log
A	docs/assets/production/city_shop_fittings_01-evidence/initial/glb_checks.json
A	docs/assets/production/city_shop_fittings_01-evidence/initial/hero.png
A	docs/assets/production/city_shop_fittings_01-evidence/initial/measured_1m_comparison.png
A	docs/assets/production/city_shop_fittings_01-evidence/initial/preview.log
A	docs/assets/production/city_shop_fittings_01-evidence/initial/preview_checks.json
A	docs/assets/production/city_shop_fittings_01-evidence/initial/project_camera.png
A	docs/assets/production/city_shop_fittings_01-evidence/initial/reexport.glb
A	docs/assets/production/city_shop_fittings_01-evidence/initial/reexport.log
A	docs/assets/production/city_shop_fittings_01-evidence/initial/reexport_checks.json
A	docs/assets/production/city_shop_fittings_01-evidence/initial/reexport_comparison.json
A	docs/assets/production/city_shop_fittings_01-evidence/initial/requested_binary_version.log
A	docs/assets/production/city_shop_fittings_01-evidence/initial/source_export_checks.json
A	docs/assets/production/city_shop_fittings_01-evidence/initial/unchanged_shop_scale_comparison.png
A	docs/assets/production/city_shop_fittings_01-evidence/initial/version.log
A	docs/assets/production/city_shop_fittings_01-evidence/manifest.json
A	docs/assets/production/city_shop_fittings_01-evidence/measured_1m_comparison.png
A	docs/assets/production/city_shop_fittings_01-evidence/preview.log
A	docs/assets/production/city_shop_fittings_01-evidence/preview_checks.json
A	docs/assets/production/city_shop_fittings_01-evidence/project_camera.png
A	docs/assets/production/city_shop_fittings_01-evidence/project_camera_roof_centred_occluded.png
A	docs/assets/production/city_shop_fittings_01-evidence/project_street_camera.log
A	docs/assets/production/city_shop_fittings_01-evidence/reexport.glb
A	docs/assets/production/city_shop_fittings_01-evidence/reexport.log
A	docs/assets/production/city_shop_fittings_01-evidence/reexport_checks.json
A	docs/assets/production/city_shop_fittings_01-evidence/reexport_comparison.json
A	docs/assets/production/city_shop_fittings_01-evidence/requested_binary_version.log
A	docs/assets/production/city_shop_fittings_01-evidence/source_export_checks.json
A	docs/assets/production/city_shop_fittings_01-evidence/unchanged_shop_scale_comparison.png
A	docs/assets/production/city_shop_fittings_01-evidence/version.log
A	docs/assets/production/city_shop_fittings_01.md
A	docs/assets/production/city_sign_supports_01-evidence/author_01.log
A	docs/assets/production/city_sign_supports_01-evidence/author_01_failed.blend
A	docs/assets/production/city_sign_supports_01-evidence/author_01_failed.py
A	docs/assets/production/city_sign_supports_01-evidence/author_02.log
A	docs/assets/production/city_sign_supports_01-evidence/blender_help.log
A	docs/assets/production/city_sign_supports_01-evidence/blender_version.log
A	docs/assets/production/city_sign_supports_01-evidence/check_glb_01_failed.py
A	docs/assets/production/city_sign_supports_01-evidence/detail.png
A	docs/assets/production/city_sign_supports_01-evidence/diagnostic_01.log
A	docs/assets/production/city_sign_supports_01-evidence/execution.json
A	docs/assets/production/city_sign_supports_01-evidence/final_audit.json
A	docs/assets/production/city_sign_supports_01-evidence/final_audit_01.log
A	docs/assets/production/city_sign_supports_01-evidence/gameplay_down.png
A	docs/assets/production/city_sign_supports_01-evidence/glb_checks.json
A	docs/assets/production/city_sign_supports_01-evidence/glb_checks_01.log
A	docs/assets/production/city_sign_supports_01-evidence/glb_checks_02.log
A	docs/assets/production/city_sign_supports_01-evidence/hero.png
A	docs/assets/production/city_sign_supports_01-evidence/manifest.json
A	docs/assets/production/city_sign_supports_01-evidence/preview_settings.json
A	docs/assets/production/city_sign_supports_01-evidence/previews_01.log
A	docs/assets/production/city_sign_supports_01-evidence/previews_02.log
A	docs/assets/production/city_sign_supports_01-evidence/process_cache/thumbnails/large/94b1b6c2dd53efe5e5050484f0eb081d.png
A	docs/assets/production/city_sign_supports_01-evidence/rear.png
A	docs/assets/production/city_sign_supports_01-evidence/reexport_01.log
A	docs/assets/production/city_sign_supports_01-evidence/reexport_city_sign_supports_01.glb
A	docs/assets/production/city_sign_supports_01-evidence/reexport_source_checks.json
A	docs/assets/production/city_sign_supports_01-evidence/source_checks.json
A	docs/assets/production/city_sign_supports_01-evidence/uv_diagnostic.png
A	docs/assets/production/city_sign_supports_01-evidence/uv_interface.png
A	docs/assets/production/city_sign_supports_01-evidence/uv_pillow_failure.log
A	docs/assets/production/city_sign_supports_01.md
A	docs/assets/production/commission.md
A	docs/assets/production/input-manifest.json
A	docs/assets/production/integration-evidence/bridge-requests.json
A	docs/assets/production/integration-evidence/bridge-results.jsonl
A	docs/assets/production/integration-evidence/camera-corrected-requests.json
A	docs/assets/production/integration-evidence/camera-corrected-results.jsonl
A	docs/assets/production/integration-evidence/camera-requests.json
A	docs/assets/production/integration-evidence/camera-results.jsonl
A	docs/assets/production/integration-evidence/city_lights_01-producer-readback.json
A	docs/assets/production/integration-evidence/city_lights_02-producer-readback.json
A	docs/assets/production/integration-evidence/context-requests.json
A	docs/assets/production/integration-evidence/context-results.jsonl
A	docs/assets/production/integration-evidence/editor-checkpoint.log
A	docs/assets/production/integration-evidence/final-capture-requests.json
A	docs/assets/production/integration-evidence/final-capture-results.jsonl
A	docs/assets/production/integration-evidence/final-runtime-log-start.json
A	docs/assets/production/integration-evidence/final-runtime.log
A	docs/assets/production/integration-evidence/final-start-requests.json
A	docs/assets/production/integration-evidence/final-start-results.jsonl
A	docs/assets/production/integration-evidence/final-stop-requests.json
A	docs/assets/production/integration-evidence/final-stop-results.jsonl
A	docs/assets/production/integration-evidence/launch.json
A	docs/assets/production/integration-evidence/light01-requests.json
A	docs/assets/production/integration-evidence/light01-results.jsonl
A	docs/assets/production/integration-evidence/light02-requests.json
A	docs/assets/production/integration-evidence/light02-results.jsonl
A	docs/assets/production/integration-evidence/lights_gameplay.png
A	docs/assets/production/integration-evidence/lights_gameplay_initial.png
A	docs/assets/production/integration-evidence/prepare-requests.json
A	docs/assets/production/integration-evidence/prepare-results.jsonl
A	docs/assets/production/integration-evidence/refresh-requests.json
A	docs/assets/production/integration-evidence/refresh-results.jsonl
A	docs/assets/production/integration-evidence/runtime-capture-requests.json
A	docs/assets/production/integration-evidence/runtime-capture-results.jsonl
A	docs/assets/production/lights-integration.md
A	docs/assets/production/progress.md
A	docs/assets/production/queue.json
A	docs/concepts/districts-v1/.gdignore
A	docs/concepts/districts-v1/01-northpoint-map.png
A	docs/concepts/districts-v1/01-northpoint-map.svg
A	docs/concepts/districts-v1/01-northpoint-v01.png
A	docs/concepts/districts-v1/01-northpoint-v02.png
A	docs/concepts/districts-v1/01-northpoint-v03.png
A	docs/concepts/districts-v1/01-northpoint-v04.png
A	docs/concepts/districts-v1/02-the-crescents-map.png
A	docs/concepts/districts-v1/02-the-crescents-map.svg
A	docs/concepts/districts-v1/02-the-crescents-v01.png
A	docs/concepts/districts-v1/02-the-crescents-v02.png
A	docs/concepts/districts-v1/03-terrace-ward-map.png
A	docs/concepts/districts-v1/03-terrace-ward-map.svg
A	docs/concepts/districts-v1/03-terrace-ward-v01.png
A	docs/concepts/districts-v1/03-terrace-ward-v02.png
A	docs/concepts/districts-v1/04-glassward-map.png
A	docs/concepts/districts-v1/04-glassward-map.svg
A	docs/concepts/districts-v1/04-glassward-v01.png
A	docs/concepts/districts-v1/05-old-quay-map.png
A	docs/concepts/districts-v1/05-old-quay-map.svg
A	docs/concepts/districts-v1/05-old-quay-v01.png
A	docs/concepts/districts-v1/05-old-quay-v02.png
A	docs/concepts/districts-v1/05-old-quay-v03.png
A	docs/concepts/districts-v1/06-signal-row-map.png
A	docs/concepts/districts-v1/06-signal-row-map.svg
A	docs/concepts/districts-v1/06-signal-row-v01-superseded.png
A	docs/concepts/districts-v1/06-signal-row-v02.png
A	docs/concepts/districts-v1/06-signal-row-v03.png
A	docs/concepts/districts-v1/07-broadlot-map.png
A	docs/concepts/districts-v1/07-broadlot-map.svg
A	docs/concepts/districts-v1/07-broadlot-v01.png
A	docs/concepts/districts-v1/08-ironreach-map.png
A	docs/concepts/districts-v1/08-ironreach-map.svg
A	docs/concepts/districts-v1/08-ironreach-v01.png
A	docs/concepts/districts-v1/08-ironreach-v02.png
A	docs/concepts/districts-v1/09-east-docks-map.png
A	docs/concepts/districts-v1/09-east-docks-map.svg
A	docs/concepts/districts-v1/09-east-docks-v01.png
A	docs/concepts/districts-v1/09-east-docks-v02.png
A	docs/concepts/districts-v1/README.md
A	docs/concepts/districts-v1/asset-register.json
A	docs/concepts/districts-v1/asset-register.md
A	docs/concepts/districts-v1/asset-registry-review.md
A	docs/concepts/districts-v1/brief-contract.md
A	docs/concepts/districts-v1/broadlot-assets.md
A	docs/concepts/districts-v1/broadlot.md
A	docs/concepts/districts-v1/checks.json
A	docs/concepts/districts-v1/east-docks-assets.md
A	docs/concepts/districts-v1/east-docks.md
A	docs/concepts/districts-v1/generation.json
A	docs/concepts/districts-v1/glassward-assets.md
A	docs/concepts/districts-v1/glassward.md
A	docs/concepts/districts-v1/ironreach-assets.md
A	docs/concepts/districts-v1/ironreach.md
A	docs/concepts/districts-v1/map-context.json
A	docs/concepts/districts-v1/map-context.md
A	docs/concepts/districts-v1/northpoint-assets.md
A	docs/concepts/districts-v1/northpoint.md
A	docs/concepts/districts-v1/old-quay-assets.md
A	docs/concepts/districts-v1/old-quay.md
A	docs/concepts/districts-v1/prompt-broadlot-v01.json
A	docs/concepts/districts-v1/prompt-east-docks-v01.json
A	docs/concepts/districts-v1/prompt-east-docks-v02.json
A	docs/concepts/districts-v1/prompt-glassward-v01.json
A	docs/concepts/districts-v1/prompt-ironreach-v01.json
A	docs/concepts/districts-v1/prompt-ironreach-v02.json
A	docs/concepts/districts-v1/prompt-northpoint-v01.json
A	docs/concepts/districts-v1/prompt-northpoint-v02.json
A	docs/concepts/districts-v1/prompt-northpoint-v03.json
A	docs/concepts/districts-v1/prompt-northpoint-v04.json
A	docs/concepts/districts-v1/prompt-old-quay-v01.json
A	docs/concepts/districts-v1/prompt-old-quay-v02.json
A	docs/concepts/districts-v1/prompt-old-quay-v03.json
A	docs/concepts/districts-v1/prompt-terrace-ward-v01.json
A	docs/concepts/districts-v1/prompt-terrace-ward-v02.json
A	docs/concepts/districts-v1/prompt-the-crescents-v01.json
A	docs/concepts/districts-v1/prompt-the-crescents-v02.json
A	docs/concepts/districts-v1/prompt-v02.json
A	docs/concepts/districts-v1/prompt-v03.json
A	docs/concepts/districts-v1/prompts.json
A	docs/concepts/districts-v1/signal-row-assets.md
A	docs/concepts/districts-v1/signal-row.md
A	docs/concepts/districts-v1/terrace-ward-assets.md
A	docs/concepts/districts-v1/terrace-ward.md
A	docs/concepts/districts-v1/the-crescents-assets.md
A	docs/concepts/districts-v1/the-crescents.md
M	docs/concepts/world-v1/decisions.md
A	docs/reviews/asset-production/batch_01/artifact-index.json
A	docs/reviews/asset-production/batch_01/blender-version.stderr.log
A	docs/reviews/asset-production/batch_01/blender-version.stdout.log
A	docs/reviews/asset-production/batch_01/candidate-scope-file-index.json
A	docs/reviews/asset-production/batch_01/city_lights_01-fresh-source.png
A	docs/reviews/asset-production/batch_01/city_lights_01-fresh-source.png.import
A	docs/reviews/asset-production/batch_01/city_lights_01-reexport.stderr.log
A	docs/reviews/asset-production/batch_01/city_lights_01-reexport.stdout.log
A	docs/reviews/asset-production/batch_01/city_lights_02-fresh-source.png
A	docs/reviews/asset-production/batch_01/city_lights_02-fresh-source.png.import
A	docs/reviews/asset-production/batch_01/city_lights_02-reexport.stderr.log
A	docs/reviews/asset-production/batch_01/city_lights_02-reexport.stdout.log
A	docs/reviews/asset-production/batch_01/city_lights_04-fresh-source.png
A	docs/reviews/asset-production/batch_01/city_lights_04-fresh-source.png.import
A	docs/reviews/asset-production/batch_01/city_lights_04-reexport.stderr.log
A	docs/reviews/asset-production/batch_01/city_lights_04-reexport.stdout.log
A	docs/reviews/asset-production/batch_01/city_planting_01-fresh-source.png
A	docs/reviews/asset-production/batch_01/city_planting_01-fresh-source.png.import
A	docs/reviews/asset-production/batch_01/city_planting_01-reexport.stderr.log
A	docs/reviews/asset-production/batch_01/city_planting_01-reexport.stdout.log
A	docs/reviews/asset-production/batch_01/city_planting_02-fresh-source.png
A	docs/reviews/asset-production/batch_01/city_planting_02-fresh-source.png.import
A	docs/reviews/asset-production/batch_01/city_planting_02-reexport.stderr.log
A	docs/reviews/asset-production/batch_01/city_planting_02-reexport.stdout.log
A	docs/reviews/asset-production/batch_01/city_sign_supports_01-fresh-source.png
A	docs/reviews/asset-production/batch_01/city_sign_supports_01-fresh-source.png.import
A	docs/reviews/asset-production/batch_01/city_sign_supports_01-reexport.stderr.log
A	docs/reviews/asset-production/batch_01/city_sign_supports_01-reexport.stdout.log
A	docs/reviews/asset-production/batch_01/commands.json
A	docs/reviews/asset-production/batch_01/final/.gdignore
A	docs/reviews/asset-production/batch_01/final/actual-delta-file-index.json
A	docs/reviews/asset-production/batch_01/final/actual-delta.stderr.log
A	docs/reviews/asset-production/batch_01/final/actual-delta.stdout.log
A	docs/reviews/asset-production/batch_01/final/artifact-index.json
A	docs/reviews/asset-production/batch_01/final/calibration-adapted.stderr.log
A	docs/reviews/asset-production/batch_01/final/calibration-adapted.stdout.log
A	docs/reviews/asset-production/batch_01/final/calibration-component-diagnostic.json
A	docs/reviews/asset-production/batch_01/final/calibration-components.stderr.log
A	docs/reviews/asset-production/batch_01/final/calibration-components.stdout.log
A	docs/reviews/asset-production/batch_01/final/calibration-inventory.json
A	docs/reviews/asset-production/batch_01/final/calibration-inventory.stderr.log
A	docs/reviews/asset-production/batch_01/final/calibration-inventory.stdout.log
A	docs/reviews/asset-production/batch_01/final/calibration.stderr.log
A	docs/reviews/asset-production/batch_01/final/calibration.stdout.log
A	docs/reviews/asset-production/batch_01/final/calibration_diagnostic.py
A	docs/reviews/asset-production/batch_01/final/calibration_inventory.py
A	docs/reviews/asset-production/batch_01/final/check.py
A	docs/reviews/asset-production/batch_01/final/collision_geometry.py
A	docs/reviews/asset-production/batch_01/final/commands.json
A	docs/reviews/asset-production/batch_01/final/engine_probe.gd
A	docs/reviews/asset-production/batch_01/final/evidence-analysis.stderr.log
A	docs/reviews/asset-production/batch_01/final/evidence-analysis.stdout.log
A	docs/reviews/asset-production/batch_01/final/evidence_analysis.py
A	docs/reviews/asset-production/batch_01/final/final-preservation-and-quiescence.json
A	docs/reviews/asset-production/batch_01/final/final-preservation-host.stderr.log
A	docs/reviews/asset-production/batch_01/final/final-preservation-host.stdout.log
A	docs/reviews/asset-production/batch_01/final/final_guard.py
A	docs/reviews/asset-production/batch_01/final/fresh-diagnostic-analysis.json
A	docs/reviews/asset-production/batch_01/final/gdstyle-version.stderr.log
A	docs/reviews/asset-production/batch_01/final/gdstyle-version.stdout.log
A	docs/reviews/asset-production/batch_01/final/headless_probe.gd
A	docs/reviews/asset-production/batch_01/final/independent-engine-interfaces.json
A	docs/reviews/asset-production/batch_01/final/independent-ring-collision.json
A	docs/reviews/asset-production/batch_01/final/inspect_calibration-initial.py
A	docs/reviews/asset-production/batch_01/final/inspect_calibration.py
A	docs/reviews/asset-production/batch_01/final/live-guard-host.stderr.log
A	docs/reviews/asset-production/batch_01/final/live-guard-host.stdout.log
A	docs/reviews/asset-production/batch_01/final/live-guard.json
A	docs/reviews/asset-production/batch_01/final/live_guard.py
A	docs/reviews/asset-production/batch_01/final/measured-evidence-analysis.json
A	docs/reviews/asset-production/batch_01/final/native-gameplay.png
A	docs/reviews/asset-production/batch_01/final/native-mounting.png
A	docs/reviews/asset-production/batch_01/final/private-ancestry-requests.json
A	docs/reviews/asset-production/batch_01/final/private-ancestry.stderr.log
A	docs/reviews/asset-production/batch_01/final/private-ancestry.stdout.log
A	docs/reviews/asset-production/batch_01/final/private-close-runtime-requests.json
A	docs/reviews/asset-production/batch_01/final/private-close-runtime.stderr.log
A	docs/reviews/asset-production/batch_01/final/private-close-runtime.stdout.log
A	docs/reviews/asset-production/batch_01/final/private-close-start-requests.json
A	docs/reviews/asset-production/batch_01/final/private-close-start.stderr.log
A	docs/reviews/asset-production/batch_01/final/private-close-start.stdout.log
A	docs/reviews/asset-production/batch_01/final/private-context-host.stderr.log
A	docs/reviews/asset-production/batch_01/final/private-context-host.stdout.log
A	docs/reviews/asset-production/batch_01/final/private-context.stderr.log
A	docs/reviews/asset-production/batch_01/final/private-context.stdout.log
A	docs/reviews/asset-production/batch_01/final/private-editor-restarted.log
A	docs/reviews/asset-production/batch_01/final/private-prefabs-requests.json
A	docs/reviews/asset-production/batch_01/final/private-prefabs.stderr.log
A	docs/reviews/asset-production/batch_01/final/private-prefabs.stdout.log
A	docs/reviews/asset-production/batch_01/final/private-runtime-requests.json
A	docs/reviews/asset-production/batch_01/final/private-runtime.stderr.log
A	docs/reviews/asset-production/batch_01/final/private-runtime.stdout.log
A	docs/reviews/asset-production/batch_01/final/private-start-requests.json
A	docs/reviews/asset-production/batch_01/final/private-start.stderr.log
A	docs/reviews/asset-production/batch_01/final/private-start.stdout.log
A	docs/reviews/asset-production/batch_01/final/private-stop-requests.json
A	docs/reviews/asset-production/batch_01/final/private-stop.stderr.log
A	docs/reviews/asset-production/batch_01/final/private-stop.stdout.log
A	docs/reviews/asset-production/batch_01/final/report.md
A	docs/reviews/asset-production/batch_01/final/retained-diagnostic-analysis.json
A	docs/reviews/asset-production/batch_01/final/review-identity.json
A	docs/reviews/asset-production/batch_01/final/saved-ring-geometry.stderr.log
A	docs/reviews/asset-production/batch_01/final/saved-ring-geometry.stdout.log
A	docs/reviews/asset-production/batch_01/final/scoped-gdstyle.stderr.log
A	docs/reviews/asset-production/batch_01/final/scoped-gdstyle.stdout.log
A	docs/reviews/asset-production/batch_01/final/scratch-import.stderr.log
A	docs/reviews/asset-production/batch_01/final/scratch-import.stdout.log
A	docs/reviews/asset-production/batch_01/final/scratch-interfaces.stderr.log
A	docs/reviews/asset-production/batch_01/final/scratch-interfaces.stdout.log
A	docs/reviews/asset-production/batch_01/final/seal_review.py
A	docs/reviews/asset-production/batch_01/final/static-audit.json
A	docs/reviews/asset-production/batch_01/final/static-audit.stderr.log
A	docs/reviews/asset-production/batch_01/final/static-audit.stdout.log
A	docs/reviews/asset-production/batch_01/final/static_audit.py
A	docs/reviews/asset-production/batch_01/fresh-export-comparison.json
A	docs/reviews/asset-production/batch_01/fresh-preview-settings.json
A	docs/reviews/asset-production/batch_01/fresh-source-previews.stderr.log
A	docs/reviews/asset-production/batch_01/fresh-source-previews.stdout.log
A	docs/reviews/asset-production/batch_01/independent-glb-check.json
A	docs/reviews/asset-production/batch_01/independent-interface-check.json
A	docs/reviews/asset-production/batch_01/independent-interface-check.stderr.log
A	docs/reviews/asset-production/batch_01/independent-interface-check.stdout.log
A	docs/reviews/asset-production/batch_01/independent-manifest-and-glb-adapted.stderr.log
A	docs/reviews/asset-production/batch_01/independent-manifest-and-glb-adapted.stdout.log
A	docs/reviews/asset-production/batch_01/independent-manifest-and-glb.stderr.log
A	docs/reviews/asset-production/batch_01/independent-manifest-and-glb.stdout.log
A	docs/reviews/asset-production/batch_01/independent-manifest-check.json
A	docs/reviews/asset-production/batch_01/independent-model-bounds.json
A	docs/reviews/asset-production/batch_01/independent-model-bounds.stderr.log
A	docs/reviews/asset-production/batch_01/independent-model-bounds.stdout.log
A	docs/reviews/asset-production/batch_01/independent-payload-schema-adaptation.stderr.log
A	docs/reviews/asset-production/batch_01/independent-payload-schema-adaptation.stdout.log
A	docs/reviews/asset-production/batch_01/independent-source-inspection.json
A	docs/reviews/asset-production/batch_01/independent-source-inspection.stderr.log
A	docs/reviews/asset-production/batch_01/independent-source-inspection.stdout.log
A	docs/reviews/asset-production/batch_01/initial-ancestry-static.json
A	docs/reviews/asset-production/batch_01/inspect_interfaces.py
A	docs/reviews/asset-production/batch_01/inspect_payload.py
A	docs/reviews/asset-production/batch_01/inspect_sources.py
A	docs/reviews/asset-production/batch_01/inspect_world_bounds.py
A	docs/reviews/asset-production/batch_01/preflight.py
A	docs/reviews/asset-production/batch_01/preflight.stderr.log
A	docs/reviews/asset-production/batch_01/preflight.stdout.log
A	docs/reviews/asset-production/batch_01/producer-diagnostic-index.json
A	docs/reviews/asset-production/batch_01/record-consistency.stderr.log
A	docs/reviews/asset-production/batch_01/record-consistency.stdout.log
A	docs/reviews/asset-production/batch_01/render_sources.py
A	docs/reviews/asset-production/batch_01/report.md
A	docs/reviews/asset-production/batch_01/review-identity.json
A	docs/reviews/asset-production/batch_01/run_checks.py
A	docs/reviews/asset-production/batch_01/scoped-changed-paths.stderr.log
A	docs/reviews/asset-production/batch_01/scoped-changed-paths.stdout.log
A	docs/reviews/asset-production/batch_01/verify_review_record.py
M	docs/workflows/parallel-art-production.md
A	scenes/prefabs/environment/city_lights_01.tscn
A	scenes/prefabs/environment/city_lights_01_cool.tscn
A	scenes/prefabs/environment/city_lights_02.tscn
A	scenes/prefabs/environment/city_lights_02_cool.tscn
A	scenes/prefabs/environment/city_lights_04.tscn
A	scenes/prefabs/environment/city_lights_04_cool.tscn
A	scenes/prefabs/environment/city_planting_01.tscn
A	scenes/prefabs/environment/city_planting_02.tscn
A	scenes/prefabs/environment/city_sign_supports_01.tscn
A	tests/fixtures/asset_production/batch_01_camera.tscn
A	tests/fixtures/asset_production/batch_01_close.tscn
A	tests/fixtures/asset_production/batch_01_repeat.tscn
A	tests/fixtures/asset_production/batch_observation.gd
A	tests/fixtures/asset_production/batch_observation.gd.uid
A	tests/fixtures/asset_production/lights_camera.tscn
A	tools/asset_production/city_lights_01/author.py
A	tools/asset_production/city_lights_01/check_reexport.py
A	tools/asset_production/city_lights_01/export.py
A	tools/asset_production/city_lights_01/validate.py
A	tools/asset_production/city_lights_02/author.py
A	tools/asset_production/city_lights_02/check_glb.py
A	tools/asset_production/city_lights_02/export.py
A	tools/asset_production/city_lights_04/author.py
A	tools/asset_production/city_lights_04/check_glb.py
A	tools/asset_production/city_lights_04/export.py
A	tools/asset_production/city_lights_04/manifest.py
A	tools/asset_production/city_lights_04/run.py
A	tools/asset_production/city_planting_01/author.py
A	tools/asset_production/city_planting_01/check_glb.py
A	tools/asset_production/city_planting_01/export.py
A	tools/asset_production/city_planting_02/author.py
A	tools/asset_production/city_planting_02/check_glb.py
A	tools/asset_production/city_planting_02/export.py
A	tools/asset_production/city_planting_02/run.py
A	tools/asset_production/city_planting_03/assembly_preview.py
A	tools/asset_production/city_planting_03/author.py
A	tools/asset_production/city_planting_03/check_glb.py
A	tools/asset_production/city_planting_03/export.py
A	tools/asset_production/city_planting_03/manifest.py
A	tools/asset_production/city_planting_03/run.py
A	tools/asset_production/city_planting_04/assembly_preview.py
A	tools/asset_production/city_planting_04/author.py
A	tools/asset_production/city_planting_04/check_glb.py
A	tools/asset_production/city_planting_04/export.py
A	tools/asset_production/city_planting_04/final_audit.py
A	tools/asset_production/city_planting_04/inspect_areas.py
A	tools/asset_production/city_planting_04/inspect_failure.py
A	tools/asset_production/city_planting_04/manifest.py
A	tools/asset_production/city_planting_04/preview_saved.py
A	tools/asset_production/city_planting_04/repair_tips.py
A	tools/asset_production/city_planting_04/run.py
A	tools/asset_production/city_planting_05/author.py
A	tools/asset_production/city_planting_05/check_glb.py
A	tools/asset_production/city_planting_05/compare.py
A	tools/asset_production/city_planting_05/export.py
A	tools/asset_production/city_planting_05/final_audit.py
A	tools/asset_production/city_planting_05/inspect_reference.py
A	tools/asset_production/city_planting_05/manifest.py
A	tools/asset_production/city_planting_05/preview.py
A	tools/asset_production/city_planting_05/run.py
A	tools/asset_production/city_roof_details_01/author.py
A	tools/asset_production/city_roof_details_01/check_glb.py
A	tools/asset_production/city_roof_details_01/export.py
A	tools/asset_production/city_roof_details_01/manifest.py
A	tools/asset_production/city_roof_details_01/preview.py
A	tools/asset_production/city_roof_details_01/run.py
A	tools/asset_production/city_roof_details_02/author.py
A	tools/asset_production/city_roof_details_02/check_glb.py
A	tools/asset_production/city_roof_details_02/diagnose.py
A	tools/asset_production/city_roof_details_02/export.py
A	tools/asset_production/city_roof_details_02/manifest.py
A	tools/asset_production/city_roof_details_02/preview.py
A	tools/asset_production/city_roof_details_02/run.py
A	tools/asset_production/city_shop_fittings_01/author.py
A	tools/asset_production/city_shop_fittings_01/check_glb.py
A	tools/asset_production/city_shop_fittings_01/export.py
A	tools/asset_production/city_shop_fittings_01/manifest.py
A	tools/asset_production/city_shop_fittings_01/preview.py
A	tools/asset_production/city_shop_fittings_01/run.py
A	tools/asset_production/city_sign_supports_01/author.py
A	tools/asset_production/city_sign_supports_01/check_glb.py
A	tools/asset_production/city_sign_supports_01/export.py
A	tools/asset_production/city_sign_supports_01/final_audit.py
A	tools/asset_production/city_sign_supports_01/make_uv_diagnostic.py
A	tools/asset_production/city_sign_supports_01/manifest.py
A	tools/asset_production/city_sign_supports_01/preview.py
A	tools/asset_production/city_sign_supports_01/run.py
A	tools/asset_production/integration/calibrate_batch.py
A	tools/asset_production/integration/editor_client.mjs
A	tools/asset_production/integration/inspector.gd
A	tools/asset_production/integration/inspector.gd.uid
A	tools/asset_production/integration/inspector.tscn
A	tools/asset_production/integration/verify_batch.py
