candidate-tree 0
parent-tree 0
delta-parent 0
delta-original-base 0
candidate-whitespace 2
[
  {
    "asset": "city_planting_03",
    "actual_tree_count_excluding_manifest": 37,
    "manifest_count": 37,
    "duplicates": 0,
    "omitted": [],
    "extra": [],
    "mismatches": [],
    "source_readback_manifest_hash_matches": true,
    "source_readback_count_matches": true,
    "parent_owned_paths_changed_or_removed": []
  },
  {
    "asset": "city_planting_04",
    "actual_tree_count_excluding_manifest": 68,
    "manifest_count": 68,
    "duplicates": 0,
    "omitted": [],
    "extra": [],
    "mismatches": [],
    "source_readback_manifest_hash_matches": true,
    "source_readback_count_matches": true,
    "parent_owned_paths_changed_or_removed": []
  },
  {
    "asset": "city_planting_05",
    "actual_tree_count_excluding_manifest": 81,
    "manifest_count": 81,
    "duplicates": 0,
    "omitted": [],
    "extra": [],
    "mismatches": [],
    "source_readback_manifest_hash_matches": true,
    "source_readback_count_matches": true,
    "parent_owned_paths_changed_or_removed": []
  },
  {
    "asset": "city_roof_details_01",
    "actual_tree_count_excluding_manifest": 50,
    "manifest_count": 50,
    "duplicates": 0,
    "omitted": [],
    "extra": [],
    "mismatches": [],
    "source_readback_manifest_hash_matches": true,
    "source_readback_count_matches": true,
    "parent_owned_paths_changed_or_removed": []
  },
  {
    "asset": "city_roof_details_02",
    "actual_tree_count_excluding_manifest": 48,
    "manifest_count": 48,
    "duplicates": 0,
    "omitted": [],
    "extra": [],
    "mismatches": [],
    "source_readback_manifest_hash_matches": true,
    "source_readback_count_matches": true,
    "parent_owned_paths_changed_or_removed": []
  },
  {
    "asset": "city_shop_fittings_01",
    "actual_tree_count_excluding_manifest": 51,
    "manifest_count": 51,
    "duplicates": 0,
    "omitted": [],
    "extra": [],
    "mismatches": [],
    "source_readback_manifest_hash_matches": true,
    "source_readback_count_matches": true,
    "parent_owned_paths_changed_or_removed": []
  }
]
blender-pin 0
city_planting_03-source 0
city_planting_04-source 1
city_planting_05-source 1
city_roof_details_01-source 1
city_roof_details_02-source 1
city_shop_fittings_01-source 1
binary-audit 1
