Godot Engine v4.8.dev7.official.c971f93e7 - https://godotengine.org

S03 {"case_deadline_ms":0,"clock_domain":"engine_elapsed_usec_pid_699759","close_outcome":"","event":"session_changed","operation":1,"participant":0,"phase":"STARTING","pid":699759,"role":"client","session_deadline_ms":15141,"ticks_usec":141658}
S03 {"case_deadline_ms":0,"clock_domain":"engine_elapsed_usec_pid_699759","close_outcome":"CANCELED","event":"close_started","operation":1,"outcome":"CANCELED","phase":"CLOSING","pid":699759,"role":"client","session_deadline_ms":15141,"ticks_usec":141692}
S03 {"case_deadline_ms":0,"clock_domain":"engine_elapsed_usec_pid_699759","close_outcome":"CANCELED","event":"session_changed","operation":1,"participant":0,"phase":"CLOSING","pid":699759,"role":"client","session_deadline_ms":15141,"ticks_usec":141717}
S03 {"case_deadline_ms":8141,"clock_domain":"engine_elapsed_usec_pid_699759","close_outcome":"CANCELED","event":"completed","operation":1,"outcome":"CANCELED","phase":"IDLE","pid":699759,"role":"client","session_deadline_ms":15141,"source_operation":1,"ticks_usec":142202}
S03 {"case_deadline_ms":8141,"clock_domain":"engine_elapsed_usec_pid_699759","close_outcome":"CANCELED","event":"session_changed","operation":1,"participant":0,"phase":"IDLE","pid":699759,"role":"client","session_deadline_ms":15141,"ticks_usec":142221}
S03 {"case_deadline_ms":8141,"clock_domain":"engine_elapsed_usec_pid_699759","close_outcome":"CANCELED","event":"session_changed","operation":2,"participant":0,"phase":"STARTING","pid":699759,"role":"client","session_deadline_ms":15149,"ticks_usec":149175}
S03 {"case_deadline_ms":8149,"clock_domain":"engine_elapsed_usec_pid_699759","close_outcome":"CANCELED","event":"completed","operation":2,"outcome":"OK","phase":"ACTIVE","pid":699759,"role":"client","session_deadline_ms":15149,"source_operation":2,"ticks_usec":218521}
S03 {"case_deadline_ms":8149,"clock_domain":"engine_elapsed_usec_pid_699759","close_outcome":"CANCELED","event":"session_changed","operation":2,"participant":1,"phase":"ACTIVE","pid":699759,"role":"client","session_deadline_ms":15149,"ticks_usec":218560}
S03 {"case_deadline_ms":8149,"clock_domain":"engine_elapsed_usec_pid_699759","close_outcome":"LEFT","event":"close_started","operation":3,"outcome":"LEFT","phase":"CLOSING","pid":699759,"role":"client","session_deadline_ms":15149,"ticks_usec":218597}
S03 {"case_deadline_ms":8149,"clock_domain":"engine_elapsed_usec_pid_699759","close_outcome":"LEFT","event":"session_changed","operation":3,"participant":1,"phase":"CLOSING","pid":699759,"role":"client","session_deadline_ms":15218,"ticks_usec":218639}
S03 {"case_deadline_ms":8218,"clock_domain":"engine_elapsed_usec_pid_699759","close_outcome":"LEFT","event":"completed","operation":3,"outcome":"LEFT","phase":"IDLE","pid":699759,"role":"client","session_deadline_ms":15218,"source_operation":3,"ticks_usec":245763}
S03 {"case_deadline_ms":8218,"clock_domain":"engine_elapsed_usec_pid_699759","close_outcome":"LEFT","event":"session_changed","operation":3,"participant":0,"phase":"IDLE","pid":699759,"role":"client","session_deadline_ms":15218,"ticks_usec":245785}
S03 {"case_deadline_ms":8218,"clock_domain":"engine_elapsed_usec_pid_699759","close_outcome":"LEFT","event":"session_changed","operation":4,"participant":0,"phase":"CONNECTING","pid":699759,"role":"client","session_deadline_ms":15252,"ticks_usec":252674}
S03 {"baseline":1,"case_deadline_ms":8252,"clock_domain":"engine_elapsed_usec_pid_699759","close_outcome":"LEFT","event":"baseline_installed","operation":4,"phase":"SYNCHRONIZING","pid":699759,"role":"client","session_deadline_ms":15252,"ticks_usec":336015}
S03 {"case_deadline_ms":8252,"clock_domain":"engine_elapsed_usec_pid_699759","close_outcome":"LEFT","event":"held_send","expected":"NOT_ADMITTED","operation":4,"phase":"SYNCHRONIZING","pid":699759,"role":"client","sequence":1,"session_deadline_ms":15252,"ticks_usec":342380}
S03 {"case_deadline_ms":8342,"clock_domain":"engine_elapsed_usec_pid_699759","close_outcome":"LEFT","event":"held_receipt","operation":4,"phase":"SYNCHRONIZING","pid":699759,"reason":"NOT_ADMITTED","role":"client","sequence":1,"session_deadline_ms":15252,"ticks_usec":363089}
S03 {"case_deadline_ms":8342,"clock_domain":"engine_elapsed_usec_pid_699759","close_outcome":"CANCELED","event":"close_started","operation":4,"outcome":"CANCELED","phase":"CLOSING","pid":699759,"role":"client","session_deadline_ms":15252,"ticks_usec":404463}
S03 {"case_deadline_ms":8342,"clock_domain":"engine_elapsed_usec_pid_699759","close_outcome":"CANCELED","event":"session_changed","operation":4,"participant":2,"phase":"CLOSING","pid":699759,"role":"client","session_deadline_ms":15404,"ticks_usec":404551}
S03 {"case_deadline_ms":8404,"clock_domain":"engine_elapsed_usec_pid_699759","close_outcome":"CANCELED","event":"completed","operation":4,"outcome":"CANCELED","phase":"IDLE","pid":699759,"role":"client","session_deadline_ms":15404,"source_operation":4,"ticks_usec":425163}
S03 {"case_deadline_ms":8404,"clock_domain":"engine_elapsed_usec_pid_699759","close_outcome":"CANCELED","event":"session_changed","operation":4,"participant":0,"phase":"IDLE","pid":699759,"role":"client","session_deadline_ms":15404,"ticks_usec":425187}
S03 {"case_deadline_ms":8404,"clock_domain":"engine_elapsed_usec_pid_699759","close_outcome":"CANCELED","event":"session_changed","operation":5,"participant":0,"phase":"CONNECTING","pid":699759,"role":"client","session_deadline_ms":15535,"ticks_usec":535560}
S03 {"baseline":2,"case_deadline_ms":8535,"clock_domain":"engine_elapsed_usec_pid_699759","close_outcome":"CANCELED","event":"baseline_installed","operation":5,"phase":"SYNCHRONIZING","pid":699759,"role":"client","session_deadline_ms":15535,"ticks_usec":611811}
S03 {"case_deadline_ms":8535,"clock_domain":"engine_elapsed_usec_pid_699759","close_outcome":"CANCELED","event":"completed","operation":5,"outcome":"OK","phase":"ACTIVE","pid":699759,"role":"client","session_deadline_ms":15535,"source_operation":5,"ticks_usec":652915}
S03 {"case_deadline_ms":8535,"clock_domain":"engine_elapsed_usec_pid_699759","close_outcome":"CANCELED","event":"session_changed","operation":5,"participant":3,"phase":"ACTIVE","pid":699759,"role":"client","session_deadline_ms":15535,"ticks_usec":652955}
S03 {"case_deadline_ms":8535,"clock_domain":"engine_elapsed_usec_pid_699759","close_outcome":"CANCELED","event":"held_send","expected":"OK","operation":5,"phase":"ACTIVE","pid":699759,"role":"client","sequence":1,"session_deadline_ms":15535,"ticks_usec":659796}
S03 {"case_deadline_ms":8659,"clock_domain":"engine_elapsed_usec_pid_699759","close_outcome":"CANCELED","event":"held_receipt","operation":5,"phase":"ACTIVE","pid":699759,"reason":"OK","role":"client","sequence":1,"session_deadline_ms":15535,"ticks_usec":680489}
S03 {"case_deadline_ms":8659,"clock_domain":"engine_elapsed_usec_pid_699759","close_outcome":"CANCELED","event":"held_send","expected":"STALE_SEQUENCE","operation":5,"phase":"ACTIVE","pid":699759,"role":"client","sequence":1,"session_deadline_ms":15535,"ticks_usec":721870}
S03 {"case_deadline_ms":8721,"clock_domain":"engine_elapsed_usec_pid_699759","close_outcome":"CANCELED","event":"held_receipt","operation":5,"phase":"ACTIVE","pid":699759,"reason":"STALE_SEQUENCE","role":"client","sequence":1,"session_deadline_ms":15535,"ticks_usec":742595}
S03 {"case_deadline_ms":8721,"clock_domain":"engine_elapsed_usec_pid_699759","close_outcome":"CANCELED","event":"held_send","expected":"STALE_CONTEXT","operation":5,"phase":"ACTIVE","pid":699759,"role":"client","sequence":2,"session_deadline_ms":15535,"ticks_usec":783982}
S03 {"case_deadline_ms":8784,"clock_domain":"engine_elapsed_usec_pid_699759","close_outcome":"CANCELED","event":"held_receipt","operation":5,"phase":"ACTIVE","pid":699759,"reason":"STALE_CONTEXT","role":"client","sequence":2,"session_deadline_ms":15535,"ticks_usec":804693}
S03 {"case_deadline_ms":8784,"clock_domain":"engine_elapsed_usec_pid_699759","close_outcome":"CANCELED","event":"held_send","expected":"INVALID","operation":5,"phase":"ACTIVE","pid":699759,"role":"client","sequence":3,"session_deadline_ms":15535,"ticks_usec":846080}
S03 {"case_deadline_ms":8846,"clock_domain":"engine_elapsed_usec_pid_699759","close_outcome":"CANCELED","event":"held_receipt","operation":5,"phase":"ACTIVE","pid":699759,"reason":"INVALID","role":"client","sequence":3,"session_deadline_ms":15535,"ticks_usec":866799}
S03 {"case_deadline_ms":8846,"clock_domain":"engine_elapsed_usec_pid_699759","close_outcome":"CANCELED","event":"held_send","expected":"INVALID","operation":5,"phase":"ACTIVE","pid":699759,"role":"client","sequence":4,"session_deadline_ms":15535,"ticks_usec":908177}
S03 {"case_deadline_ms":8908,"clock_domain":"engine_elapsed_usec_pid_699759","close_outcome":"CANCELED","event":"held_receipt","operation":5,"phase":"ACTIVE","pid":699759,"reason":"INVALID","role":"client","sequence":4,"session_deadline_ms":15535,"ticks_usec":928892}
S03 {"case_deadline_ms":8908,"clock_domain":"engine_elapsed_usec_pid_699759","close_outcome":"CANCELED","event":"held_send","expected":"WINDOW","operation":5,"phase":"ACTIVE","pid":699759,"role":"client","sequence":122,"session_deadline_ms":15535,"ticks_usec":970271}
S03 {"case_deadline_ms":8970,"clock_domain":"engine_elapsed_usec_pid_699759","close_outcome":"CANCELED","event":"held_receipt","operation":5,"phase":"ACTIVE","pid":699759,"reason":"WINDOW","role":"client","sequence":122,"session_deadline_ms":15535,"ticks_usec":990991}
S03 {"case_deadline_ms":8970,"clock_domain":"engine_elapsed_usec_pid_699759","close_outcome":"CANCELED","event":"held_send","expected":"WINDOW","operation":5,"phase":"ACTIVE","pid":699759,"role":"client","sequence":123,"session_deadline_ms":15535,"ticks_usec":1032377}
S03 {"case_deadline_ms":9032,"clock_domain":"engine_elapsed_usec_pid_699759","close_outcome":"CANCELED","event":"held_receipt","operation":5,"phase":"ACTIVE","pid":699759,"reason":"WINDOW","role":"client","sequence":123,"session_deadline_ms":15535,"ticks_usec":1053101}
S03 {"case_deadline_ms":9032,"clock_domain":"engine_elapsed_usec_pid_699759","close_outcome":"CANCELED","event":"held_send","expected":"WINDOW","operation":5,"phase":"ACTIVE","pid":699759,"role":"client","sequence":124,"session_deadline_ms":15535,"ticks_usec":1094483}
S03 {"case_deadline_ms":9094,"clock_domain":"engine_elapsed_usec_pid_699759","close_outcome":"CANCELED","event":"held_receipt","operation":5,"phase":"ACTIVE","pid":699759,"reason":"WINDOW","role":"client","sequence":124,"session_deadline_ms":15535,"ticks_usec":1115228}
S03 {"baseline":3,"case_deadline_ms":9156,"clock_domain":"engine_elapsed_usec_pid_699759","close_outcome":"CANCELED","event":"baseline_installed","operation":5,"phase":"SYNCHRONIZING","pid":699759,"role":"client","session_deadline_ms":16156,"ticks_usec":1177876}
S03 {"case_deadline_ms":9156,"clock_domain":"engine_elapsed_usec_pid_699759","close_outcome":"CANCELED","event":"held_send","expected":"NOT_ADMITTED","operation":5,"phase":"SYNCHRONIZING","pid":699759,"role":"client","sequence":1,"session_deadline_ms":16156,"ticks_usec":1184242}
S03 {"case_deadline_ms":9184,"clock_domain":"engine_elapsed_usec_pid_699759","close_outcome":"CANCELED","event":"held_receipt","operation":5,"phase":"SYNCHRONIZING","pid":699759,"reason":"NOT_ADMITTED","role":"client","sequence":1,"session_deadline_ms":16156,"ticks_usec":1204931}
S03 {"case_deadline_ms":9246,"clock_domain":"engine_elapsed_usec_pid_699759","close_outcome":"CANCELED","event":"session_changed","operation":5,"participant":3,"phase":"ACTIVE","pid":699759,"role":"client","session_deadline_ms":16156,"ticks_usec":1287730}
S03 {"case_deadline_ms":9246,"clock_domain":"engine_elapsed_usec_pid_699759","close_outcome":"CANCELED","event":"held_send","expected":"STALE_CONTEXT","operation":5,"phase":"ACTIVE","pid":699759,"role":"client","sequence":1,"session_deadline_ms":16156,"ticks_usec":1287819}
S03 {"case_deadline_ms":9287,"clock_domain":"engine_elapsed_usec_pid_699759","close_outcome":"CANCELED","event":"held_receipt","operation":5,"phase":"ACTIVE","pid":699759,"reason":"STALE_CONTEXT","role":"client","sequence":1,"session_deadline_ms":16156,"ticks_usec":1308421}
S03 {"case_deadline_ms":9287,"clock_domain":"engine_elapsed_usec_pid_699759","close_outcome":"CANCELED","event":"held_send","expected":"OK","operation":5,"phase":"ACTIVE","pid":699759,"role":"client","sequence":1,"session_deadline_ms":16156,"ticks_usec":1349817}
S03 {"case_deadline_ms":9349,"clock_domain":"engine_elapsed_usec_pid_699759","close_outcome":"CANCELED","event":"held_receipt","operation":5,"phase":"ACTIVE","pid":699759,"reason":"OK","role":"client","sequence":1,"session_deadline_ms":16156,"ticks_usec":1370521}
S03 {"case_deadline_ms":10046,"clock_domain":"engine_elapsed_usec_pid_699759","close_outcome":"HOST_LOST","event":"close_started","operation":5,"outcome":"HOST_LOST","phase":"CLOSING","pid":699759,"role":"client","session_deadline_ms":16156,"ticks_usec":2170928}
S03 {"case_deadline_ms":10046,"clock_domain":"engine_elapsed_usec_pid_699759","close_outcome":"HOST_LOST","event":"session_changed","operation":5,"participant":3,"phase":"CLOSING","pid":699759,"role":"client","session_deadline_ms":17170,"ticks_usec":2171098}
S03 {"case_deadline_ms":10046,"clock_domain":"engine_elapsed_usec_pid_699759","close_outcome":"HOST_LOST","event":"session_changed","operation":5,"participant":0,"phase":"IDLE","pid":699759,"role":"client","session_deadline_ms":17170,"ticks_usec":2184700}
S03 {"baseline_bytes":0,"case_deadline_ms":10046,"cases":["provider_substitution_late_cleanup","baseline_cancel_retry","held_window_resync","subset_reorder_loss_recovery"],"clock_domain":"engine_elapsed_usec_pid_699759","close_outcome":"HOST_LOST","event":"result","max_held_bytes":0,"max_movement_bytes":0,"movement_received":5,"ok":true,"operation":5,"phase":"IDLE","pid":699759,"role":"client","session_deadline_ms":17170,"steam_available":false,"ticks_usec":2184770,"user_dir":"/tmp/s08-lifecycle-release-set02/client/user/data/godot/app_userdata/Fun Things"}
