00:00.293  blend            | Read blend: "/home/regner/.paseo/worktrees/0u71f39f/asset-register-production/art/source/models/environment/city_shop_fittings_06/city_shop_fittings_06.blend"
00:00.416  image.write      | ERROR OpenImageIO write failed: Could not open file "/home/regner/.cache/thumbnails/large/blender_80_ab738ba16f4ceb1e61ad4858606e877e.png.png"
BlenderMCP addon registered
Info: Saved as "fitted_comparison.blend"
18:18:40 | INFO: Data are loaded, start creating Blender stuff
18:18:40 | INFO: Blender create Mesh node single_rear_stop
18:18:40 | INFO: Blender create Mesh node single_recessed_reveal
18:18:40 | INFO: Blender create Mesh node single_rounded_face_casing
18:18:40 | INFO: Blender create Mesh node single_sloped_threshold
18:18:40 | INFO: glTF import finished in 0.01s
18:18:40 | INFO: Data are loaded, start creating Blender stuff
18:18:40 | INFO: Blender create Mesh node single_leaf_1_glazing
18:18:40 | INFO: Blender create Mesh node single_leaf_1_static_pull
18:18:40 | INFO: Blender create Mesh node single_leaf_1_stiles_rails
18:18:40 | INFO: glTF import finished in 0.01s
18:18:40 | INFO: Data are loaded, start creating Blender stuff
18:18:40 | INFO: Blender create Mesh node double_rear_stop
18:18:40 | INFO: Blender create Mesh node double_recessed_reveal
18:18:40 | INFO: Blender create Mesh node double_rounded_face_casing
18:18:40 | INFO: Blender create Mesh node double_sloped_threshold
18:18:40 | INFO: glTF import finished in 0.01s
18:18:40 | INFO: Data are loaded, start creating Blender stuff
18:18:40 | INFO: Blender create Mesh node double_leaf_1_glazing
18:18:40 | INFO: Blender create Mesh node double_leaf_1_static_pull
18:18:40 | INFO: Blender create Mesh node double_leaf_1_stiles_rails
18:18:40 | INFO: Blender create Mesh node double_leaf_2_glazing
18:18:40 | INFO: Blender create Mesh node double_leaf_2_static_pull
18:18:40 | INFO: Blender create Mesh node double_leaf_2_stiles_rails
18:18:40 | INFO: glTF import finished in 0.01s
ACTUAL_SOURCE_AND_GLB_ASSEMBLY_PASS
BlenderMCP addon unregistered
Blender 5.2.2 LTS (hash d13f752e3b9c built 2026-09-22 17:10:25)

Blender quit
