Godot Engine v4.8.dev7.official.c971f93e7 - https://godotengine.org

S12 {"client_hit":false,"event":"shot_sent","phase":"ACTIVE","pid":2824,"role":"client","sequence":1,"target":"pedestrian","view_age_ms":258.0,"wall_usec":1791529362724000}
S12 {"client_hit":true,"event":"shot_sent","phase":"ACTIVE","pid":2824,"role":"client","sequence":2,"target":"car","view_age_ms":210.0,"wall_usec":1791529362876000}
S12 {"event":"verdict","phase":"ACTIVE","pid":2824,"role":"client","row":{"accepted":true,"client_hit":false,"current_hit":false,"reason":"OK","rewind_age_ms":254.0,"rewind_clamped":true,"rewind_cpu_usec":29,"rewind_hit":false,"sequence":1,"speed":1.5,"target":"pedestrian"},"wall_usec":1791529362890000}
S12 {"event":"rocket","phase":"ACTIVE","pid":2824,"role":"client","row":{"accepted":true,"launch_usec":1791529362825000,"sent_usec":1791529362733000,"sequence":1},"wall_usec":1791529362925000}
S12 {"client_hit":true,"event":"shot_sent","phase":"ACTIVE","pid":2824,"role":"client","sequence":3,"target":"pedestrian","view_age_ms":197.0,"wall_usec":1791529363014000}
S12 {"event":"verdict","phase":"ACTIVE","pid":2824,"role":"client","row":{"accepted":true,"client_hit":true,"current_hit":false,"reason":"OK","rewind_age_ms":255.0,"rewind_clamped":true,"rewind_cpu_usec":13,"rewind_hit":false,"sequence":2,"speed":12.0,"target":"car"},"wall_usec":1791529363035000}
S12 {"client_hit":true,"event":"shot_sent","phase":"ACTIVE","pid":2824,"role":"client","sequence":4,"target":"car","view_age_ms":211.0,"wall_usec":1791529363180000}
S12 {"event":"verdict","phase":"ACTIVE","pid":2824,"role":"client","row":{"accepted":true,"client_hit":true,"current_hit":true,"reason":"OK","rewind_age_ms":248.0,"rewind_clamped":true,"rewind_cpu_usec":138,"rewind_hit":true,"sequence":3,"speed":1.5,"target":"pedestrian"},"wall_usec":1791529363186000}
S12 {"event":"verdict","phase":"ACTIVE","pid":2824,"role":"client","row":{"accepted":true,"client_hit":true,"current_hit":false,"reason":"OK","rewind_age_ms":242.0,"rewind_clamped":true,"rewind_cpu_usec":16,"rewind_hit":true,"sequence":4,"speed":12.0,"target":"car"},"wall_usec":1791529363304000}
S12 {"client_hit":false,"event":"shot_sent","phase":"ACTIVE","pid":2824,"role":"client","sequence":5,"target":"pedestrian","view_age_ms":154.0,"wall_usec":1791529363324000}
S12 {"client_hit":false,"event":"shot_sent","phase":"ACTIVE","pid":2824,"role":"client","sequence":6,"target":"car","view_age_ms":210.0,"wall_usec":1791529363476000}
S12 {"event":"verdict","phase":"ACTIVE","pid":2824,"role":"client","row":{"accepted":true,"client_hit":false,"current_hit":true,"reason":"OK","rewind_age_ms":248.0,"rewind_clamped":false,"rewind_cpu_usec":12,"rewind_hit":false,"sequence":5,"speed":1.5,"target":"pedestrian"},"wall_usec":1791529363517000}
S12 {"client_hit":true,"event":"shot_sent","phase":"ACTIVE","pid":2824,"role":"client","sequence":7,"target":"pedestrian","view_age_ms":196.0,"wall_usec":1791529363614000}
S12 {"event":"verdict","phase":"ACTIVE","pid":2824,"role":"client","row":{"accepted":true,"client_hit":false,"current_hit":false,"reason":"OK","rewind_age_ms":252.0,"rewind_clamped":true,"rewind_cpu_usec":32,"rewind_hit":false,"sequence":6,"speed":12.0,"target":"car"},"wall_usec":1791529363662000}
S12 {"client_hit":true,"event":"shot_sent","phase":"ACTIVE","pid":2824,"role":"client","sequence":8,"target":"car","view_age_ms":211.0,"wall_usec":1791529363780000}
S12 {"event":"verdict","phase":"ACTIVE","pid":2824,"role":"client","row":{"accepted":true,"client_hit":true,"current_hit":false,"reason":"OK","rewind_age_ms":245.0,"rewind_clamped":true,"rewind_cpu_usec":12,"rewind_hit":true,"sequence":7,"speed":1.5,"target":"pedestrian"},"wall_usec":1791529363785000}
S12 {"client_hit":true,"event":"shot_sent","phase":"ACTIVE","pid":2824,"role":"client","sequence":9,"target":"pedestrian","view_age_ms":156.0,"wall_usec":1791529363924000}
S12 {"event":"verdict","phase":"ACTIVE","pid":2824,"role":"client","row":{"accepted":true,"client_hit":true,"current_hit":false,"reason":"OK","rewind_age_ms":245.0,"rewind_clamped":true,"rewind_cpu_usec":27,"rewind_hit":true,"sequence":8,"speed":12.0,"target":"car"},"wall_usec":1791529363955000}
S12 {"event":"verdict","phase":"ACTIVE","pid":2824,"role":"client","row":{"accepted":false,"reason":"RATE_LIMITED","sequence":9},"wall_usec":1791529364062000}
S12 {"client_hit":false,"event":"shot_sent","phase":"ACTIVE","pid":2824,"role":"client","sequence":10,"target":"car","view_age_ms":215.0,"wall_usec":1791529364078000}
S12 {"event":"rocket","phase":"ACTIVE","pid":2824,"role":"client","row":{"accepted":true,"launch_usec":1791529364032000,"sent_usec":1791529363928000,"sequence":2},"wall_usec":1791529364109000}
S12 {"client_hit":false,"event":"shot_sent","phase":"ACTIVE","pid":2824,"role":"client","sequence":11,"target":"pedestrian","view_age_ms":200.0,"wall_usec":1791529364217000}
S12 {"event":"verdict","phase":"ACTIVE","pid":2824,"role":"client","row":{"accepted":true,"client_hit":false,"current_hit":false,"reason":"OK","rewind_age_ms":256.0,"rewind_clamped":true,"rewind_cpu_usec":19,"rewind_hit":false,"sequence":10,"speed":12.0,"target":"car"},"wall_usec":1791529364232000}
S12 {"client_hit":true,"event":"shot_sent","phase":"ACTIVE","pid":2824,"role":"client","sequence":12,"target":"car","view_age_ms":260.0,"wall_usec":1791529364369000}
S12 {"event":"verdict","phase":"ACTIVE","pid":2824,"role":"client","row":{"accepted":true,"client_hit":false,"current_hit":false,"reason":"OK","rewind_age_ms":245.0,"rewind_clamped":true,"rewind_cpu_usec":18,"rewind_hit":false,"sequence":11,"speed":1.5,"target":"pedestrian"},"wall_usec":1791529364375000}
S12 {"client_hit":true,"event":"shot_sent","phase":"ACTIVE","pid":2824,"role":"client","sequence":13,"target":"pedestrian","view_age_ms":216.0,"wall_usec":1791529364523000}
S12 {"event":"verdict","phase":"ACTIVE","pid":2824,"role":"client","row":{"accepted":true,"client_hit":true,"current_hit":false,"reason":"OK","rewind_age_ms":244.0,"rewind_clamped":true,"rewind_cpu_usec":17,"rewind_hit":true,"sequence":12,"speed":12.0,"target":"car"},"wall_usec":1791529364584000}
S12 {"event":"verdict","phase":"ACTIVE","pid":2824,"role":"client","row":{"accepted":true,"client_hit":true,"current_hit":true,"reason":"OK","rewind_age_ms":246.0,"rewind_clamped":true,"rewind_cpu_usec":15,"rewind_hit":true,"sequence":13,"speed":1.5,"target":"pedestrian"},"wall_usec":1791529364660000}
S12 {"client_hit":true,"event":"shot_sent","phase":"ACTIVE","pid":2824,"role":"client","sequence":14,"target":"car","view_age_ms":215.0,"wall_usec":1791529364676000}
S12 {"client_hit":false,"event":"shot_sent","phase":"ACTIVE","pid":2824,"role":"client","sequence":15,"target":"pedestrian","view_age_ms":214.0,"wall_usec":1791529364829000}
S12 {"event":"verdict","phase":"ACTIVE","pid":2824,"role":"client","row":{"accepted":true,"client_hit":true,"current_hit":false,"reason":"OK","rewind_age_ms":245.0,"rewind_clamped":true,"rewind_cpu_usec":11,"rewind_hit":false,"sequence":14,"speed":12.0,"target":"car"},"wall_usec":1791529364844000}
S12 {"client_hit":false,"event":"shot_sent","phase":"ACTIVE","pid":2824,"role":"client","sequence":16,"target":"car","view_age_ms":214.0,"wall_usec":1791529364982000}
S12 {"event":"verdict","phase":"ACTIVE","pid":2824,"role":"client","row":{"accepted":true,"client_hit":false,"current_hit":true,"reason":"OK","rewind_age_ms":247.0,"rewind_clamped":true,"rewind_cpu_usec":20,"rewind_hit":true,"sequence":15,"speed":1.5,"target":"pedestrian"},"wall_usec":1791529365015000}
S12 {"client_hit":true,"event":"shot_sent","phase":"ACTIVE","pid":2824,"role":"client","sequence":17,"target":"pedestrian","view_age_ms":199.0,"wall_usec":1791529365120000}
S12 {"event":"verdict","phase":"ACTIVE","pid":2824,"role":"client","row":{"accepted":true,"client_hit":false,"current_hit":false,"reason":"OK","rewind_age_ms":246.0,"rewind_clamped":true,"rewind_cpu_usec":21,"rewind_hit":true,"sequence":16,"speed":12.0,"target":"car"},"wall_usec":1791529365150000}
S12 {"client_hit":true,"event":"shot_sent","phase":"ACTIVE","pid":2824,"role":"client","sequence":18,"target":"car","view_age_ms":214.0,"wall_usec":1791529365273000}
S12 {"client_hit":true,"event":"shot_sent","phase":"ACTIVE","pid":2824,"role":"client","sequence":19,"target":"pedestrian","view_age_ms":217.0,"wall_usec":1791529365429000}
S12 {"event":"verdict","phase":"ACTIVE","pid":2824,"role":"client","row":{"accepted":false,"reason":"RATE_LIMITED","sequence":17},"wall_usec":1791529365520000}
S12 {"event":"rocket","phase":"ACTIVE","pid":2824,"role":"client","row":{"accepted":true,"launch_usec":1791529365227000,"sent_usec":1791529365123000,"sequence":3},"wall_usec":1791529365524000}
S12 {"event":"verdict","phase":"ACTIVE","pid":2824,"role":"client","row":{"accepted":true,"client_hit":true,"current_hit":false,"reason":"OK","rewind_age_ms":245.0,"rewind_clamped":true,"rewind_cpu_usec":14,"rewind_hit":true,"sequence":18,"speed":12.0,"target":"car"},"wall_usec":1791529365527000}
S12 {"client_hit":false,"event":"shot_sent","phase":"ACTIVE","pid":2824,"role":"client","sequence":20,"target":"car","view_age_ms":246.0,"wall_usec":1791529365566000}
S12 {"event":"verdict","phase":"ACTIVE","pid":2824,"role":"client","row":{"accepted":true,"client_hit":true,"current_hit":true,"reason":"OK","rewind_age_ms":263.0,"rewind_clamped":true,"rewind_cpu_usec":15,"rewind_hit":true,"sequence":19,"speed":1.5,"target":"pedestrian"},"wall_usec":1791529365628000}
S12 {"client_hit":false,"event":"shot_sent","phase":"ACTIVE","pid":2824,"role":"client","sequence":21,"target":"pedestrian","view_age_ms":201.0,"wall_usec":1791529365721000}
S12 {"event":"verdict","phase":"ACTIVE","pid":2824,"role":"client","row":{"accepted":true,"client_hit":false,"current_hit":false,"reason":"OK","rewind_age_ms":260.0,"rewind_clamped":true,"rewind_cpu_usec":15,"rewind_hit":true,"sequence":20,"speed":12.0,"target":"car"},"wall_usec":1791529365767000}
S12 {"client_hit":true,"event":"shot_sent","phase":"ACTIVE","pid":2824,"role":"client","sequence":22,"target":"car","view_age_ms":216.0,"wall_usec":1791529365875000}
S12 {"event":"verdict","phase":"ACTIVE","pid":2824,"role":"client","row":{"accepted":true,"client_hit":false,"current_hit":false,"reason":"OK","rewind_age_ms":251.0,"rewind_clamped":true,"rewind_cpu_usec":12,"rewind_hit":false,"sequence":21,"speed":1.5,"target":"pedestrian"},"wall_usec":1791529365879000}
S12 {"client_hit":true,"event":"shot_sent","phase":"ACTIVE","pid":2824,"role":"client","sequence":23,"target":"pedestrian","view_age_ms":215.0,"wall_usec":1791529366029000}
S12 {"event":"verdict","phase":"ACTIVE","pid":2824,"role":"client","row":{"accepted":true,"client_hit":true,"current_hit":false,"reason":"OK","rewind_age_ms":247.0,"rewind_clamped":true,"rewind_cpu_usec":57,"rewind_hit":true,"sequence":22,"speed":12.0,"target":"car"},"wall_usec":1791529366035000}
S12 {"client_hit":true,"event":"shot_sent","phase":"ACTIVE","pid":2824,"role":"client","sequence":24,"target":"car","view_age_ms":198.0,"wall_usec":1791529366165000}
S12 {"event":"verdict","phase":"ACTIVE","pid":2824,"role":"client","row":{"accepted":true,"client_hit":true,"current_hit":true,"reason":"OK","rewind_age_ms":244.0,"rewind_clamped":true,"rewind_cpu_usec":13,"rewind_hit":true,"sequence":23,"speed":1.5,"target":"pedestrian"},"wall_usec":1791529366182000}
S12 {"client_hit":false,"event":"shot_sent","phase":"ACTIVE","pid":2824,"role":"client","sequence":25,"target":"pedestrian","view_age_ms":202.0,"wall_usec":1791529366321000}
S12 {"event":"verdict","phase":"ACTIVE","pid":2824,"role":"client","row":{"accepted":true,"client_hit":true,"current_hit":true,"reason":"OK","rewind_age_ms":246.0,"rewind_clamped":true,"rewind_cpu_usec":11,"rewind_hit":true,"sequence":24,"speed":12.0,"target":"car"},"wall_usec":1791529366367000}
S12 {"client_hit":false,"event":"shot_sent","phase":"ACTIVE","pid":2824,"role":"client","sequence":26,"target":"car","view_age_ms":201.0,"wall_usec":1791529366476000}
S12 {"event":"verdict","phase":"ACTIVE","pid":2824,"role":"client","row":{"accepted":true,"client_hit":false,"current_hit":true,"reason":"OK","rewind_age_ms":249.0,"rewind_clamped":true,"rewind_cpu_usec":11,"rewind_hit":false,"sequence":25,"speed":1.5,"target":"pedestrian"},"wall_usec":1791529366505000}
S12 {"event":"rocket","phase":"ACTIVE","pid":2824,"role":"client","row":{"accepted":true,"launch_usec":1791529366428000,"sent_usec":1791529366326000,"sequence":4},"wall_usec":1791529366536000}
S12 {"client_hit":true,"event":"shot_sent","phase":"ACTIVE","pid":2824,"role":"client","sequence":27,"target":"pedestrian","view_age_ms":215.0,"wall_usec":1791529366628000}
S12 {"event":"verdict","phase":"ACTIVE","pid":2824,"role":"client","row":{"accepted":true,"client_hit":false,"current_hit":false,"reason":"OK","rewind_age_ms":247.0,"rewind_clamped":true,"rewind_cpu_usec":11,"rewind_hit":true,"sequence":26,"speed":12.0,"target":"car"},"wall_usec":1791529366674000}
S12 {"client_hit":true,"event":"shot_sent","phase":"ACTIVE","pid":2824,"role":"client","sequence":28,"target":"car","view_age_ms":245.0,"wall_usec":1791529366766000}
S12 {"event":"verdict","phase":"ACTIVE","pid":2824,"role":"client","row":{"accepted":true,"client_hit":true,"current_hit":false,"reason":"OK","rewind_age_ms":247.0,"rewind_clamped":true,"rewind_cpu_usec":14,"rewind_hit":true,"sequence":27,"speed":1.5,"target":"pedestrian"},"wall_usec":1791529366827000}
S12 {"client_hit":true,"event":"shot_sent","phase":"ACTIVE","pid":2824,"role":"client","sequence":29,"target":"pedestrian","view_age_ms":200.0,"wall_usec":1791529366921000}
S12 {"event":"verdict","phase":"ACTIVE","pid":2824,"role":"client","row":{"accepted":true,"client_hit":true,"current_hit":false,"reason":"OK","rewind_age_ms":246.0,"rewind_clamped":true,"rewind_cpu_usec":15,"rewind_hit":false,"sequence":28,"speed":12.0,"target":"car"},"wall_usec":1791529366951000}
S12 {"client_hit":false,"event":"shot_sent","phase":"ACTIVE","pid":2824,"role":"client","sequence":30,"target":"car","view_age_ms":215.0,"wall_usec":1791529367073000}
S12 {"event":"verdict","phase":"ACTIVE","pid":2824,"role":"client","row":{"accepted":true,"client_hit":true,"current_hit":true,"reason":"OK","rewind_age_ms":245.0,"rewind_clamped":true,"rewind_cpu_usec":18,"rewind_hit":true,"sequence":29,"speed":1.5,"target":"pedestrian"},"wall_usec":1791529367165000}
S12 {"client_hit":false,"event":"shot_sent","phase":"ACTIVE","pid":2824,"role":"client","sequence":31,"target":"pedestrian","view_age_ms":214.0,"wall_usec":1791529367226000}
S12 {"event":"verdict","phase":"ACTIVE","pid":2824,"role":"client","row":{"accepted":true,"client_hit":false,"current_hit":false,"reason":"OK","rewind_age_ms":244.0,"rewind_clamped":true,"rewind_cpu_usec":11,"rewind_hit":false,"sequence":30,"speed":12.0,"target":"car"},"wall_usec":1791529367257000}
S12 {"client_hit":true,"event":"shot_sent","phase":"ACTIVE","pid":2824,"role":"client","sequence":32,"target":"car","view_age_ms":247.0,"wall_usec":1791529367365000}
S12 {"event":"verdict","phase":"ACTIVE","pid":2824,"role":"client","row":{"accepted":true,"client_hit":false,"current_hit":false,"reason":"OK","rewind_age_ms":247.0,"rewind_clamped":true,"rewind_cpu_usec":19,"rewind_hit":false,"sequence":31,"speed":1.5,"target":"pedestrian"},"wall_usec":1791529367396000}
S12 {"client_hit":true,"event":"shot_sent","phase":"ACTIVE","pid":2824,"role":"client","sequence":33,"target":"pedestrian","view_age_ms":202.0,"wall_usec":1791529367520000}
S12 {"event":"verdict","phase":"ACTIVE","pid":2824,"role":"client","row":{"accepted":true,"client_hit":true,"current_hit":false,"reason":"OK","rewind_age_ms":247.0,"rewind_clamped":true,"rewind_cpu_usec":15,"rewind_hit":true,"sequence":32,"speed":12.0,"target":"car"},"wall_usec":1791529367535000}
S12 {"event":"verdict","phase":"ACTIVE","pid":2824,"role":"client","row":{"accepted":false,"reason":"RELOADING","sequence":33},"wall_usec":1791529367659000}
S12 {"client_hit":true,"event":"shot_sent","phase":"ACTIVE","pid":2824,"role":"client","sequence":34,"target":"car","view_age_ms":265.0,"wall_usec":1791529367676000}
S12 {"event":"rocket","phase":"ACTIVE","pid":2824,"role":"client","row":{"accepted":true,"launch_usec":1791529367597000,"sent_usec":1791529367523000,"sequence":5},"wall_usec":1791529367690000}
S12 {"client_hit":false,"event":"shot_sent","phase":"ACTIVE","pid":2824,"role":"client","sequence":35,"target":"pedestrian","view_age_ms":204.0,"wall_usec":1791529367816000}
S12 {"event":"verdict","phase":"ACTIVE","pid":2824,"role":"client","row":{"accepted":false,"reason":"RELOADING","sequence":34},"wall_usec":1791529367876000}
S12 {"client_hit":false,"event":"shot_sent","phase":"ACTIVE","pid":2824,"role":"client","sequence":36,"target":"car","view_age_ms":248.0,"wall_usec":1791529367970000}
S12 {"event":"verdict","phase":"ACTIVE","pid":2824,"role":"client","row":{"accepted":false,"reason":"RELOADING","sequence":35},"wall_usec":1791529367984000}
S12 {"client_hit":true,"event":"shot_sent","phase":"ACTIVE","pid":2824,"role":"client","sequence":37,"target":"pedestrian","view_age_ms":200.0,"wall_usec":1791529368121000}
S12 {"event":"verdict","phase":"ACTIVE","pid":2824,"role":"client","row":{"accepted":false,"reason":"RELOADING","sequence":36},"wall_usec":1791529368184000}
S12 {"client_hit":true,"event":"shot_sent","phase":"ACTIVE","pid":2824,"role":"client","sequence":38,"target":"car","view_age_ms":214.0,"wall_usec":1791529368276000}
S12 {"event":"verdict","phase":"ACTIVE","pid":2824,"role":"client","row":{"accepted":false,"reason":"RELOADING","sequence":37},"wall_usec":1791529368291000}
S12 {"client_hit":true,"event":"shot_sent","phase":"ACTIVE","pid":2824,"role":"client","sequence":39,"target":"pedestrian","view_age_ms":188.0,"wall_usec":1791529368418000}
S12 {"event":"verdict","phase":"ACTIVE","pid":2824,"role":"client","row":{"accepted":false,"reason":"RELOADING","sequence":38},"wall_usec":1791529368479000}
S12 {"client_hit":false,"event":"shot_sent","phase":"ACTIVE","pid":2824,"role":"client","sequence":40,"target":"car","view_age_ms":252.0,"wall_usec":1791529368574000}
S12 {"event":"verdict","phase":"ACTIVE","pid":2824,"role":"client","row":{"accepted":false,"reason":"RELOADING","sequence":39},"wall_usec":1791529368589000}
S12 {"client_hit":false,"event":"shot_sent","phase":"ACTIVE","pid":2824,"role":"client","sequence":41,"target":"pedestrian","view_age_ms":237.0,"wall_usec":1791529368716000}
S12 {"event":"verdict","phase":"ACTIVE","pid":2824,"role":"client","row":{"accepted":false,"reason":"RELOADING","sequence":40},"wall_usec":1791529368763000}
S12 {"client_hit":true,"event":"shot_sent","phase":"ACTIVE","pid":2824,"role":"client","sequence":42,"target":"car","view_age_ms":233.0,"wall_usec":1791529368870000}
S12 {"event":"verdict","phase":"ACTIVE","pid":2824,"role":"client","row":{"accepted":false,"reason":"RELOADING","sequence":41},"wall_usec":1791529368873000}
S12 {"event":"rocket","phase":"ACTIVE","pid":2824,"role":"client","row":{"accepted":true,"launch_usec":1791529368809000,"sent_usec":1791529368722000,"sequence":6},"wall_usec":1791529368918000}
S12 {"client_hit":true,"event":"shot_sent","phase":"ACTIVE","pid":2824,"role":"client","sequence":43,"target":"pedestrian","view_age_ms":217.0,"wall_usec":1791529369026000}
S12 {"client_hit":true,"event":"shot_sent","phase":"ACTIVE","pid":2824,"role":"client","sequence":44,"target":"car","view_age_ms":229.0,"wall_usec":1791529369165000}
S12 {"event":"verdict","phase":"ACTIVE","pid":2824,"role":"client","row":{"accepted":false,"reason":"RELOADING","sequence":42},"wall_usec":1791529369289000}
S12 {"event":"verdict","phase":"ACTIVE","pid":2824,"role":"client","row":{"accepted":false,"reason":"RELOADING","sequence":43},"wall_usec":1791529369292000}
S12 {"client_hit":false,"event":"shot_sent","phase":"ACTIVE","pid":2824,"role":"client","sequence":45,"target":"pedestrian","view_age_ms":202.0,"wall_usec":1791529369320000}
S12 {"event":"verdict","phase":"ACTIVE","pid":2824,"role":"client","row":{"accepted":false,"reason":"RELOADING","sequence":44},"wall_usec":1791529369336000}
S12 {"event":"verdict","phase":"ACTIVE","pid":2824,"role":"client","row":{"accepted":false,"reason":"RELOADING","sequence":45},"wall_usec":1791529369461000}
S12 {"client_hit":false,"event":"shot_sent","phase":"ACTIVE","pid":2824,"role":"client","sequence":46,"target":"car","view_age_ms":219.0,"wall_usec":1791529369477000}
S12 {"client_hit":true,"event":"shot_sent","phase":"ACTIVE","pid":2824,"role":"client","sequence":47,"target":"pedestrian","view_age_ms":204.0,"wall_usec":1791529369616000}
S12 {"event":"verdict","phase":"ACTIVE","pid":2824,"role":"client","row":{"accepted":true,"client_hit":false,"current_hit":false,"reason":"OK","rewind_age_ms":250.0,"rewind_clamped":true,"rewind_cpu_usec":19,"rewind_hit":true,"sequence":46,"speed":12.0,"target":"car"},"wall_usec":1791529369679000}
S12 {"event":"verdict","phase":"ACTIVE","pid":2824,"role":"client","row":{"accepted":true,"client_hit":true,"current_hit":false,"reason":"OK","rewind_age_ms":250.0,"rewind_clamped":true,"rewind_cpu_usec":22,"rewind_hit":true,"sequence":47,"speed":1.5,"target":"pedestrian"},"wall_usec":1791529369756000}
S12 {"client_hit":true,"event":"shot_sent","phase":"ACTIVE","pid":2824,"role":"client","sequence":48,"target":"car","view_age_ms":217.0,"wall_usec":1791529369786000}
S12 {"client_hit":true,"event":"shot_sent","phase":"ACTIVE","pid":2824,"role":"client","sequence":49,"target":"pedestrian","view_age_ms":218.0,"wall_usec":1791529369927000}
S12 {"event":"verdict","phase":"ACTIVE","pid":2824,"role":"client","row":{"accepted":true,"client_hit":true,"current_hit":false,"reason":"OK","rewind_age_ms":264.0,"rewind_clamped":true,"rewind_cpu_usec":12,"rewind_hit":false,"sequence":48,"speed":12.0,"target":"car"},"wall_usec":1791529370049000}
S12 {"client_hit":false,"event":"shot_sent","phase":"ACTIVE","pid":2824,"role":"client","sequence":50,"target":"car","view_age_ms":370.0,"wall_usec":1791529370079000}
S12 {"event":"verdict","phase":"ACTIVE","pid":2824,"role":"client","row":{"accepted":false,"reason":"RATE_LIMITED","sequence":49},"wall_usec":1791529370141000}
S12 {"event":"rocket","phase":"ACTIVE","pid":2824,"role":"client","row":{"accepted":true,"launch_usec":1791529370034000,"sent_usec":1791529369949000,"sequence":7},"wall_usec":1791529370144000}
S12 {"client_hit":false,"event":"shot_sent","phase":"ACTIVE","pid":2824,"role":"client","sequence":51,"target":"pedestrian","view_age_ms":199.0,"wall_usec":1791529370217000}
S12 {"event":"verdict","phase":"ACTIVE","pid":2824,"role":"client","row":{"accepted":true,"client_hit":false,"current_hit":false,"reason":"OK","rewind_age_ms":241.0,"rewind_clamped":true,"rewind_cpu_usec":17,"rewind_hit":false,"sequence":50,"speed":12.0,"target":"car"},"wall_usec":1791529370278000}
S12 {"client_hit":true,"event":"shot_sent","phase":"ACTIVE","pid":2824,"role":"client","sequence":52,"target":"car","view_age_ms":200.0,"wall_usec":1791529370371000}
S12 {"event":"verdict","phase":"ACTIVE","pid":2824,"role":"client","row":{"accepted":true,"client_hit":false,"current_hit":true,"reason":"OK","rewind_age_ms":248.0,"rewind_clamped":true,"rewind_cpu_usec":12,"rewind_hit":true,"sequence":51,"speed":1.5,"target":"pedestrian"},"wall_usec":1791529370387000}
S12 {"event":"verdict","phase":"ACTIVE","pid":2824,"role":"client","row":{"accepted":true,"client_hit":true,"current_hit":false,"reason":"OK","rewind_age_ms":249.0,"rewind_clamped":true,"rewind_cpu_usec":12,"rewind_hit":true,"sequence":52,"speed":12.0,"target":"car"},"wall_usec":1791529370511000}
S12 {"client_hit":true,"event":"shot_sent","phase":"ACTIVE","pid":2824,"role":"client","sequence":53,"target":"pedestrian","view_age_ms":201.0,"wall_usec":1791529370527000}
S12 {"client_hit":true,"event":"shot_sent","phase":"ACTIVE","pid":2824,"role":"client","sequence":54,"target":"car","view_age_ms":201.0,"wall_usec":1791529370666000}
S12 {"event":"verdict","phase":"ACTIVE","pid":2824,"role":"client","row":{"accepted":true,"client_hit":true,"current_hit":true,"reason":"OK","rewind_age_ms":248.0,"rewind_clamped":true,"rewind_cpu_usec":18,"rewind_hit":true,"sequence":53,"speed":1.5,"target":"pedestrian"},"wall_usec":1791529370742000}
S12 {"event":"verdict","phase":"ACTIVE","pid":2824,"role":"client","row":{"accepted":false,"reason":"RATE_LIMITED","sequence":54},"wall_usec":1791529370803000}
S12 {"client_hit":false,"event":"shot_sent","phase":"ACTIVE","pid":2824,"role":"client","sequence":55,"target":"pedestrian","view_age_ms":263.0,"wall_usec":1791529370820000}
S12 {"event":"verdict","phase":"ACTIVE","pid":2824,"role":"client","row":{"accepted":true,"client_hit":false,"current_hit":false,"reason":"OK","rewind_age_ms":247.0,"rewind_clamped":true,"rewind_cpu_usec":31,"rewind_hit":false,"sequence":55,"speed":1.5,"target":"pedestrian"},"wall_usec":1791529370974000}
S12 {"client_hit":false,"event":"shot_sent","phase":"ACTIVE","pid":2824,"role":"client","sequence":56,"target":"car","view_age_ms":269.0,"wall_usec":1791529370980000}
S12 {"client_hit":true,"event":"shot_sent","phase":"ACTIVE","pid":2824,"role":"client","sequence":57,"target":"pedestrian","view_age_ms":201.0,"wall_usec":1791529371127000}
S12 {"event":"verdict","phase":"ACTIVE","pid":2824,"role":"client","row":{"accepted":true,"client_hit":false,"current_hit":false,"reason":"OK","rewind_age_ms":248.0,"rewind_clamped":true,"rewind_cpu_usec":21,"rewind_hit":false,"sequence":56,"speed":12.0,"target":"car"},"wall_usec":1791529371189000}
S12 {"client_hit":true,"event":"shot_sent","phase":"ACTIVE","pid":2824,"role":"client","sequence":58,"target":"car","view_age_ms":199.0,"wall_usec":1791529371266000}
S12 {"event":"verdict","phase":"ACTIVE","pid":2824,"role":"client","row":{"accepted":true,"client_hit":true,"current_hit":true,"reason":"OK","rewind_age_ms":245.0,"rewind_clamped":true,"rewind_cpu_usec":30,"rewind_hit":true,"sequence":57,"speed":1.5,"target":"pedestrian"},"wall_usec":1791529371298000}
S12 {"event":"rocket","phase":"ACTIVE","pid":2824,"role":"client","row":{"accepted":true,"launch_usec":1791529371236000,"sent_usec":1791529371131000,"sequence":8},"wall_usec":1791529371328000}
S12 {"client_hit":true,"event":"shot_sent","phase":"ACTIVE","pid":2824,"role":"client","sequence":59,"target":"pedestrian","view_age_ms":261.0,"wall_usec":1791529371419000}
S12 {"event":"verdict","phase":"ACTIVE","pid":2824,"role":"client","row":{"accepted":true,"client_hit":true,"current_hit":false,"reason":"OK","rewind_age_ms":246.0,"rewind_clamped":true,"rewind_cpu_usec":22,"rewind_hit":true,"sequence":58,"speed":12.0,"target":"car"},"wall_usec":1791529371465000}
S12 {"client_hit":false,"event":"shot_sent","phase":"ACTIVE","pid":2824,"role":"client","sequence":60,"target":"car","view_age_ms":215.0,"wall_usec":1791529371573000}
S12 {"event":"verdict","phase":"ACTIVE","pid":2824,"role":"client","row":{"accepted":true,"client_hit":true,"current_hit":false,"reason":"OK","rewind_age_ms":243.0,"rewind_clamped":true,"rewind_cpu_usec":397,"rewind_hit":true,"sequence":59,"speed":1.5,"target":"pedestrian"},"wall_usec":1791529371620000}
S12 {"event":"verdict","phase":"ACTIVE","pid":2824,"role":"client","row":{"accepted":true,"client_hit":false,"current_hit":false,"reason":"OK","rewind_age_ms":246.0,"rewind_clamped":true,"rewind_cpu_usec":16,"rewind_hit":true,"sequence":60,"speed":12.0,"target":"car"},"wall_usec":1791529371710000}
S12 {"client_hit":false,"event":"shot_sent","phase":"ACTIVE","pid":2824,"role":"client","sequence":61,"target":"pedestrian","view_age_ms":214.0,"wall_usec":1791529371726000}
S12 {"client_hit":true,"event":"shot_sent","phase":"ACTIVE","pid":2824,"role":"client","sequence":62,"target":"car","view_age_ms":245.0,"wall_usec":1791529371865000}
S12 {"event":"verdict","phase":"ACTIVE","pid":2824,"role":"client","row":{"accepted":true,"client_hit":false,"current_hit":true,"reason":"OK","rewind_age_ms":242.0,"rewind_clamped":true,"rewind_cpu_usec":16,"rewind_hit":false,"sequence":61,"speed":1.5,"target":"pedestrian"},"wall_usec":1791529371879000}
S12 {"client_hit":true,"event":"shot_sent","phase":"ACTIVE","pid":2824,"role":"client","sequence":63,"target":"pedestrian","view_age_ms":248.0,"wall_usec":1791529372021000}
S12 {"event":"verdict","phase":"ACTIVE","pid":2824,"role":"client","row":{"accepted":true,"client_hit":true,"current_hit":false,"reason":"OK","rewind_age_ms":250.0,"rewind_clamped":true,"rewind_cpu_usec":31,"rewind_hit":true,"sequence":62,"speed":12.0,"target":"car"},"wall_usec":1791529372082000}
S12 {"client_hit":true,"event":"shot_sent","phase":"ACTIVE","pid":2824,"role":"client","sequence":64,"target":"car","view_age_ms":204.0,"wall_usec":1791529372179000}
S12 {"event":"verdict","phase":"ACTIVE","pid":2824,"role":"client","row":{"accepted":true,"client_hit":true,"current_hit":false,"reason":"OK","rewind_age_ms":248.0,"rewind_clamped":true,"rewind_cpu_usec":89,"rewind_hit":true,"sequence":63,"speed":1.5,"target":"pedestrian"},"wall_usec":1791529372237000}
S12 {"client_hit":false,"event":"shot_sent","phase":"ACTIVE","pid":2824,"role":"client","sequence":65,"target":"pedestrian","view_age_ms":248.0,"wall_usec":1791529372316000}
S12 {"event":"verdict","phase":"ACTIVE","pid":2824,"role":"client","row":{"accepted":true,"client_hit":true,"current_hit":false,"reason":"OK","rewind_age_ms":247.0,"rewind_clamped":true,"rewind_cpu_usec":17,"rewind_hit":true,"sequence":64,"speed":12.0,"target":"car"},"wall_usec":1791529372349000}
S12 {"client_hit":false,"event":"shot_sent","phase":"ACTIVE","pid":2824,"role":"client","sequence":66,"target":"car","view_age_ms":199.0,"wall_usec":1791529372471000}
S12 {"event":"verdict","phase":"ACTIVE","pid":2824,"role":"client","row":{"accepted":true,"client_hit":false,"current_hit":false,"reason":"OK","rewind_age_ms":246.0,"rewind_clamped":true,"rewind_cpu_usec":32,"rewind_hit":false,"sequence":65,"speed":1.5,"target":"pedestrian"},"wall_usec":1791529372474000}
S12 {"client_hit":true,"event":"shot_sent","phase":"ACTIVE","pid":2824,"role":"client","sequence":67,"target":"pedestrian","view_age_ms":215.0,"wall_usec":1791529372626000}
S12 {"client_hit":true,"event":"shot_sent","phase":"ACTIVE","pid":2824,"role":"client","sequence":68,"target":"car","view_age_ms":191.0,"wall_usec":1791529372766000}
S12 {"event":"rocket","phase":"ACTIVE","pid":2824,"role":"client","row":{"accepted":true,"launch_usec":1791529372410000,"sent_usec":1791529372320000,"sequence":9},"wall_usec":1791529372812000}
S12 {"event":"verdict","phase":"ACTIVE","pid":2824,"role":"client","row":{"accepted":true,"client_hit":false,"current_hit":false,"reason":"OK","rewind_age_ms":245.0,"rewind_clamped":true,"rewind_cpu_usec":14,"rewind_hit":true,"sequence":66,"speed":12.0,"target":"car"},"wall_usec":1791529372816000}
S12 {"event":"verdict","phase":"ACTIVE","pid":2824,"role":"client","row":{"accepted":true,"client_hit":true,"current_hit":true,"reason":"OK","rewind_age_ms":249.0,"rewind_clamped":true,"rewind_cpu_usec":28,"rewind_hit":true,"sequence":67,"speed":1.5,"target":"pedestrian"},"wall_usec":1791529372820000}
S12 {"client_hit":true,"event":"shot_sent","phase":"ACTIVE","pid":2824,"role":"client","sequence":69,"target":"pedestrian","view_age_ms":258.0,"wall_usec":1791529372923000}
S12 {"event":"verdict","phase":"ACTIVE","pid":2824,"role":"client","row":{"accepted":true,"client_hit":true,"current_hit":false,"reason":"OK","rewind_age_ms":251.0,"rewind_clamped":true,"rewind_cpu_usec":16,"rewind_hit":false,"sequence":68,"speed":12.0,"target":"car"},"wall_usec":1791529372982000}
S12 {"event":"verdict","phase":"ACTIVE","pid":2824,"role":"client","row":{"accepted":false,"reason":"RATE_LIMITED","sequence":69},"wall_usec":1791529373077000}
S12 {"client_hit":false,"event":"shot_sent","phase":"ACTIVE","pid":2824,"role":"client","sequence":70,"target":"car","view_age_ms":223.0,"wall_usec":1791529373082000}
S12 {"client_hit":false,"event":"shot_sent","phase":"ACTIVE","pid":2824,"role":"client","sequence":71,"target":"pedestrian","view_age_ms":249.0,"wall_usec":1791529373215000}
S12 {"event":"verdict","phase":"ACTIVE","pid":2824,"role":"client","row":{"accepted":true,"client_hit":false,"current_hit":false,"reason":"OK","rewind_age_ms":257.0,"rewind_clamped":true,"rewind_cpu_usec":158,"rewind_hit":true,"sequence":70,"speed":12.0,"target":"car"},"wall_usec":1791529373262000}
S12 {"client_hit":true,"event":"shot_sent","phase":"ACTIVE","pid":2824,"role":"client","sequence":72,"target":"car","view_age_ms":199.0,"wall_usec":1791529373371000}
S12 {"event":"verdict","phase":"ACTIVE","pid":2824,"role":"client","row":{"accepted":true,"client_hit":false,"current_hit":true,"reason":"OK","rewind_age_ms":247.0,"rewind_clamped":true,"rewind_cpu_usec":15,"rewind_hit":true,"sequence":71,"speed":1.5,"target":"pedestrian"},"wall_usec":1791529373403000}
S12 {"event":"verdict","phase":"ACTIVE","pid":2824,"role":"client","row":{"accepted":true,"client_hit":true,"current_hit":false,"reason":"OK","rewind_age_ms":250.0,"rewind_clamped":true,"rewind_cpu_usec":23,"rewind_hit":true,"sequence":72,"speed":12.0,"target":"car"},"wall_usec":1791529373511000}
S12 {"client_hit":true,"event":"shot_sent","phase":"ACTIVE","pid":2824,"role":"client","sequence":73,"target":"pedestrian","view_age_ms":202.0,"wall_usec":1791529373526000}
S12 {"client_hit":true,"event":"shot_sent","phase":"ACTIVE","pid":2824,"role":"client","sequence":74,"target":"car","view_age_ms":202.0,"wall_usec":1791529373666000}
S12 {"event":"verdict","phase":"ACTIVE","pid":2824,"role":"client","row":{"accepted":true,"client_hit":true,"current_hit":true,"reason":"OK","rewind_age_ms":246.0,"rewind_clamped":true,"rewind_cpu_usec":23,"rewind_hit":true,"sequence":73,"speed":1.5,"target":"pedestrian"},"wall_usec":1791529373710000}
S12 {"event":"rocket","phase":"ACTIVE","pid":2824,"role":"client","row":{"accepted":true,"launch_usec":1791529373617000,"sent_usec":1791529373530000,"sequence":10},"wall_usec":1791529373713000}
S12 {"client_hit":false,"event":"shot_sent","phase":"ACTIVE","pid":2824,"role":"client","sequence":75,"target":"pedestrian","view_age_ms":264.0,"wall_usec":1791529373820000}
S12 {"event":"verdict","phase":"ACTIVE","pid":2824,"role":"client","row":{"accepted":true,"client_hit":true,"current_hit":false,"reason":"OK","rewind_age_ms":248.0,"rewind_clamped":true,"rewind_cpu_usec":15,"rewind_hit":true,"sequence":74,"speed":12.0,"target":"car"},"wall_usec":1791529373898000}
S12 {"event":"verdict","phase":"ACTIVE","pid":2824,"role":"client","row":{"accepted":false,"reason":"RATE_LIMITED","sequence":75},"wall_usec":1791529373975000}
S12 {"client_hit":false,"event":"shot_sent","phase":"ACTIVE","pid":2824,"role":"client","sequence":76,"target":"car","view_age_ms":164.0,"wall_usec":1791529373983000}
S12 {"client_hit":true,"event":"shot_sent","phase":"ACTIVE","pid":2824,"role":"client","sequence":77,"target":"pedestrian","view_age_ms":248.0,"wall_usec":1791529374114000}
S12 {"client_hit":true,"event":"shot_sent","phase":"ACTIVE","pid":2824,"role":"client","sequence":78,"target":"car","view_age_ms":232.0,"wall_usec":1791529374270000}
S12 {"client_hit":true,"event":"shot_sent","phase":"ACTIVE","pid":2824,"role":"client","sequence":79,"target":"pedestrian","view_age_ms":221.0,"wall_usec":1791529374429000}
S12 {"event":"verdict","phase":"ACTIVE","pid":2824,"role":"client","row":{"accepted":true,"client_hit":false,"current_hit":false,"reason":"OK","rewind_age_ms":244.0,"rewind_clamped":true,"rewind_cpu_usec":23,"rewind_hit":false,"sequence":76,"speed":12.0,"target":"car"},"wall_usec":1791529374488000}
S12 {"event":"verdict","phase":"ACTIVE","pid":2824,"role":"client","row":{"accepted":true,"client_hit":true,"current_hit":true,"reason":"OK","rewind_age_ms":251.0,"rewind_clamped":true,"rewind_cpu_usec":16,"rewind_hit":true,"sequence":77,"speed":1.5,"target":"pedestrian"},"wall_usec":1791529374492000}
S12 {"client_hit":false,"event":"shot_sent","phase":"ACTIVE","pid":2824,"role":"client","sequence":80,"target":"car","view_age_ms":370.0,"wall_usec":1791529374578000}
S12 {"event":"verdict","phase":"ACTIVE","pid":2824,"role":"client","row":{"accepted":true,"client_hit":true,"current_hit":false,"reason":"OK","rewind_age_ms":251.0,"rewind_clamped":true,"rewind_cpu_usec":23,"rewind_hit":false,"sequence":78,"speed":12.0,"target":"car"},"wall_usec":1791529374594000}
S12 {"event":"verdict","phase":"ACTIVE","pid":2824,"role":"client","row":{"accepted":false,"reason":"RATE_LIMITED","sequence":79},"wall_usec":1791529374609000}
S12 {"client_hit":false,"event":"shot_sent","phase":"ACTIVE","pid":2824,"role":"client","sequence":81,"target":"pedestrian","view_age_ms":203.0,"wall_usec":1791529374720000}
S12 {"event":"verdict","phase":"ACTIVE","pid":2824,"role":"client","row":{"accepted":true,"client_hit":false,"current_hit":false,"reason":"OK","rewind_age_ms":248.0,"rewind_clamped":true,"rewind_cpu_usec":15,"rewind_hit":false,"sequence":80,"speed":12.0,"target":"car"},"wall_usec":1791529374796000}
S12 {"client_hit":true,"event":"shot_sent","phase":"ACTIVE","pid":2824,"role":"client","sequence":82,"target":"car","view_age_ms":265.0,"wall_usec":1791529374874000}
S12 {"event":"verdict","phase":"ACTIVE","pid":2824,"role":"client","row":{"accepted":false,"reason":"RELOADING","sequence":81},"wall_usec":1791529374920000}
S12 {"event":"rocket","phase":"ACTIVE","pid":2824,"role":"client","row":{"accepted":true,"launch_usec":1791529374812000,"sent_usec":1791529374729000,"sequence":11},"wall_usec":1791529374925000}
S12 {"client_hit":true,"event":"shot_sent","phase":"ACTIVE","pid":2824,"role":"client","sequence":83,"target":"pedestrian","view_age_ms":202.0,"wall_usec":1791529375014000}
S12 {"client_hit":true,"event":"shot_sent","phase":"ACTIVE","pid":2824,"role":"client","sequence":84,"target":"car","view_age_ms":202.0,"wall_usec":1791529375168000}
S12 {"client_hit":false,"event":"shot_sent","phase":"ACTIVE","pid":2824,"role":"client","sequence":85,"target":"pedestrian","view_age_ms":209.0,"wall_usec":1791529375330000}
S12 {"client_hit":false,"event":"shot_sent","phase":"ACTIVE","pid":2824,"role":"client","sequence":86,"target":"car","view_age_ms":266.0,"wall_usec":1791529375480000}
S12 {"event":"verdict","phase":"ACTIVE","pid":2824,"role":"client","row":{"accepted":false,"reason":"RELOADING","sequence":82},"wall_usec":1791529375509000}
S12 {"client_hit":true,"event":"shot_sent","phase":"ACTIVE","pid":2824,"role":"client","sequence":87,"target":"pedestrian","view_age_ms":358.0,"wall_usec":1791529375618000}
S12 {"event":"verdict","phase":"ACTIVE","pid":2824,"role":"client","row":{"accepted":false,"reason":"RELOADING","sequence":83},"wall_usec":1791529375664000}
S12 {"event":"verdict","phase":"ACTIVE","pid":2824,"role":"client","row":{"accepted":false,"reason":"RELOADING","sequence":84},"wall_usec":1791529375668000}
S12 {"event":"verdict","phase":"ACTIVE","pid":2824,"role":"client","row":{"accepted":false,"reason":"RELOADING","sequence":85},"wall_usec":1791529375674000}
S12 {"event":"verdict","phase":"ACTIVE","pid":2824,"role":"client","row":{"accepted":false,"reason":"RELOADING","sequence":86},"wall_usec":1791529375680000}
S12 {"client_hit":true,"event":"shot_sent","phase":"ACTIVE","pid":2824,"role":"client","sequence":88,"target":"car","view_age_ms":232.0,"wall_usec":1791529375772000}
S12 {"event":"verdict","phase":"ACTIVE","pid":2824,"role":"client","row":{"accepted":false,"reason":"RELOADING","sequence":87},"wall_usec":1791529375804000}
S12 {"client_hit":true,"event":"shot_sent","phase":"ACTIVE","pid":2824,"role":"client","sequence":89,"target":"pedestrian","view_age_ms":259.0,"wall_usec":1791529375926000}
S12 {"event":"verdict","phase":"ACTIVE","pid":2824,"role":"client","row":{"accepted":false,"reason":"RELOADING","sequence":88},"wall_usec":1791529375933000}
S12 {"client_hit":false,"event":"shot_sent","phase":"ACTIVE","pid":2824,"role":"client","sequence":90,"target":"car","view_age_ms":170.0,"wall_usec":1791529376065000}
S12 {"event":"verdict","phase":"ACTIVE","pid":2824,"role":"client","row":{"accepted":false,"reason":"RELOADING","sequence":89},"wall_usec":1791529376128000}
S12 {"event":"rocket","phase":"ACTIVE","pid":2824,"role":"client","row":{"accepted":true,"launch_usec":1791529376034000,"sent_usec":1791529375932000,"sequence":12},"wall_usec":1791529376137000}
S12 {"client_hit":false,"event":"shot_sent","phase":"ACTIVE","pid":2824,"role":"client","sequence":91,"target":"pedestrian","view_age_ms":219.0,"wall_usec":1791529376223000}
S12 {"event":"verdict","phase":"ACTIVE","pid":2824,"role":"client","row":{"accepted":false,"reason":"RELOADING","sequence":90},"wall_usec":1791529376253000}
S12 {"client_hit":true,"event":"shot_sent","phase":"ACTIVE","pid":2824,"role":"client","sequence":92,"target":"car","view_age_ms":234.0,"wall_usec":1791529376377000}
S12 {"event":"verdict","phase":"ACTIVE","pid":2824,"role":"client","row":{"accepted":false,"reason":"RELOADING","sequence":91},"wall_usec":1791529376392000}
S12 {"client_hit":true,"event":"shot_sent","phase":"ACTIVE","pid":2824,"role":"client","sequence":93,"target":"pedestrian","view_age_ms":246.0,"wall_usec":1791529376515000}
S12 {"event":"verdict","phase":"ACTIVE","pid":2824,"role":"client","row":{"accepted":false,"reason":"RELOADING","sequence":92},"wall_usec":1791529376576000}
S12 {"client_hit":true,"event":"shot_sent","phase":"ACTIVE","pid":2824,"role":"client","sequence":94,"target":"car","view_age_ms":222.0,"wall_usec":1791529376686000}
S12 {"event":"verdict","phase":"ACTIVE","pid":2824,"role":"client","row":{"accepted":false,"reason":"RELOADING","sequence":93},"wall_usec":1791529376701000}
S12 {"client_hit":false,"event":"shot_sent","phase":"ACTIVE","pid":2824,"role":"client","sequence":95,"target":"pedestrian","view_age_ms":235.0,"wall_usec":1791529376827000}
S12 {"event":"verdict","phase":"ACTIVE","pid":2824,"role":"client","row":{"accepted":true,"client_hit":true,"current_hit":false,"reason":"OK","rewind_age_ms":244.0,"rewind_clamped":true,"rewind_cpu_usec":19,"rewind_hit":true,"sequence":94,"speed":12.0,"target":"car"},"wall_usec":1791529376888000}
S12 {"client_hit":false,"event":"shot_sent","phase":"ACTIVE","pid":2824,"role":"client","sequence":96,"target":"car","view_age_ms":201.0,"wall_usec":1791529376967000}
S12 {"event":"verdict","phase":"ACTIVE","pid":2824,"role":"client","row":{"accepted":true,"client_hit":false,"current_hit":false,"reason":"OK","rewind_age_ms":249.0,"rewind_clamped":true,"rewind_cpu_usec":11,"rewind_hit":false,"sequence":95,"speed":1.5,"target":"pedestrian"},"wall_usec":1791529377026000}
S12 {"event":"verdict","phase":"ACTIVE","pid":2824,"role":"client","row":{"accepted":true,"client_hit":false,"current_hit":false,"reason":"OK","rewind_age_ms":260.0,"rewind_clamped":true,"rewind_cpu_usec":22,"rewind_hit":false,"sequence":96,"speed":12.0,"target":"car"},"wall_usec":1791529377414000}
S12 {"event":"verdict","phase":"ACTIVE","pid":2824,"role":"client","row":{"accepted":false,"reason":"STALE_SEQUENCE","sequence":96},"wall_usec":1791529377630000}
S12 {"event":"verdict","phase":"ACTIVE","pid":2824,"role":"client","row":{"accepted":false,"reason":"INVALID","sequence":97},"wall_usec":1791529377640000}
S12 {"event":"verdict","phase":"ACTIVE","pid":2824,"role":"client","row":{"accepted":false,"reason":"INVALID","sequence":98},"wall_usec":1791529377648000}
S12 {"details":{"summary":{"attempts":96,"host":{"history_peak_bytes":2988,"history_samples":24,"magazine":27,"rejections":{"INVALID":2,"RATE_LIMITED":7,"RELOADING":26,"STALE_SEQUENCE":1}},"probes":[{"accepted":false,"reason":"STALE_SEQUENCE","sequence":96},{"accepted":false,"reason":"INVALID","sequence":97},{"accepted":false,"reason":"INVALID","sequence":98}],"responses":96,"rockets":[{"offset_m":1.656,"sequence":1},{"offset_m":1.872,"sequence":2},{"offset_m":1.872,"sequence":3},{"offset_m":1.836,"sequence":4},{"offset_m":1.332,"sequence":5},{"offset_m":1.566,"sequence":6},{"offset_m":1.53,"sequence":7},{"offset_m":1.89,"sequence":8},{"offset_m":1.62,"sequence":9},{"offset_m":1.566,"sequence":10},{"offset_m":1.494,"sequence":11},{"offset_m":1.836,"sequence":12}],"shots":[{"accepted":true,"client_hit":false,"current_hit":false,"reason":"OK","rewind_age_ms":254.0,"rewind_clamped":true,"rewind_cpu_usec":29,"rewind_hit":false,"sequence":1,"speed":1.5,"target":"pedestrian"},{"accepted":true,"client_hit":true,"current_hit":false,"reason":"OK","rewind_age_ms":255.0,"rewind_clamped":true,"rewind_cpu_usec":13,"rewind_hit":false,"sequence":2,"speed":12.0,"target":"car"},{"accepted":true,"client_hit":true,"current_hit":true,"reason":"OK","rewind_age_ms":248.0,"rewind_clamped":true,"rewind_cpu_usec":138,"rewind_hit":true,"sequence":3,"speed":1.5,"target":"pedestrian"},{"accepted":true,"client_hit":true,"current_hit":false,"reason":"OK","rewind_age_ms":242.0,"rewind_clamped":true,"rewind_cpu_usec":16,"rewind_hit":true,"sequence":4,"speed":12.0,"target":"car"},{"accepted":true,"client_hit":false,"current_hit":true,"reason":"OK","rewind_age_ms":248.0,"rewind_clamped":false,"rewind_cpu_usec":12,"rewind_hit":false,"sequence":5,"speed":1.5,"target":"pedestrian"},{"accepted":true,"client_hit":false,"current_hit":false,"reason":"OK","rewind_age_ms":252.0,"rewind_clamped":true,"rewind_cpu_usec":32,"rewind_hit":false,"sequence":6,"speed":12.0,"target":"car"},{"accepted":true,"client_hit":true,"current_hit":false,"reason":"OK","rewind_age_ms":245.0,"rewind_clamped":true,"rewind_cpu_usec":12,"rewind_hit":true,"sequence":7,"speed":1.5,"target":"pedestrian"},{"accepted":true,"client_hit":true,"current_hit":false,"reason":"OK","rewind_age_ms":245.0,"rewind_clamped":true,"rewind_cpu_usec":27,"rewind_hit":true,"sequence":8,"speed":12.0,"target":"car"},{"accepted":true,"client_hit":false,"current_hit":false,"reason":"OK","rewind_age_ms":256.0,"rewind_clamped":true,"rewind_cpu_usec":19,"rewind_hit":false,"sequence":10,"speed":12.0,"target":"car"},{"accepted":true,"client_hit":false,"current_hit":false,"reason":"OK","rewind_age_ms":245.0,"rewind_clamped":true,"rewind_cpu_usec":18,"rewind_hit":false,"sequence":11,"speed":1.5,"target":"pedestrian"},{"accepted":true,"client_hit":true,"current_hit":false,"reason":"OK","rewind_age_ms":244.0,"rewind_clamped":true,"rewind_cpu_usec":17,"rewind_hit":true,"sequence":12,"speed":12.0,"target":"car"},{"accepted":true,"client_hit":true,"current_hit":true,"reason":"OK","rewind_age_ms":246.0,"rewind_clamped":true,"rewind_cpu_usec":15,"rewind_hit":true,"sequence":13,"speed":1.5,"target":"pedestrian"},{"accepted":true,"client_hit":true,"current_hit":false,"reason":"OK","rewind_age_ms":245.0,"rewind_clamped":true,"rewind_cpu_usec":11,"rewind_hit":false,"sequence":14,"speed":12.0,"target":"car"},{"accepted":true,"client_hit":false,"current_hit":true,"reason":"OK","rewind_age_ms":247.0,"rewind_clamped":true,"rewind_cpu_usec":20,"rewind_hit":true,"sequence":15,"speed":1.5,"target":"pedestrian"},{"accepted":true,"client_hit":false,"current_hit":false,"reason":"OK","rewind_age_ms":246.0,"rewind_clamped":true,"rewind_cpu_usec":21,"rewind_hit":true,"sequence":16,"speed":12.0,"target":"car"},{"accepted":true,"client_hit":true,"current_hit":false,"reason":"OK","rewind_age_ms":245.0,"rewind_clamped":true,"rewind_cpu_usec":14,"rewind_hit":true,"sequence":18,"speed":12.0,"target":"car"},{"accepted":true,"client_hit":true,"current_hit":true,"reason":"OK","rewind_age_ms":263.0,"rewind_clamped":true,"rewind_cpu_usec":15,"rewind_hit":true,"sequence":19,"speed":1.5,"target":"pedestrian"},{"accepted":true,"client_hit":false,"current_hit":false,"reason":"OK","rewind_age_ms":260.0,"rewind_clamped":true,"rewind_cpu_usec":15,"rewind_hit":true,"sequence":20,"speed":12.0,"target":"car"},{"accepted":true,"client_hit":false,"current_hit":false,"reason":"OK","rewind_age_ms":251.0,"rewind_clamped":true,"rewind_cpu_usec":12,"rewind_hit":false,"sequence":21,"speed":1.5,"target":"pedestrian"},{"accepted":true,"client_hit":true,"current_hit":false,"reason":"OK","rewind_age_ms":247.0,"rewind_clamped":true,"rewind_cpu_usec":57,"rewind_hit":true,"sequence":22,"speed":12.0,"target":"car"},{"accepted":true,"client_hit":true,"current_hit":true,"reason":"OK","rewind_age_ms":244.0,"rewind_clamped":true,"rewind_cpu_usec":13,"rewind_hit":true,"sequence":23,"speed":1.5,"target":"pedestrian"},{"accepted":true,"client_hit":true,"current_hit":true,"reason":"OK","rewind_age_ms":246.0,"rewind_clamped":true,"rewind_cpu_usec":11,"rewind_hit":true,"sequence":24,"speed":12.0,"target":"car"},{"accepted":true,"client_hit":false,"current_hit":true,"reason":"OK","rewind_age_ms":249.0,"rewind_clamped":true,"rewind_cpu_usec":11,"rewind_hit":false,"sequence":25,"speed":1.5,"target":"pedestrian"},{"accepted":true,"client_hit":false,"current_hit":false,"reason":"OK","rewind_age_ms":247.0,"rewind_clamped":true,"rewind_cpu_usec":11,"rewind_hit":true,"sequence":26,"speed":12.0,"target":"car"},{"accepted":true,"client_hit":true,"current_hit":false,"reason":"OK","rewind_age_ms":247.0,"rewind_clamped":true,"rewind_cpu_usec":14,"rewind_hit":true,"sequence":27,"speed":1.5,"target":"pedestrian"},{"accepted":true,"client_hit":true,"current_hit":false,"reason":"OK","rewind_age_ms":246.0,"rewind_clamped":true,"rewind_cpu_usec":15,"rewind_hit":false,"sequence":28,"speed":12.0,"target":"car"},{"accepted":true,"client_hit":true,"current_hit":true,"reason":"OK","rewind_age_ms":245.0,"rewind_clamped":true,"rewind_cpu_usec":18,"rewind_hit":true,"sequence":29,"speed":1.5,"target":"pedestrian"},{"accepted":true,"client_hit":false,"current_hit":false,"reason":"OK","rewind_age_ms":244.0,"rewind_clamped":true,"rewind_cpu_usec":11,"rewind_hit":false,"sequence":30,"speed":12.0,"target":"car"},{"accepted":true,"client_hit":false,"current_hit":false,"reason":"OK","rewind_age_ms":247.0,"rewind_clamped":true,"rewind_cpu_usec":19,"rewind_hit":false,"sequence":31,"speed":1.5,"target":"pedestrian"},{"accepted":true,"client_hit":true,"current_hit":false,"reason":"OK","rewind_age_ms":247.0,"rewind_clamped":true,"rewind_cpu_usec":15,"rewind_hit":true,"sequence":32,"speed":12.0,"target":"car"},{"accepted":true,"client_hit":false,"current_hit":false,"reason":"OK","rewind_age_ms":250.0,"rewind_clamped":true,"rewind_cpu_usec":19,"rewind_hit":true,"sequence":46,"speed":12.0,"target":"car"},{"accepted":true,"client_hit":true,"current_hit":false,"reason":"OK","rewind_age_ms":250.0,"rewind_clamped":true,"rewind_cpu_usec":22,"rewind_hit":true,"sequence":47,"speed":1.5,"target":"pedestrian"},{"accepted":true,"client_hit":true,"current_hit":false,"reason":"OK","rewind_age_ms":264.0,"rewind_clamped":true,"rewind_cpu_usec":12,"rewind_hit":false,"sequence":48,"speed":12.0,"target":"car"},{"accepted":true,"client_hit":false,"current_hit":false,"reason":"OK","rewind_age_ms":241.0,"rewind_clamped":true,"rewind_cpu_usec":17,"rewind_hit":false,"sequence":50,"speed":12.0,"target":"car"},{"accepted":true,"client_hit":false,"current_hit":true,"reason":"OK","rewind_age_ms":248.0,"rewind_clamped":true,"rewind_cpu_usec":12,"rewind_hit":true,"sequence":51,"speed":1.5,"target":"pedestrian"},{"accepted":true,"client_hit":true,"current_hit":false,"reason":"OK","rewind_age_ms":249.0,"rewind_clamped":true,"rewind_cpu_usec":12,"rewind_hit":true,"sequence":52,"speed":12.0,"target":"car"},{"accepted":true,"client_hit":true,"current_hit":true,"reason":"OK","rewind_age_ms":248.0,"rewind_clamped":true,"rewind_cpu_usec":18,"rewind_hit":true,"sequence":53,"speed":1.5,"target":"pedestrian"},{"accepted":true,"client_hit":false,"current_hit":false,"reason":"OK","rewind_age_ms":247.0,"rewind_clamped":true,"rewind_cpu_usec":31,"rewind_hit":false,"sequence":55,"speed":1.5,"target":"pedestrian"},{"accepted":true,"client_hit":false,"current_hit":false,"reason":"OK","rewind_age_ms":248.0,"rewind_clamped":true,"rewind_cpu_usec":21,"rewind_hit":false,"sequence":56,"speed":12.0,"target":"car"},{"accepted":true,"client_hit":true,"current_hit":true,"reason":"OK","rewind_age_ms":245.0,"rewind_clamped":true,"rewind_cpu_usec":30,"rewind_hit":true,"sequence":57,"speed":1.5,"target":"pedestrian"},{"accepted":true,"client_hit":true,"current_hit":false,"reason":"OK","rewind_age_ms":246.0,"rewind_clamped":true,"rewind_cpu_usec":22,"rewind_hit":true,"sequence":58,"speed":12.0,"target":"car"},{"accepted":true,"client_hit":true,"current_hit":false,"reason":"OK","rewind_age_ms":243.0,"rewind_clamped":true,"rewind_cpu_usec":397,"rewind_hit":true,"sequence":59,"speed":1.5,"target":"pedestrian"},{"accepted":true,"client_hit":false,"current_hit":false,"reason":"OK","rewind_age_ms":246.0,"rewind_clamped":true,"rewind_cpu_usec":16,"rewind_hit":true,"sequence":60,"speed":12.0,"target":"car"},{"accepted":true,"client_hit":false,"current_hit":true,"reason":"OK","rewind_age_ms":242.0,"rewind_clamped":true,"rewind_cpu_usec":16,"rewind_hit":false,"sequence":61,"speed":1.5,"target":"pedestrian"},{"accepted":true,"client_hit":true,"current_hit":false,"reason":"OK","rewind_age_ms":250.0,"rewind_clamped":true,"rewind_cpu_usec":31,"rewind_hit":true,"sequence":62,"speed":12.0,"target":"car"},{"accepted":true,"client_hit":true,"current_hit":false,"reason":"OK","rewind_age_ms":248.0,"rewind_clamped":true,"rewind_cpu_usec":89,"rewind_hit":true,"sequence":63,"speed":1.5,"target":"pedestrian"},{"accepted":true,"client_hit":true,"current_hit":false,"reason":"OK","rewind_age_ms":247.0,"rewind_clamped":true,"rewind_cpu_usec":17,"rewind_hit":true,"sequence":64,"speed":12.0,"target":"car"},{"accepted":true,"client_hit":false,"current_hit":false,"reason":"OK","rewind_age_ms":246.0,"rewind_clamped":true,"rewind_cpu_usec":32,"rewind_hit":false,"sequence":65,"speed":1.5,"target":"pedestrian"},{"accepted":true,"client_hit":false,"current_hit":false,"reason":"OK","rewind_age_ms":245.0,"rewind_clamped":true,"rewind_cpu_usec":14,"rewind_hit":true,"sequence":66,"speed":12.0,"target":"car"},{"accepted":true,"client_hit":true,"current_hit":true,"reason":"OK","rewind_age_ms":249.0,"rewind_clamped":true,"rewind_cpu_usec":28,"rewind_hit":true,"sequence":67,"speed":1.5,"target":"pedestrian"},{"accepted":true,"client_hit":true,"current_hit":false,"reason":"OK","rewind_age_ms":251.0,"rewind_clamped":true,"rewind_cpu_usec":16,"rewind_hit":false,"sequence":68,"speed":12.0,"target":"car"},{"accepted":true,"client_hit":false,"current_hit":false,"reason":"OK","rewind_age_ms":257.0,"rewind_clamped":true,"rewind_cpu_usec":158,"rewind_hit":true,"sequence":70,"speed":12.0,"target":"car"},{"accepted":true,"client_hit":false,"current_hit":true,"reason":"OK","rewind_age_ms":247.0,"rewind_clamped":true,"rewind_cpu_usec":15,"rewind_hit":true,"sequence":71,"speed":1.5,"target":"pedestrian"},{"accepted":true,"client_hit":true,"current_hit":false,"reason":"OK","rewind_age_ms":250.0,"rewind_clamped":true,"rewind_cpu_usec":23,"rewind_hit":true,"sequence":72,"speed":12.0,"target":"car"},{"accepted":true,"client_hit":true,"current_hit":true,"reason":"OK","rewind_age_ms":246.0,"rewind_clamped":true,"rewind_cpu_usec":23,"rewind_hit":true,"sequence":73,"speed":1.5,"target":"pedestrian"},{"accepted":true,"client_hit":true,"current_hit":false,"reason":"OK","rewind_age_ms":248.0,"rewind_clamped":true,"rewind_cpu_usec":15,"rewind_hit":true,"sequence":74,"speed":12.0,"target":"car"},{"accepted":true,"client_hit":false,"current_hit":false,"reason":"OK","rewind_age_ms":244.0,"rewind_clamped":true,"rewind_cpu_usec":23,"rewind_hit":false,"sequence":76,"speed":12.0,"target":"car"},{"accepted":true,"client_hit":true,"current_hit":true,"reason":"OK","rewind_age_ms":251.0,"rewind_clamped":true,"rewind_cpu_usec":16,"rewind_hit":true,"sequence":77,"speed":1.5,"target":"pedestrian"},{"accepted":true,"client_hit":true,"current_hit":false,"reason":"OK","rewind_age_ms":251.0,"rewind_clamped":true,"rewind_cpu_usec":23,"rewind_hit":false,"sequence":78,"speed":12.0,"target":"car"},{"accepted":true,"client_hit":false,"current_hit":false,"reason":"OK","rewind_age_ms":248.0,"rewind_clamped":true,"rewind_cpu_usec":15,"rewind_hit":false,"sequence":80,"speed":12.0,"target":"car"},{"accepted":true,"client_hit":true,"current_hit":false,"reason":"OK","rewind_age_ms":244.0,"rewind_clamped":true,"rewind_cpu_usec":19,"rewind_hit":true,"sequence":94,"speed":12.0,"target":"car"},{"accepted":true,"client_hit":false,"current_hit":false,"reason":"OK","rewind_age_ms":249.0,"rewind_clamped":true,"rewind_cpu_usec":11,"rewind_hit":false,"sequence":95,"speed":1.5,"target":"pedestrian"},{"accepted":true,"client_hit":false,"current_hit":false,"reason":"OK","rewind_age_ms":260.0,"rewind_clamped":true,"rewind_cpu_usec":22,"rewind_hit":false,"sequence":96,"speed":12.0,"target":"car"}]}},"event":"result","ok":true,"phase":"IDLE","pid":2824,"role":"client","wall_usec":1791529378105000}
