[
  {
    "file": "art/models/environment/city_shop_fittings_03/city_shop_fittings_03_double.glb",
    "godot_axis_aabb": [
      [
        -1.1699999570846558,
        0.0,
        -0.10999999940395355
      ],
      [
        1.1699999570846558,
        2.4800000190734863,
        0.5199999809265137
      ]
    ],
    "triangles": 2312,
    "mesh_count": 4,
    "materials": [
      {
        "name": "surround_dark_rebate",
        "pbrMetallicRoughness": {
          "baseColorFactor": [
            0.022173885256052017,
            0.04373503103852272,
            0.05612849071621895,
            1
          ],
          "metallicFactor": 0.25,
          "roughnessFactor": 0.550000011920929
        }
      },
      {
        "name": "surround_slate_petrol",
        "pbrMetallicRoughness": {
          "baseColorFactor": [
            0.05126945674419403,
            0.10461648553609848,
            0.1384316086769104,
            1
          ],
          "metallicFactor": 0.25,
          "roughnessFactor": 0.46000000834465027
        }
      },
      {
        "name": "surround_warm_ivory",
        "pbrMetallicRoughness": {
          "baseColorFactor": [
            0.577580451965332,
            0.5394794940948486,
            0.41788506507873535,
            1
          ],
          "metallicFactor": 0.2199999988079071,
          "roughnessFactor": 0.47999998927116394
        }
      },
      {
        "name": "surround_satin_threshold",
        "pbrMetallicRoughness": {
          "baseColorFactor": [
            0.28744083642959595,
            0.33716362714767456,
            0.34670406579971313,
            1
          ],
          "metallicFactor": 0.6499999761581421,
          "roughnessFactor": 0.3799999952316284
        }
      }
    ],
    "checks": "PASS: exact dimensions, unit transforms, finite unit normals, nondegenerate triangles, studio exclusion, no lights/animations/textures"
  },
  {
    "file": "art/models/environment/city_shop_fittings_03/city_shop_fittings_03_single.glb",
    "godot_axis_aabb": [
      [
        -0.7699999809265137,
        0.0,
        -0.10999999940395355
      ],
      [
        0.7699999809265137,
        2.4800000190734863,
        0.5199999809265137
      ]
    ],
    "triangles": 2312,
    "mesh_count": 4,
    "materials": [
      {
        "name": "surround_dark_rebate",
        "pbrMetallicRoughness": {
          "baseColorFactor": [
            0.022173885256052017,
            0.04373503103852272,
            0.05612849071621895,
            1
          ],
          "metallicFactor": 0.25,
          "roughnessFactor": 0.550000011920929
        }
      },
      {
        "name": "surround_slate_petrol",
        "pbrMetallicRoughness": {
          "baseColorFactor": [
            0.05126945674419403,
            0.10461648553609848,
            0.1384316086769104,
            1
          ],
          "metallicFactor": 0.25,
          "roughnessFactor": 0.46000000834465027
        }
      },
      {
        "name": "surround_warm_ivory",
        "pbrMetallicRoughness": {
          "baseColorFactor": [
            0.577580451965332,
            0.5394794940948486,
            0.41788506507873535,
            1
          ],
          "metallicFactor": 0.2199999988079071,
          "roughnessFactor": 0.47999998927116394
        }
      },
      {
        "name": "surround_satin_threshold",
        "pbrMetallicRoughness": {
          "baseColorFactor": [
            0.28744083642959595,
            0.33716362714767456,
            0.34670406579971313,
            1
          ],
          "metallicFactor": 0.6499999761581421,
          "roughnessFactor": 0.3799999952316284
        }
      }
    ],
    "checks": "PASS: exact dimensions, unit transforms, finite unit normals, nondegenerate triangles, studio exclusion, no lights/animations/textures"
  }
]
