00:00.308  blend            | Read blend: "/home/regner/.paseo/worktrees/0u71f39f/asset-register-production/art/source/models/environment/city_shop_fittings_03/city_shop_fittings_03.blend"
BlenderMCP addon registered
INFO Draco is available, use library at /usr/lib/blender/5.2/scripts/addons_core/io_scene_gltf2/libbf_intern_draco_bridge.so
ERROR MeshOptimizer is not available because library could not be found at /usr/lib/blender/5.2/scripts/addons_core/io_scene_gltf2/libbf_intern_meshopt_bridge.so
18:07:57 | INFO: Starting glTF 2.0 export
18:07:57 | INFO: Extracting primitive: single_rear_stop
18:07:57 | INFO: Primitives created: 1
18:07:57 | INFO: Extracting primitive: single_recessed_reveal
18:07:57 | INFO: Primitives created: 1
18:07:57 | INFO: Extracting primitive: single_rounded_face_casing
18:07:57 | INFO: Primitives created: 1
18:07:57 | INFO: Extracting primitive: single_sloped_threshold
18:07:57 | INFO: Primitives created: 1
18:07:57 | INFO: Finished glTF 2.0 export in 0.015243768692016602 s

18:07:57 | INFO: Starting glTF 2.0 export
18:07:57 | INFO: Extracting primitive: double_rear_stop
18:07:57 | INFO: Primitives created: 1
18:07:57 | INFO: Extracting primitive: double_recessed_reveal
18:07:57 | INFO: Primitives created: 1
18:07:57 | INFO: Extracting primitive: double_rounded_face_casing
18:07:57 | INFO: Primitives created: 1
18:07:57 | INFO: Extracting primitive: double_sloped_threshold
18:07:57 | INFO: Primitives created: 1
18:07:57 | INFO: Finished glTF 2.0 export in 0.008921384811401367 s

SOURCE_EXPORT_CHECKS_PASS [{"blender": "5.2.2 LTS", "build": "d13f752e3b9c", "exporter": [5, 2, 40], "variant": "single", "objects": [{"name": "single_recessed_reveal", "vertices": 384, "triangles": 764, "nonmanifold_or_inconsistent_edges": 0, "component_signed_volumes_m3": [0.4318874027846089], "material_slots": ["surround_slate_petrol"]}, {"name": "single_rounded_face_casing", "vertices": 304, "triangles": 604, "nonmanifold_or_inconsistent_edges": 0, "component_signed_volumes_m3": [0.0652353702997305], "material_slots": ["surround_warm_ivory"]}, {"name": "single_rear_stop", "vertices": 304, "triangles": 604, "nonmanifold_or_inconsistent_edges": 0, "component_signed_volumes_m3": [0.007829474922184297], "material_slots": ["surround_dark_rebate"]}, {"name": "single_sloped_threshold", "vertices": 172, "triangles": 340, "nonmanifold_or_inconsistent_edges": 0, "component_signed_volumes_m3": [0.01682614082980307], "material_slots": ["surround_satin_threshold"]}], "blender_bounds": [[-0.7699999809265137, -0.5199999809265137, 0.0], [0.7699999809265137, 0.10999999940395355, 2.4800000190734863]], "triangles": 2312, "authoring_reference_dimensions_m": [1.0, 1.0, 1.0], "export_settings": {"export_format": "GLB", "use_selection": true, "export_yup": true, "export_apply": true, "export_texcoords": false, "export_normals": true, "export_tangents": false, "export_materials": "EXPORT", "export_cameras": false, "export_lights": false, "export_extras": false, "export_animations": false}, "sha256": "21993142172211344686690e502b71b5577051dfb88c2d47a7b14e219df2b995", "bytes": 41892}, {"blender": "5.2.2 LTS", "build": "d13f752e3b9c", "exporter": [5, 2, 40], "variant": "double", "objects": [{"name": "double_recessed_reveal", "vertices": 384, "triangles": 764, "nonmanifold_or_inconsistent_edges": 0, "component_signed_volumes_m3": [0.4953805538450817], "material_slots": ["surround_slate_petrol"]}, {"name": "double_rounded_face_casing", "vertices": 304, "triangles": 604, "nonmanifold_or_inconsistent_edges": 0, "component_signed_volumes_m3": [0.07262715251481243], "material_slots": ["surround_warm_ivory"]}, {"name": "double_rear_stop", "vertices": 304, "triangles": 604, "nonmanifold_or_inconsistent_edges": 0, "component_signed_volumes_m3": [0.009250656410922858], "material_slots": ["surround_dark_rebate"]}, {"name": "double_sloped_threshold", "vertices": 172, "triangles": 340, "nonmanifold_or_inconsistent_edges": 0, "component_signed_volumes_m3": [0.026441420705696994], "material_slots": ["surround_satin_threshold"]}], "blender_bounds": [[-1.1699999570846558, -0.5199999809265137, 0.0], [1.1699999570846558, 0.10999999940395355, 2.4800000190734863]], "triangles": 2312, "authoring_reference_dimensions_m": [1.0, 1.0, 1.0], "export_settings": {"export_format": "GLB", "use_selection": true, "export_yup": true, "export_apply": true, "export_texcoords": false, "export_normals": true, "export_tangents": false, "export_materials": "EXPORT", "export_cameras": false, "export_lights": false, "export_extras": false, "export_animations": false}, "sha256": "5831ca29567f09c213a0b4476306ea3aadcfbf6ba532180dde439ba241289ea6", "bytes": 41892}]
BlenderMCP addon unregistered
Blender 5.2.2 LTS (hash d13f752e3b9c built 2026-09-22 17:10:25)

Blender quit
