4.8.dev7.official.c971f93e7
{
  "launch": {
    "pid": 277464,
    "cwd": "/home/regner/.paseo/worktrees/0u71f39f/asset-register-production",
    "argv": [
      "/home/regner/.local/share/mise/installs/github-godotengine-godot-builds/4.8-dev7/godot",
      "--editor",
      "--path",
      "/home/regner/.paseo/worktrees/0u71f39f/asset-register-production",
      "--lsp-port",
      "22652",
      "--rendering-method",
      "gl_compatibility"
    ],
    "editor_port": 22650,
    "runtime_port": 22651,
    "lsp_port": 22652
  },
  "pid": 277464,
  "cwd": "/home/regner/.paseo/worktrees/0u71f39f/asset-register-production",
  "exe": "/home/regner/.local/share/mise/installs/github-godotengine-godot-builds/4.8-dev7/godot",
  "args": [
    "/home/regner/.local/share/mise/installs/github-godotengine-godot-builds/4.8-dev7/godot",
    "--editor",
    "--path",
    "/home/regner/.paseo/worktrees/0u71f39f/asset-register-production",
    "--lsp-port",
    "22652",
    "--rendering-method",
    "gl_compatibility"
  ],
  "fd_targets": {
    "1": "/tmp/asset-register-production-editor/f3/editor-live.log",
    "2": "/tmp/asset-register-production-editor/f3/editor-live.log"
  },
  "log_outside_workspace_and_frozen_packs": true,
  "sockets": [
    {
      "port": 22652,
      "state": "0A",
      "inode": "4252595",
      "owned": true
    },
    {
      "port": 22650,
      "state": "0A",
      "inode": "4255123",
      "owned": true
    }
  ],
  "runtime_port_closed": true,
  "old_editor_state": "absent",
  "old_os_exit": "not observed",
  "version": "4.8.dev7.official.c971f93e7",
  "live_log_is_unsnapshotted_with_open_writers": true
}
