{
  "candidate": "dbcbd8e60dfe7da1bd15a77d87cb908d446b11c3",
  "parent": "1031a3e1e66a404f67fa1a3857c4888d05f10d1e",
  "all_working_expected_bytes_sha_match_after_editor_calls": true,
  "current_fd_targets": {
    "1": "/tmp/asset-register-production-editor/f3/editor-live.log",
    "2": "/tmp/asset-register-production-editor/f3/editor-live.log"
  },
  "private_live_log": {
    "path": "/tmp/asset-register-production-editor/f3/editor-live.log",
    "current_bytes": 3078,
    "live_unsnapshotted": true,
    "outside_workspace": true
  },
  "saved_inspector_selected": true,
  "runtime_stopped": true,
  "lease_released": true,
  "tracked_diff": [],
  "index_diff": []
}
