{
  "candidate": "dbcbd8e60dfe7da1bd15a77d87cb908d446b11c3",
  "parent": "1031a3e1e66a404f67fa1a3857c4888d05f10d1e",
  "added_delta": 223,
  "retention_payloads": 222,
  "retention_with_self": 223,
  "old_engine_paths": 300,
  "review_payloads": 193,
  "review_metadata": 5,
  "producer_paths": 601,
  "initial_review_paths": 106,
  "logs": {
    "complete_bytes": 34074,
    "complete_sha256": "1c47b51242e04c46b8d9bc22c658f923571b3d76e82de17ac947190485ff0855",
    "frozen_bytes": 29204,
    "frozen_sha256": "ab20ecf69a33eb2d58617c724bda4bc695247fac82e98057b596144ea44df509",
    "append_bytes": 4870,
    "append_sha256": "b7f7decab566d37661c380bb6cc85f0230df283f96db469a0b75e7d7db5eb653",
    "reviewer_append_bytes": 4490,
    "reviewer_append_sha256": "72ac4453aad0bcd32f00bbdef13d955a2195a17f67061c29b17047a3b81d1c89",
    "integrator_postreview_append_bytes": 380,
    "exact_concatenation": true,
    "old_exit_unobserved": true
  },
  "excluded_importer_sidecars": 46,
  "all_expected_git_and_working_bytes_sha_match": true
}
