Godot Engine v4.8.dev7.official.c971f93e7 - https://godotengine.org

[   0% ] first_scan_filesystem | Started Project initialization (5 steps)
[   0% ] first_scan_filesystem | Scanning file structure...
[  16% ] first_scan_filesystem | Loading global class names...
[  33% ] first_scan_filesystem | Verifying GDExtensions...
[  50% ] first_scan_filesystem | Creating autoload scripts...
[  66% ] first_scan_filesystem | Initializing plugins...
[  83% ] first_scan_filesystem | Starting file scan...
[ DONE ] first_scan_filesystem

[   0% ] update_scripts_classes | Started Registering global classes... (187 steps)
[   0% ] update_scripts_classes | 
[   0% ] update_scripts_classes | 
[   1% ] update_scripts_classes | GodotSteamPlugin
[   1% ] update_scripts_classes | 
[   2% ] update_scripts_classes | 
[   2% ] update_scripts_classes | 
[   3% ] update_scripts_classes | 
[   3% ] update_scripts_classes | 
[   4% ] update_scripts_classes | 
[   4% ] update_scripts_classes | 
[   5% ] update_scripts_classes | 
[   5% ] update_scripts_classes | 
[   6% ] update_scripts_classes | 
[   6% ] update_scripts_classes | 
[   7% ] update_scripts_classes | 
[   7% ] update_scripts_classes | 
[   8% ] update_scripts_classes | 
[   9% ] update_scripts_classes | 
[   9% ] update_scripts_classes | 
[  10% ] update_scripts_classes | 
[  10% ] update_scripts_classes | 
[  11% ] update_scripts_classes | 
[  11% ] update_scripts_classes | 
[  12% ] update_scripts_classes | 
[  12% ] update_scripts_classes | 
[  13% ] update_scripts_classes | 
[  13% ] update_scripts_classes | 
[  14% ] update_scripts_classes | 
[  14% ] update_scripts_classes | 
[  15% ] update_scripts_classes | 
[  15% ] update_scripts_classes | 
[  16% ] update_scripts_classes | 
[  17% ] update_scripts_classes | 
[  17% ] update_scripts_classes | 
[  18% ] update_scripts_classes | 
[  18% ] update_scripts_classes | 
[  19% ] update_scripts_classes | 
[  19% ] update_scripts_classes | 
[  20% ] update_scripts_classes | 
[  20% ] update_scripts_classes | 
[  21% ] update_scripts_classes | 
[  21% ] update_scripts_classes | 
[  22% ] update_scripts_classes | 
[  22% ] update_scripts_classes | 
[  23% ] update_scripts_classes | 
[  23% ] update_scripts_classes | 
[  24% ] update_scripts_classes | MCPToolkitCommandOptions
[  25% ] update_scripts_classes | MCPToolkitError
[  25% ] update_scripts_classes | MCPToolkitSuccess
[  26% ] update_scripts_classes | MCPToolkitToolContext
[  26% ] update_scripts_classes | 
[  27% ] update_scripts_classes | 
[  27% ] update_scripts_classes | 
[  28% ] update_scripts_classes | 
[  28% ] update_scripts_classes | 
[  29% ] update_scripts_classes | 
[  29% ] update_scripts_classes | 
[  30% ] update_scripts_classes | 
[  30% ] update_scripts_classes | 
[  31% ] update_scripts_classes | 
[  31% ] update_scripts_classes | 
[  32% ] update_scripts_classes | 
[  32% ] update_scripts_classes | 
[  33% ] update_scripts_classes | 
[  34% ] update_scripts_classes | 
[  34% ] update_scripts_classes | 
[  35% ] update_scripts_classes | 
[  35% ] update_scripts_classes | 
[  36% ] update_scripts_classes | 
[  36% ] update_scripts_classes | 
[  37% ] update_scripts_classes | 
[  37% ] update_scripts_classes | MCPToolkitExtension
[  38% ] update_scripts_classes | MCPToolkitExtensionOptions
[  38% ] update_scripts_classes | 
[  39% ] update_scripts_classes | 
[  39% ] update_scripts_classes | 
[  40% ] update_scripts_classes | 
[  40% ] update_scripts_classes | 
[  41% ] update_scripts_classes | 
[  42% ] update_scripts_classes | 
[  42% ] update_scripts_classes | 
[  43% ] update_scripts_classes | 
[  43% ] update_scripts_classes | 
[  44% ] update_scripts_classes | 
[  44% ] update_scripts_classes | 
[  45% ] update_scripts_classes | 
[  45% ] update_scripts_classes | MCPToolkitSafeSceneOps
[  46% ] update_scripts_classes | MCPToolkitUndoRedoAction
[  46% ] update_scripts_classes | 
[  47% ] update_scripts_classes | 
[  47% ] update_scripts_classes | 
[  48% ] update_scripts_classes | 
[  48% ] update_scripts_classes | 
[  49% ] update_scripts_classes | 
[  50% ] update_scripts_classes | 
[  50% ] update_scripts_classes | 
[  51% ] update_scripts_classes | 
[  51% ] update_scripts_classes | 
[  52% ] update_scripts_classes | 
[  52% ] update_scripts_classes | 
[  53% ] update_scripts_classes | 
[  53% ] update_scripts_classes | 
[  54% ] update_scripts_classes | MCPToolkitCommandRegistry
[  54% ] update_scripts_classes | 
[  55% ] update_scripts_classes | 
[  55% ] update_scripts_classes | 
[  56% ] update_scripts_classes | 
[  56% ] update_scripts_classes | 
[  57% ] update_scripts_classes | 
[  57% ] update_scripts_classes | 
[  58% ] update_scripts_classes | 
[  59% ] update_scripts_classes | 
[  59% ] update_scripts_classes | 
[  60% ] update_scripts_classes | 
[  60% ] update_scripts_classes | 
[  61% ] update_scripts_classes | 
[  61% ] update_scripts_classes | 
[  62% ] update_scripts_classes | 
[  62% ] update_scripts_classes | 
[  63% ] update_scripts_classes | 
[  63% ] update_scripts_classes | 
[  64% ] update_scripts_classes | 
[  64% ] update_scripts_classes | 
[  65% ] update_scripts_classes | 
[  65% ] update_scripts_classes | 
[  66% ] update_scripts_classes | 
[  67% ] update_scripts_classes | 
[  67% ] update_scripts_classes | 
[  68% ] update_scripts_classes | 
[  68% ] update_scripts_classes | 
[  69% ] update_scripts_classes | S01FixtureIdentity
[  69% ] update_scripts_classes | S02ActorMotion
[  70% ] update_scripts_classes | S02AimProbe
[  70% ] update_scripts_classes | S02BuildingView
[  71% ] update_scripts_classes | S02CameraRig
[  71% ] update_scripts_classes | 
[  72% ] update_scripts_classes | 
[  72% ] update_scripts_classes | S02DesktopInput
[  73% ] update_scripts_classes | S02Fixture
[  73% ] update_scripts_classes | 
[  74% ] update_scripts_classes | S02ProbeOverlay
[  75% ] update_scripts_classes | S03Entity
[  75% ] update_scripts_classes | S03FakeTransport
[  76% ] update_scripts_classes | S03Match
[  76% ] update_scripts_classes | S03Proof
[  77% ] update_scripts_classes | S03Replication
[  77% ] update_scripts_classes | S03Session
[  78% ] update_scripts_classes | S03Transport
[  78% ] update_scripts_classes | S03RActor
[  79% ] update_scripts_classes | S03RMatch
[  79% ] update_scripts_classes | 
[  80% ] update_scripts_classes | S03RProof
[  80% ] update_scripts_classes | S03RReplication
[  81% ] update_scripts_classes | 
[  81% ] update_scripts_classes | S04BodyComparison
[  82% ] update_scripts_classes | S04CameraRig
[  82% ] update_scripts_classes | S04DesktopInput
[  83% ] update_scripts_classes | S04DriveRules
[  84% ] update_scripts_classes | S04Dynamic
[  84% ] update_scripts_classes | S04Kinematic
[  85% ] update_scripts_classes | S04Match
[  85% ] update_scripts_classes | 
[  86% ] update_scripts_classes | 
[  86% ] update_scripts_classes | 
[  87% ] update_scripts_classes | 
[  87% ] update_scripts_classes | S04Proof
[  88% ] update_scripts_classes | S04Replication
[  88% ] update_scripts_classes | S05Car
[  89% ] update_scripts_classes | S05Damage
[  89% ] update_scripts_classes | S05Match
[  90% ] update_scripts_classes | S05Presentation
[  90% ] update_scripts_classes | S05Proof
[  91% ] update_scripts_classes | S05Replication
[  92% ] update_scripts_classes | S05Session
[  92% ] update_scripts_classes | S06Anchor
[  93% ] update_scripts_classes | S06Bake
[  93% ] update_scripts_classes | S06City
[  94% ] update_scripts_classes | S06Controller
[  94% ] update_scripts_classes | S06Fixture
[  95% ] update_scripts_classes | S06Link
[  95% ] update_scripts_classes | S06Minimap
[  96% ] update_scripts_classes | 
[  96% ] update_scripts_classes | S06Sector
[  97% ] update_scripts_classes | S01EditorProbe
[  97% ] update_scripts_classes | S02EditorProbe
[  98% ] update_scripts_classes | S04EditorProbe
[  98% ] update_scripts_classes | S06EditorProbe
[ DONE ] update_scripts_classes

[   0% ] _update_scan_actions | Started Scanning actions... (19 steps)
[   0% ] _update_scan_actions | steam.svg
[   5% ] _update_scan_actions | icon.svg
[  10% ] _update_scan_actions | s01_rig.glb
[  15% ] _update_scan_actions | s01_static.glb
[  20% ] _update_scan_actions | s02_actor.glb
[  25% ] _update_scan_actions | s02_ground.glb
[  30% ] _update_scan_actions | s02_launcher.glb
[  35% ] _update_scan_actions | s02_low.glb
[  40% ] _update_scan_actions | s02_near.glb
[  45% ] _update_scan_actions | s02_pistol.glb
[  50% ] _update_scan_actions | s02_smg.glb
[  55% ] _update_scan_actions | s02_tall.glb
[  60% ] _update_scan_actions | s02_target.glb
[  65% ] _update_scan_actions | s04_car.glb
[  70% ] _update_scan_actions | s04_track.glb
[  75% ] _update_scan_actions | s06_east.glb
[  80% ] _update_scan_actions | s06_west.glb
[  85% ] _update_scan_actions | s01_palette.png
[  90% ] _update_scan_actions | icon.svg
[ DONE ] _update_scan_actions

[   0% ] reimport | Started (Re)Importing Assets (19 steps)
[   0% ] reimport | Preparing files to reimport...
[   5% ] reimport | Preparing files to reimport...
[  10% ] reimport | Preparing files to reimport...
[  15% ] reimport | Preparing files to reimport...
[  20% ] reimport | Preparing files to reimport...
[  25% ] reimport | Preparing files to reimport...
[  30% ] reimport | Preparing files to reimport...
[  35% ] reimport | Preparing files to reimport...
[  40% ] reimport | Preparing files to reimport...
[  45% ] reimport | Preparing files to reimport...
[  50% ] reimport | Preparing files to reimport...
[  55% ] reimport | Preparing files to reimport...
[  60% ] reimport | Preparing files to reimport...
[  65% ] reimport | Preparing files to reimport...
[  70% ] reimport | Preparing files to reimport...
[  75% ] reimport | Preparing files to reimport...
[  80% ] reimport | Preparing files to reimport...
[  85% ] reimport | Preparing files to reimport...
[  90% ] reimport | Preparing files to reimport...
[   0% ] reimport | Executing pre-reimport operations...
[   0% ] preload_reimporting_scene | Started Preparing scenes for reload (1 steps)
[   0% ] preload_reimporting_scene | Analyzing scene [empty]
[  50% ] preload_reimporting_scene | Preparation done.
[ DONE ] preload_reimporting_scene

[   0% ] reimport | icon.svg
[   5% ] reimport | s01_palette.png
[  10% ] reimport | steam.svg
[  15% ] reimport | icon.svg
[  20% ] reimport | s06_west.glb
[   0% ] import | Started Import Scene (104 steps)
[   0% ] import | Importing Scene...
[   1% ] import | Running Custom Script...
[  99% ] import | Saving...
[ DONE ] import

[  25% ] reimport | s06_east.glb
[   0% ] import | Started Import Scene (104 steps)
[   0% ] import | Importing Scene...
[   1% ] import | Running Custom Script...
[  99% ] import | Saving...
[ DONE ] import

[  30% ] reimport | s04_track.glb
[   0% ] import | Started Import Scene (104 steps)
[   0% ] import | Importing Scene...
[   1% ] import | Running Custom Script...
[  99% ] import | Saving...
[ DONE ] import

[  35% ] reimport | s04_car.glb
[   0% ] import | Started Import Scene (104 steps)
[   0% ] import | Importing Scene...
[   1% ] import | Running Custom Script...
[  99% ] import | Saving...
[ DONE ] import

[  40% ] reimport | s02_target.glb
[   0% ] import | Started Import Scene (104 steps)
[   0% ] import | Importing Scene...
[   1% ] import | Running Custom Script...
[  99% ] import | Saving...
[ DONE ] import

[  45% ] reimport | s02_tall.glb
[   0% ] import | Started Import Scene (104 steps)
[   0% ] import | Importing Scene...
[   1% ] import | Running Custom Script...
[  99% ] import | Saving...
[ DONE ] import

[  50% ] reimport | s02_smg.glb
[   0% ] import | Started Import Scene (104 steps)
[   0% ] import | Importing Scene...
[   1% ] import | Running Custom Script...
[  99% ] import | Saving...
[ DONE ] import

[  55% ] reimport | s02_pistol.glb
[   0% ] import | Started Import Scene (104 steps)
[   0% ] import | Importing Scene...
[   1% ] import | Running Custom Script...
[  99% ] import | Saving...
[ DONE ] import

[  60% ] reimport | s02_near.glb
[   0% ] import | Started Import Scene (104 steps)
[   0% ] import | Importing Scene...
[   1% ] import | Running Custom Script...
[  99% ] import | Saving...
[ DONE ] import

[  65% ] reimport | s02_low.glb
[   0% ] import | Started Import Scene (104 steps)
[   0% ] import | Importing Scene...
[   1% ] import | Running Custom Script...
[  99% ] import | Saving...
[ DONE ] import

[  70% ] reimport | s02_launcher.glb
[   0% ] import | Started Import Scene (104 steps)
[   0% ] import | Importing Scene...
[   1% ] import | Running Custom Script...
[  99% ] import | Saving...
[ DONE ] import

[  75% ] reimport | s02_ground.glb
[   0% ] import | Started Import Scene (104 steps)
[   0% ] import | Importing Scene...
[   1% ] import | Running Custom Script...
[  99% ] import | Saving...
[ DONE ] import

[  80% ] reimport | s02_actor.glb
[   0% ] import | Started Import Scene (104 steps)
[   0% ] import | Importing Scene...
[   1% ] import | Running Custom Script...
[  99% ] import | Saving...
[ DONE ] import

[  85% ] reimport | s01_static.glb
[   0% ] import | Started Import Scene (104 steps)
[   0% ] import | Importing Scene...
[   1% ] import | Running Custom Script...
[  99% ] import | Saving...
[ DONE ] import

[  90% ] reimport | s01_rig.glb
[   0% ] import | Started Import Scene (104 steps)
[   0% ] import | Importing Scene...
[   1% ] import | Running Custom Script...
[  99% ] import | Saving...
[ DONE ] import

[  95% ] reimport | Finalizing Asset Import...
[ DONE ] reimport

[   0% ] reimport | Started (Re)Importing Assets (19 steps)
[   0% ] reimport | Executing post-reimport operations...
[ DONE ] reimport

[   0% ] loading_editor_layout | Started Loading editor (5 steps)
[   0% ] loading_editor_layout | Loading editor layout...
[  16% ] loading_editor_layout | Loading docks...
[ DONE ] loading_editor_layout

