Godot Engine v4.8.dev7.official.c971f93e7 - https://godotengine.org

S03 {"case_deadline_ms":0,"clock_domain":"engine_elapsed_usec_pid_698117","close_outcome":"","event":"session_changed","operation":1,"participant":0,"phase":"STARTING","pid":698117,"role":"client","session_deadline_ms":15170,"ticks_usec":170908}
S03 {"case_deadline_ms":0,"clock_domain":"engine_elapsed_usec_pid_698117","close_outcome":"CANCELED","event":"close_started","operation":1,"outcome":"CANCELED","phase":"CLOSING","pid":698117,"role":"client","session_deadline_ms":15170,"ticks_usec":170943}
S03 {"case_deadline_ms":0,"clock_domain":"engine_elapsed_usec_pid_698117","close_outcome":"CANCELED","event":"session_changed","operation":1,"participant":0,"phase":"CLOSING","pid":698117,"role":"client","session_deadline_ms":15170,"ticks_usec":170968}
S03 {"case_deadline_ms":8170,"clock_domain":"engine_elapsed_usec_pid_698117","close_outcome":"CANCELED","event":"completed","operation":1,"outcome":"CANCELED","phase":"IDLE","pid":698117,"role":"client","session_deadline_ms":15170,"source_operation":1,"ticks_usec":171527}
S03 {"case_deadline_ms":8170,"clock_domain":"engine_elapsed_usec_pid_698117","close_outcome":"CANCELED","event":"session_changed","operation":1,"participant":0,"phase":"IDLE","pid":698117,"role":"client","session_deadline_ms":15170,"ticks_usec":171547}
S03 {"case_deadline_ms":8170,"clock_domain":"engine_elapsed_usec_pid_698117","close_outcome":"CANCELED","event":"session_changed","operation":2,"participant":0,"phase":"STARTING","pid":698117,"role":"client","session_deadline_ms":15171,"ticks_usec":171565}
S03 {"case_deadline_ms":8171,"clock_domain":"engine_elapsed_usec_pid_698117","close_outcome":"CANCELED","event":"completed","operation":2,"outcome":"OK","phase":"ACTIVE","pid":698117,"role":"client","session_deadline_ms":15171,"source_operation":2,"ticks_usec":220506}
S03 {"case_deadline_ms":8171,"clock_domain":"engine_elapsed_usec_pid_698117","close_outcome":"CANCELED","event":"session_changed","operation":2,"participant":1,"phase":"ACTIVE","pid":698117,"role":"client","session_deadline_ms":15171,"ticks_usec":220551}
S03 {"case_deadline_ms":8171,"clock_domain":"engine_elapsed_usec_pid_698117","close_outcome":"LEFT","event":"close_started","operation":3,"outcome":"LEFT","phase":"CLOSING","pid":698117,"role":"client","session_deadline_ms":15171,"ticks_usec":226866}
S03 {"case_deadline_ms":8171,"clock_domain":"engine_elapsed_usec_pid_698117","close_outcome":"LEFT","event":"session_changed","operation":3,"participant":1,"phase":"CLOSING","pid":698117,"role":"client","session_deadline_ms":15226,"ticks_usec":226900}
S03 {"case_deadline_ms":8226,"clock_domain":"engine_elapsed_usec_pid_698117","close_outcome":"LEFT","event":"completed","operation":3,"outcome":"LEFT","phase":"IDLE","pid":698117,"role":"client","session_deadline_ms":15226,"source_operation":3,"ticks_usec":247572}
S03 {"case_deadline_ms":8226,"clock_domain":"engine_elapsed_usec_pid_698117","close_outcome":"LEFT","event":"session_changed","operation":3,"participant":0,"phase":"IDLE","pid":698117,"role":"client","session_deadline_ms":15226,"ticks_usec":247600}
S03 {"case_deadline_ms":8226,"clock_domain":"engine_elapsed_usec_pid_698117","close_outcome":"LEFT","event":"session_changed","operation":4,"participant":0,"phase":"CONNECTING","pid":698117,"role":"client","session_deadline_ms":15261,"ticks_usec":261371}
S03 {"baseline":1,"case_deadline_ms":8261,"clock_domain":"engine_elapsed_usec_pid_698117","close_outcome":"LEFT","event":"baseline_installed","operation":4,"phase":"SYNCHRONIZING","pid":698117,"role":"client","session_deadline_ms":15261,"ticks_usec":331069}
S03 {"case_deadline_ms":8261,"clock_domain":"engine_elapsed_usec_pid_698117","close_outcome":"LEFT","event":"held_send","expected":"NOT_ADMITTED","operation":4,"phase":"SYNCHRONIZING","pid":698117,"role":"client","sequence":1,"session_deadline_ms":15261,"ticks_usec":337302}
S03 {"case_deadline_ms":8337,"clock_domain":"engine_elapsed_usec_pid_698117","close_outcome":"LEFT","event":"held_receipt","operation":4,"phase":"SYNCHRONIZING","pid":698117,"reason":"NOT_ADMITTED","role":"client","sequence":1,"session_deadline_ms":15261,"ticks_usec":351115}
S03 {"case_deadline_ms":8337,"clock_domain":"engine_elapsed_usec_pid_698117","close_outcome":"CANCELED","event":"close_started","operation":4,"outcome":"CANCELED","phase":"CLOSING","pid":698117,"role":"client","session_deadline_ms":15261,"ticks_usec":385584}
S03 {"case_deadline_ms":8337,"clock_domain":"engine_elapsed_usec_pid_698117","close_outcome":"CANCELED","event":"session_changed","operation":4,"participant":2,"phase":"CLOSING","pid":698117,"role":"client","session_deadline_ms":15385,"ticks_usec":385685}
S03 {"case_deadline_ms":8385,"clock_domain":"engine_elapsed_usec_pid_698117","close_outcome":"CANCELED","event":"completed","operation":4,"outcome":"CANCELED","phase":"IDLE","pid":698117,"role":"client","session_deadline_ms":15385,"source_operation":4,"ticks_usec":406282}
S03 {"case_deadline_ms":8385,"clock_domain":"engine_elapsed_usec_pid_698117","close_outcome":"CANCELED","event":"session_changed","operation":4,"participant":0,"phase":"IDLE","pid":698117,"role":"client","session_deadline_ms":15385,"ticks_usec":406324}
S03 {"case_deadline_ms":8385,"clock_domain":"engine_elapsed_usec_pid_698117","close_outcome":"CANCELED","event":"session_changed","operation":5,"participant":0,"phase":"CONNECTING","pid":698117,"role":"client","session_deadline_ms":15516,"ticks_usec":516673}
S03 {"baseline":2,"case_deadline_ms":8516,"clock_domain":"engine_elapsed_usec_pid_698117","close_outcome":"CANCELED","event":"baseline_installed","operation":5,"phase":"SYNCHRONIZING","pid":698117,"role":"client","session_deadline_ms":15516,"ticks_usec":586420}
S03 {"case_deadline_ms":8516,"clock_domain":"engine_elapsed_usec_pid_698117","close_outcome":"CANCELED","event":"completed","operation":5,"outcome":"OK","phase":"ACTIVE","pid":698117,"role":"client","session_deadline_ms":15516,"source_operation":5,"ticks_usec":627132}
S03 {"case_deadline_ms":8516,"clock_domain":"engine_elapsed_usec_pid_698117","close_outcome":"CANCELED","event":"session_changed","operation":5,"participant":3,"phase":"ACTIVE","pid":698117,"role":"client","session_deadline_ms":15516,"ticks_usec":627181}
S03 {"case_deadline_ms":8516,"clock_domain":"engine_elapsed_usec_pid_698117","close_outcome":"CANCELED","event":"held_send","expected":"OK","operation":5,"phase":"ACTIVE","pid":698117,"role":"client","sequence":1,"session_deadline_ms":15516,"ticks_usec":627275}
S03 {"case_deadline_ms":8627,"clock_domain":"engine_elapsed_usec_pid_698117","close_outcome":"CANCELED","event":"held_receipt","operation":5,"phase":"ACTIVE","pid":698117,"reason":"OK","role":"client","sequence":1,"session_deadline_ms":15516,"ticks_usec":647793}
S03 {"case_deadline_ms":8627,"clock_domain":"engine_elapsed_usec_pid_698117","close_outcome":"CANCELED","event":"held_send","expected":"STALE_SEQUENCE","operation":5,"phase":"ACTIVE","pid":698117,"role":"client","sequence":1,"session_deadline_ms":15516,"ticks_usec":689175}
S03 {"case_deadline_ms":8689,"clock_domain":"engine_elapsed_usec_pid_698117","close_outcome":"CANCELED","event":"held_receipt","operation":5,"phase":"ACTIVE","pid":698117,"reason":"STALE_SEQUENCE","role":"client","sequence":1,"session_deadline_ms":15516,"ticks_usec":709900}
S03 {"case_deadline_ms":8689,"clock_domain":"engine_elapsed_usec_pid_698117","close_outcome":"CANCELED","event":"held_send","expected":"STALE_CONTEXT","operation":5,"phase":"ACTIVE","pid":698117,"role":"client","sequence":2,"session_deadline_ms":15516,"ticks_usec":751278}
S03 {"case_deadline_ms":8751,"clock_domain":"engine_elapsed_usec_pid_698117","close_outcome":"CANCELED","event":"held_receipt","operation":5,"phase":"ACTIVE","pid":698117,"reason":"STALE_CONTEXT","role":"client","sequence":2,"session_deadline_ms":15516,"ticks_usec":772003}
S03 {"case_deadline_ms":8751,"clock_domain":"engine_elapsed_usec_pid_698117","close_outcome":"CANCELED","event":"held_send","expected":"INVALID","operation":5,"phase":"ACTIVE","pid":698117,"role":"client","sequence":3,"session_deadline_ms":15516,"ticks_usec":813387}
S03 {"case_deadline_ms":8813,"clock_domain":"engine_elapsed_usec_pid_698117","close_outcome":"CANCELED","event":"held_receipt","operation":5,"phase":"ACTIVE","pid":698117,"reason":"INVALID","role":"client","sequence":3,"session_deadline_ms":15516,"ticks_usec":834099}
S03 {"case_deadline_ms":8813,"clock_domain":"engine_elapsed_usec_pid_698117","close_outcome":"CANCELED","event":"held_send","expected":"INVALID","operation":5,"phase":"ACTIVE","pid":698117,"role":"client","sequence":4,"session_deadline_ms":15516,"ticks_usec":875492}
S03 {"case_deadline_ms":8875,"clock_domain":"engine_elapsed_usec_pid_698117","close_outcome":"CANCELED","event":"held_receipt","operation":5,"phase":"ACTIVE","pid":698117,"reason":"INVALID","role":"client","sequence":4,"session_deadline_ms":15516,"ticks_usec":896201}
S03 {"case_deadline_ms":8875,"clock_domain":"engine_elapsed_usec_pid_698117","close_outcome":"CANCELED","event":"held_send","expected":"WINDOW","operation":5,"phase":"ACTIVE","pid":698117,"role":"client","sequence":122,"session_deadline_ms":15516,"ticks_usec":937589}
S03 {"case_deadline_ms":8937,"clock_domain":"engine_elapsed_usec_pid_698117","close_outcome":"CANCELED","event":"held_receipt","operation":5,"phase":"ACTIVE","pid":698117,"reason":"WINDOW","role":"client","sequence":122,"session_deadline_ms":15516,"ticks_usec":958301}
S03 {"case_deadline_ms":8937,"clock_domain":"engine_elapsed_usec_pid_698117","close_outcome":"CANCELED","event":"held_send","expected":"WINDOW","operation":5,"phase":"ACTIVE","pid":698117,"role":"client","sequence":123,"session_deadline_ms":15516,"ticks_usec":999673}
S03 {"case_deadline_ms":8999,"clock_domain":"engine_elapsed_usec_pid_698117","close_outcome":"CANCELED","event":"held_receipt","operation":5,"phase":"ACTIVE","pid":698117,"reason":"WINDOW","role":"client","sequence":123,"session_deadline_ms":15516,"ticks_usec":1013499}
S03 {"case_deadline_ms":8999,"clock_domain":"engine_elapsed_usec_pid_698117","close_outcome":"CANCELED","event":"held_send","expected":"WINDOW","operation":5,"phase":"ACTIVE","pid":698117,"role":"client","sequence":124,"session_deadline_ms":15516,"ticks_usec":1047981}
S03 {"case_deadline_ms":9048,"clock_domain":"engine_elapsed_usec_pid_698117","close_outcome":"CANCELED","event":"held_receipt","operation":5,"phase":"ACTIVE","pid":698117,"reason":"WINDOW","role":"client","sequence":124,"session_deadline_ms":15516,"ticks_usec":1068694}
S03 {"baseline":3,"case_deadline_ms":9110,"clock_domain":"engine_elapsed_usec_pid_698117","close_outcome":"CANCELED","event":"baseline_installed","operation":5,"phase":"SYNCHRONIZING","pid":698117,"role":"client","session_deadline_ms":16110,"ticks_usec":1131187}
S03 {"case_deadline_ms":9110,"clock_domain":"engine_elapsed_usec_pid_698117","close_outcome":"CANCELED","event":"held_send","expected":"NOT_ADMITTED","operation":5,"phase":"SYNCHRONIZING","pid":698117,"role":"client","sequence":1,"session_deadline_ms":16110,"ticks_usec":1137676}
S03 {"case_deadline_ms":9137,"clock_domain":"engine_elapsed_usec_pid_698117","close_outcome":"CANCELED","event":"held_receipt","operation":5,"phase":"SYNCHRONIZING","pid":698117,"reason":"NOT_ADMITTED","role":"client","sequence":1,"session_deadline_ms":16110,"ticks_usec":1158408}
S03 {"case_deadline_ms":9199,"clock_domain":"engine_elapsed_usec_pid_698117","close_outcome":"CANCELED","event":"session_changed","operation":5,"participant":3,"phase":"ACTIVE","pid":698117,"role":"client","session_deadline_ms":16110,"ticks_usec":1241215}
S03 {"case_deadline_ms":9199,"clock_domain":"engine_elapsed_usec_pid_698117","close_outcome":"CANCELED","event":"held_send","expected":"STALE_CONTEXT","operation":5,"phase":"ACTIVE","pid":698117,"role":"client","sequence":1,"session_deadline_ms":16110,"ticks_usec":1241311}
S03 {"case_deadline_ms":9241,"clock_domain":"engine_elapsed_usec_pid_698117","close_outcome":"CANCELED","event":"held_receipt","operation":5,"phase":"ACTIVE","pid":698117,"reason":"STALE_CONTEXT","role":"client","sequence":1,"session_deadline_ms":16110,"ticks_usec":1261884}
S03 {"case_deadline_ms":9241,"clock_domain":"engine_elapsed_usec_pid_698117","close_outcome":"CANCELED","event":"held_send","expected":"OK","operation":5,"phase":"ACTIVE","pid":698117,"role":"client","sequence":1,"session_deadline_ms":16110,"ticks_usec":1303281}
S03 {"case_deadline_ms":9303,"clock_domain":"engine_elapsed_usec_pid_698117","close_outcome":"CANCELED","event":"held_receipt","operation":5,"phase":"ACTIVE","pid":698117,"reason":"OK","role":"client","sequence":1,"session_deadline_ms":16110,"ticks_usec":1323995}
S03 {"case_deadline_ms":10000,"clock_domain":"engine_elapsed_usec_pid_698117","close_outcome":"HOST_LOST","event":"close_started","operation":5,"outcome":"HOST_LOST","phase":"CLOSING","pid":698117,"role":"client","session_deadline_ms":16110,"ticks_usec":2131272}
S03 {"case_deadline_ms":10000,"clock_domain":"engine_elapsed_usec_pid_698117","close_outcome":"HOST_LOST","event":"session_changed","operation":5,"participant":3,"phase":"CLOSING","pid":698117,"role":"client","session_deadline_ms":17131,"ticks_usec":2131330}
S03 {"case_deadline_ms":10000,"clock_domain":"engine_elapsed_usec_pid_698117","close_outcome":"HOST_LOST","event":"session_changed","operation":5,"participant":0,"phase":"IDLE","pid":698117,"role":"client","session_deadline_ms":17131,"ticks_usec":2145083}
S03 {"baseline_bytes":0,"case_deadline_ms":10000,"cases":["provider_substitution_late_cleanup","baseline_cancel_retry","held_window_resync","subset_reorder_loss_recovery"],"clock_domain":"engine_elapsed_usec_pid_698117","close_outcome":"HOST_LOST","event":"result","max_held_bytes":0,"max_movement_bytes":0,"movement_received":5,"ok":true,"operation":5,"phase":"IDLE","pid":698117,"role":"client","session_deadline_ms":17131,"steam_available":false,"ticks_usec":2151994,"user_dir":"/tmp/s08-lifecycle-debug01/client/user/data/godot/app_userdata/Fun Things"}
