Godot Engine v4.8.dev7.official.c971f93e7 - https://godotengine.org

[   0% ] first_scan_filesystem | Started Project initialization (5 steps)
[   0% ] first_scan_filesystem | Scanning file structure...
[  16% ] first_scan_filesystem | Loading global class names...
[  33% ] first_scan_filesystem | Verifying GDExtensions...
[  50% ] first_scan_filesystem | Creating autoload scripts...
[  66% ] first_scan_filesystem | Initializing plugins...
[  83% ] first_scan_filesystem | Starting file scan...
[ DONE ] first_scan_filesystem

[   0% ] update_scripts_classes | Started Registering global classes... (150 steps)
[   0% ] update_scripts_classes | 
[   0% ] update_scripts_classes | 
[   1% ] update_scripts_classes | GodotSteamPlugin
[   1% ] update_scripts_classes | 
[   2% ] update_scripts_classes | 
[   3% ] update_scripts_classes | 
[   3% ] update_scripts_classes | 
[   4% ] update_scripts_classes | 
[   5% ] update_scripts_classes | 
[   5% ] update_scripts_classes | 
[   6% ] update_scripts_classes | 
[   7% ] update_scripts_classes | 
[   7% ] update_scripts_classes | 
[   8% ] update_scripts_classes | 
[   9% ] update_scripts_classes | 
[   9% ] update_scripts_classes | 
[  10% ] update_scripts_classes | 
[  11% ] update_scripts_classes | 
[  11% ] update_scripts_classes | 
[  12% ] update_scripts_classes | 
[  13% ] update_scripts_classes | 
[  13% ] update_scripts_classes | 
[  14% ] update_scripts_classes | 
[  15% ] update_scripts_classes | 
[  15% ] update_scripts_classes | 
[  16% ] update_scripts_classes | 
[  17% ] update_scripts_classes | 
[  17% ] update_scripts_classes | 
[  18% ] update_scripts_classes | 
[  19% ] update_scripts_classes | 
[  19% ] update_scripts_classes | 
[  20% ] update_scripts_classes | 
[  21% ] update_scripts_classes | 
[  21% ] update_scripts_classes | 
[  22% ] update_scripts_classes | 
[  23% ] update_scripts_classes | 
[  23% ] update_scripts_classes | 
[  24% ] update_scripts_classes | 
[  25% ] update_scripts_classes | 
[  25% ] update_scripts_classes | 
[  26% ] update_scripts_classes | 
[  27% ] update_scripts_classes | 
[  27% ] update_scripts_classes | 
[  28% ] update_scripts_classes | 
[  29% ] update_scripts_classes | 
[  29% ] update_scripts_classes | 
[  30% ] update_scripts_classes | MCPToolkitCommandOptions
[  31% ] update_scripts_classes | MCPToolkitError
[  31% ] update_scripts_classes | MCPToolkitSuccess
[  32% ] update_scripts_classes | MCPToolkitToolContext
[  33% ] update_scripts_classes | 
[  33% ] update_scripts_classes | 
[  34% ] update_scripts_classes | 
[  35% ] update_scripts_classes | 
[  35% ] update_scripts_classes | 
[  36% ] update_scripts_classes | 
[  37% ] update_scripts_classes | 
[  37% ] update_scripts_classes | 
[  38% ] update_scripts_classes | 
[  39% ] update_scripts_classes | 
[  39% ] update_scripts_classes | 
[  40% ] update_scripts_classes | 
[  41% ] update_scripts_classes | 
[  41% ] update_scripts_classes | 
[  42% ] update_scripts_classes | 
[  43% ] update_scripts_classes | 
[  43% ] update_scripts_classes | 
[  44% ] update_scripts_classes | 
[  45% ] update_scripts_classes | 
[  45% ] update_scripts_classes | 
[  46% ] update_scripts_classes | 
[  47% ] update_scripts_classes | MCPToolkitExtension
[  47% ] update_scripts_classes | MCPToolkitExtensionOptions
[  48% ] update_scripts_classes | 
[  49% ] update_scripts_classes | 
[  49% ] update_scripts_classes | 
[  50% ] update_scripts_classes | 
[  50% ] update_scripts_classes | 
[  51% ] update_scripts_classes | 
[  52% ] update_scripts_classes | 
[  52% ] update_scripts_classes | 
[  53% ] update_scripts_classes | 
[  54% ] update_scripts_classes | 
[  54% ] update_scripts_classes | 
[  55% ] update_scripts_classes | 
[  56% ] update_scripts_classes | 
[  56% ] update_scripts_classes | MCPToolkitSafeSceneOps
[  57% ] update_scripts_classes | MCPToolkitUndoRedoAction
[  58% ] update_scripts_classes | 
[  58% ] update_scripts_classes | 
[  59% ] update_scripts_classes | 
[  60% ] update_scripts_classes | 
[  60% ] update_scripts_classes | 
[  61% ] update_scripts_classes | 
[  62% ] update_scripts_classes | 
[  62% ] update_scripts_classes | 
[  63% ] update_scripts_classes | 
[  64% ] update_scripts_classes | 
[  64% ] update_scripts_classes | 
[  65% ] update_scripts_classes | 
[  66% ] update_scripts_classes | 
[  66% ] update_scripts_classes | 
[  67% ] update_scripts_classes | MCPToolkitCommandRegistry
[  68% ] update_scripts_classes | 
[  68% ] update_scripts_classes | 
[  69% ] update_scripts_classes | 
[  70% ] update_scripts_classes | 
[  70% ] update_scripts_classes | 
[  71% ] update_scripts_classes | 
[  72% ] update_scripts_classes | 
[  72% ] update_scripts_classes | 
[  73% ] update_scripts_classes | 
[  74% ] update_scripts_classes | 
[  74% ] update_scripts_classes | 
[  75% ] update_scripts_classes | 
[  76% ] update_scripts_classes | 
[  76% ] update_scripts_classes | 
[  77% ] update_scripts_classes | 
[  78% ] update_scripts_classes | 
[  78% ] update_scripts_classes | 
[  79% ] update_scripts_classes | 
[  80% ] update_scripts_classes | 
[  80% ] update_scripts_classes | 
[  81% ] update_scripts_classes | 
[  82% ] update_scripts_classes | 
[  82% ] update_scripts_classes | 
[  83% ] update_scripts_classes | 
[  84% ] update_scripts_classes | 
[  84% ] update_scripts_classes | 
[  85% ] update_scripts_classes | 
[  86% ] update_scripts_classes | S01FixtureIdentity
[  86% ] update_scripts_classes | S02ActorMotion
[  87% ] update_scripts_classes | S02AimProbe
[  88% ] update_scripts_classes | S02BuildingView
[  88% ] update_scripts_classes | S02CameraRig
[  89% ] update_scripts_classes | 
[  90% ] update_scripts_classes | 
[  90% ] update_scripts_classes | S02DesktopInput
[  91% ] update_scripts_classes | S02Fixture
[  92% ] update_scripts_classes | 
[  92% ] update_scripts_classes | S02ProbeOverlay
[  93% ] update_scripts_classes | S03Entity
[  94% ] update_scripts_classes | S03FakeTransport
[  94% ] update_scripts_classes | S03Match
[  95% ] update_scripts_classes | S03Proof
[  96% ] update_scripts_classes | S03Replication
[  96% ] update_scripts_classes | S03Session
[  97% ] update_scripts_classes | S03Transport
[  98% ] update_scripts_classes | S01EditorProbe
[  98% ] update_scripts_classes | S02EditorProbe
[ DONE ] update_scripts_classes

[   0% ] _update_scan_actions | Started Scanning actions... (15 steps)
[   0% ] _update_scan_actions | steam.svg
[   6% ] _update_scan_actions | icon.svg
[  12% ] _update_scan_actions | s01_rig.glb
[  18% ] _update_scan_actions | s01_static.glb
[  25% ] _update_scan_actions | s02_actor.glb
[  31% ] _update_scan_actions | s02_ground.glb
[  37% ] _update_scan_actions | s02_launcher.glb
[  43% ] _update_scan_actions | s02_low.glb
[  50% ] _update_scan_actions | s02_near.glb
[  56% ] _update_scan_actions | s02_pistol.glb
[  62% ] _update_scan_actions | s02_smg.glb
[  68% ] _update_scan_actions | s02_tall.glb
[  75% ] _update_scan_actions | s02_target.glb
[  81% ] _update_scan_actions | s01_palette.png
[  87% ] _update_scan_actions | icon.svg
[ DONE ] _update_scan_actions

[   0% ] reimport | Started (Re)Importing Assets (15 steps)
[   0% ] reimport | Preparing files to reimport...
[   6% ] reimport | Preparing files to reimport...
[  12% ] reimport | Preparing files to reimport...
[  18% ] reimport | Preparing files to reimport...
[  25% ] reimport | Preparing files to reimport...
[  31% ] reimport | Preparing files to reimport...
[  37% ] reimport | Preparing files to reimport...
[  43% ] reimport | Preparing files to reimport...
[  50% ] reimport | Preparing files to reimport...
[  56% ] reimport | Preparing files to reimport...
[  62% ] reimport | Preparing files to reimport...
[  68% ] reimport | Preparing files to reimport...
[  75% ] reimport | Preparing files to reimport...
[  81% ] reimport | Preparing files to reimport...
[  87% ] reimport | Preparing files to reimport...
[   0% ] reimport | Executing pre-reimport operations...
[   0% ] preload_reimporting_scene | Started Preparing scenes for reload (1 steps)
[   0% ] preload_reimporting_scene | Analyzing scene [empty]
[  50% ] preload_reimporting_scene | Preparation done.
[ DONE ] preload_reimporting_scene

[   0% ] reimport | steam.svg
[   6% ] reimport | icon.svg
[  12% ] reimport | s01_palette.png
[  18% ] reimport | icon.svg
[  25% ] reimport | s01_rig.glb
[   0% ] import | Started Import Scene (104 steps)
[   0% ] import | Importing Scene...
[   1% ] import | Running Custom Script...
[  99% ] import | Saving...
[ DONE ] import

[  31% ] reimport | s01_static.glb
[   0% ] import | Started Import Scene (104 steps)
[   0% ] import | Importing Scene...
[   1% ] import | Running Custom Script...
[  99% ] import | Saving...
[ DONE ] import

[  37% ] reimport | s02_actor.glb
[   0% ] import | Started Import Scene (104 steps)
[   0% ] import | Importing Scene...
[   1% ] import | Running Custom Script...
[  99% ] import | Saving...
[ DONE ] import

[  43% ] reimport | s02_ground.glb
[   0% ] import | Started Import Scene (104 steps)
[   0% ] import | Importing Scene...
[   1% ] import | Running Custom Script...
[  99% ] import | Saving...
[ DONE ] import

[  50% ] reimport | s02_launcher.glb
[   0% ] import | Started Import Scene (104 steps)
[   0% ] import | Importing Scene...
[   1% ] import | Running Custom Script...
[  99% ] import | Saving...
[ DONE ] import

[  56% ] reimport | s02_low.glb
[   0% ] import | Started Import Scene (104 steps)
[   0% ] import | Importing Scene...
[   1% ] import | Running Custom Script...
[  99% ] import | Saving...
[ DONE ] import

[  62% ] reimport | s02_near.glb
[   0% ] import | Started Import Scene (104 steps)
[   0% ] import | Importing Scene...
[   1% ] import | Running Custom Script...
[  99% ] import | Saving...
[ DONE ] import

[  68% ] reimport | s02_pistol.glb
[   0% ] import | Started Import Scene (104 steps)
[   0% ] import | Importing Scene...
[   1% ] import | Running Custom Script...
[  99% ] import | Saving...
[ DONE ] import

[  75% ] reimport | s02_smg.glb
[   0% ] import | Started Import Scene (104 steps)
[   0% ] import | Importing Scene...
[   1% ] import | Running Custom Script...
[  99% ] import | Saving...
[ DONE ] import

[  81% ] reimport | s02_tall.glb
[   0% ] import | Started Import Scene (104 steps)
[   0% ] import | Importing Scene...
[   1% ] import | Running Custom Script...
[  99% ] import | Saving...
[ DONE ] import

[  87% ] reimport | s02_target.glb
[   0% ] import | Started Import Scene (104 steps)
[   0% ] import | Importing Scene...
[   1% ] import | Running Custom Script...
[  99% ] import | Saving...
[ DONE ] import

[  93% ] reimport | Finalizing Asset Import...
[ DONE ] reimport

[   0% ] reimport | Started (Re)Importing Assets (15 steps)
[   0% ] reimport | Executing post-reimport operations...
[ DONE ] reimport

[   0% ] loading_editor_layout | Started Loading editor (5 steps)
[   0% ] loading_editor_layout | Loading editor layout...
[  16% ] loading_editor_layout | Loading docks...
[ DONE ] loading_editor_layout

