00:00.310  blend            | Read blend: "/home/regner/.paseo/worktrees/0u71f39f/brackett-rocket-launcher/art/source/models/rocket_launcher/dock_thumper_a.blend"
INFO Draco is available, use library at /usr/lib/blender/5.2/scripts/addons_core/io_scene_gltf2/libbf_intern_draco_bridge.so
ERROR MeshOptimizer is not available because library could not be found at /usr/lib/blender/5.2/scripts/addons_core/io_scene_gltf2/libbf_intern_meshopt_bridge.so
14:10:05 | INFO: Starting glTF 2.0 export
14:10:05 | INFO: Extracting primitive: CoralMuzzleCollar_mesh
14:10:05 | INFO: Primitives created: 1
14:10:05 | INFO: Extracting primitive: Cube.003
14:10:05 | INFO: Primitives created: 1
14:10:05 | INFO: Extracting primitive: Cube.004
14:10:05 | INFO: Primitives created: 1
14:10:05 | INFO: Extracting primitive: FrontGraphiteBand_mesh
14:10:05 | INFO: Primitives created: 1
14:10:05 | INFO: Extracting primitive: Cube.012
14:10:05 | INFO: Primitives created: 1
14:10:05 | INFO: Extracting primitive: Cube.010
14:10:05 | INFO: Primitives created: 1
14:10:05 | INFO: Extracting primitive: Cube.005
14:10:05 | INFO: Primitives created: 1
14:10:05 | INFO: Extracting primitive: IvoryCrown_mesh
14:10:05 | INFO: Primitives created: 1
14:10:05 | INFO: Extracting primitive: Cylinder.001
14:10:05 | INFO: Primitives created: 1
14:10:05 | INFO: Extracting primitive: RearGraphiteCollar_mesh
14:10:05 | INFO: Primitives created: 1
14:10:05 | INFO: Extracting primitive: RearIvoryBand_mesh
14:10:05 | INFO: Primitives created: 1
14:10:05 | INFO: Extracting primitive: Cylinder.002
14:10:05 | INFO: Primitives created: 1
14:10:05 | INFO: Extracting primitive: Cube.013
14:10:05 | INFO: Primitives created: 1
14:10:05 | INFO: Extracting primitive: Cube.011
14:10:05 | INFO: Primitives created: 1
14:10:05 | INFO: Extracting primitive: Cube.009
14:10:05 | INFO: Primitives created: 1
14:10:05 | INFO: Extracting primitive: Cube.008
14:10:05 | INFO: Primitives created: 1
14:10:05 | INFO: Extracting primitive: Cube.002
14:10:05 | INFO: Primitives created: 1
14:10:05 | INFO: Extracting primitive: Cube.001
14:10:05 | INFO: Primitives created: 1
14:10:05 | INFO: Extracting primitive: Cube.006
14:10:05 | INFO: Primitives created: 1
14:10:05 | INFO: Extracting primitive: Cube.007
14:10:05 | INFO: Primitives created: 1
14:10:05 | INFO: Extracting primitive: Cylinder
14:10:05 | INFO: Primitives created: 1
14:10:05 | INFO: Extracting primitive: Cube
14:10:05 | INFO: Primitives created: 1
14:10:05 | INFO: Finished glTF 2.0 export in 0.0414886474609375 s

14:10:05 | INFO: Starting glTF 2.0 export
14:10:05 | INFO: Extracting primitive: Cylinder.004
14:10:05 | INFO: Primitives created: 1
14:10:05 | INFO: Extracting primitive: ExhaustRim_mesh
14:10:05 | INFO: Primitives created: 1
14:10:05 | INFO: Extracting primitive: IvoryFin_0_mesh
14:10:05 | INFO: Primitives created: 1
14:10:05 | INFO: Extracting primitive: IvoryFin_1_mesh
14:10:05 | INFO: Primitives created: 1
14:10:05 | INFO: Extracting primitive: IvoryFin_2_mesh
14:10:05 | INFO: Primitives created: 1
14:10:05 | INFO: Extracting primitive: Cylinder.003
14:10:05 | INFO: Primitives created: 1
14:10:05 | INFO: Extracting primitive: RocketIvoryBand_mesh
14:10:05 | INFO: Primitives created: 1
14:10:05 | INFO: Extracting primitive: RoundedCoralNose_mesh
14:10:05 | INFO: Primitives created: 1
14:10:05 | INFO: Finished glTF 2.0 export in 0.015561819076538086 s

14:10:05 | INFO: Starting glTF 2.0 export
14:10:05 | INFO: Extracting primitive: Cube.014
14:10:05 | INFO: Primitives created: 1
14:10:05 | INFO: Extracting primitive: Cube.015
14:10:05 | INFO: Primitives created: 1
14:10:05 | INFO: Extracting primitive: Cube.017
14:10:05 | INFO: Primitives created: 1
14:10:05 | INFO: Extracting primitive: Cube.016
14:10:05 | INFO: Primitives created: 1
14:10:05 | INFO: Finished glTF 2.0 export in 0.008298397064208984 s

Blender 5.2.2 LTS (hash d13f752e3b9c built 2026-09-22 17:10:25)

Blender quit
