Godot Engine v4.8.dev7.official.c971f93e7 - https://godotengine.org

S12 {"client_hit":false,"event":"shot_sent","phase":"ACTIVE","pid":67600,"role":"client","sequence":1,"target":"pedestrian","view_age_ms":180.0,"wall_usec":1791529303190000}
S12 {"event":"verdict","phase":"ACTIVE","pid":67600,"role":"client","row":{"accepted":true,"client_hit":false,"current_hit":false,"reason":"OK","rewind_age_ms":256.0,"rewind_clamped":true,"rewind_cpu_usec":24,"rewind_hit":false,"sequence":1,"speed":1.5,"target":"pedestrian"},"wall_usec":1791529303327000}
S12 {"client_hit":true,"event":"shot_sent","phase":"ACTIVE","pid":67600,"role":"client","sequence":2,"target":"car","view_age_ms":180.0,"wall_usec":1791529303341000}
S12 {"event":"rocket","phase":"ACTIVE","pid":67600,"role":"client","row":{"accepted":true,"launch_usec":1791529303293000,"sent_usec":1791529303194000,"sequence":1},"wall_usec":1791529303371000}
S12 {"client_hit":true,"event":"shot_sent","phase":"ACTIVE","pid":67600,"role":"client","sequence":3,"target":"pedestrian","view_age_ms":210.0,"wall_usec":1791529303475000}
S12 {"event":"verdict","phase":"ACTIVE","pid":67600,"role":"client","row":{"accepted":true,"client_hit":true,"current_hit":false,"reason":"OK","rewind_age_ms":248.0,"rewind_clamped":true,"rewind_cpu_usec":12,"rewind_hit":true,"sequence":2,"speed":12.0,"target":"car"},"wall_usec":1791529303515000}
S12 {"client_hit":true,"event":"shot_sent","phase":"ACTIVE","pid":67600,"role":"client","sequence":4,"target":"car","view_age_ms":216.0,"wall_usec":1791529303626000}
S12 {"event":"verdict","phase":"ACTIVE","pid":67600,"role":"client","row":{"accepted":true,"client_hit":true,"current_hit":true,"reason":"OK","rewind_age_ms":252.0,"rewind_clamped":true,"rewind_cpu_usec":21,"rewind_hit":true,"sequence":3,"speed":1.5,"target":"pedestrian"},"wall_usec":1791529303661000}
S12 {"client_hit":false,"event":"shot_sent","phase":"ACTIVE","pid":67600,"role":"client","sequence":5,"target":"pedestrian","view_age_ms":154.0,"wall_usec":1791529303778000}
S12 {"event":"verdict","phase":"ACTIVE","pid":67600,"role":"client","row":{"accepted":true,"client_hit":true,"current_hit":false,"reason":"OK","rewind_age_ms":258.0,"rewind_clamped":true,"rewind_cpu_usec":23,"rewind_hit":true,"sequence":4,"speed":12.0,"target":"car"},"wall_usec":1791529303806000}
S12 {"client_hit":false,"event":"shot_sent","phase":"ACTIVE","pid":67600,"role":"client","sequence":6,"target":"car","view_age_ms":205.0,"wall_usec":1791529303923000}
S12 {"event":"verdict","phase":"ACTIVE","pid":67600,"role":"client","row":{"accepted":true,"client_hit":false,"current_hit":true,"reason":"OK","rewind_age_ms":233.0,"rewind_clamped":false,"rewind_cpu_usec":113,"rewind_hit":false,"sequence":5,"speed":1.5,"target":"pedestrian"},"wall_usec":1791529303951000}
S12 {"client_hit":true,"event":"shot_sent","phase":"ACTIVE","pid":67600,"role":"client","sequence":7,"target":"pedestrian","view_age_ms":217.0,"wall_usec":1791529304074000}
S12 {"event":"verdict","phase":"ACTIVE","pid":67600,"role":"client","row":{"accepted":true,"client_hit":false,"current_hit":false,"reason":"OK","rewind_age_ms":250.0,"rewind_clamped":true,"rewind_cpu_usec":25,"rewind_hit":true,"sequence":6,"speed":12.0,"target":"car"},"wall_usec":1791529304082000}
S12 {"client_hit":true,"event":"shot_sent","phase":"ACTIVE","pid":67600,"role":"client","sequence":8,"target":"car","view_age_ms":216.0,"wall_usec":1791529304228000}
S12 {"event":"verdict","phase":"ACTIVE","pid":67600,"role":"client","row":{"accepted":true,"client_hit":true,"current_hit":false,"reason":"OK","rewind_age_ms":265.0,"rewind_clamped":true,"rewind_cpu_usec":13,"rewind_hit":true,"sequence":7,"speed":1.5,"target":"pedestrian"},"wall_usec":1791529304239000}
S12 {"event":"verdict","phase":"ACTIVE","pid":67600,"role":"client","row":{"accepted":true,"client_hit":true,"current_hit":false,"reason":"OK","rewind_age_ms":244.0,"rewind_clamped":true,"rewind_cpu_usec":99,"rewind_hit":true,"sequence":8,"speed":12.0,"target":"car"},"wall_usec":1791529304366000}
S12 {"client_hit":true,"event":"shot_sent","phase":"ACTIVE","pid":67600,"role":"client","sequence":9,"target":"pedestrian","view_age_ms":207.0,"wall_usec":1791529304375000}
S12 {"client_hit":false,"event":"shot_sent","phase":"ACTIVE","pid":67600,"role":"client","sequence":10,"target":"car","view_age_ms":216.0,"wall_usec":1791529304522000}
S12 {"event":"verdict","phase":"ACTIVE","pid":67600,"role":"client","row":{"accepted":true,"client_hit":true,"current_hit":true,"reason":"OK","rewind_age_ms":248.0,"rewind_clamped":true,"rewind_cpu_usec":27,"rewind_hit":true,"sequence":9,"speed":1.5,"target":"pedestrian"},"wall_usec":1791529304553000}
S12 {"event":"rocket","phase":"ACTIVE","pid":67600,"role":"client","row":{"accepted":true,"launch_usec":1791529304476000,"sent_usec":1791529304386000,"sequence":2},"wall_usec":1791529304558000}
S12 {"event":"verdict","phase":"ACTIVE","pid":67600,"role":"client","row":{"accepted":true,"client_hit":false,"current_hit":false,"reason":"OK","rewind_age_ms":263.0,"rewind_clamped":true,"rewind_cpu_usec":31,"rewind_hit":false,"sequence":10,"speed":12.0,"target":"car"},"wall_usec":1791529304660000}
S12 {"client_hit":false,"event":"shot_sent","phase":"ACTIVE","pid":67600,"role":"client","sequence":11,"target":"pedestrian","view_age_ms":184.0,"wall_usec":1791529304691000}
S12 {"client_hit":true,"event":"shot_sent","phase":"ACTIVE","pid":67600,"role":"client","sequence":12,"target":"car","view_age_ms":216.0,"wall_usec":1791529304830000}
S12 {"client_hit":true,"event":"shot_sent","phase":"ACTIVE","pid":67600,"role":"client","sequence":13,"target":"pedestrian","view_age_ms":220.0,"wall_usec":1791529304972000}
S12 {"event":"verdict","phase":"ACTIVE","pid":67600,"role":"client","row":{"accepted":true,"client_hit":false,"current_hit":false,"reason":"OK","rewind_age_ms":245.0,"rewind_clamped":true,"rewind_cpu_usec":27,"rewind_hit":false,"sequence":11,"speed":1.5,"target":"pedestrian"},"wall_usec":1791529305096000}
S12 {"event":"verdict","phase":"ACTIVE","pid":67600,"role":"client","row":{"accepted":true,"client_hit":true,"current_hit":false,"reason":"OK","rewind_age_ms":251.0,"rewind_clamped":true,"rewind_cpu_usec":34,"rewind_hit":true,"sequence":12,"speed":12.0,"target":"car"},"wall_usec":1791529305100000}
S12 {"client_hit":true,"event":"shot_sent","phase":"ACTIVE","pid":67600,"role":"client","sequence":14,"target":"car","view_age_ms":217.0,"wall_usec":1791529305127000}
S12 {"event":"verdict","phase":"ACTIVE","pid":67600,"role":"client","row":{"accepted":true,"client_hit":true,"current_hit":true,"reason":"OK","rewind_age_ms":251.0,"rewind_clamped":true,"rewind_cpu_usec":179,"rewind_hit":true,"sequence":13,"speed":1.5,"target":"pedestrian"},"wall_usec":1791529305133000}
S12 {"client_hit":false,"event":"shot_sent","phase":"ACTIVE","pid":67600,"role":"client","sequence":15,"target":"pedestrian","view_age_ms":218.0,"wall_usec":1791529305282000}
S12 {"event":"verdict","phase":"ACTIVE","pid":67600,"role":"client","row":{"accepted":true,"client_hit":true,"current_hit":false,"reason":"OK","rewind_age_ms":248.0,"rewind_clamped":true,"rewind_cpu_usec":171,"rewind_hit":false,"sequence":14,"speed":12.0,"target":"car"},"wall_usec":1791529305344000}
S12 {"event":"verdict","phase":"ACTIVE","pid":67600,"role":"client","row":{"accepted":true,"client_hit":false,"current_hit":true,"reason":"OK","rewind_age_ms":250.0,"rewind_clamped":true,"rewind_cpu_usec":20,"rewind_hit":false,"sequence":15,"speed":1.5,"target":"pedestrian"},"wall_usec":1791529305420000}
S12 {"client_hit":false,"event":"shot_sent","phase":"ACTIVE","pid":67600,"role":"client","sequence":16,"target":"car","view_age_ms":222.0,"wall_usec":1791529305427000}
S12 {"client_hit":true,"event":"shot_sent","phase":"ACTIVE","pid":67600,"role":"client","sequence":17,"target":"pedestrian","view_age_ms":215.0,"wall_usec":1791529305577000}
S12 {"event":"verdict","phase":"ACTIVE","pid":67600,"role":"client","row":{"accepted":true,"client_hit":false,"current_hit":false,"reason":"OK","rewind_age_ms":248.0,"rewind_clamped":true,"rewind_cpu_usec":136,"rewind_hit":false,"sequence":16,"speed":12.0,"target":"car"},"wall_usec":1791529305625000}
S12 {"client_hit":true,"event":"shot_sent","phase":"ACTIVE","pid":67600,"role":"client","sequence":18,"target":"car","view_age_ms":217.0,"wall_usec":1791529305732000}
S12 {"event":"verdict","phase":"ACTIVE","pid":67600,"role":"client","row":{"accepted":true,"client_hit":true,"current_hit":false,"reason":"OK","rewind_age_ms":250.0,"rewind_clamped":true,"rewind_cpu_usec":29,"rewind_hit":true,"sequence":17,"speed":1.5,"target":"pedestrian"},"wall_usec":1791529305747000}
S12 {"event":"rocket","phase":"ACTIVE","pid":67600,"role":"client","row":{"accepted":true,"launch_usec":1791529305686000,"sent_usec":1791529305584000,"sequence":3},"wall_usec":1791529305778000}
S12 {"client_hit":true,"event":"shot_sent","phase":"ACTIVE","pid":67600,"role":"client","sequence":19,"target":"pedestrian","view_age_ms":170.0,"wall_usec":1791529305887000}
S12 {"event":"verdict","phase":"ACTIVE","pid":67600,"role":"client","row":{"accepted":true,"client_hit":true,"current_hit":false,"reason":"OK","rewind_age_ms":248.0,"rewind_clamped":true,"rewind_cpu_usec":68,"rewind_hit":true,"sequence":18,"speed":12.0,"target":"car"},"wall_usec":1791529305903000}
S12 {"client_hit":false,"event":"shot_sent","phase":"ACTIVE","pid":67600,"role":"client","sequence":20,"target":"car","view_age_ms":217.0,"wall_usec":1791529306026000}
S12 {"event":"verdict","phase":"ACTIVE","pid":67600,"role":"client","row":{"accepted":true,"client_hit":true,"current_hit":true,"reason":"OK","rewind_age_ms":248.0,"rewind_clamped":true,"rewind_cpu_usec":16,"rewind_hit":true,"sequence":19,"speed":1.5,"target":"pedestrian"},"wall_usec":1791529306057000}
S12 {"event":"verdict","phase":"ACTIVE","pid":67600,"role":"client","row":{"accepted":true,"client_hit":false,"current_hit":false,"reason":"OK","rewind_age_ms":247.0,"rewind_clamped":true,"rewind_cpu_usec":14,"rewind_hit":true,"sequence":20,"speed":12.0,"target":"car"},"wall_usec":1791529306165000}
S12 {"client_hit":false,"event":"shot_sent","phase":"ACTIVE","pid":67600,"role":"client","sequence":21,"target":"pedestrian","view_age_ms":170.0,"wall_usec":1791529306180000}
S12 {"client_hit":true,"event":"shot_sent","phase":"ACTIVE","pid":67600,"role":"client","sequence":22,"target":"car","view_age_ms":231.0,"wall_usec":1791529306334000}
S12 {"event":"verdict","phase":"ACTIVE","pid":67600,"role":"client","row":{"accepted":true,"client_hit":false,"current_hit":false,"reason":"OK","rewind_age_ms":249.0,"rewind_clamped":true,"rewind_cpu_usec":16,"rewind_hit":false,"sequence":21,"speed":1.5,"target":"pedestrian"},"wall_usec":1791529306397000}
S12 {"client_hit":true,"event":"shot_sent","phase":"ACTIVE","pid":67600,"role":"client","sequence":23,"target":"pedestrian","view_age_ms":216.0,"wall_usec":1791529306474000}
S12 {"event":"verdict","phase":"ACTIVE","pid":67600,"role":"client","row":{"accepted":true,"client_hit":true,"current_hit":false,"reason":"OK","rewind_age_ms":250.0,"rewind_clamped":true,"rewind_cpu_usec":19,"rewind_hit":false,"sequence":22,"speed":12.0,"target":"car"},"wall_usec":1791529306504000}
S12 {"client_hit":true,"event":"shot_sent","phase":"ACTIVE","pid":67600,"role":"client","sequence":24,"target":"car","view_age_ms":217.0,"wall_usec":1791529306630000}
S12 {"event":"verdict","phase":"ACTIVE","pid":67600,"role":"client","row":{"accepted":true,"client_hit":true,"current_hit":true,"reason":"OK","rewind_age_ms":248.0,"rewind_clamped":true,"rewind_cpu_usec":15,"rewind_hit":true,"sequence":23,"speed":1.5,"target":"pedestrian"},"wall_usec":1791529306637000}
S12 {"client_hit":false,"event":"shot_sent","phase":"ACTIVE","pid":67600,"role":"client","sequence":25,"target":"pedestrian","view_age_ms":217.0,"wall_usec":1791529306784000}
S12 {"event":"verdict","phase":"ACTIVE","pid":67600,"role":"client","row":{"accepted":true,"client_hit":true,"current_hit":false,"reason":"OK","rewind_age_ms":248.0,"rewind_clamped":true,"rewind_cpu_usec":39,"rewind_hit":false,"sequence":24,"speed":12.0,"target":"car"},"wall_usec":1791529306845000}
S12 {"client_hit":false,"event":"shot_sent","phase":"ACTIVE","pid":67600,"role":"client","sequence":26,"target":"car","view_age_ms":215.0,"wall_usec":1791529306922000}
S12 {"event":"verdict","phase":"ACTIVE","pid":67600,"role":"client","row":{"accepted":true,"client_hit":false,"current_hit":true,"reason":"OK","rewind_age_ms":247.0,"rewind_clamped":true,"rewind_cpu_usec":23,"rewind_hit":false,"sequence":25,"speed":1.5,"target":"pedestrian"},"wall_usec":1791529306938000}
S12 {"event":"rocket","phase":"ACTIVE","pid":67600,"role":"client","row":{"accepted":true,"launch_usec":1791529306862000,"sent_usec":1791529306795000,"sequence":4},"wall_usec":1791529306953000}
S12 {"client_hit":true,"event":"shot_sent","phase":"ACTIVE","pid":67600,"role":"client","sequence":27,"target":"pedestrian","view_age_ms":214.0,"wall_usec":1791529307076000}
S12 {"event":"verdict","phase":"ACTIVE","pid":67600,"role":"client","row":{"accepted":true,"client_hit":false,"current_hit":false,"reason":"OK","rewind_age_ms":261.0,"rewind_clamped":true,"rewind_cpu_usec":122,"rewind_hit":true,"sequence":26,"speed":12.0,"target":"car"},"wall_usec":1791529307106000}
S12 {"event":"verdict","phase":"ACTIVE","pid":67600,"role":"client","row":{"accepted":true,"client_hit":true,"current_hit":false,"reason":"OK","rewind_age_ms":247.0,"rewind_clamped":true,"rewind_cpu_usec":34,"rewind_hit":true,"sequence":27,"speed":1.5,"target":"pedestrian"},"wall_usec":1791529307233000}
S12 {"client_hit":true,"event":"shot_sent","phase":"ACTIVE","pid":67600,"role":"client","sequence":28,"target":"car","view_age_ms":177.0,"wall_usec":1791529307237000}
S12 {"client_hit":true,"event":"shot_sent","phase":"ACTIVE","pid":67600,"role":"client","sequence":29,"target":"pedestrian","view_age_ms":217.0,"wall_usec":1791529307372000}
S12 {"event":"verdict","phase":"ACTIVE","pid":67600,"role":"client","row":{"accepted":true,"client_hit":true,"current_hit":false,"reason":"OK","rewind_age_ms":251.0,"rewind_clamped":true,"rewind_cpu_usec":54,"rewind_hit":true,"sequence":28,"speed":12.0,"target":"car"},"wall_usec":1791529307435000}
S12 {"client_hit":false,"event":"shot_sent","phase":"ACTIVE","pid":67600,"role":"client","sequence":30,"target":"car","view_age_ms":264.0,"wall_usec":1791529307527000}
S12 {"event":"verdict","phase":"ACTIVE","pid":67600,"role":"client","row":{"accepted":true,"client_hit":true,"current_hit":true,"reason":"OK","rewind_age_ms":249.0,"rewind_clamped":true,"rewind_cpu_usec":23,"rewind_hit":true,"sequence":29,"speed":1.5,"target":"pedestrian"},"wall_usec":1791529307574000}
S12 {"client_hit":false,"event":"shot_sent","phase":"ACTIVE","pid":67600,"role":"client","sequence":31,"target":"pedestrian","view_age_ms":216.0,"wall_usec":1791529307681000}
S12 {"event":"verdict","phase":"ACTIVE","pid":67600,"role":"client","row":{"accepted":true,"client_hit":false,"current_hit":false,"reason":"OK","rewind_age_ms":249.0,"rewind_clamped":true,"rewind_cpu_usec":28,"rewind_hit":false,"sequence":30,"speed":12.0,"target":"car"},"wall_usec":1791529307691000}
S12 {"client_hit":true,"event":"shot_sent","phase":"ACTIVE","pid":67600,"role":"client","sequence":32,"target":"car","view_age_ms":230.0,"wall_usec":1791529307834000}
S12 {"event":"verdict","phase":"ACTIVE","pid":67600,"role":"client","row":{"accepted":false,"reason":"RELOADING","sequence":31},"wall_usec":1791529307882000}
S12 {"event":"verdict","phase":"ACTIVE","pid":67600,"role":"client","row":{"accepted":false,"reason":"RELOADING","sequence":32},"wall_usec":1791529307975000}
S12 {"client_hit":true,"event":"shot_sent","phase":"ACTIVE","pid":67600,"role":"client","sequence":33,"target":"pedestrian","view_age_ms":226.0,"wall_usec":1791529307983000}
S12 {"client_hit":true,"event":"shot_sent","phase":"ACTIVE","pid":67600,"role":"client","sequence":34,"target":"car","view_age_ms":214.0,"wall_usec":1791529308128000}
S12 {"event":"verdict","phase":"ACTIVE","pid":67600,"role":"client","row":{"accepted":false,"reason":"RELOADING","sequence":33},"wall_usec":1791529308144000}
S12 {"event":"rocket","phase":"ACTIVE","pid":67600,"role":"client","row":{"accepted":true,"launch_usec":1791529308098000,"sent_usec":1791529307987000,"sequence":5},"wall_usec":1791529308191000}
S12 {"client_hit":false,"event":"shot_sent","phase":"ACTIVE","pid":67600,"role":"client","sequence":35,"target":"pedestrian","view_age_ms":276.0,"wall_usec":1791529308283000}
S12 {"event":"verdict","phase":"ACTIVE","pid":67600,"role":"client","row":{"accepted":false,"reason":"RELOADING","sequence":34},"wall_usec":1791529308298000}
S12 {"client_hit":false,"event":"shot_sent","phase":"ACTIVE","pid":67600,"role":"client","sequence":36,"target":"car","view_age_ms":230.0,"wall_usec":1791529308436000}
S12 {"event":"verdict","phase":"ACTIVE","pid":67600,"role":"client","row":{"accepted":false,"reason":"RELOADING","sequence":35},"wall_usec":1791529308467000}
S12 {"client_hit":true,"event":"shot_sent","phase":"ACTIVE","pid":67600,"role":"client","sequence":37,"target":"pedestrian","view_age_ms":214.0,"wall_usec":1791529308574000}
S12 {"event":"verdict","phase":"ACTIVE","pid":67600,"role":"client","row":{"accepted":false,"reason":"RELOADING","sequence":36},"wall_usec":1791529308590000}
S12 {"client_hit":true,"event":"shot_sent","phase":"ACTIVE","pid":67600,"role":"client","sequence":38,"target":"car","view_age_ms":214.0,"wall_usec":1791529308728000}
S12 {"event":"verdict","phase":"ACTIVE","pid":67600,"role":"client","row":{"accepted":false,"reason":"RELOADING","sequence":37},"wall_usec":1791529308743000}
S12 {"event":"verdict","phase":"ACTIVE","pid":67600,"role":"client","row":{"accepted":false,"reason":"RELOADING","sequence":38},"wall_usec":1791529308880000}
S12 {"client_hit":true,"event":"shot_sent","phase":"ACTIVE","pid":67600,"role":"client","sequence":39,"target":"pedestrian","view_age_ms":173.0,"wall_usec":1791529308885000}
S12 {"client_hit":false,"event":"shot_sent","phase":"ACTIVE","pid":67600,"role":"client","sequence":40,"target":"car","view_age_ms":232.0,"wall_usec":1791529309036000}
S12 {"event":"verdict","phase":"ACTIVE","pid":67600,"role":"client","row":{"accepted":false,"reason":"RELOADING","sequence":39},"wall_usec":1791529309042000}
S12 {"client_hit":false,"event":"shot_sent","phase":"ACTIVE","pid":67600,"role":"client","sequence":41,"target":"pedestrian","view_age_ms":261.0,"wall_usec":1791529309173000}
S12 {"event":"verdict","phase":"ACTIVE","pid":67600,"role":"client","row":{"accepted":false,"reason":"RELOADING","sequence":40},"wall_usec":1791529309251000}
S12 {"client_hit":true,"event":"shot_sent","phase":"ACTIVE","pid":67600,"role":"client","sequence":42,"target":"car","view_age_ms":194.0,"wall_usec":1791529309329000}
S12 {"event":"verdict","phase":"ACTIVE","pid":67600,"role":"client","row":{"accepted":false,"reason":"RELOADING","sequence":41},"wall_usec":1791529309375000}
S12 {"event":"rocket","phase":"ACTIVE","pid":67600,"role":"client","row":{"accepted":true,"launch_usec":1791529309288000,"sent_usec":1791529309176000,"sequence":6},"wall_usec":1791529309406000}
S12 {"client_hit":true,"event":"shot_sent","phase":"ACTIVE","pid":67600,"role":"client","sequence":43,"target":"pedestrian","view_age_ms":210.0,"wall_usec":1791529309483000}
S12 {"event":"verdict","phase":"ACTIVE","pid":67600,"role":"client","row":{"accepted":false,"reason":"RELOADING","sequence":42},"wall_usec":1791529309514000}
S12 {"client_hit":true,"event":"shot_sent","phase":"ACTIVE","pid":67600,"role":"client","sequence":44,"target":"car","view_age_ms":201.0,"wall_usec":1791529309623000}
S12 {"event":"verdict","phase":"ACTIVE","pid":67600,"role":"client","row":{"accepted":false,"reason":"RELOADING","sequence":43},"wall_usec":1791529309671000}
S12 {"client_hit":false,"event":"shot_sent","phase":"ACTIVE","pid":67600,"role":"client","sequence":45,"target":"pedestrian","view_age_ms":217.0,"wall_usec":1791529309779000}
S12 {"event":"verdict","phase":"ACTIVE","pid":67600,"role":"client","row":{"accepted":true,"client_hit":true,"current_hit":false,"reason":"OK","rewind_age_ms":250.0,"rewind_clamped":true,"rewind_cpu_usec":28,"rewind_hit":true,"sequence":44,"speed":12.0,"target":"car"},"wall_usec":1791529309786000}
S12 {"client_hit":false,"event":"shot_sent","phase":"ACTIVE","pid":67600,"role":"client","sequence":46,"target":"car","view_age_ms":170.0,"wall_usec":1791529309933000}
S12 {"client_hit":true,"event":"shot_sent","phase":"ACTIVE","pid":67600,"role":"client","sequence":47,"target":"pedestrian","view_age_ms":232.0,"wall_usec":1791529310087000}
S12 {"event":"verdict","phase":"ACTIVE","pid":67600,"role":"client","row":{"accepted":true,"client_hit":false,"current_hit":true,"reason":"OK","rewind_age_ms":249.0,"rewind_clamped":true,"rewind_cpu_usec":23,"rewind_hit":true,"sequence":45,"speed":1.5,"target":"pedestrian"},"wall_usec":1791529310226000}
S12 {"event":"verdict","phase":"ACTIVE","pid":67600,"role":"client","row":{"accepted":false,"reason":"RATE_LIMITED","sequence":46},"wall_usec":1791529310232000}
S12 {"client_hit":true,"event":"shot_sent","phase":"ACTIVE","pid":67600,"role":"client","sequence":48,"target":"car","view_age_ms":225.0,"wall_usec":1791529310234000}
S12 {"event":"verdict","phase":"ACTIVE","pid":67600,"role":"client","row":{"accepted":false,"reason":"RATE_LIMITED","sequence":47},"wall_usec":1791529310237000}
S12 {"client_hit":true,"event":"shot_sent","phase":"ACTIVE","pid":67600,"role":"client","sequence":49,"target":"pedestrian","view_age_ms":217.0,"wall_usec":1791529310381000}
S12 {"event":"verdict","phase":"ACTIVE","pid":67600,"role":"client","row":{"accepted":true,"client_hit":true,"current_hit":false,"reason":"OK","rewind_age_ms":262.0,"rewind_clamped":true,"rewind_cpu_usec":15,"rewind_hit":true,"sequence":48,"speed":12.0,"target":"car"},"wall_usec":1791529310410000}
S12 {"client_hit":false,"event":"shot_sent","phase":"ACTIVE","pid":67600,"role":"client","sequence":50,"target":"car","view_age_ms":234.0,"wall_usec":1791529310537000}
S12 {"event":"verdict","phase":"ACTIVE","pid":67600,"role":"client","row":{"accepted":false,"reason":"RATE_LIMITED","sequence":49},"wall_usec":1791529310544000}
S12 {"event":"rocket","phase":"ACTIVE","pid":67600,"role":"client","row":{"accepted":true,"launch_usec":1791529310488000,"sent_usec":1791529310388000,"sequence":7},"wall_usec":1791529310582000}
S12 {"client_hit":false,"event":"shot_sent","phase":"ACTIVE","pid":67600,"role":"client","sequence":51,"target":"pedestrian","view_age_ms":216.0,"wall_usec":1791529310674000}
S12 {"event":"verdict","phase":"ACTIVE","pid":67600,"role":"client","row":{"accepted":true,"client_hit":false,"current_hit":false,"reason":"OK","rewind_age_ms":250.0,"rewind_clamped":true,"rewind_cpu_usec":26,"rewind_hit":true,"sequence":50,"speed":12.0,"target":"car"},"wall_usec":1791529310703000}
S12 {"client_hit":true,"event":"shot_sent","phase":"ACTIVE","pid":67600,"role":"client","sequence":52,"target":"car","view_age_ms":230.0,"wall_usec":1791529310842000}
S12 {"event":"verdict","phase":"ACTIVE","pid":67600,"role":"client","row":{"accepted":true,"client_hit":false,"current_hit":true,"reason":"OK","rewind_age_ms":245.0,"rewind_clamped":true,"rewind_cpu_usec":13,"rewind_hit":true,"sequence":51,"speed":1.5,"target":"pedestrian"},"wall_usec":1791529310887000}
S12 {"event":"verdict","phase":"ACTIVE","pid":67600,"role":"client","row":{"accepted":true,"client_hit":true,"current_hit":false,"reason":"OK","rewind_age_ms":244.0,"rewind_clamped":true,"rewind_cpu_usec":91,"rewind_hit":false,"sequence":52,"speed":12.0,"target":"car"},"wall_usec":1791529310978000}
S12 {"client_hit":true,"event":"shot_sent","phase":"ACTIVE","pid":67600,"role":"client","sequence":53,"target":"pedestrian","view_age_ms":217.0,"wall_usec":1791529310981000}
S12 {"client_hit":true,"event":"shot_sent","phase":"ACTIVE","pid":67600,"role":"client","sequence":54,"target":"car","view_age_ms":215.0,"wall_usec":1791529311132000}
S12 {"event":"verdict","phase":"ACTIVE","pid":67600,"role":"client","row":{"accepted":true,"client_hit":true,"current_hit":true,"reason":"OK","rewind_age_ms":246.0,"rewind_clamped":true,"rewind_cpu_usec":16,"rewind_hit":true,"sequence":53,"speed":1.5,"target":"pedestrian"},"wall_usec":1791529311194000}
S12 {"client_hit":false,"event":"shot_sent","phase":"ACTIVE","pid":67600,"role":"client","sequence":55,"target":"pedestrian","view_age_ms":202.0,"wall_usec":1791529311272000}
S12 {"event":"verdict","phase":"ACTIVE","pid":67600,"role":"client","row":{"accepted":true,"client_hit":true,"current_hit":false,"reason":"OK","rewind_age_ms":248.0,"rewind_clamped":true,"rewind_cpu_usec":41,"rewind_hit":true,"sequence":54,"speed":12.0,"target":"car"},"wall_usec":1791529311303000}
S12 {"client_hit":false,"event":"shot_sent","phase":"ACTIVE","pid":67600,"role":"client","sequence":56,"target":"car","view_age_ms":201.0,"wall_usec":1791529311429000}
S12 {"event":"verdict","phase":"ACTIVE","pid":67600,"role":"client","row":{"accepted":true,"client_hit":false,"current_hit":false,"reason":"OK","rewind_age_ms":250.0,"rewind_clamped":true,"rewind_cpu_usec":28,"rewind_hit":false,"sequence":55,"speed":1.5,"target":"pedestrian"},"wall_usec":1791529311490000}
S12 {"event":"verdict","phase":"ACTIVE","pid":67600,"role":"client","row":{"accepted":true,"client_hit":false,"current_hit":false,"reason":"OK","rewind_age_ms":248.0,"rewind_clamped":true,"rewind_cpu_usec":31,"rewind_hit":false,"sequence":56,"speed":12.0,"target":"car"},"wall_usec":1791529311567000}
S12 {"client_hit":true,"event":"shot_sent","phase":"ACTIVE","pid":67600,"role":"client","sequence":57,"target":"pedestrian","view_age_ms":217.0,"wall_usec":1791529311583000}
S12 {"client_hit":true,"event":"shot_sent","phase":"ACTIVE","pid":67600,"role":"client","sequence":58,"target":"car","view_age_ms":230.0,"wall_usec":1791529311737000}
S12 {"event":"verdict","phase":"ACTIVE","pid":67600,"role":"client","row":{"accepted":true,"client_hit":true,"current_hit":true,"reason":"OK","rewind_age_ms":249.0,"rewind_clamped":true,"rewind_cpu_usec":11,"rewind_hit":true,"sequence":57,"speed":1.5,"target":"pedestrian"},"wall_usec":1791529311740000}
S12 {"event":"rocket","phase":"ACTIVE","pid":67600,"role":"client","row":{"accepted":true,"launch_usec":1791529311661000,"sent_usec":1791529311586000,"sequence":8},"wall_usec":1791529311748000}
S12 {"client_hit":true,"event":"shot_sent","phase":"ACTIVE","pid":67600,"role":"client","sequence":59,"target":"pedestrian","view_age_ms":216.0,"wall_usec":1791529311877000}
S12 {"event":"verdict","phase":"ACTIVE","pid":67600,"role":"client","row":{"accepted":true,"client_hit":true,"current_hit":true,"reason":"OK","rewind_age_ms":249.0,"rewind_clamped":true,"rewind_cpu_usec":12,"rewind_hit":true,"sequence":58,"speed":12.0,"target":"car"},"wall_usec":1791529311907000}
S12 {"client_hit":false,"event":"shot_sent","phase":"ACTIVE","pid":67600,"role":"client","sequence":60,"target":"car","view_age_ms":217.0,"wall_usec":1791529312032000}
S12 {"event":"verdict","phase":"ACTIVE","pid":67600,"role":"client","row":{"accepted":true,"client_hit":true,"current_hit":false,"reason":"OK","rewind_age_ms":249.0,"rewind_clamped":true,"rewind_cpu_usec":17,"rewind_hit":true,"sequence":59,"speed":1.5,"target":"pedestrian"},"wall_usec":1791529312078000}
S12 {"client_hit":false,"event":"shot_sent","phase":"ACTIVE","pid":67600,"role":"client","sequence":61,"target":"pedestrian","view_age_ms":218.0,"wall_usec":1791529312172000}
S12 {"event":"verdict","phase":"ACTIVE","pid":67600,"role":"client","row":{"accepted":true,"client_hit":false,"current_hit":false,"reason":"OK","rewind_age_ms":248.0,"rewind_clamped":true,"rewind_cpu_usec":29,"rewind_hit":false,"sequence":60,"speed":12.0,"target":"car"},"wall_usec":1791529312221000}
S12 {"client_hit":true,"event":"shot_sent","phase":"ACTIVE","pid":67600,"role":"client","sequence":62,"target":"car","view_age_ms":216.0,"wall_usec":1791529312326000}
S12 {"event":"verdict","phase":"ACTIVE","pid":67600,"role":"client","row":{"accepted":true,"client_hit":false,"current_hit":true,"reason":"OK","rewind_age_ms":237.0,"rewind_clamped":true,"rewind_cpu_usec":20,"rewind_hit":false,"sequence":61,"speed":1.5,"target":"pedestrian"},"wall_usec":1791529312328000}
S12 {"client_hit":true,"event":"shot_sent","phase":"ACTIVE","pid":67600,"role":"client","sequence":63,"target":"pedestrian","view_age_ms":215.0,"wall_usec":1791529312481000}
S12 {"event":"verdict","phase":"ACTIVE","pid":67600,"role":"client","row":{"accepted":true,"client_hit":true,"current_hit":false,"reason":"OK","rewind_age_ms":247.0,"rewind_clamped":true,"rewind_cpu_usec":28,"rewind_hit":true,"sequence":62,"speed":12.0,"target":"car"},"wall_usec":1791529312511000}
S12 {"client_hit":true,"event":"shot_sent","phase":"ACTIVE","pid":67600,"role":"client","sequence":64,"target":"car","view_age_ms":214.0,"wall_usec":1791529312633000}
S12 {"event":"verdict","phase":"ACTIVE","pid":67600,"role":"client","row":{"accepted":true,"client_hit":true,"current_hit":true,"reason":"OK","rewind_age_ms":259.0,"rewind_clamped":true,"rewind_cpu_usec":21,"rewind_hit":true,"sequence":63,"speed":1.5,"target":"pedestrian"},"wall_usec":1791529312643000}
S12 {"client_hit":false,"event":"shot_sent","phase":"ACTIVE","pid":67600,"role":"client","sequence":65,"target":"pedestrian","view_age_ms":170.0,"wall_usec":1791529312772000}
S12 {"event":"verdict","phase":"ACTIVE","pid":67600,"role":"client","row":{"accepted":true,"client_hit":true,"current_hit":false,"reason":"OK","rewind_age_ms":245.0,"rewind_clamped":true,"rewind_cpu_usec":23,"rewind_hit":false,"sequence":64,"speed":12.0,"target":"car"},"wall_usec":1791529312833000}
S12 {"client_hit":false,"event":"shot_sent","phase":"ACTIVE","pid":67600,"role":"client","sequence":66,"target":"car","view_age_ms":214.0,"wall_usec":1791529312926000}
S12 {"event":"verdict","phase":"ACTIVE","pid":67600,"role":"client","row":{"accepted":true,"client_hit":false,"current_hit":false,"reason":"OK","rewind_age_ms":245.0,"rewind_clamped":true,"rewind_cpu_usec":23,"rewind_hit":false,"sequence":65,"speed":1.5,"target":"pedestrian"},"wall_usec":1791529312971000}
S12 {"event":"rocket","phase":"ACTIVE","pid":67600,"role":"client","row":{"accepted":true,"launch_usec":1791529312879000,"sent_usec":1791529312777000,"sequence":9},"wall_usec":1791529312978000}
S12 {"client_hit":true,"event":"shot_sent","phase":"ACTIVE","pid":67600,"role":"client","sequence":67,"target":"pedestrian","view_age_ms":214.0,"wall_usec":1791529313078000}
S12 {"event":"verdict","phase":"ACTIVE","pid":67600,"role":"client","row":{"accepted":true,"client_hit":false,"current_hit":false,"reason":"OK","rewind_age_ms":247.0,"rewind_clamped":true,"rewind_cpu_usec":22,"rewind_hit":true,"sequence":66,"speed":12.0,"target":"car"},"wall_usec":1791529313127000}
S12 {"client_hit":true,"event":"shot_sent","phase":"ACTIVE","pid":67600,"role":"client","sequence":68,"target":"car","view_age_ms":231.0,"wall_usec":1791529313233000}
S12 {"event":"verdict","phase":"ACTIVE","pid":67600,"role":"client","row":{"accepted":true,"client_hit":true,"current_hit":true,"reason":"OK","rewind_age_ms":248.0,"rewind_clamped":true,"rewind_cpu_usec":23,"rewind_hit":true,"sequence":67,"speed":1.5,"target":"pedestrian"},"wall_usec":1791529313279000}
S12 {"client_hit":true,"event":"shot_sent","phase":"ACTIVE","pid":67600,"role":"client","sequence":69,"target":"pedestrian","view_age_ms":261.0,"wall_usec":1791529313373000}
S12 {"event":"verdict","phase":"ACTIVE","pid":67600,"role":"client","row":{"accepted":true,"client_hit":true,"current_hit":false,"reason":"OK","rewind_age_ms":245.0,"rewind_clamped":true,"rewind_cpu_usec":22,"rewind_hit":true,"sequence":68,"speed":12.0,"target":"car"},"wall_usec":1791529313417000}
S12 {"client_hit":false,"event":"shot_sent","phase":"ACTIVE","pid":67600,"role":"client","sequence":70,"target":"car","view_age_ms":216.0,"wall_usec":1791529313525000}
S12 {"event":"verdict","phase":"ACTIVE","pid":67600,"role":"client","row":{"accepted":true,"client_hit":true,"current_hit":false,"reason":"OK","rewind_age_ms":247.0,"rewind_clamped":true,"rewind_cpu_usec":23,"rewind_hit":true,"sequence":69,"speed":1.5,"target":"pedestrian"},"wall_usec":1791529313540000}
S12 {"client_hit":false,"event":"shot_sent","phase":"ACTIVE","pid":67600,"role":"client","sequence":71,"target":"pedestrian","view_age_ms":214.0,"wall_usec":1791529313678000}
S12 {"event":"verdict","phase":"ACTIVE","pid":67600,"role":"client","row":{"accepted":true,"client_hit":false,"current_hit":false,"reason":"OK","rewind_age_ms":246.0,"rewind_clamped":true,"rewind_cpu_usec":52,"rewind_hit":true,"sequence":70,"speed":12.0,"target":"car"},"wall_usec":1791529313725000}
S12 {"client_hit":true,"event":"shot_sent","phase":"ACTIVE","pid":67600,"role":"client","sequence":72,"target":"car","view_age_ms":214.0,"wall_usec":1791529313832000}
S12 {"event":"verdict","phase":"ACTIVE","pid":67600,"role":"client","row":{"accepted":true,"client_hit":false,"current_hit":true,"reason":"OK","rewind_age_ms":254.0,"rewind_clamped":true,"rewind_cpu_usec":29,"rewind_hit":false,"sequence":71,"speed":1.5,"target":"pedestrian"},"wall_usec":1791529313862000}
S12 {"event":"verdict","phase":"ACTIVE","pid":67600,"role":"client","row":{"accepted":true,"client_hit":true,"current_hit":false,"reason":"OK","rewind_age_ms":244.0,"rewind_clamped":true,"rewind_cpu_usec":22,"rewind_hit":false,"sequence":72,"speed":12.0,"target":"car"},"wall_usec":1791529313971000}
S12 {"client_hit":true,"event":"shot_sent","phase":"ACTIVE","pid":67600,"role":"client","sequence":73,"target":"pedestrian","view_age_ms":228.0,"wall_usec":1791529313988000}
S12 {"client_hit":true,"event":"shot_sent","phase":"ACTIVE","pid":67600,"role":"client","sequence":74,"target":"car","view_age_ms":216.0,"wall_usec":1791529314125000}
S12 {"event":"verdict","phase":"ACTIVE","pid":67600,"role":"client","row":{"accepted":true,"client_hit":true,"current_hit":false,"reason":"OK","rewind_age_ms":248.0,"rewind_clamped":true,"rewind_cpu_usec":22,"rewind_hit":true,"sequence":73,"speed":1.5,"target":"pedestrian"},"wall_usec":1791529314155000}
S12 {"event":"rocket","phase":"ACTIVE","pid":67600,"role":"client","row":{"accepted":true,"launch_usec":1791529314095000,"sent_usec":1791529313994000,"sequence":10},"wall_usec":1791529314158000}
S12 {"client_hit":false,"event":"shot_sent","phase":"ACTIVE","pid":67600,"role":"client","sequence":75,"target":"pedestrian","view_age_ms":214.0,"wall_usec":1791529314278000}
S12 {"event":"verdict","phase":"ACTIVE","pid":67600,"role":"client","row":{"accepted":true,"client_hit":true,"current_hit":false,"reason":"OK","rewind_age_ms":244.0,"rewind_clamped":true,"rewind_cpu_usec":20,"rewind_hit":true,"sequence":74,"speed":12.0,"target":"car"},"wall_usec":1791529314359000}
S12 {"client_hit":false,"event":"shot_sent","phase":"ACTIVE","pid":67600,"role":"client","sequence":76,"target":"car","view_age_ms":231.0,"wall_usec":1791529314433000}
S12 {"event":"verdict","phase":"ACTIVE","pid":67600,"role":"client","row":{"accepted":true,"client_hit":false,"current_hit":false,"reason":"OK","rewind_age_ms":249.0,"rewind_clamped":true,"rewind_cpu_usec":30,"rewind_hit":false,"sequence":75,"speed":1.5,"target":"pedestrian"},"wall_usec":1791529314456000}
S12 {"client_hit":true,"event":"shot_sent","phase":"ACTIVE","pid":67600,"role":"client","sequence":77,"target":"pedestrian","view_age_ms":304.0,"wall_usec":1791529314572000}
S12 {"event":"verdict","phase":"ACTIVE","pid":67600,"role":"client","row":{"accepted":true,"client_hit":false,"current_hit":true,"reason":"OK","rewind_age_ms":248.0,"rewind_clamped":true,"rewind_cpu_usec":71,"rewind_hit":false,"sequence":76,"speed":12.0,"target":"car"},"wall_usec":1791529314632000}
S12 {"client_hit":true,"event":"shot_sent","phase":"ACTIVE","pid":67600,"role":"client","sequence":78,"target":"car","view_age_ms":171.0,"wall_usec":1791529314727000}
S12 {"event":"verdict","phase":"ACTIVE","pid":67600,"role":"client","row":{"accepted":false,"reason":"RELOADING","sequence":77},"wall_usec":1791529314758000}
S12 {"client_hit":true,"event":"shot_sent","phase":"ACTIVE","pid":67600,"role":"client","sequence":79,"target":"pedestrian","view_age_ms":216.0,"wall_usec":1791529314880000}
S12 {"event":"verdict","phase":"ACTIVE","pid":67600,"role":"client","row":{"accepted":false,"reason":"RELOADING","sequence":78},"wall_usec":1791529314886000}
S12 {"client_hit":false,"event":"shot_sent","phase":"ACTIVE","pid":67600,"role":"client","sequence":80,"target":"car","view_age_ms":217.0,"wall_usec":1791529315035000}
S12 {"event":"verdict","phase":"ACTIVE","pid":67600,"role":"client","row":{"accepted":false,"reason":"RELOADING","sequence":79},"wall_usec":1791529315097000}
S12 {"client_hit":false,"event":"shot_sent","phase":"ACTIVE","pid":67600,"role":"client","sequence":81,"target":"pedestrian","view_age_ms":217.0,"wall_usec":1791529315174000}
S12 {"event":"verdict","phase":"ACTIVE","pid":67600,"role":"client","row":{"accepted":false,"reason":"RELOADING","sequence":80},"wall_usec":1791529315204000}
S12 {"event":"verdict","phase":"ACTIVE","pid":67600,"role":"client","row":{"accepted":false,"reason":"RELOADING","sequence":81},"wall_usec":1791529315329000}
S12 {"client_hit":true,"event":"shot_sent","phase":"ACTIVE","pid":67600,"role":"client","sequence":82,"target":"car","view_age_ms":221.0,"wall_usec":1791529315333000}
S12 {"event":"rocket","phase":"ACTIVE","pid":67600,"role":"client","row":{"accepted":true,"launch_usec":1791529315283000,"sent_usec":1791529315178000,"sequence":11},"wall_usec":1791529315375000}
S12 {"client_hit":true,"event":"shot_sent","phase":"ACTIVE","pid":67600,"role":"client","sequence":83,"target":"pedestrian","view_age_ms":169.0,"wall_usec":1791529315484000}
S12 {"event":"verdict","phase":"ACTIVE","pid":67600,"role":"client","row":{"accepted":false,"reason":"RELOADING","sequence":82},"wall_usec":1791529315515000}
S12 {"event":"verdict","phase":"ACTIVE","pid":67600,"role":"client","row":{"accepted":false,"reason":"RELOADING","sequence":83},"wall_usec":1791529315608000}
S12 {"client_hit":true,"event":"shot_sent","phase":"ACTIVE","pid":67600,"role":"client","sequence":84,"target":"car","view_age_ms":258.0,"wall_usec":1791529315624000}
S12 {"event":"verdict","phase":"ACTIVE","pid":67600,"role":"client","row":{"accepted":false,"reason":"RELOADING","sequence":84},"wall_usec":1791529315778000}
S12 {"client_hit":false,"event":"shot_sent","phase":"ACTIVE","pid":67600,"role":"client","sequence":85,"target":"pedestrian","view_age_ms":222.0,"wall_usec":1791529315784000}
S12 {"client_hit":false,"event":"shot_sent","phase":"ACTIVE","pid":67600,"role":"client","sequence":86,"target":"car","view_age_ms":163.0,"wall_usec":1791529315931000}
S12 {"event":"verdict","phase":"ACTIVE","pid":67600,"role":"client","row":{"accepted":false,"reason":"RELOADING","sequence":85},"wall_usec":1791529315939000}
S12 {"client_hit":true,"event":"shot_sent","phase":"ACTIVE","pid":67600,"role":"client","sequence":87,"target":"pedestrian","view_age_ms":229.0,"wall_usec":1791529316084000}
S12 {"event":"verdict","phase":"ACTIVE","pid":67600,"role":"client","row":{"accepted":false,"reason":"RELOADING","sequence":86},"wall_usec":1791529316145000}
S12 {"event":"verdict","phase":"ACTIVE","pid":67600,"role":"client","row":{"accepted":false,"reason":"RELOADING","sequence":87},"wall_usec":1791529316221000}
S12 {"client_hit":true,"event":"shot_sent","phase":"ACTIVE","pid":67600,"role":"client","sequence":88,"target":"car","view_age_ms":230.0,"wall_usec":1791529316237000}
S12 {"client_hit":true,"event":"shot_sent","phase":"ACTIVE","pid":67600,"role":"client","sequence":89,"target":"pedestrian","view_age_ms":182.0,"wall_usec":1791529316390000}
S12 {"event":"verdict","phase":"ACTIVE","pid":67600,"role":"client","row":{"accepted":false,"reason":"RELOADING","sequence":88},"wall_usec":1791529316467000}
S12 {"client_hit":false,"event":"shot_sent","phase":"ACTIVE","pid":67600,"role":"client","sequence":90,"target":"car","view_age_ms":215.0,"wall_usec":1791529316529000}
S12 {"event":"verdict","phase":"ACTIVE","pid":67600,"role":"client","row":{"accepted":true,"client_hit":true,"current_hit":false,"reason":"OK","rewind_age_ms":244.0,"rewind_clamped":false,"rewind_cpu_usec":15,"rewind_hit":true,"sequence":89,"speed":1.5,"target":"pedestrian"},"wall_usec":1791529316543000}
S12 {"event":"rocket","phase":"ACTIVE","pid":67600,"role":"client","row":{"accepted":true,"launch_usec":1791529316483000,"sent_usec":1791529316399000,"sequence":12},"wall_usec":1791529316559000}
S12 {"client_hit":false,"event":"shot_sent","phase":"ACTIVE","pid":67600,"role":"client","sequence":91,"target":"pedestrian","view_age_ms":172.0,"wall_usec":1791529316685000}
S12 {"event":"verdict","phase":"ACTIVE","pid":67600,"role":"client","row":{"accepted":true,"client_hit":false,"current_hit":false,"reason":"OK","rewind_age_ms":251.0,"rewind_clamped":true,"rewind_cpu_usec":24,"rewind_hit":true,"sequence":90,"speed":12.0,"target":"car"},"wall_usec":1791529316714000}
S12 {"client_hit":true,"event":"shot_sent","phase":"ACTIVE","pid":67600,"role":"client","sequence":92,"target":"car","view_age_ms":201.0,"wall_usec":1791529316823000}
S12 {"event":"verdict","phase":"ACTIVE","pid":67600,"role":"client","row":{"accepted":true,"client_hit":false,"current_hit":true,"reason":"OK","rewind_age_ms":248.0,"rewind_clamped":true,"rewind_cpu_usec":28,"rewind_hit":false,"sequence":91,"speed":1.5,"target":"pedestrian"},"wall_usec":1791529316885000}
S12 {"client_hit":true,"event":"shot_sent","phase":"ACTIVE","pid":67600,"role":"client","sequence":93,"target":"pedestrian","view_age_ms":216.0,"wall_usec":1791529316979000}
S12 {"event":"verdict","phase":"ACTIVE","pid":67600,"role":"client","row":{"accepted":true,"client_hit":true,"current_hit":false,"reason":"OK","rewind_age_ms":248.0,"rewind_clamped":true,"rewind_cpu_usec":35,"rewind_hit":false,"sequence":92,"speed":12.0,"target":"car"},"wall_usec":1791529317024000}
S12 {"client_hit":true,"event":"shot_sent","phase":"ACTIVE","pid":67600,"role":"client","sequence":94,"target":"car","view_age_ms":214.0,"wall_usec":1791529317132000}
S12 {"event":"verdict","phase":"ACTIVE","pid":67600,"role":"client","row":{"accepted":true,"client_hit":true,"current_hit":true,"reason":"OK","rewind_age_ms":247.0,"rewind_clamped":true,"rewind_cpu_usec":29,"rewind_hit":true,"sequence":93,"speed":1.5,"target":"pedestrian"},"wall_usec":1791529317179000}
S12 {"client_hit":false,"event":"shot_sent","phase":"ACTIVE","pid":67600,"role":"client","sequence":95,"target":"pedestrian","view_age_ms":217.0,"wall_usec":1791529317272000}
S12 {"client_hit":false,"event":"shot_sent","phase":"ACTIVE","pid":67600,"role":"client","sequence":96,"target":"car","view_age_ms":217.0,"wall_usec":1791529317428000}
S12 {"event":"verdict","phase":"ACTIVE","pid":67600,"role":"client","row":{"accepted":true,"client_hit":true,"current_hit":false,"reason":"OK","rewind_age_ms":249.0,"rewind_clamped":true,"rewind_cpu_usec":24,"rewind_hit":true,"sequence":94,"speed":12.0,"target":"car"},"wall_usec":1791529317559000}
S12 {"event":"verdict","phase":"ACTIVE","pid":67600,"role":"client","row":{"accepted":true,"client_hit":false,"current_hit":false,"reason":"OK","rewind_age_ms":264.0,"rewind_clamped":true,"rewind_cpu_usec":14,"rewind_hit":false,"sequence":95,"speed":1.5,"target":"pedestrian"},"wall_usec":1791529317568000}
S12 {"event":"verdict","phase":"ACTIVE","pid":67600,"role":"client","row":{"accepted":true,"client_hit":false,"current_hit":false,"reason":"OK","rewind_age_ms":248.0,"rewind_clamped":true,"rewind_cpu_usec":21,"rewind_hit":true,"sequence":96,"speed":12.0,"target":"car"},"wall_usec":1791529317628000}
S12 {"event":"verdict","phase":"ACTIVE","pid":67600,"role":"client","row":{"accepted":false,"reason":"STALE_SEQUENCE","sequence":96},"wall_usec":1791529317755000}
S12 {"event":"verdict","phase":"ACTIVE","pid":67600,"role":"client","row":{"accepted":false,"reason":"INVALID","sequence":97},"wall_usec":1791529317829000}
S12 {"event":"verdict","phase":"ACTIVE","pid":67600,"role":"client","row":{"accepted":false,"reason":"INVALID","sequence":98},"wall_usec":1791529317860000}
S12 {"details":{"summary":{"attempts":96,"host":{"history_peak_bytes":2988,"history_samples":24,"magazine":22,"rejections":{"INVALID":2,"RATE_LIMITED":3,"RELOADING":25,"STALE_SEQUENCE":1}},"probes":[{"accepted":false,"reason":"STALE_SEQUENCE","sequence":96},{"accepted":false,"reason":"INVALID","sequence":97},{"accepted":false,"reason":"INVALID","sequence":98}],"responses":96,"rockets":[{"offset_m":1.782,"sequence":1},{"offset_m":1.62,"sequence":2},{"offset_m":1.836,"sequence":3},{"offset_m":1.206,"sequence":4},{"offset_m":1.998,"sequence":5},{"offset_m":2.016,"sequence":6},{"offset_m":1.8,"sequence":7},{"offset_m":1.35,"sequence":8},{"offset_m":1.836,"sequence":9},{"offset_m":1.818,"sequence":10},{"offset_m":1.89,"sequence":11},{"offset_m":1.512,"sequence":12}],"shots":[{"accepted":true,"client_hit":false,"current_hit":false,"reason":"OK","rewind_age_ms":256.0,"rewind_clamped":true,"rewind_cpu_usec":24,"rewind_hit":false,"sequence":1,"speed":1.5,"target":"pedestrian"},{"accepted":true,"client_hit":true,"current_hit":false,"reason":"OK","rewind_age_ms":248.0,"rewind_clamped":true,"rewind_cpu_usec":12,"rewind_hit":true,"sequence":2,"speed":12.0,"target":"car"},{"accepted":true,"client_hit":true,"current_hit":true,"reason":"OK","rewind_age_ms":252.0,"rewind_clamped":true,"rewind_cpu_usec":21,"rewind_hit":true,"sequence":3,"speed":1.5,"target":"pedestrian"},{"accepted":true,"client_hit":true,"current_hit":false,"reason":"OK","rewind_age_ms":258.0,"rewind_clamped":true,"rewind_cpu_usec":23,"rewind_hit":true,"sequence":4,"speed":12.0,"target":"car"},{"accepted":true,"client_hit":false,"current_hit":true,"reason":"OK","rewind_age_ms":233.0,"rewind_clamped":false,"rewind_cpu_usec":113,"rewind_hit":false,"sequence":5,"speed":1.5,"target":"pedestrian"},{"accepted":true,"client_hit":false,"current_hit":false,"reason":"OK","rewind_age_ms":250.0,"rewind_clamped":true,"rewind_cpu_usec":25,"rewind_hit":true,"sequence":6,"speed":12.0,"target":"car"},{"accepted":true,"client_hit":true,"current_hit":false,"reason":"OK","rewind_age_ms":265.0,"rewind_clamped":true,"rewind_cpu_usec":13,"rewind_hit":true,"sequence":7,"speed":1.5,"target":"pedestrian"},{"accepted":true,"client_hit":true,"current_hit":false,"reason":"OK","rewind_age_ms":244.0,"rewind_clamped":true,"rewind_cpu_usec":99,"rewind_hit":true,"sequence":8,"speed":12.0,"target":"car"},{"accepted":true,"client_hit":true,"current_hit":true,"reason":"OK","rewind_age_ms":248.0,"rewind_clamped":true,"rewind_cpu_usec":27,"rewind_hit":true,"sequence":9,"speed":1.5,"target":"pedestrian"},{"accepted":true,"client_hit":false,"current_hit":false,"reason":"OK","rewind_age_ms":263.0,"rewind_clamped":true,"rewind_cpu_usec":31,"rewind_hit":false,"sequence":10,"speed":12.0,"target":"car"},{"accepted":true,"client_hit":false,"current_hit":false,"reason":"OK","rewind_age_ms":245.0,"rewind_clamped":true,"rewind_cpu_usec":27,"rewind_hit":false,"sequence":11,"speed":1.5,"target":"pedestrian"},{"accepted":true,"client_hit":true,"current_hit":false,"reason":"OK","rewind_age_ms":251.0,"rewind_clamped":true,"rewind_cpu_usec":34,"rewind_hit":true,"sequence":12,"speed":12.0,"target":"car"},{"accepted":true,"client_hit":true,"current_hit":true,"reason":"OK","rewind_age_ms":251.0,"rewind_clamped":true,"rewind_cpu_usec":179,"rewind_hit":true,"sequence":13,"speed":1.5,"target":"pedestrian"},{"accepted":true,"client_hit":true,"current_hit":false,"reason":"OK","rewind_age_ms":248.0,"rewind_clamped":true,"rewind_cpu_usec":171,"rewind_hit":false,"sequence":14,"speed":12.0,"target":"car"},{"accepted":true,"client_hit":false,"current_hit":true,"reason":"OK","rewind_age_ms":250.0,"rewind_clamped":true,"rewind_cpu_usec":20,"rewind_hit":false,"sequence":15,"speed":1.5,"target":"pedestrian"},{"accepted":true,"client_hit":false,"current_hit":false,"reason":"OK","rewind_age_ms":248.0,"rewind_clamped":true,"rewind_cpu_usec":136,"rewind_hit":false,"sequence":16,"speed":12.0,"target":"car"},{"accepted":true,"client_hit":true,"current_hit":false,"reason":"OK","rewind_age_ms":250.0,"rewind_clamped":true,"rewind_cpu_usec":29,"rewind_hit":true,"sequence":17,"speed":1.5,"target":"pedestrian"},{"accepted":true,"client_hit":true,"current_hit":false,"reason":"OK","rewind_age_ms":248.0,"rewind_clamped":true,"rewind_cpu_usec":68,"rewind_hit":true,"sequence":18,"speed":12.0,"target":"car"},{"accepted":true,"client_hit":true,"current_hit":true,"reason":"OK","rewind_age_ms":248.0,"rewind_clamped":true,"rewind_cpu_usec":16,"rewind_hit":true,"sequence":19,"speed":1.5,"target":"pedestrian"},{"accepted":true,"client_hit":false,"current_hit":false,"reason":"OK","rewind_age_ms":247.0,"rewind_clamped":true,"rewind_cpu_usec":14,"rewind_hit":true,"sequence":20,"speed":12.0,"target":"car"},{"accepted":true,"client_hit":false,"current_hit":false,"reason":"OK","rewind_age_ms":249.0,"rewind_clamped":true,"rewind_cpu_usec":16,"rewind_hit":false,"sequence":21,"speed":1.5,"target":"pedestrian"},{"accepted":true,"client_hit":true,"current_hit":false,"reason":"OK","rewind_age_ms":250.0,"rewind_clamped":true,"rewind_cpu_usec":19,"rewind_hit":false,"sequence":22,"speed":12.0,"target":"car"},{"accepted":true,"client_hit":true,"current_hit":true,"reason":"OK","rewind_age_ms":248.0,"rewind_clamped":true,"rewind_cpu_usec":15,"rewind_hit":true,"sequence":23,"speed":1.5,"target":"pedestrian"},{"accepted":true,"client_hit":true,"current_hit":false,"reason":"OK","rewind_age_ms":248.0,"rewind_clamped":true,"rewind_cpu_usec":39,"rewind_hit":false,"sequence":24,"speed":12.0,"target":"car"},{"accepted":true,"client_hit":false,"current_hit":true,"reason":"OK","rewind_age_ms":247.0,"rewind_clamped":true,"rewind_cpu_usec":23,"rewind_hit":false,"sequence":25,"speed":1.5,"target":"pedestrian"},{"accepted":true,"client_hit":false,"current_hit":false,"reason":"OK","rewind_age_ms":261.0,"rewind_clamped":true,"rewind_cpu_usec":122,"rewind_hit":true,"sequence":26,"speed":12.0,"target":"car"},{"accepted":true,"client_hit":true,"current_hit":false,"reason":"OK","rewind_age_ms":247.0,"rewind_clamped":true,"rewind_cpu_usec":34,"rewind_hit":true,"sequence":27,"speed":1.5,"target":"pedestrian"},{"accepted":true,"client_hit":true,"current_hit":false,"reason":"OK","rewind_age_ms":251.0,"rewind_clamped":true,"rewind_cpu_usec":54,"rewind_hit":true,"sequence":28,"speed":12.0,"target":"car"},{"accepted":true,"client_hit":true,"current_hit":true,"reason":"OK","rewind_age_ms":249.0,"rewind_clamped":true,"rewind_cpu_usec":23,"rewind_hit":true,"sequence":29,"speed":1.5,"target":"pedestrian"},{"accepted":true,"client_hit":false,"current_hit":false,"reason":"OK","rewind_age_ms":249.0,"rewind_clamped":true,"rewind_cpu_usec":28,"rewind_hit":false,"sequence":30,"speed":12.0,"target":"car"},{"accepted":true,"client_hit":true,"current_hit":false,"reason":"OK","rewind_age_ms":250.0,"rewind_clamped":true,"rewind_cpu_usec":28,"rewind_hit":true,"sequence":44,"speed":12.0,"target":"car"},{"accepted":true,"client_hit":false,"current_hit":true,"reason":"OK","rewind_age_ms":249.0,"rewind_clamped":true,"rewind_cpu_usec":23,"rewind_hit":true,"sequence":45,"speed":1.5,"target":"pedestrian"},{"accepted":true,"client_hit":true,"current_hit":false,"reason":"OK","rewind_age_ms":262.0,"rewind_clamped":true,"rewind_cpu_usec":15,"rewind_hit":true,"sequence":48,"speed":12.0,"target":"car"},{"accepted":true,"client_hit":false,"current_hit":false,"reason":"OK","rewind_age_ms":250.0,"rewind_clamped":true,"rewind_cpu_usec":26,"rewind_hit":true,"sequence":50,"speed":12.0,"target":"car"},{"accepted":true,"client_hit":false,"current_hit":true,"reason":"OK","rewind_age_ms":245.0,"rewind_clamped":true,"rewind_cpu_usec":13,"rewind_hit":true,"sequence":51,"speed":1.5,"target":"pedestrian"},{"accepted":true,"client_hit":true,"current_hit":false,"reason":"OK","rewind_age_ms":244.0,"rewind_clamped":true,"rewind_cpu_usec":91,"rewind_hit":false,"sequence":52,"speed":12.0,"target":"car"},{"accepted":true,"client_hit":true,"current_hit":true,"reason":"OK","rewind_age_ms":246.0,"rewind_clamped":true,"rewind_cpu_usec":16,"rewind_hit":true,"sequence":53,"speed":1.5,"target":"pedestrian"},{"accepted":true,"client_hit":true,"current_hit":false,"reason":"OK","rewind_age_ms":248.0,"rewind_clamped":true,"rewind_cpu_usec":41,"rewind_hit":true,"sequence":54,"speed":12.0,"target":"car"},{"accepted":true,"client_hit":false,"current_hit":false,"reason":"OK","rewind_age_ms":250.0,"rewind_clamped":true,"rewind_cpu_usec":28,"rewind_hit":false,"sequence":55,"speed":1.5,"target":"pedestrian"},{"accepted":true,"client_hit":false,"current_hit":false,"reason":"OK","rewind_age_ms":248.0,"rewind_clamped":true,"rewind_cpu_usec":31,"rewind_hit":false,"sequence":56,"speed":12.0,"target":"car"},{"accepted":true,"client_hit":true,"current_hit":true,"reason":"OK","rewind_age_ms":249.0,"rewind_clamped":true,"rewind_cpu_usec":11,"rewind_hit":true,"sequence":57,"speed":1.5,"target":"pedestrian"},{"accepted":true,"client_hit":true,"current_hit":true,"reason":"OK","rewind_age_ms":249.0,"rewind_clamped":true,"rewind_cpu_usec":12,"rewind_hit":true,"sequence":58,"speed":12.0,"target":"car"},{"accepted":true,"client_hit":true,"current_hit":false,"reason":"OK","rewind_age_ms":249.0,"rewind_clamped":true,"rewind_cpu_usec":17,"rewind_hit":true,"sequence":59,"speed":1.5,"target":"pedestrian"},{"accepted":true,"client_hit":false,"current_hit":false,"reason":"OK","rewind_age_ms":248.0,"rewind_clamped":true,"rewind_cpu_usec":29,"rewind_hit":false,"sequence":60,"speed":12.0,"target":"car"},{"accepted":true,"client_hit":false,"current_hit":true,"reason":"OK","rewind_age_ms":237.0,"rewind_clamped":true,"rewind_cpu_usec":20,"rewind_hit":false,"sequence":61,"speed":1.5,"target":"pedestrian"},{"accepted":true,"client_hit":true,"current_hit":false,"reason":"OK","rewind_age_ms":247.0,"rewind_clamped":true,"rewind_cpu_usec":28,"rewind_hit":true,"sequence":62,"speed":12.0,"target":"car"},{"accepted":true,"client_hit":true,"current_hit":true,"reason":"OK","rewind_age_ms":259.0,"rewind_clamped":true,"rewind_cpu_usec":21,"rewind_hit":true,"sequence":63,"speed":1.5,"target":"pedestrian"},{"accepted":true,"client_hit":true,"current_hit":false,"reason":"OK","rewind_age_ms":245.0,"rewind_clamped":true,"rewind_cpu_usec":23,"rewind_hit":false,"sequence":64,"speed":12.0,"target":"car"},{"accepted":true,"client_hit":false,"current_hit":false,"reason":"OK","rewind_age_ms":245.0,"rewind_clamped":true,"rewind_cpu_usec":23,"rewind_hit":false,"sequence":65,"speed":1.5,"target":"pedestrian"},{"accepted":true,"client_hit":false,"current_hit":false,"reason":"OK","rewind_age_ms":247.0,"rewind_clamped":true,"rewind_cpu_usec":22,"rewind_hit":true,"sequence":66,"speed":12.0,"target":"car"},{"accepted":true,"client_hit":true,"current_hit":true,"reason":"OK","rewind_age_ms":248.0,"rewind_clamped":true,"rewind_cpu_usec":23,"rewind_hit":true,"sequence":67,"speed":1.5,"target":"pedestrian"},{"accepted":true,"client_hit":true,"current_hit":false,"reason":"OK","rewind_age_ms":245.0,"rewind_clamped":true,"rewind_cpu_usec":22,"rewind_hit":true,"sequence":68,"speed":12.0,"target":"car"},{"accepted":true,"client_hit":true,"current_hit":false,"reason":"OK","rewind_age_ms":247.0,"rewind_clamped":true,"rewind_cpu_usec":23,"rewind_hit":true,"sequence":69,"speed":1.5,"target":"pedestrian"},{"accepted":true,"client_hit":false,"current_hit":false,"reason":"OK","rewind_age_ms":246.0,"rewind_clamped":true,"rewind_cpu_usec":52,"rewind_hit":true,"sequence":70,"speed":12.0,"target":"car"},{"accepted":true,"client_hit":false,"current_hit":true,"reason":"OK","rewind_age_ms":254.0,"rewind_clamped":true,"rewind_cpu_usec":29,"rewind_hit":false,"sequence":71,"speed":1.5,"target":"pedestrian"},{"accepted":true,"client_hit":true,"current_hit":false,"reason":"OK","rewind_age_ms":244.0,"rewind_clamped":true,"rewind_cpu_usec":22,"rewind_hit":false,"sequence":72,"speed":12.0,"target":"car"},{"accepted":true,"client_hit":true,"current_hit":false,"reason":"OK","rewind_age_ms":248.0,"rewind_clamped":true,"rewind_cpu_usec":22,"rewind_hit":true,"sequence":73,"speed":1.5,"target":"pedestrian"},{"accepted":true,"client_hit":true,"current_hit":false,"reason":"OK","rewind_age_ms":244.0,"rewind_clamped":true,"rewind_cpu_usec":20,"rewind_hit":true,"sequence":74,"speed":12.0,"target":"car"},{"accepted":true,"client_hit":false,"current_hit":false,"reason":"OK","rewind_age_ms":249.0,"rewind_clamped":true,"rewind_cpu_usec":30,"rewind_hit":false,"sequence":75,"speed":1.5,"target":"pedestrian"},{"accepted":true,"client_hit":false,"current_hit":true,"reason":"OK","rewind_age_ms":248.0,"rewind_clamped":true,"rewind_cpu_usec":71,"rewind_hit":false,"sequence":76,"speed":12.0,"target":"car"},{"accepted":true,"client_hit":true,"current_hit":false,"reason":"OK","rewind_age_ms":244.0,"rewind_clamped":false,"rewind_cpu_usec":15,"rewind_hit":true,"sequence":89,"speed":1.5,"target":"pedestrian"},{"accepted":true,"client_hit":false,"current_hit":false,"reason":"OK","rewind_age_ms":251.0,"rewind_clamped":true,"rewind_cpu_usec":24,"rewind_hit":true,"sequence":90,"speed":12.0,"target":"car"},{"accepted":true,"client_hit":false,"current_hit":true,"reason":"OK","rewind_age_ms":248.0,"rewind_clamped":true,"rewind_cpu_usec":28,"rewind_hit":false,"sequence":91,"speed":1.5,"target":"pedestrian"},{"accepted":true,"client_hit":true,"current_hit":false,"reason":"OK","rewind_age_ms":248.0,"rewind_clamped":true,"rewind_cpu_usec":35,"rewind_hit":false,"sequence":92,"speed":12.0,"target":"car"},{"accepted":true,"client_hit":true,"current_hit":true,"reason":"OK","rewind_age_ms":247.0,"rewind_clamped":true,"rewind_cpu_usec":29,"rewind_hit":true,"sequence":93,"speed":1.5,"target":"pedestrian"},{"accepted":true,"client_hit":true,"current_hit":false,"reason":"OK","rewind_age_ms":249.0,"rewind_clamped":true,"rewind_cpu_usec":24,"rewind_hit":true,"sequence":94,"speed":12.0,"target":"car"},{"accepted":true,"client_hit":false,"current_hit":false,"reason":"OK","rewind_age_ms":264.0,"rewind_clamped":true,"rewind_cpu_usec":14,"rewind_hit":false,"sequence":95,"speed":1.5,"target":"pedestrian"},{"accepted":true,"client_hit":false,"current_hit":false,"reason":"OK","rewind_age_ms":248.0,"rewind_clamped":true,"rewind_cpu_usec":21,"rewind_hit":true,"sequence":96,"speed":12.0,"target":"car"}]}},"event":"result","ok":true,"phase":"IDLE","pid":67600,"role":"client","wall_usec":1791529318233000}
