Godot Engine v4.8.dev7.official.c971f93e7 - https://godotengine.org

S03 {"case_deadline_ms":0,"clock_domain":"engine_elapsed_usec_pid_48304","close_outcome":"","event":"session_changed","operation":1,"participant":0,"phase":"STARTING","pid":48304,"role":"client","session_deadline_ms":15203,"ticks_usec":203903}
S03 {"case_deadline_ms":0,"clock_domain":"engine_elapsed_usec_pid_48304","close_outcome":"CANCELED","event":"close_started","operation":1,"outcome":"CANCELED","phase":"CLOSING","pid":48304,"role":"client","session_deadline_ms":15203,"ticks_usec":208878}
S03 {"case_deadline_ms":0,"clock_domain":"engine_elapsed_usec_pid_48304","close_outcome":"CANCELED","event":"session_changed","operation":1,"participant":0,"phase":"CLOSING","pid":48304,"role":"client","session_deadline_ms":15213,"ticks_usec":213298}
S03 {"case_deadline_ms":8215,"clock_domain":"engine_elapsed_usec_pid_48304","close_outcome":"CANCELED","event":"completed","operation":1,"outcome":"CANCELED","phase":"IDLE","pid":48304,"role":"client","session_deadline_ms":15213,"source_operation":1,"ticks_usec":216320}
S03 {"case_deadline_ms":8215,"clock_domain":"engine_elapsed_usec_pid_48304","close_outcome":"CANCELED","event":"session_changed","operation":1,"participant":0,"phase":"IDLE","pid":48304,"role":"client","session_deadline_ms":15213,"ticks_usec":218511}
S03 {"case_deadline_ms":8215,"clock_domain":"engine_elapsed_usec_pid_48304","close_outcome":"CANCELED","event":"session_changed","operation":2,"participant":0,"phase":"STARTING","pid":48304,"role":"client","session_deadline_ms":15220,"ticks_usec":220836}
S03 {"case_deadline_ms":8223,"clock_domain":"engine_elapsed_usec_pid_48304","close_outcome":"CANCELED","event":"completed","operation":2,"outcome":"OK","phase":"ACTIVE","pid":48304,"role":"client","session_deadline_ms":15220,"source_operation":2,"ticks_usec":274989}
S03 {"case_deadline_ms":8223,"clock_domain":"engine_elapsed_usec_pid_48304","close_outcome":"CANCELED","event":"session_changed","operation":2,"participant":1,"phase":"ACTIVE","pid":48304,"role":"client","session_deadline_ms":15220,"ticks_usec":277316}
S03 {"case_deadline_ms":8223,"clock_domain":"engine_elapsed_usec_pid_48304","close_outcome":"LEFT","event":"close_started","operation":3,"outcome":"LEFT","phase":"CLOSING","pid":48304,"role":"client","session_deadline_ms":15220,"ticks_usec":279681}
S03 {"case_deadline_ms":8223,"clock_domain":"engine_elapsed_usec_pid_48304","close_outcome":"LEFT","event":"session_changed","operation":3,"participant":1,"phase":"CLOSING","pid":48304,"role":"client","session_deadline_ms":15282,"ticks_usec":282105}
S03 {"case_deadline_ms":8284,"clock_domain":"engine_elapsed_usec_pid_48304","close_outcome":"LEFT","event":"completed","operation":3,"outcome":"LEFT","phase":"IDLE","pid":48304,"role":"client","session_deadline_ms":15282,"source_operation":3,"ticks_usec":292192}
S03 {"case_deadline_ms":8284,"clock_domain":"engine_elapsed_usec_pid_48304","close_outcome":"LEFT","event":"session_changed","operation":3,"participant":0,"phase":"IDLE","pid":48304,"role":"client","session_deadline_ms":15282,"ticks_usec":294689}
S03 {"case_deadline_ms":8284,"clock_domain":"engine_elapsed_usec_pid_48304","close_outcome":"LEFT","event":"session_changed","operation":4,"participant":0,"phase":"CONNECTING","pid":48304,"role":"client","session_deadline_ms":15306,"ticks_usec":306051}
S03 {"baseline":1,"case_deadline_ms":8312,"clock_domain":"engine_elapsed_usec_pid_48304","close_outcome":"LEFT","event":"baseline_installed","operation":4,"phase":"SYNCHRONIZING","pid":48304,"role":"client","session_deadline_ms":15306,"ticks_usec":446387}
S03 {"case_deadline_ms":8312,"clock_domain":"engine_elapsed_usec_pid_48304","close_outcome":"LEFT","event":"held_send","expected":"NOT_ADMITTED","operation":4,"phase":"SYNCHRONIZING","pid":48304,"role":"client","sequence":1,"session_deadline_ms":15306,"ticks_usec":450119}
S03 {"case_deadline_ms":8452,"clock_domain":"engine_elapsed_usec_pid_48304","close_outcome":"LEFT","event":"held_receipt","operation":4,"phase":"SYNCHRONIZING","pid":48304,"reason":"NOT_ADMITTED","role":"client","sequence":1,"session_deadline_ms":15306,"ticks_usec":480632}
S03 {"case_deadline_ms":8452,"clock_domain":"engine_elapsed_usec_pid_48304","close_outcome":"CANCELED","event":"close_started","operation":4,"outcome":"CANCELED","phase":"CLOSING","pid":48304,"role":"client","session_deadline_ms":15306,"ticks_usec":515019}
S03 {"case_deadline_ms":8452,"clock_domain":"engine_elapsed_usec_pid_48304","close_outcome":"CANCELED","event":"session_changed","operation":4,"participant":2,"phase":"CLOSING","pid":48304,"role":"client","session_deadline_ms":15518,"ticks_usec":518845}
S03 {"case_deadline_ms":8521,"clock_domain":"engine_elapsed_usec_pid_48304","close_outcome":"CANCELED","event":"completed","operation":4,"outcome":"CANCELED","phase":"IDLE","pid":48304,"role":"client","session_deadline_ms":15518,"source_operation":4,"ticks_usec":535689}
S03 {"case_deadline_ms":8521,"clock_domain":"engine_elapsed_usec_pid_48304","close_outcome":"CANCELED","event":"session_changed","operation":4,"participant":0,"phase":"IDLE","pid":48304,"role":"client","session_deadline_ms":15518,"ticks_usec":538271}
S03 {"case_deadline_ms":8521,"clock_domain":"engine_elapsed_usec_pid_48304","close_outcome":"CANCELED","event":"session_changed","operation":5,"participant":0,"phase":"CONNECTING","pid":48304,"role":"client","session_deadline_ms":15646,"ticks_usec":646112}
S03 {"baseline":2,"case_deadline_ms":8649,"clock_domain":"engine_elapsed_usec_pid_48304","close_outcome":"CANCELED","event":"baseline_installed","operation":5,"phase":"SYNCHRONIZING","pid":48304,"role":"client","session_deadline_ms":15646,"ticks_usec":792556}
S03 {"case_deadline_ms":8649,"clock_domain":"engine_elapsed_usec_pid_48304","close_outcome":"CANCELED","event":"completed","operation":5,"outcome":"OK","phase":"ACTIVE","pid":48304,"role":"client","session_deadline_ms":15646,"source_operation":5,"ticks_usec":873928}
S03 {"case_deadline_ms":8649,"clock_domain":"engine_elapsed_usec_pid_48304","close_outcome":"CANCELED","event":"session_changed","operation":5,"participant":3,"phase":"ACTIVE","pid":48304,"role":"client","session_deadline_ms":15646,"ticks_usec":877079}
S03 {"case_deadline_ms":8649,"clock_domain":"engine_elapsed_usec_pid_48304","close_outcome":"CANCELED","event":"held_send","expected":"OK","operation":5,"phase":"ACTIVE","pid":48304,"role":"client","sequence":1,"session_deadline_ms":15646,"ticks_usec":880736}
S03 {"case_deadline_ms":8883,"clock_domain":"engine_elapsed_usec_pid_48304","close_outcome":"CANCELED","event":"held_receipt","operation":5,"phase":"ACTIVE","pid":48304,"reason":"OK","role":"client","sequence":1,"session_deadline_ms":15646,"ticks_usec":922213}
S03 {"case_deadline_ms":8883,"clock_domain":"engine_elapsed_usec_pid_48304","close_outcome":"CANCELED","event":"held_send","expected":"STALE_SEQUENCE","operation":5,"phase":"ACTIVE","pid":48304,"role":"client","sequence":1,"session_deadline_ms":15646,"ticks_usec":956632}
S03 {"case_deadline_ms":8960,"clock_domain":"engine_elapsed_usec_pid_48304","close_outcome":"CANCELED","event":"held_receipt","operation":5,"phase":"ACTIVE","pid":48304,"reason":"STALE_SEQUENCE","role":"client","sequence":1,"session_deadline_ms":15646,"ticks_usec":991264}
S03 {"case_deadline_ms":8960,"clock_domain":"engine_elapsed_usec_pid_48304","close_outcome":"CANCELED","event":"held_send","expected":"STALE_CONTEXT","operation":5,"phase":"ACTIVE","pid":48304,"role":"client","sequence":2,"session_deadline_ms":15646,"ticks_usec":1032523}
S03 {"case_deadline_ms":9035,"clock_domain":"engine_elapsed_usec_pid_48304","close_outcome":"CANCELED","event":"held_receipt","operation":5,"phase":"ACTIVE","pid":48304,"reason":"STALE_CONTEXT","role":"client","sequence":2,"session_deadline_ms":15646,"ticks_usec":1080934}
S03 {"case_deadline_ms":9035,"clock_domain":"engine_elapsed_usec_pid_48304","close_outcome":"CANCELED","event":"held_send","expected":"INVALID","operation":5,"phase":"ACTIVE","pid":48304,"role":"client","sequence":3,"session_deadline_ms":15646,"ticks_usec":1122254}
S03 {"case_deadline_ms":9125,"clock_domain":"engine_elapsed_usec_pid_48304","close_outcome":"CANCELED","event":"held_receipt","operation":5,"phase":"ACTIVE","pid":48304,"reason":"INVALID","role":"client","sequence":3,"session_deadline_ms":15646,"ticks_usec":1177442}
S03 {"case_deadline_ms":9125,"clock_domain":"engine_elapsed_usec_pid_48304","close_outcome":"CANCELED","event":"held_send","expected":"INVALID","operation":5,"phase":"ACTIVE","pid":48304,"role":"client","sequence":4,"session_deadline_ms":15646,"ticks_usec":1211898}
S03 {"case_deadline_ms":9214,"clock_domain":"engine_elapsed_usec_pid_48304","close_outcome":"CANCELED","event":"held_receipt","operation":5,"phase":"ACTIVE","pid":48304,"reason":"INVALID","role":"client","sequence":4,"session_deadline_ms":15646,"ticks_usec":1246483}
S03 {"case_deadline_ms":9214,"clock_domain":"engine_elapsed_usec_pid_48304","close_outcome":"CANCELED","event":"held_send","expected":"WINDOW","operation":5,"phase":"ACTIVE","pid":48304,"role":"client","sequence":122,"session_deadline_ms":15646,"ticks_usec":1287884}
S03 {"case_deadline_ms":9291,"clock_domain":"engine_elapsed_usec_pid_48304","close_outcome":"CANCELED","event":"held_receipt","operation":5,"phase":"ACTIVE","pid":48304,"reason":"WINDOW","role":"client","sequence":122,"session_deadline_ms":15646,"ticks_usec":1336167}
S03 {"case_deadline_ms":9291,"clock_domain":"engine_elapsed_usec_pid_48304","close_outcome":"CANCELED","event":"held_send","expected":"WINDOW","operation":5,"phase":"ACTIVE","pid":48304,"role":"client","sequence":123,"session_deadline_ms":15646,"ticks_usec":1377503}
S03 {"case_deadline_ms":9380,"clock_domain":"engine_elapsed_usec_pid_48304","close_outcome":"CANCELED","event":"held_receipt","operation":5,"phase":"ACTIVE","pid":48304,"reason":"WINDOW","role":"client","sequence":123,"session_deadline_ms":15646,"ticks_usec":1432770}
S03 {"case_deadline_ms":9380,"clock_domain":"engine_elapsed_usec_pid_48304","close_outcome":"CANCELED","event":"held_send","expected":"WINDOW","operation":5,"phase":"ACTIVE","pid":48304,"role":"client","sequence":124,"session_deadline_ms":15646,"ticks_usec":1467196}
S03 {"case_deadline_ms":9469,"clock_domain":"engine_elapsed_usec_pid_48304","close_outcome":"CANCELED","event":"held_receipt","operation":5,"phase":"ACTIVE","pid":48304,"reason":"WINDOW","role":"client","sequence":124,"session_deadline_ms":15646,"ticks_usec":1501748}
S03 {"baseline":3,"case_deadline_ms":9543,"clock_domain":"engine_elapsed_usec_pid_48304","close_outcome":"CANCELED","event":"baseline_installed","operation":5,"phase":"SYNCHRONIZING","pid":48304,"role":"client","session_deadline_ms":16543,"ticks_usec":1582218}
S03 {"case_deadline_ms":9543,"clock_domain":"engine_elapsed_usec_pid_48304","close_outcome":"CANCELED","event":"held_send","expected":"NOT_ADMITTED","operation":5,"phase":"SYNCHRONIZING","pid":48304,"role":"client","sequence":1,"session_deadline_ms":16543,"ticks_usec":1585287}
S03 {"case_deadline_ms":9587,"clock_domain":"engine_elapsed_usec_pid_48304","close_outcome":"CANCELED","event":"held_receipt","operation":5,"phase":"SYNCHRONIZING","pid":48304,"reason":"NOT_ADMITTED","role":"client","sequence":1,"session_deadline_ms":16543,"ticks_usec":1626015}
S03 {"case_deadline_ms":9660,"clock_domain":"engine_elapsed_usec_pid_48304","close_outcome":"CANCELED","event":"session_changed","operation":5,"participant":3,"phase":"ACTIVE","pid":48304,"role":"client","session_deadline_ms":16543,"ticks_usec":1736436}
S03 {"case_deadline_ms":9660,"clock_domain":"engine_elapsed_usec_pid_48304","close_outcome":"CANCELED","event":"held_send","expected":"STALE_CONTEXT","operation":5,"phase":"ACTIVE","pid":48304,"role":"client","sequence":1,"session_deadline_ms":16543,"ticks_usec":1743218}
S03 {"case_deadline_ms":9746,"clock_domain":"engine_elapsed_usec_pid_48304","close_outcome":"CANCELED","event":"held_receipt","operation":5,"phase":"ACTIVE","pid":48304,"reason":"STALE_CONTEXT","role":"client","sequence":1,"session_deadline_ms":16543,"ticks_usec":1784788}
S03 {"case_deadline_ms":9746,"clock_domain":"engine_elapsed_usec_pid_48304","close_outcome":"CANCELED","event":"held_send","expected":"OK","operation":5,"phase":"ACTIVE","pid":48304,"role":"client","sequence":1,"session_deadline_ms":16543,"ticks_usec":1819117}
S03 {"case_deadline_ms":9822,"clock_domain":"engine_elapsed_usec_pid_48304","close_outcome":"CANCELED","event":"held_receipt","operation":5,"phase":"ACTIVE","pid":48304,"reason":"OK","role":"client","sequence":1,"session_deadline_ms":16543,"ticks_usec":1846833}
S03 {"case_deadline_ms":10543,"clock_domain":"engine_elapsed_usec_pid_48304","close_outcome":"HOST_LOST","event":"close_started","operation":5,"outcome":"HOST_LOST","phase":"CLOSING","pid":48304,"role":"client","session_deadline_ms":16543,"ticks_usec":2640392}
S03 {"case_deadline_ms":10543,"clock_domain":"engine_elapsed_usec_pid_48304","close_outcome":"HOST_LOST","event":"session_changed","operation":5,"participant":3,"phase":"CLOSING","pid":48304,"role":"client","session_deadline_ms":17642,"ticks_usec":2642884}
S03 {"case_deadline_ms":10543,"clock_domain":"engine_elapsed_usec_pid_48304","close_outcome":"HOST_LOST","event":"session_changed","operation":5,"participant":0,"phase":"IDLE","pid":48304,"role":"client","session_deadline_ms":17642,"ticks_usec":2654020}
S03 {"baseline_bytes":0,"case_deadline_ms":10543,"cases":["provider_substitution_late_cleanup","baseline_cancel_retry","held_window_resync","subset_reorder_loss_recovery"],"clock_domain":"engine_elapsed_usec_pid_48304","close_outcome":"HOST_LOST","event":"result","max_held_bytes":0,"max_movement_bytes":0,"movement_received":5,"ok":true,"operation":5,"phase":"IDLE","pid":48304,"role":"client","session_deadline_ms":17642,"steam_available":false,"ticks_usec":2656575,"user_dir":"C:/tmp/ft/s03-fix-5/client/user/appdata/Godot/app_userdata/S03 contract proof"}
