00:00.290  blend            | Read blend: "/home/regner/.paseo/worktrees/0u71f39f/s06-provisional-turn-seam/art/source/models/spikes/s06_intersection.blend"
INFO Draco is available, use library at /usr/lib/blender/5.2/scripts/addons_core/io_scene_gltf2/libbf_intern_draco_bridge.so
ERROR MeshOptimizer is not available because library could not be found at /usr/lib/blender/5.2/scripts/addons_core/io_scene_gltf2/libbf_intern_meshopt_bridge.so
03:27:24 | INFO: Starting glTF 2.0 export
03:27:24 | INFO: Extracting primitive: Cube.013
03:27:24 | INFO: Primitives created: 1
03:27:24 | INFO: Extracting primitive: Cube.014
03:27:24 | INFO: Primitives created: 1
03:27:24 | INFO: Extracting primitive: Cube.015
03:27:24 | INFO: Primitives created: 1
03:27:24 | INFO: Extracting primitive: Cube.016
03:27:24 | INFO: Primitives created: 1
03:27:24 | INFO: Extracting primitive: Cube.009
03:27:24 | INFO: Primitives created: 1
03:27:24 | INFO: Extracting primitive: Cube.010
03:27:24 | INFO: Primitives created: 1
03:27:24 | INFO: Extracting primitive: Cube.011
03:27:24 | INFO: Primitives created: 1
03:27:24 | INFO: Extracting primitive: Cube.012
03:27:24 | INFO: Primitives created: 1
03:27:24 | INFO: Extracting primitive: Cube.004
03:27:24 | INFO: Primitives created: 1
03:27:24 | INFO: Extracting primitive: Cube.008
03:27:24 | INFO: Primitives created: 1
03:27:24 | INFO: Extracting primitive: Cube
03:27:24 | INFO: Primitives created: 1
03:27:24 | INFO: Extracting primitive: Cube.001
03:27:24 | INFO: Primitives created: 1
03:27:24 | INFO: Extracting primitive: Cube.005
03:27:24 | INFO: Primitives created: 1
03:27:24 | INFO: Extracting primitive: Cube.002
03:27:24 | INFO: Primitives created: 1
03:27:24 | INFO: Extracting primitive: Cube.006
03:27:24 | INFO: Primitives created: 1
03:27:24 | INFO: Extracting primitive: Cube.003
03:27:24 | INFO: Primitives created: 1
03:27:24 | INFO: Extracting primitive: Cube.007
03:27:24 | INFO: Primitives created: 1
03:27:24 | INFO: Finished glTF 2.0 export in 0.024527311325073242 s

S06_EXPORT export_s06_west ['Centre_west_10', 'Centre_west_14', 'Centre_west_18', 'Centre_west_22', 'Crossing_west_0', 'Crossing_west_1', 'Crossing_west_2', 'Crossing_west_3', 'IslandNorth_west', 'IslandSouth_west', 'RoadHorizontal_west', 'RoadVerticalNorth_west', 'RoadVerticalSouth_west', 'WalkHorizontalNorth_west', 'WalkHorizontalSouth_west', 'WalkVerticalNorth_west', 'WalkVerticalSouth_west']
03:27:24 | INFO: Starting glTF 2.0 export
03:27:24 | INFO: Extracting primitive: Cube.030
03:27:24 | INFO: Primitives created: 1
03:27:24 | INFO: Extracting primitive: Cube.031
03:27:24 | INFO: Primitives created: 1
03:27:24 | INFO: Extracting primitive: Cube.032
03:27:24 | INFO: Primitives created: 1
03:27:24 | INFO: Extracting primitive: Cube.033
03:27:24 | INFO: Primitives created: 1
03:27:24 | INFO: Extracting primitive: Cube.026
03:27:24 | INFO: Primitives created: 1
03:27:24 | INFO: Extracting primitive: Cube.027
03:27:24 | INFO: Primitives created: 1
03:27:24 | INFO: Extracting primitive: Cube.028
03:27:24 | INFO: Primitives created: 1
03:27:24 | INFO: Extracting primitive: Cube.029
03:27:24 | INFO: Primitives created: 1
03:27:24 | INFO: Extracting primitive: Cube.021
03:27:24 | INFO: Primitives created: 1
03:27:24 | INFO: Extracting primitive: Cube.025
03:27:24 | INFO: Primitives created: 1
03:27:24 | INFO: Extracting primitive: Cube.017
03:27:24 | INFO: Primitives created: 1
03:27:24 | INFO: Extracting primitive: Cube.018
03:27:24 | INFO: Primitives created: 1
03:27:24 | INFO: Extracting primitive: Cube.022
03:27:24 | INFO: Primitives created: 1
03:27:24 | INFO: Extracting primitive: Cube.019
03:27:24 | INFO: Primitives created: 1
03:27:24 | INFO: Extracting primitive: Cube.023
03:27:24 | INFO: Primitives created: 1
03:27:24 | INFO: Extracting primitive: Cube.020
03:27:24 | INFO: Primitives created: 1
03:27:24 | INFO: Extracting primitive: Cube.024
03:27:24 | INFO: Primitives created: 1
03:27:24 | INFO: Finished glTF 2.0 export in 0.017876625061035156 s

S06_EXPORT export_s06_east ['Centre_east_10', 'Centre_east_14', 'Centre_east_18', 'Centre_east_22', 'Crossing_east_0', 'Crossing_east_1', 'Crossing_east_2', 'Crossing_east_3', 'IslandNorth_east', 'IslandSouth_east', 'RoadHorizontal_east', 'RoadVerticalNorth_east', 'RoadVerticalSouth_east', 'WalkHorizontalNorth_east', 'WalkHorizontalSouth_east', 'WalkVerticalNorth_east', 'WalkVerticalSouth_east']
Blender 5.2.2 LTS (hash d13f752e3b9c built 2026-09-22 17:10:25)

Blender quit
