00:00.310  blend            | Read blend: "/home/regner/.paseo/worktrees/0u71f39f/brackett-pistol/art/source/models/pistol_coral_stub/pistol_coral_stub.blend"
INFO Draco is available, use library at /usr/lib/blender/5.2/scripts/addons_core/io_scene_gltf2/libbf_intern_draco_bridge.so
ERROR MeshOptimizer is not available because library could not be found at /usr/lib/blender/5.2/scripts/addons_core/io_scene_gltf2/libbf_intern_meshopt_bridge.so
13:35:13 | INFO: Starting glTF 2.0 export
13:35:13 | INFO: Extracting primitive: AngledGrip_mesh
13:35:13 | INFO: Primitives created: 1
13:35:13 | INFO: Extracting primitive: Cube
13:35:13 | INFO: Primitives created: 1
13:35:13 | INFO: Extracting primitive: Cube.001
13:35:13 | INFO: Primitives created: 1
13:35:13 | INFO: Extracting primitive: Cube.005
13:35:13 | INFO: Primitives created: 1
13:35:13 | INFO: Extracting primitive: GripInsert_mesh
13:35:13 | INFO: Primitives created: 1
13:35:13 | INFO: Extracting primitive: Cube.002
13:35:13 | INFO: Primitives created: 1
13:35:13 | INFO: Extracting primitive: MuzzleAperture_mesh
13:35:13 | INFO: Primitives created: 1
13:35:13 | INFO: Extracting primitive: Cube.003
13:35:13 | INFO: Primitives created: 1
13:35:13 | INFO: Extracting primitive: Cube.004
13:35:13 | INFO: Primitives created: 1
13:35:13 | INFO: Extracting primitive: Cube.006
13:35:13 | INFO: Primitives created: 1
13:35:13 | INFO: Extracting primitive: TriggerGuard_mesh
13:35:13 | INFO: Primitives created: 1
13:35:13 | INFO: Extracting primitive: TriggerVisual_mesh
13:35:13 | INFO: Primitives created: 1
13:35:13 | INFO: Finished glTF 2.0 export in 0.024550914764404297 s

PISTOL_EXPORT 5.2.2 LTS b'd13f752e3b9c' /tmp/brackett-pistol/fresh.glb
Blender 5.2.2 LTS (hash d13f752e3b9c built 2026-09-22 17:10:25)

Blender quit
