00:00.294  blend            | Read blend: "/tmp/batch03-final/frozen/art/source/models/environment/city_shop_fittings_07/city_shop_fittings_07.blend"
BlenderMCP addon registered
INFO Draco is available, use library at /usr/lib/blender/5.2/scripts/addons_core/io_scene_gltf2/libbf_intern_draco_bridge.so
ERROR MeshOptimizer is not available because library could not be found at /usr/lib/blender/5.2/scripts/addons_core/io_scene_gltf2/libbf_intern_meshopt_bridge.so
19:56:28 | INFO: Starting glTF 2.0 export
19:56:28 | INFO: Extracting primitive: centre_glazing_seal
19:56:28 | INFO: Primitives created: 1
19:56:28 | INFO: Extracting primitive: centre_opaque_pane
19:56:28 | INFO: Primitives created: 1
19:56:28 | INFO: Extracting primitive: continuous_window_frame
19:56:28 | INFO: Primitives created: 1
19:56:28 | INFO: Extracting primitive: folded_drip_shoe
19:56:28 | INFO: Primitives created: 1
19:56:28 | INFO: Extracting primitive: inner_ivory_bead
19:56:28 | INFO: Primitives created: 1
19:56:28 | INFO: Extracting primitive: left_glazing_seal
19:56:28 | INFO: Primitives created: 1
19:56:28 | INFO: Extracting primitive: left_meeting_stile
19:56:28 | INFO: Primitives created: 1
19:56:28 | INFO: Extracting primitive: left_opaque_pane
19:56:28 | INFO: Primitives created: 1
19:56:28 | INFO: Extracting primitive: right_glazing_seal
19:56:28 | INFO: Primitives created: 1
19:56:28 | INFO: Extracting primitive: right_meeting_stile
19:56:28 | INFO: Primitives created: 1
19:56:28 | INFO: Extracting primitive: right_opaque_pane
19:56:28 | INFO: Primitives created: 1
19:56:29 | INFO: Finished glTF 2.0 export in 0.01971268653869629 s

{
  "id": "city_shop_fittings_07",
  "issues": [],
  "variants": [
    {
      "name": "city_shop_fittings_07",
      "members": 12,
      "byte_identical": true
    }
  ]
}
BlenderMCP addon unregistered
Blender 5.2.2 LTS (hash d13f752e3b9c built 2026-09-22 17:10:25)

Blender quit
