00:00.295  blend            | Read blend: "/tmp/batch03-final/frozen/art/source/models/environment/city_small_shop_shells_01/city_small_shop_shells_01.blend"
BlenderMCP addon registered
INFO Draco is available, use library at /usr/lib/blender/5.2/scripts/addons_core/io_scene_gltf2/libbf_intern_draco_bridge.so
ERROR MeshOptimizer is not available because library could not be found at /usr/lib/blender/5.2/scripts/addons_core/io_scene_gltf2/libbf_intern_meshopt_bridge.so
19:56:30 | INFO: Starting glTF 2.0 export
19:56:30 | INFO: Extracting primitive: drain_saddle_0.65
19:56:30 | INFO: Primitives created: 1
19:56:30 | INFO: Extracting primitive: drain_saddle_2.45
19:56:30 | INFO: Primitives created: 1
19:56:30 | INFO: Extracting primitive: drain_saddle_3.65
19:56:30 | INFO: Primitives created: 1
19:56:30 | INFO: Extracting primitive: flat_roof_deck
19:56:30 | INFO: Primitives created: 1
19:56:30 | INFO: Extracting primitive: front_corner_pier_left
19:56:30 | INFO: Primitives created: 1
19:56:30 | INFO: Extracting primitive: front_corner_pier_right
19:56:30 | INFO: Primitives created: 1
19:56:30 | INFO: Extracting primitive: front_head_course
19:56:30 | INFO: Primitives created: 1
19:56:30 | INFO: Extracting primitive: front_parapet_coping
19:56:30 | INFO: Primitives created: 1
19:56:30 | INFO: Extracting primitive: front_plinth_left
19:56:30 | INFO: Primitives created: 1
19:56:30 | INFO: Extracting primitive: front_plinth_right
19:56:30 | INFO: Primitives created: 1
19:56:30 | INFO: Extracting primitive: front_structural_wall_with_two_openings
19:56:30 | INFO: Primitives created: 1
19:56:30 | INFO: Extracting primitive: party_coping_left
19:56:30 | INFO: Primitives created: 1
19:56:30 | INFO: Extracting primitive: party_coping_right
19:56:30 | INFO: Primitives created: 1
19:56:30 | INFO: Extracting primitive: party_wall_left
19:56:30 | INFO: Primitives created: 1
19:56:30 | INFO: Extracting primitive: party_wall_right
19:56:30 | INFO: Primitives created: 1
19:56:30 | INFO: Extracting primitive: rain_hopper_back
19:56:30 | INFO: Primitives created: 1
19:56:30 | INFO: Extracting primitive: rain_hopper_base
19:56:30 | INFO: Primitives created: 1
19:56:30 | INFO: Extracting primitive: rain_hopper_front
19:56:30 | INFO: Primitives created: 1
19:56:30 | INFO: Extracting primitive: rain_hopper_left
19:56:30 | INFO: Primitives created: 1
19:56:30 | INFO: Extracting primitive: rain_hopper_right
19:56:30 | INFO: Primitives created: 1
19:56:30 | INFO: Extracting primitive: rear_coping
19:56:30 | INFO: Primitives created: 1
19:56:30 | INFO: Extracting primitive: rear_downpipe
19:56:30 | INFO: Primitives created: 1
19:56:30 | INFO: Extracting primitive: rear_parapet_left
19:56:30 | INFO: Primitives created: 1
19:56:30 | INFO: Extracting primitive: rear_parapet_right
19:56:30 | INFO: Primitives created: 1
19:56:30 | INFO: Extracting primitive: rear_plinth
19:56:30 | INFO: Primitives created: 1
19:56:30 | INFO: Extracting primitive: rear_scupper_header
19:56:30 | INFO: Primitives created: 1
19:56:30 | INFO: Extracting primitive: rear_structural_wall
19:56:30 | INFO: Primitives created: 1
19:56:30 | INFO: Extracting primitive: roof_seam_left
19:56:30 | INFO: Primitives created: 1
19:56:30 | INFO: Extracting primitive: roof_seam_right
19:56:30 | INFO: Primitives created: 1
19:56:30 | INFO: Extracting primitive: scupper_lower_lip
19:56:30 | INFO: Primitives created: 1
19:56:30 | INFO: Finished glTF 2.0 export in 0.035944223403930664 s

{
  "id": "city_small_shop_shells_01",
  "issues": [],
  "variants": [
    {
      "name": "city_small_shop_shells_01",
      "members": 39,
      "byte_identical": true
    }
  ]
}
BlenderMCP addon unregistered
Blender 5.2.2 LTS (hash d13f752e3b9c built 2026-09-22 17:10:25)

Blender quit
