00:00.296  blend            | Read blend: "/tmp/batch03-final/frozen/art/source/models/environment/city_shop_fittings_03/city_shop_fittings_03.blend"
BlenderMCP addon registered
INFO Draco is available, use library at /usr/lib/blender/5.2/scripts/addons_core/io_scene_gltf2/libbf_intern_draco_bridge.so
ERROR MeshOptimizer is not available because library could not be found at /usr/lib/blender/5.2/scripts/addons_core/io_scene_gltf2/libbf_intern_meshopt_bridge.so
19:56:26 | INFO: Starting glTF 2.0 export
19:56:26 | INFO: Extracting primitive: single_rear_stop
19:56:26 | INFO: Primitives created: 1
19:56:26 | INFO: Extracting primitive: single_recessed_reveal
19:56:26 | INFO: Primitives created: 1
19:56:26 | INFO: Extracting primitive: single_rounded_face_casing
19:56:26 | INFO: Primitives created: 1
19:56:26 | INFO: Extracting primitive: single_sloped_threshold
19:56:26 | INFO: Primitives created: 1
19:56:26 | INFO: Finished glTF 2.0 export in 0.014710664749145508 s

19:56:26 | INFO: Starting glTF 2.0 export
19:56:26 | INFO: Extracting primitive: double_rear_stop
19:56:26 | INFO: Primitives created: 1
19:56:26 | INFO: Extracting primitive: double_recessed_reveal
19:56:26 | INFO: Primitives created: 1
19:56:26 | INFO: Extracting primitive: double_rounded_face_casing
19:56:26 | INFO: Primitives created: 1
19:56:26 | INFO: Extracting primitive: double_sloped_threshold
19:56:26 | INFO: Primitives created: 1
19:56:26 | INFO: Finished glTF 2.0 export in 0.008825540542602539 s

{
  "id": "city_shop_fittings_03",
  "issues": [],
  "variants": [
    {
      "name": "city_shop_fittings_03_single",
      "members": 5,
      "byte_identical": true
    },
    {
      "name": "city_shop_fittings_03_double",
      "members": 5,
      "byte_identical": true
    }
  ]
}
BlenderMCP addon unregistered
Blender 5.2.2 LTS (hash d13f752e3b9c built 2026-09-22 17:10:25)

Blender quit
