00:00.291  blend            | Read blend: "/tmp/batch03-final/frozen/art/source/models/environment/city_shop_fittings_06/city_shop_fittings_06.blend"
BlenderMCP addon registered
INFO Draco is available, use library at /usr/lib/blender/5.2/scripts/addons_core/io_scene_gltf2/libbf_intern_draco_bridge.so
ERROR MeshOptimizer is not available because library could not be found at /usr/lib/blender/5.2/scripts/addons_core/io_scene_gltf2/libbf_intern_meshopt_bridge.so
19:56:28 | INFO: Starting glTF 2.0 export
19:56:28 | INFO: Extracting primitive: single_leaf_1_glazing
19:56:28 | INFO: Primitives created: 1
19:56:28 | INFO: Extracting primitive: single_leaf_1_static_pull
19:56:28 | INFO: Primitives created: 1
19:56:28 | INFO: Extracting primitive: single_leaf_1_stiles_rails
19:56:28 | INFO: Primitives created: 1
19:56:28 | INFO: Finished glTF 2.0 export in 0.01261758804321289 s

19:56:28 | INFO: Starting glTF 2.0 export
19:56:28 | INFO: Extracting primitive: double_leaf_1_glazing
19:56:28 | INFO: Primitives created: 1
19:56:28 | INFO: Extracting primitive: double_leaf_1_static_pull
19:56:28 | INFO: Primitives created: 1
19:56:28 | INFO: Extracting primitive: double_leaf_1_stiles_rails
19:56:28 | INFO: Primitives created: 1
19:56:28 | INFO: Extracting primitive: double_leaf_2_glazing
19:56:28 | INFO: Primitives created: 1
19:56:28 | INFO: Extracting primitive: double_leaf_2_static_pull
19:56:28 | INFO: Primitives created: 1
19:56:28 | INFO: Extracting primitive: double_leaf_2_stiles_rails
19:56:28 | INFO: Primitives created: 1
19:56:28 | INFO: Finished glTF 2.0 export in 0.010091304779052734 s

{
  "id": "city_shop_fittings_06",
  "issues": [],
  "variants": [
    {
      "name": "city_shop_fittings_06_single",
      "members": 4,
      "byte_identical": true
    },
    {
      "name": "city_shop_fittings_06_double",
      "members": 7,
      "byte_identical": true
    }
  ]
}
BlenderMCP addon unregistered
Blender 5.2.2 LTS (hash d13f752e3b9c built 2026-09-22 17:10:25)

Blender quit
