00:00.294  blend            | Read blend: "/tmp/batch03-final/frozen/art/source/models/environment/city_shop_fittings_08/city_shop_fittings_08.blend"
BlenderMCP addon registered
INFO Draco is available, use library at /usr/lib/blender/5.2/scripts/addons_core/io_scene_gltf2/libbf_intern_draco_bridge.so
ERROR MeshOptimizer is not available because library could not be found at /usr/lib/blender/5.2/scripts/addons_core/io_scene_gltf2/libbf_intern_meshopt_bridge.so
19:56:29 | INFO: Starting glTF 2.0 export
19:56:29 | INFO: Extracting primitive: Cube.002
19:56:29 | INFO: Primitives created: 1
19:56:29 | INFO: Extracting primitive: Cube.003
19:56:29 | INFO: Primitives created: 1
19:56:29 | INFO: Extracting primitive: Cylinder
19:56:29 | INFO: Primitives created: 1
19:56:29 | INFO: Extracting primitive: Cylinder.001
19:56:29 | INFO: Primitives created: 1
19:56:29 | INFO: Extracting primitive: Cylinder.002
19:56:29 | INFO: Primitives created: 1
19:56:29 | INFO: Extracting primitive: Cylinder.003
19:56:29 | INFO: Primitives created: 1
19:56:29 | INFO: Extracting primitive: continuous_trim_negative_x_mesh
19:56:29 | INFO: Primitives created: 1
19:56:29 | INFO: Extracting primitive: continuous_trim_positive_x_mesh
19:56:29 | INFO: Primitives created: 1
19:56:29 | INFO: Extracting primitive: dark_reveal_negative_x_mesh
19:56:29 | INFO: Primitives created: 1
19:56:29 | INFO: Extracting primitive: dark_reveal_positive_x_mesh
19:56:29 | INFO: Primitives created: 1
19:56:29 | INFO: Extracting primitive: face_negative_x_mesh
19:56:29 | INFO: Primitives created: 2
19:56:29 | INFO: Extracting primitive: face_positive_x_mesh
19:56:29 | INFO: Primitives created: 2
19:56:29 | INFO: Extracting primitive: formed_blade_shell_mesh
19:56:29 | INFO: Primitives created: 1
19:56:29 | INFO: Extracting primitive: gusset_lower
19:56:29 | INFO: Primitives created: 1
19:56:29 | INFO: Extracting primitive: gusset_upper
19:56:29 | INFO: Primitives created: 1
19:56:29 | INFO: Extracting primitive: Cube.001
19:56:29 | INFO: Primitives created: 1
19:56:29 | INFO: Finished glTF 2.0 export in 0.028850078582763672 s

{
  "id": "city_shop_fittings_08",
  "issues": [],
  "variants": [
    {
      "name": "city_shop_fittings_08",
      "members": 17,
      "byte_identical": true
    }
  ]
}
BlenderMCP addon unregistered
Blender 5.2.2 LTS (hash d13f752e3b9c built 2026-09-22 17:10:25)

Blender quit
