{
  "candidate": "1031a3e1e66a404f67fa1a3857c4888d05f10d1e",
  "head": "1031a3e1e66a404f67fa1a3857c4888d05f10d1e",
  "mismatches": [
    {
      "group": "engine_files",
      "path": "docs/assets/production/batch_03-evidence/editor-restart.log",
      "candidate_bytes": 29204,
      "candidate_sha256": "ab20ecf69a33eb2d58617c724bda4bc695247fac82e98057b596144ea44df509",
      "working_bytes": 33694,
      "working_sha256": "fe669a418cc72f0f90ac25933c81e4f6f3dbbe2bb36fd77ed7a4ce782de5c192",
      "matches": false
    }
  ],
  "log_is_exact_candidate_prefix_plus_owned_editor_append": true,
  "append_bytes": 4490,
  "append_sha256": "72ac4453aad0bcd32f00bbdef13d955a2195a17f67061c29b17047a3b81d1c89",
  "runtime_stopped": true,
  "lease_released_by_reviewer": true,
  "shared_frozen_log_not_rewritten": true,
  "tracked_diff": [
    "M\tdocs/assets/production/batch_03-evidence/editor-restart.log"
  ],
  "index_diff": []
}
