{
  "producer_payload_count": 594,
  "records": [
    {
      "id": "city_shop_fittings_02",
      "count": 84,
      "manifest_sha256": "3209f9d198c1f0e823d7ea42e3b5a4fc4cf7aa6d0120690058a98addccdc53f6",
      "missing": [],
      "extra": []
    },
    {
      "id": "city_shop_fittings_03",
      "count": 65,
      "manifest_sha256": "2bea8adb982ca2a56ac787bd700ddcac5c4970f547a0f21ce7ff9452c7798750",
      "missing": [],
      "extra": []
    },
    {
      "id": "city_shop_fittings_05",
      "count": 51,
      "manifest_sha256": "2ff9ddaf08347f461c4225d8d76ff7f40b221c1dcfebe478c3750ca164401a7e",
      "missing": [],
      "extra": []
    },
    {
      "id": "city_shop_fittings_06",
      "count": 188,
      "manifest_sha256": "6565591338cf0ce12aa7027b3088d769b2dde64c1e40e2fa21b62f2d1aa9f3f8",
      "missing": [],
      "extra": []
    },
    {
      "id": "city_shop_fittings_07",
      "count": 36,
      "manifest_sha256": "14175561315ed3cc588b7cc16604e1418a56d5ae73dc6658a50061b4f76b5085",
      "missing": [],
      "extra": []
    },
    {
      "id": "city_shop_fittings_08",
      "count": 52,
      "manifest_sha256": "4bb33c4e371af9f8bd5f27303c1b8b0f92270826f465611d397481787b69153a",
      "missing": [],
      "extra": []
    },
    {
      "id": "city_small_shop_shells_01",
      "count": 118,
      "manifest_sha256": "f72cd2d401635412e186f054f5f7902e88f389f32c9e4c3e168c81e7af5ea0dd",
      "missing": [],
      "extra": []
    }
  ],
  "engine_payload_count": 299,
  "engine_delta_missing": [],
  "engine_delta_extra": [
    "docs/assets/production/batch_03-evidence/correction-readback.json",
    "docs/assets/production/batch_03-evidence/review-retention-readback.json",
    "docs/assets/production/batch_03-evidence/source-readback.json"
  ],
  "delta_counts": {
    "source_correction": 357,
    "engine": 297,
    "original_base": 2369
  },
  "initial_pack_count": 106
}
