BlenderMCP addon registered
19:57:10 | INFO: Data are loaded, start creating Blender stuff
19:57:10 | INFO: Blender create Mesh node single_rear_stop
19:57:10 | INFO: Blender create Mesh node single_recessed_reveal
19:57:10 | INFO: Blender create Mesh node single_rounded_face_casing
19:57:10 | INFO: Blender create Mesh node single_sloped_threshold
19:57:10 | INFO: glTF import finished in 0.01s
19:57:10 | INFO: Data are loaded, start creating Blender stuff
19:57:10 | INFO: Blender create Mesh node single_leaf_1_glazing
19:57:10 | INFO: Blender create Mesh node single_leaf_1_static_pull
19:57:10 | INFO: Blender create Mesh node single_leaf_1_stiles_rails
19:57:10 | INFO: glTF import finished in 0.01s
19:57:10 | INFO: Data are loaded, start creating Blender stuff
19:57:10 | INFO: Blender create Mesh node double_rear_stop
19:57:10 | INFO: Blender create Mesh node double_recessed_reveal
19:57:10 | INFO: Blender create Mesh node double_rounded_face_casing
19:57:10 | INFO: Blender create Mesh node double_sloped_threshold
19:57:10 | INFO: glTF import finished in 0.01s
19:57:10 | INFO: Data are loaded, start creating Blender stuff
19:57:10 | INFO: Blender create Mesh node double_leaf_1_glazing
19:57:10 | INFO: Blender create Mesh node double_leaf_1_static_pull
19:57:10 | INFO: Blender create Mesh node double_leaf_1_stiles_rails
19:57:10 | INFO: Blender create Mesh node double_leaf_2_glazing
19:57:10 | INFO: Blender create Mesh node double_leaf_2_static_pull
19:57:10 | INFO: Blender create Mesh node double_leaf_2_stiles_rails
19:57:10 | INFO: glTF import finished in 0.01s
19:57:10 | INFO: Data are loaded, start creating Blender stuff
19:57:10 | INFO: Blender create Mesh node centre_mullion
19:57:10 | INFO: Blender create Mesh node formed_perimeter
19:57:10 | INFO: Blender create Mesh node ivory_perimeter_inlay
19:57:10 | INFO: Blender create Mesh node left_glazing_gasket
19:57:10 | INFO: Blender create Mesh node left_opaque_glazing
19:57:10 | INFO: Blender create Mesh node right_glazing_gasket
19:57:10 | INFO: Blender create Mesh node right_opaque_glazing
19:57:10 | INFO: Blender create Mesh node sloped_sill
19:57:10 | INFO: glTF import finished in 0.01s
19:57:10 | INFO: Data are loaded, start creating Blender stuff
19:57:10 | INFO: Blender create Mesh node centre_glazing_seal
19:57:10 | INFO: Blender create Mesh node centre_opaque_pane
19:57:10 | INFO: Blender create Mesh node continuous_window_frame
19:57:10 | INFO: Blender create Mesh node folded_drip_shoe
19:57:10 | INFO: Blender create Mesh node inner_ivory_bead
19:57:10 | INFO: Blender create Mesh node left_glazing_seal
19:57:10 | INFO: Blender create Mesh node left_meeting_stile
19:57:10 | INFO: Blender create Mesh node left_opaque_pane
19:57:10 | INFO: Blender create Mesh node right_glazing_seal
19:57:10 | INFO: Blender create Mesh node right_meeting_stile
19:57:10 | INFO: Blender create Mesh node right_opaque_pane
19:57:10 | INFO: glTF import finished in 0.01s
19:57:10 | INFO: Data are loaded, start creating Blender stuff
19:57:10 | INFO: Blender create Mesh node drain_saddle_0.65
19:57:10 | INFO: Blender create Mesh node drain_saddle_2.45
19:57:10 | INFO: Blender create Mesh node drain_saddle_3.65
19:57:10 | INFO: Blender create Mesh node flat_roof_deck
19:57:10 | INFO: Blender create Mesh node front_corner_pier_left
19:57:10 | INFO: Blender create Mesh node front_corner_pier_right
19:57:10 | INFO: Blender create Mesh node front_head_course
19:57:10 | INFO: Blender create Mesh node front_parapet_coping
19:57:10 | INFO: Blender create Mesh node front_plinth_left
19:57:10 | INFO: Blender create Mesh node front_plinth_right
19:57:11 | INFO: Blender create Mesh node front_structural_wall_with_two_openings
19:57:11 | INFO: Blender create Mesh node party_coping_left
19:57:11 | INFO: Blender create Mesh node party_coping_right
19:57:11 | INFO: Blender create Mesh node party_wall_left
19:57:11 | INFO: Blender create Mesh node party_wall_right
19:57:11 | INFO: Blender create Mesh node rain_hopper_back
19:57:11 | INFO: Blender create Mesh node rain_hopper_base
19:57:11 | INFO: Blender create Mesh node rain_hopper_front
19:57:11 | INFO: Blender create Mesh node rain_hopper_left
19:57:11 | INFO: Blender create Mesh node rain_hopper_right
19:57:11 | INFO: Blender create Mesh node rear_coping
19:57:11 | INFO: Blender create Mesh node rear_downpipe
19:57:11 | INFO: Blender create Mesh node rear_parapet_left
19:57:11 | INFO: Blender create Mesh node rear_parapet_right
19:57:11 | INFO: Blender create Mesh node rear_plinth
19:57:11 | INFO: Blender create Mesh node rear_scupper_header
19:57:11 | INFO: Blender create Mesh node rear_structural_wall
19:57:11 | INFO: Blender create Mesh node roof_seam_left
19:57:11 | INFO: Blender create Mesh node roof_seam_right
19:57:11 | INFO: Blender create Mesh node scupper_lower_lip
19:57:11 | INFO: glTF import finished in 0.03s
19:57:11 | INFO: Data are loaded, start creating Blender stuff
19:57:11 | INFO: Blender create Mesh node formed_canopy
19:57:11 | INFO: Blender create Mesh node gusset
19:57:11 | INFO: Blender create Mesh node rolled_front_rim
19:57:11 | INFO: Blender create Mesh node Cube.001
19:57:11 | INFO: glTF import finished in 0.01s
19:57:11 | INFO: Data are loaded, start creating Blender stuff
19:57:11 | INFO: Blender create Mesh node artwork_reveal_mesh
19:57:11 | INFO: Blender create Mesh node continuous_face_trim_mesh
19:57:11 | INFO: Blender create Mesh node fascia_artwork_carrier_mesh
19:57:11 | INFO: Blender create Mesh node folded_back_tray_mesh
19:57:11 | INFO: Blender create Mesh node formed_fascia_frame_mesh
19:57:11 | INFO: Blender create Mesh node Cube.001
19:57:11 | INFO: Blender create Mesh node Cube.002
19:57:11 | INFO: glTF import finished in 0.01s
19:57:11 | INFO: Data are loaded, start creating Blender stuff
19:57:11 | INFO: Blender create Mesh node single_rear_stop
19:57:11 | INFO: Blender create Mesh node single_recessed_reveal
19:57:11 | INFO: Blender create Mesh node single_rounded_face_casing
19:57:11 | INFO: Blender create Mesh node single_sloped_threshold
19:57:11 | INFO: glTF import finished in 0.01s
19:57:11 | INFO: Data are loaded, start creating Blender stuff
19:57:11 | INFO: Blender create Mesh node centre_mullion
19:57:11 | INFO: Blender create Mesh node formed_perimeter
19:57:11 | INFO: Blender create Mesh node ivory_perimeter_inlay
19:57:11 | INFO: Blender create Mesh node left_glazing_gasket
19:57:11 | INFO: Blender create Mesh node left_opaque_glazing
19:57:11 | INFO: Blender create Mesh node right_glazing_gasket
19:57:11 | INFO: Blender create Mesh node right_opaque_glazing
19:57:11 | INFO: Blender create Mesh node sloped_sill
19:57:11 | INFO: glTF import finished in 0.01s
19:57:11 | INFO: Data are loaded, start creating Blender stuff
19:57:11 | INFO: Blender create Mesh node single_leaf_1_glazing
19:57:11 | INFO: Blender create Mesh node single_leaf_1_static_pull
19:57:11 | INFO: Blender create Mesh node single_leaf_1_stiles_rails
19:57:11 | INFO: glTF import finished in 0.01s
{
  "issues": [],
  "summary": [
    {
      "mode": "source",
      "entrances": [
        {
          "variant": "single",
          "head": 2.240000009536743,
          "sill": 0.019999999552965164,
          "head_gap": 0.007999897003173828,
          "sill_gap": 0.009999999776482582,
          "stop_gap": 0.006000012159347534,
          "meeting_gap": null
        },
        {
          "variant": "double",
          "head": 2.240000009536743,
          "sill": 0.019999999552965164,
          "head_gap": 0.007999897003173828,
          "sill_gap": 0.009999999776482582,
          "stop_gap": 0.006000012159347534,
          "meeting_gap": 0.00800000037997961
        }
      ],
      "shell_holes": [
        {
          "name": "entrance",
          "rays": 323,
          "blocked": 0
        },
        {
          "name": "window",
          "rays": 323,
          "blocked": 0
        }
      ],
      "unexpected_intersections": 0,
      "clearances": [
        0.09999990463256836,
        0.15999984741210938
      ]
    },
    {
      "mode": "glb",
      "entrances": [
        {
          "variant": "single",
          "head": 2.240000009536743,
          "sill": 0.019999999552965164,
          "head_gap": 0.007999897003173828,
          "sill_gap": 0.009999999776482582,
          "stop_gap": 0.006000012159347534,
          "meeting_gap": null
        },
        {
          "variant": "double",
          "head": 2.240000009536743,
          "sill": 0.019999999552965164,
          "head_gap": 0.007999897003173828,
          "sill_gap": 0.009999999776482582,
          "stop_gap": 0.006000012159347534,
          "meeting_gap": 0.00800000037997961
        }
      ],
      "shell_holes": [
        {
          "name": "entrance",
          "rays": 323,
          "blocked": 0
        },
        {
          "name": "window",
          "rays": 323,
          "blocked": 0
        }
      ],
      "unexpected_intersections": 0,
      "clearances": [
        0.09999990463256836,
        0.15999984741210938
      ]
    }
  ]
}
BlenderMCP addon unregistered
Blender 5.2.2 LTS (hash d13f752e3b9c built 2026-09-22 17:10:25)

Blender quit
