diff --git a/docs/assets/production/city_shop_fittings_02.md b/docs/assets/production/city_shop_fittings_02.md
index fd242ca..b3be0ef 100644
--- a/docs/assets/production/city_shop_fittings_02.md
+++ b/docs/assets/production/city_shop_fittings_02.md
@@ -1,6 +1,6 @@
 # city_shop_fittings.02 — flat shop fascia frame
 
-Source/export candidate, 9 October 2026; produced by the assigned per-asset worker
+Source/export candidate, 9 October 2026; F1 culling correction applied, reviewer disposition pending; produced by the assigned per-asset worker
 for ROOT `fbd92534-e159-432f-aae7-28072c2bf3b2`. Model/source and explicit-export
 checks pass. Independent art acceptance and engine import, linked prefab,
 save/reopen, actual facade attachment, collision/query/runtime/multiplayer,
@@ -94,22 +94,22 @@ linear base colours in Blender. No external `.tres` or texture dependencies.
 
 Triangle counts: frame 392, trim 336, tray 164, reveal 224, insert 164,
 two rails 188 each. No rig, clips, sockets or LODs are needed for this static
-candidate; no measured device budget is implied. Source retains Blender's unused
-startup `Material` plus internal `Render Result`/`Viewer Node` handles; none enters
-the GLB. The sole excluded object is the exact 1 × 1 × 1 m authoring reference.
+candidate; no measured device budget is implied. Source retains internal `Render Result`/`Viewer Node` handles; neither enters
+the GLB. The unused startup `Material` in the original source was automatically
+dropped by Blender's correction save; all five assigned material names/slots remain unchanged. The sole excluded object is the exact 1 × 1 × 1 m authoring reference.
 Measured width/reference ratio is 3.2; `measured_1m_comparison.png` shows both.
 
 ## Validation, limits and reproduction
 
-`source_checks.json`, `glb_checks.json`, `reexport_checks.json` and
-`final_audit.json` pass: exact collection/node membership, applied transforms,
+Current `f1_culling/source_checks.json`, `f1_culling/glb_checks.json`,
+`f1_culling/reexport_checks.json` and `f1_culling/final_audit.json` pass: exact collection/node membership, applied transforms,
 finite positions/unit normals, closed manifold consistently wound solids,
 positive signed volumes, nondegenerate faces/triangles, triangle-vs-normal winding,
 material scope, artwork plane/UV orientation, axis conversion, source/export bounds,
 reference/studio exclusion and **saved-source byte-identical GLB re-export**.
 The standalone GLB decoder does not import the authoring/exporter implementation.
 `manifest.json` is the exact expected relative path/byte/SHA256 inventory, excluding
-only the manifest itself. Initial candidate source/export/checks/previews are
+the manifest itself and importer-owned `.import` sidecars (untouched). Initial candidate source/export/checks/previews are
 retained under `initial/`, explicitly not current delivery files.
 
 `hero.png`, `rear_mounts.png`, `measured_1m_comparison.png` and
@@ -148,7 +148,7 @@ Diagnostics and corrections:
 Reproduce from repository root (use new log labels; runner refuses overwriting logs):
 
 ```sh
-python tools/asset_production/city_shop_fittings_02/run.py verify_again /usr/bin/blender -b -noaudio -t 4 art/source/models/environment/city_shop_fittings_02/city_shop_fittings_02.blend --python-exit-code 1 --python tools/asset_production/city_shop_fittings_02/export.py -- docs/assets/production/city_shop_fittings_02-evidence/reexport_city_shop_fittings_02.glb docs/assets/production/city_shop_fittings_02-evidence/reexport_checks.json
+python tools/asset_production/city_shop_fittings_02/run.py verify_again /usr/bin/blender -b -noaudio -t 4 art/source/models/environment/city_shop_fittings_02/city_shop_fittings_02.blend --python-exit-code 1 --python tools/asset_production/city_shop_fittings_02/export.py -- docs/assets/production/city_shop_fittings_02-evidence/f1_culling/reexport_city_shop_fittings_02.glb docs/assets/production/city_shop_fittings_02-evidence/f1_culling/reexport_checks.json
 python tools/asset_production/city_shop_fittings_02/check_glb.py
 ```
 
@@ -158,3 +158,57 @@ use `-noaudio -t 4`, `ALSOFT_DRIVERS=null SDL_AUDIODRIVER=dummy` and an owned lo
 cache. `manifest.py` creates the final inventory; `manifest.py --verify` checks it.
 All owned authoring/render/export processes are complete at handoff. Available
 for concrete independent review findings; downstream gates stay with ROOT/integrator.
+
+
+## Independent review correction F1 — current authoritative evidence
+
+Batch03 initial review rejected the previous culling behavior at frozen candidate
+`028775618c4493ca672646e6e37fdc3c83e0e313` (parent
+`10ddb64d16e6cb2f137923a31d3ca14991468f7d`, original base
+`66400c26a01bf917dfe631af4762c2b444d9c48f`). Its immutable source/export, tools,
+report and prior manifest remain available at that revision. The review packet
+`docs/reviews/asset-production/batch_03/initial/` was read only. The earlier
+single-sided declaration was incorrect: all five exported materials were actually
+double-sided, and the original material check missed it.
+
+The author helper now explicitly sets `use_backface_culling=True`; the five named
+fascia materials were changed in the existing source, saved and independently
+reopened before export. No mesh was regenerated. Source before/after signatures
+verify unchanged positions, polygon membership, corner normals, UV layer names and
+values, material slots/PBR values, object hierarchy and world transforms. The raw
+GLB JSON differs exclusively by removal of the five `doubleSided:true` fields;
+omitted fields have the glTF default **false**. Its entire binary chunk is
+byte-identical to the rejected export, preserving geometry/UV/index data exactly.
+The exporter now asserts saved source culling; the independent raw checker asserts
+all actual GLB sidedness flags are false/default false. A fresh pinned saved-source
+export is byte-identical. All existing geometry, UV and interface checks pass.
+
+Authoritative current receipts are under `city_shop_fittings_02-evidence/f1_culling/`:
+`correction_checks.json`, `source_checks.json`, `reexport_checks.json`,
+`glb_checks.json`, `raw_delta_checks.json` and `final_audit.json`. Each command has
+literal argv/environment/start/exit and separate raw `.stdout` / `.stderr`, including
+empty streams. All five substantive correction commands exited 0; no retry or new
+failure. The optional unused MeshOptimizer library diagnostic remains in successful
+export stdout. No compression or error suppression was introduced.
+
+`mounted_frontage_fascia_culling_scratch.blend` is an additive, owned refresh of the
+previous shell scratch: only the same five fascia material flags changed. Every
+original scratch mesh and transform is unchanged; all seven fascia mesh/material
+signatures match the current source after save/reopen. Original shell evidence is
+byte-identical and untouched. Other fittings in this owned copy remain their frozen
+versions; this does not certify concurrent F2 door changes. The original previews
+remain historical visual evidence; no fresh camera/device/render acceptance is
+claimed for this material-only correction.
+
+`pre_fix_manifest.json` preserves the previous exact inventory. Every prior
+substantive evidence file (including rejected checks, logs, reexports and initial
+artifacts) remains present and byte-identical, verified by `raw_delta_checks.json`.
+The root `manifest.json` is the current complete owned payload inventory and excludes
+only itself and importer-owned sidecars. `fix_culling.py` documents the one-shot
+migration and deliberately requires the original false flags; do not rerun it on
+an already corrected source. Use `export.py` plus `check_glb.py` for future current
+verification; the latter now defaults to the correction evidence directory.
+
+F1 is corrected for same-reviewer disposition, not self-accepted. Engine culling,
+import/prefab/world/runtime/device gates remain pending. No new IDs, delegation,
+Git/index, shared documentation, reviewer pack, sidecar or live editor changes.
diff --git a/docs/assets/production/city_shop_fittings_06.md b/docs/assets/production/city_shop_fittings_06.md
index 748913f..49a67a4 100644
--- a/docs/assets/production/city_shop_fittings_06.md
+++ b/docs/assets/production/city_shop_fittings_06.md
@@ -7,6 +7,83 @@ the supplied production authorization supersedes the historical concept-only bri
 Source/export and actual .03 mating checks are candidate evidence, **not READY**.
 Independent acceptance and engine integration remain with ROOT/integrator.
 
+## F2 correction submitted for same-reviewer disposition
+
+This is the existing-ID correction to Batch03 initial F2 (P3), against immutable
+candidate `028775618c4493ca672646e6e37fdc3c83e0e313`, parent
+`10ddb64d16e6cb2f137923a31d3ca14991468f7d`, original base
+`66400c26a01bf917dfe631af4762c2b444d9c48f`. The frozen independent report, callbacks,
+images and rejected source/export bytes remain authoritative historical evidence;
+the reviewer pack was not modified. No new ID or delegation was performed.
+
+The three leaf rings now use the bevel modifier's `MITER_ARC` inner join with
+spread equal to the existing 4 mm bevel radius, replacing sharp inner miter
+patches. Broad-face weighted normals remain. This changes inner-corner surface
+tessellation, without adding decorative detail or changing outer/body/handle
+bounds, slots, datum, materials, glazing, pulls or .03 inputs. Each ring now has
+1,088 triangles (+480); the extra triangles resolve the bounded corner joins.
+
+Both saved-source and raw-GLB tests now assert **every triangle corner normal**
+points into its geometric triangle hemisphere, rather than checking only their
+mean. All opposing corners are eliminated. The worst ring source dot is
++0.612006; the full outputs' minimum is approximately +0.54917 on unchanged pulls.
+The reviewer front/rear 35 mm close-camera views were repeated at the same lights,
+800×800 resolution, 32 samples and AgX. The sharp inverted-normal streak is softened
+into a continuous miter highlight; a soft joining highlight remains in this highly
+magnified crop. This is producer evidence, not independent visual acceptance.
+
+**Current authoritative checks/renders:**
+[`city_shop_fittings_06-evidence/fix_f2/`](city_shop_fittings_06-evidence/fix_f2/).
+The previous root-level checks, renders and `initial/` / preview-fix history are
+retained unchanged as historical payloads. The top-level `fitted_comparison.blend`
+is refreshed from current sources; its prior bytes are retained in
+`fix_f2/before/fitted_comparison.blend`. All 17 current .03/.06 scratch mesh signatures
+(vertices, polygons, normals, smooth flags, slots and material values) match actual
+saved sources in `scratch_correspondence.json`.
+
+`preservation_before.json` verifies all 80 previous expected files before mutation,
+records immutable .03 and importer-sidecar hashes and the frozen Git identities.
+`before/manifest.json` and `before/author.py` preserve exact previous bytes.
+`preservation_after.json` verifies that no previous payload path was removed, only
+the permitted correction paths changed, all .03 inputs/sidecars remain unchanged,
+and actual GLB materials, glazing and pull payloads equal the frozen reviewer
+exports. No Git/index or sidecar mutation was performed. Root `manifest.json` is
+the complete current expected-set/byte/SHA inventory, retaining all previous history
+and additive correction evidence; integrator-owned `.import` files are excluded.
+
+Both actual .03 source/GLB mating assemblies pass again: 8 mm side/head/meeting,
+10 mm sill, 6 mm stop clearance; no leaf/surround surface intersections. Fresh
+saved-source reexports are byte-identical. Final source SHA256 is
+`40122b4ab26a6a348fc914e936421e75453a33f77cee88c16bd86df2a87e4fe7`;
+single GLB (38,928 bytes)
+`37e9ce1667105cc66120edf4d114b3a4228972000ac89c14ed1a2608e9b309c6`;
+double GLB (64,608 bytes)
+`b4138a6a2b7ebd96f934448d4617bc6b0d127d48bf814eab8016695e50153cbf`.
+
+One proportionate correction cycle retained distinct diagnostic probes: clearing
+custom normals and changing eight corner diagonals did not solve the opposing
+normals; hardening alone also failed. An arc probe used an invalid enum `ARC`
+(exit 1); the diagnostic identified `MITER_ARC`, and the corrected probe used it.
+Default arc spread was too large and generated opposing normals; explicitly
+bounding spread to 4 mm solved them. Arc-plus-harden was also inspected, but gave
+no useful visual advantage, so production retains its existing weighted normals.
+Probe exit 0 means the diagnostic completed, **not** that its measured geometry
+passed; their JSON records retain negative dots. The failed enum script, literal
+commands, exits, stdout and stderr are retained. No failed probe was retried unchanged.
+
+Current `f2_run.py` jobs (pin, author, export, raw GLB, fresh reexport, actual assembly,
+scratch correspondence, retained close cameras and refreshed previews) exit 0.
+`*.command.json` records exact argv/cwd/process-local environment and each separate
+raw `.stdout` / `.stderr`, including empty streams. Existing thumbnail-cache denial,
+optional MeshOptimizer absence and use_nodes deprecations remain unsuppressed.
+Reproduction: `python tools/asset_production/city_shop_fittings_06/f2_run.py`, then
+`python tools/asset_production/city_shop_fittings_06/f2_capture.py final_audit python tools/asset_production/city_shop_fittings_06/f2_finalize.py`,
+then `python tools/asset_production/city_shop_fittings_06/manifest.py`.
+
+Same independent reviewer owns final F2 disposition. Engine/prefab/runtime/collision/
+network/device gates remain pending; no READY claim. All owned writers are quiescent
+at callback, and the worker remains available for concrete corrections.
+
 ## Source, outputs and original provenance
 
 - Editable source: `art/source/models/environment/city_shop_fittings_06/city_shop_fittings_06.blend`.
@@ -87,16 +164,18 @@ has one material slot. Linear base colors are converted from these sRGB referenc
 | Pull | `door_satin_handle` / #C8C2AD | .65 / .30 |
 
 No emission, images, textures, UVs, tangents or external material dependencies.
-Separate materials/textures directories are unnecessary. Per leaf: ring 608,
-glazing 300, pull 604 triangles; single **1,512**, complete double **3,024**.
+Separate materials/textures directories are unnecessary. Per leaf: ring 1,088,
+glazing 300, pull 604 triangles; single **1,992**, complete double **3,984**.
 Three / six meshes and primitive surfaces, three materials and one identity root
-per output. Final GLB sizes: single 30,288 bytes; double 50,208 bytes.
+per output. Final GLB sizes: single 38,928 bytes; double 64,608 bytes.
 Density supports broad bevel highlights; no accepted device budget is
 claimed. Rig, clips, sockets and LODs are not applicable to this static scope.
 
 ## Evidence, reproduction and limitations
 
-Authoritative evidence: [`city_shop_fittings_06-evidence/`](city_shop_fittings_06-evidence/).
+Current check evidence: [`city_shop_fittings_06-evidence/fix_f2/`](city_shop_fittings_06-evidence/fix_f2/).
+The root-level names below describe retained original evidence where not refreshed
+in `fix_f2`; use the correction section above for the current reproduction/receipts.
 `source_export_checks.json` checks exact collection membership, pin/build/exporter,
 identity transforms, finite vertices, nondegenerate polygons, manifold consistent
 edge winding, positive signed volume for every connected solid, triangle counts,
diff --git a/tools/asset_production/city_shop_fittings_02/author.py b/tools/asset_production/city_shop_fittings_02/author.py
index 5e1f666..b3ce7d1 100644
--- a/tools/asset_production/city_shop_fittings_02/author.py
+++ b/tools/asset_production/city_shop_fittings_02/author.py
@@ -18,7 +18,7 @@ root['artwork']='fascia_artwork_carrier slot 0 fascia_artwork_face; UV0 left-to-
 def material(name,hexcolor,metal,rough):
     rgb=[int(hexcolor[i:i+2],16)/255 for i in (0,2,4)]
     rgb=[v/12.92 if v<=.04045 else ((v+.055)/1.055)**2.4 for v in rgb]
-    m=bpy.data.materials.new(name);m.use_nodes=True;m.diffuse_color=(*rgb,1)
+    m=bpy.data.materials.new(name);m.use_nodes=True;m.use_backface_culling=True;m.diffuse_color=(*rgb,1)
     p=m.node_tree.nodes.get('Principled BSDF');p.inputs['Base Color'].default_value=(*rgb,1)
     p.inputs['Metallic'].default_value=metal;p.inputs['Roughness'].default_value=rough
     return m
@@ -87,4 +87,4 @@ ref['purpose']='Exact 1 metre comparison only; excluded from all exports'
 bpy.ops.object.select_all(action='DESELECT');bpy.context.view_layer.update()
 source=ROOT/'art/source/models/environment/city_shop_fittings_02/city_shop_fittings_02.blend'
 bpy.ops.wm.save_as_mainfile(filepath=str(source))
-export.perform(ROOT/'art/models/environment/city_shop_fittings_02/city_shop_fittings_02.glb',ROOT/'docs/assets/production/city_shop_fittings_02-evidence/source_checks.json')
+export.perform(ROOT/'art/models/environment/city_shop_fittings_02/city_shop_fittings_02.glb',ROOT/'docs/assets/production/city_shop_fittings_02-evidence/f1_culling/source_checks.json')
diff --git a/tools/asset_production/city_shop_fittings_02/check_culling_delta.py b/tools/asset_production/city_shop_fittings_02/check_culling_delta.py
new file mode 100644
index 0000000..94e04dd
--- /dev/null
+++ b/tools/asset_production/city_shop_fittings_02/check_culling_delta.py
@@ -0,0 +1,23 @@
+"""Assert raw GLB change is exclusively five doubleSided flags, with identical binary data."""
+import hashlib,json,struct
+from pathlib import Path
+R=Path(__file__).resolve().parents[3];E=R/'docs/assets/production/city_shop_fittings_02-evidence/f1_culling'
+p=R/'art/models/environment/city_shop_fittings_02/city_shop_fittings_02.glb';b=p.read_bytes();n=struct.unpack_from('<I',b,12)[0];j=json.loads(b[20:20+n]);binary=b[28+n:]
+old=json.loads((E/'pre_fix_glb.json').read_text());oldj=old['document'];flags=[]
+assert len(j['materials'])==len(oldj['materials'])==5
+for prior,current in zip(oldj['materials'],j['materials']):
+    assert prior['name']==current['name'] and prior.pop('doubleSided') is True
+    raw=current.pop('doubleSided',None);assert raw is None or raw is False
+    flags.append(dict(name=current['name'],previous_doubleSided=True,raw_current_doubleSided=raw,effective_current_doubleSided=False))
+assert oldj==j,'GLB JSON changed beyond material sidedness'
+assert hashlib.sha256(binary).hexdigest()==old['binary_sha256']
+assert b==(E/'reexport_city_shop_fittings_02.glb').read_bytes()
+# Every old substantive evidence file stays present and byte-identical, including
+# original reexports/checks/previews/logs; only manifest is replaced with a new inventory.
+prior=json.loads((E/'pre_fix_manifest.json').read_text());preserved=[]
+for item in prior['files']:
+    if item['path'].startswith('docs/assets/production/city_shop_fittings_02-evidence/'):
+        path=R/item['path'];assert path.stat().st_size==item['bytes'] and hashlib.sha256(path.read_bytes()).hexdigest()==item['sha256'],item['path']
+        preserved.append(item['path'])
+result=dict(status='PASS',glb_sha256=hashlib.sha256(b).hexdigest(),glb_bytes=len(b),raw_material_flags=flags,only_material_doubleSided_changed=True,binary_positions_normals_uv_indices_byte_identical=True,binary_sha256=old['binary_sha256'],saved_source_reexport_byte_identical=True,unchanged_historical_evidence_files=preserved,immutable_rejected_candidate=old['candidate'])
+(E/'raw_delta_checks.json').write_text(json.dumps(result,indent=2)+'\n');print(json.dumps(result))
diff --git a/tools/asset_production/city_shop_fittings_02/check_glb.py b/tools/asset_production/city_shop_fittings_02/check_glb.py
index 244659e..57939b3 100644
--- a/tools/asset_production/city_shop_fittings_02/check_glb.py
+++ b/tools/asset_production/city_shop_fittings_02/check_glb.py
@@ -2,7 +2,7 @@
 import json,struct,math,hashlib,sys
 from pathlib import Path
 ROOT=Path(__file__).resolve().parents[3]
-E=ROOT/'docs/assets/production/city_shop_fittings_02-evidence'
+E=Path(sys.argv[1]) if len(sys.argv)>1 else ROOT/'docs/assets/production/city_shop_fittings_02-evidence/f1_culling'
 p=ROOT/'art/models/environment/city_shop_fittings_02/city_shop_fittings_02.glb'
 b=p.read_bytes();magic,version,length=struct.unpack_from('<4sII',b);assert (magic,version,length)==(b'glTF',2,len(b))
 n,kind=struct.unpack_from('<II',b,12);assert kind==0x4e4f534a
@@ -23,6 +23,7 @@ expected={'city_shop_fittings_02','formed_fascia_frame','continuous_face_trim','
 assert {n['name'] for n in j['nodes']}==expected
 assert len(j['nodes'])==8 and len(j['meshes'])==7
 assert {m['name'] for m in j['materials']}=={'fascia_artwork_face','fascia_mount_metal','fascia_slate_petrol','fascia_recess','fascia_warm_trim'}
+assert all(m.get('doubleSided',False) is False for m in j['materials'])
 assert not any(k in j for k in ['animations','skins','cameras','images','textures'])
 assert 'KHR_lights_punctual' not in j.get('extensions',{})
 assert len(j['scenes'])==1
diff --git a/tools/asset_production/city_shop_fittings_02/export.py b/tools/asset_production/city_shop_fittings_02/export.py
index 21de43c..cf140ff 100644
--- a/tools/asset_production/city_shop_fittings_02/export.py
+++ b/tools/asset_production/city_shop_fittings_02/export.py
@@ -19,6 +19,9 @@ def perform(output, report_path):
     assert sorted(o.name for o in col.all_objects)==sorted(MEMBERS)
     root=bpy.data.objects['city_shop_fittings_02']; assert root.parent is None
     report=dict(blender=bpy.app.version_string,build_hash=bpy.app.build_hash.decode(),gltf_exporter=io_scene_gltf2.bl_info['version'],members=MEMBERS,export_settings=SETTINGS,objects=[])
+    materials={m.name:m for o in col.all_objects if o.type=='MESH' for m in o.data.materials}
+    assert len(materials)==5 and all(m.use_backface_culling for m in materials.values())
+    report['material_backface_culling']={n:m.use_backface_culling for n,m in materials.items()}
     coords=[]
     for obj in col.all_objects:
         assert all(abs(v)<1e-7 for v in obj.location) and all(abs(v)<1e-7 for v in obj.rotation_euler),obj.name
diff --git a/tools/asset_production/city_shop_fittings_02/final_audit.py b/tools/asset_production/city_shop_fittings_02/final_audit.py
index 9dad80b..c6addea 100644
--- a/tools/asset_production/city_shop_fittings_02/final_audit.py
+++ b/tools/asset_production/city_shop_fittings_02/final_audit.py
@@ -1,7 +1,7 @@
 """Check saved-source exclusion, seating, UV/material scope and source/export agreement."""
-import bpy,json,hashlib
+import bpy,json,hashlib,sys
 from pathlib import Path
-R=Path(__file__).resolve().parents[3];E=R/'docs/assets/production/city_shop_fittings_02-evidence'
+R=Path(__file__).resolve().parents[3];E=Path(sys.argv[sys.argv.index('--')+1]) if '--' in sys.argv else R/'docs/assets/production/city_shop_fittings_02-evidence/f1_culling'
 assert set(c.name for c in bpy.data.collections)=={'export_city_shop_fittings_02','authoring_excluded'}
 assert len(bpy.data.objects)==9 and not bpy.data.cameras and not bpy.data.lights
 assert not bpy.data.libraries
@@ -15,6 +15,7 @@ assert len(front)==1 and abs(front[0].center.y-.128)<1e-6
 assert all(abs(carrier.data.vertices[i].co.y-.128)<1e-6 for i in front[0].vertices)
 back_y=min(v.co.y for v in carrier.data.vertices);tray_front=max(v.co.y for v in tray.data.vertices)
 assert abs(back_y-.070)<1e-6 and abs(tray_front-.073)<1e-6 and tray_front>back_y
+assert all(m.use_backface_culling for m in bpy.data.materials if m.name.startswith('fascia_'))
 for m in bpy.data.materials:
     assert not any(n.type=='TEX_IMAGE' for n in m.node_tree.nodes)
     assert m.node_tree.nodes['Principled BSDF'].inputs['Alpha'].default_value==1
diff --git a/tools/asset_production/city_shop_fittings_02/fix_culling.py b/tools/asset_production/city_shop_fittings_02/fix_culling.py
new file mode 100644
index 0000000..9d358a9
--- /dev/null
+++ b/tools/asset_production/city_shop_fittings_02/fix_culling.py
@@ -0,0 +1,44 @@
+"""F1 only: save explicit material culling, preserve source data and refresh owned scratch copy."""
+import bpy,hashlib,json,sys
+from pathlib import Path
+R=Path(__file__).resolve().parents[3];E=R/'docs/assets/production/city_shop_fittings_02-evidence/f1_culling'
+sys.path.insert(0,str(Path(__file__).parent));sys.dont_write_bytecode=True
+import export
+export.verify_pin()
+source=R/'art/source/models/environment/city_shop_fittings_02/city_shop_fittings_02.blend'
+def sha(p):return hashlib.sha256(p.read_bytes()).hexdigest()
+def signature(o,culling=False):
+    m=o.data
+    data=dict(vertices=[list(v.co) for v in m.vertices],polygons=[dict(vertices=list(p.vertices),material=p.material_index,smooth=p.use_smooth) for p in m.polygons],normals=[list(n.vector) for n in m.corner_normals],uv=[dict(name=u.name,values=[list(v.uv) for v in u.data]) for u in m.uv_layers],materials=[dict(name=mat.name,principled={k:list(v) if hasattr(v,'__len__') else v for k in ['Base Color','Metallic','Roughness','Alpha','Emission Color','Emission Strength'] for v in [mat.node_tree.nodes['Principled BSDF'].inputs[k].default_value]},**({'backface_culling':mat.use_backface_culling} if culling else {})) for mat in m.materials])
+    return hashlib.sha256(json.dumps(data,sort_keys=True).encode()).hexdigest()
+def snapshot():
+    return {o.name:dict(type=o.type,parent=o.parent.name if o.parent else None,matrix=[list(row) for row in o.matrix_world],mesh=signature(o) if o.type=='MESH' else None) for o in bpy.data.objects}
+old_sha=sha(source);before=snapshot()
+materials={m.name:m for o in bpy.data.collections['export_city_shop_fittings_02'].all_objects if o.type=='MESH' for m in o.data.materials}
+assert len(materials)==5 and all(not m.use_backface_culling for m in materials.values())
+old_flags={n:m.use_backface_culling for n,m in materials.items()}
+for m in materials.values():m.use_backface_culling=True
+assert before==snapshot()
+bpy.context.preferences.filepaths.save_version=0
+bpy.ops.wm.save_as_mainfile(filepath=str(source));bpy.ops.wm.open_mainfile(filepath=str(source))
+assert before==snapshot()
+assert all(bpy.data.materials[n].use_backface_culling for n in old_flags)
+current={o.name:signature(o,True) for o in bpy.data.collections['export_city_shop_fittings_02'].all_objects if o.type=='MESH'}
+export.perform(R/'art/models/environment/city_shop_fittings_02/city_shop_fittings_02.glb',E/'source_checks.json')
+report=dict(finding='F1 P2',frozen_candidate='028775618c4493ca672646e6e37fdc3c83e0e313',source_sha256_before=old_sha,source_sha256_after=sha(source),before_flags=old_flags,after_flags={n:True for n in old_flags},unchanged_geometry_uv_normals_slots_transforms=before,source_material_mesh_signatures=current)
+# Original shell evidence stays immutable. Patch ONLY corresponding fascia materials
+# in an additive owned copy, verifying every mesh and transform remains unchanged.
+scratch=R/'docs/assets/production/city_small_shop_shells_01-evidence/mounted_frontage_scratch.blend'
+scratch_sha=sha(scratch);bpy.ops.wm.open_mainfile(filepath=str(scratch));baseline=snapshot()
+for name in old_flags:
+    m=bpy.data.materials[name];assert not m.use_backface_culling;m.use_backface_culling=True
+assert baseline==snapshot()
+assert all(signature(bpy.data.objects[n],True)==sig for n,sig in current.items())
+output=E/'mounted_frontage_fascia_culling_scratch.blend'
+bpy.context.preferences.filepaths.save_version=0
+bpy.ops.wm.save_as_mainfile(filepath=str(output));bpy.ops.wm.open_mainfile(filepath=str(output))
+assert baseline==snapshot()
+assert all(signature(bpy.data.objects[n],True)==sig for n,sig in current.items())
+assert sha(scratch)==scratch_sha
+report['scratch']=dict(original_path=str(scratch.relative_to(R)),original_sha256=scratch_sha,original_unchanged=True,owned_copy_path=str(output.relative_to(R)),owned_copy_sha256=sha(output),all_original_mesh_geometry_and_transforms_unchanged=True,fascia_current_source_matches=7,fascia_signatures={n:signature(bpy.data.objects[n],True) for n in current},scope='Fascia material correction only; other fittings remain frozen scratch versions, not validation of concurrent F2 changes')
+(E/'correction_checks.json').write_text(json.dumps(report,indent=2)+'\n');print(json.dumps(report))
diff --git a/tools/asset_production/city_shop_fittings_02/fix_run.py b/tools/asset_production/city_shop_fittings_02/fix_run.py
new file mode 100644
index 0000000..a13f701
--- /dev/null
+++ b/tools/asset_production/city_shop_fittings_02/fix_run.py
@@ -0,0 +1,12 @@
+"""Additive F1 command capture with separate raw stdout/stderr and bounded private jobs."""
+import datetime,json,os,subprocess,sys,time
+from pathlib import Path
+R=Path(__file__).resolve().parents[3];E=R/'docs/assets/production/city_shop_fittings_02-evidence/f1_culling'
+E.mkdir(exist_ok=True);label,*argv=sys.argv[1:]
+assert not (E/(label+'.command.json')).exists()
+overrides=dict(ALSOFT_DRIVERS='null',SDL_AUDIODRIVER='dummy',XDG_CACHE_HOME=str(E/'process_cache'),PYTHONDONTWRITEBYTECODE='1')
+t=time.time();start=datetime.datetime.now(datetime.timezone.utc).isoformat()
+with (E/(label+'.stdout')).open('w') as out,(E/(label+'.stderr')).open('w') as err:
+    p=subprocess.run(argv,cwd=R,env=dict(os.environ,**overrides),stdout=out,stderr=err,timeout=600)
+receipt=dict(argv=argv,cwd=str(R),environment=overrides,start_utc=start,elapsed_seconds=time.time()-t,exit_status=p.returncode)
+(E/(label+'.command.json')).write_text(json.dumps(receipt,indent=2)+'\n');print(json.dumps(receipt));sys.exit(p.returncode)
diff --git a/tools/asset_production/city_shop_fittings_02/manifest.py b/tools/asset_production/city_shop_fittings_02/manifest.py
index 50f8d82..37ea87b 100644
--- a/tools/asset_production/city_shop_fittings_02/manifest.py
+++ b/tools/asset_production/city_shop_fittings_02/manifest.py
@@ -1,13 +1,13 @@
-"""Exact owned delivery inventory; no Git/index access. Manifest excludes itself only."""
+"""Exact owned delivery inventory; no Git/index access. Manifest excludes itself and importer-owned sidecars."""
 import hashlib,json,sys
 from pathlib import Path
 R=Path(__file__).resolve().parents[3];E=R/'docs/assets/production/city_shop_fittings_02-evidence'
 roots=[R/'art/source/models/environment/city_shop_fittings_02',R/'art/models/environment/city_shop_fittings_02',R/'art/materials/environment/city_shop_fittings_02',R/'art/textures/environment/city_shop_fittings_02',R/'tools/asset_production/city_shop_fittings_02',E]
 files=[R/'docs/assets/production/city_shop_fittings_02.md']
 for root in roots:
-    if root.exists():files.extend(p for p in root.rglob('*') if p.is_file() and p!=E/'manifest.json')
+    if root.exists():files.extend(p for p in root.rglob('*') if p.is_file() and p!=E/'manifest.json' and not p.name.endswith('.import'))
 actual=[dict(path=str(p.relative_to(R)),bytes=p.stat().st_size,sha256=hashlib.sha256(p.read_bytes()).hexdigest()) for p in sorted(files)]
 if '--verify' in sys.argv:
     expected=json.loads((E/'manifest.json').read_text());assert actual==expected['files'];print('MANIFEST_PASS',len(actual),'files')
 else:
-    (E/'manifest.json').write_text(json.dumps(dict(asset_id='city_shop_fittings.02',scope='Exact owned files; initial/ is historical evidence; manifest excludes itself only',files=actual),indent=2)+'\n');print('MANIFEST_WRITTEN',len(actual),'files')
+    (E/'manifest.json').write_text(json.dumps(dict(asset_id='city_shop_fittings.02',scope='Exact owned files; initial/ is historical evidence; manifest excludes itself and importer-owned .import sidecars; historical evidence retained',files=actual),indent=2)+'\n');print('MANIFEST_WRITTEN',len(actual),'files')
diff --git a/tools/asset_production/city_shop_fittings_06/assembly.py b/tools/asset_production/city_shop_fittings_06/assembly.py
index 72b48dc..d1b8882 100644
--- a/tools/asset_production/city_shop_fittings_06/assembly.py
+++ b/tools/asset_production/city_shop_fittings_06/assembly.py
@@ -1,11 +1,14 @@
 """Read-only .03 source and GLB mating, actual geometry probes and scratch assembly."""
 import bpy,json,hashlib
 from pathlib import Path
+import os
 from mathutils import Vector
 from mathutils.bvhtree import BVHTree
-R=Path(__file__).resolve().parents[3]; E=R/'docs/assets/production/city_shop_fittings_06-evidence'
+R=Path(__file__).resolve().parents[3]; E=Path(os.environ.get('ASSET_EVIDENCE_DIR',R/'docs/assets/production/city_shop_fittings_06-evidence'))
 paths=[R/'art/source/models/environment/city_shop_fittings_03/city_shop_fittings_03.blend']+[R/('art/models/environment/city_shop_fittings_03/city_shop_fittings_03_'+v+'.glb') for v in ('single','double')]
 hashes={str(p.relative_to(R)):hashlib.sha256(p.read_bytes()).hexdigest() for p in paths}
+if (E/'preservation_before.json').exists():
+    assert hashes==json.loads((E/'preservation_before.json').read_text())['immutable_03_inputs']
 def bounds(o):
     vs=[o.matrix_world@v.co for v in o.data.vertices]
     return [[min(v[i] for v in vs) for i in range(3)],[max(v[i] for v in vs) for i in range(3)]]
diff --git a/tools/asset_production/city_shop_fittings_06/author.py b/tools/asset_production/city_shop_fittings_06/author.py
index 5572833..d003636 100644
--- a/tools/asset_production/city_shop_fittings_06/author.py
+++ b/tools/asset_production/city_shop_fittings_06/author.py
@@ -26,6 +26,9 @@ def mesh(name,verts,faces,mat,col,root,bevel):
     bm=bmesh.new(); bm.from_mesh(d); bmesh.ops.recalc_face_normals(bm,faces=list(bm.faces)); bm.to_mesh(d); bm.free()
     bpy.ops.object.select_all(action='DESELECT'); o.select_set(True); bpy.context.view_layer.objects.active=o
     m=o.modifiers.new('soft_manufactured_edges','BEVEL'); m.width=bevel; m.segments=4
+    # A radius-sized inner arc avoids the sharp-miter pinched corner tessellation.
+    if name.endswith('_stiles_rails'):
+        m.miter_inner='MITER_ARC'; m.spread=bevel
     bpy.ops.object.modifier_apply(modifier=m.name)
     for p in d.polygons: p.use_smooth=True
     m=o.modifiers.new('broad_face_normals','WEIGHTED_NORMAL'); m.keep_sharp=True
diff --git a/tools/asset_production/city_shop_fittings_06/check_glb.py b/tools/asset_production/city_shop_fittings_06/check_glb.py
index 876c458..1683ad7 100644
--- a/tools/asset_production/city_shop_fittings_06/check_glb.py
+++ b/tools/asset_production/city_shop_fittings_06/check_glb.py
@@ -1,7 +1,9 @@
 """Check exported GLB payload bounds, materials, normals and triangle count."""
 import json, struct, math
 from pathlib import Path
+import os
 ROOT=Path(__file__).resolve().parents[3]
+E=Path(os.environ.get('ASSET_EVIDENCE_DIR',ROOT/'docs/assets/production/city_shop_fittings_06-evidence'))
 reports=[]
 for path in sorted((ROOT/'art/models/environment/city_shop_fittings_06').glob('*.glb')):
     variant=path.stem.rsplit('_',1)[1]; w={'single':1.04,'double':1.84}[variant]
@@ -18,7 +20,7 @@ for path in sorted((ROOT/'art/models/environment/city_shop_fittings_06').glob('*
     assert len(doc['meshes'])==(3 if variant=='single' else 6)
     assert len(doc['nodes'])==(4 if variant=='single' else 7)
     assert {n['name'] for n in doc['nodes']}==({'city_shop_fittings_06_'+variant} | {variant+'_leaf_'+str(i)+'_'+n for i in range(1,2 if variant=='single' else 3) for n in ['stiles_rails','glazing','static_pull']})
-    positions=[]; triangles=0
+    positions=[]; triangles=0; corner_dots=[]
     for node in doc['nodes']:
         assert 'camera' not in node and 'skin' not in node
         assert 'matrix' not in node and 'rotation' not in node
@@ -39,6 +41,10 @@ for path in sorted((ROOT/'art/models/environment/city_shop_fittings_06').glob('*
                 u=[b[j]-a[j] for j in range(3)]; v=[c[j]-a[j] for j in range(3)]
                 cross=[u[1]*v[2]-u[2]*v[1],u[2]*v[0]-u[0]*v[2],u[0]*v[1]-u[1]*v[0]]
                 assert sum(x*x for x in cross)>1e-20
+                length=math.sqrt(sum(x*x for x in cross))
+                dots=[sum(cross[j]*normals[ids[k+q]][j] for j in range(3))/length for q in range(3)]
+                assert min(dots)>0,(node['name'],k,dots)
+                corner_dots.extend(dots)
                 mean=[sum(normals[ids[k+q]][j] for q in range(3)) for j in range(3)]
                 assert sum(cross[j]*mean[j] for j in range(3))>0, (node["name"],k,"winding/normal disagreement")
             triangles+=len(ids)//3
@@ -46,12 +52,12 @@ for path in sorted((ROOT/'art/models/environment/city_shop_fittings_06').glob('*
     low=[min(v[i] for v in positions) for i in range(3)]; high=[max(v[i] for v in positions) for i in range(3)]
     assert all(abs(a-b)<.001 for a,b in zip(low,[-(w-.016)/2,.030,.352])),low
     assert all(abs(a-b)<.001 for a,b in zip(high,[(w-.016)/2,2.232,.475])),high
-    assert triangles==next(r['triangles'] for r in json.loads((ROOT/'docs/assets/production/city_shop_fittings_06-evidence/source_export_checks.json').read_text()) if r['variant']==variant)
+    assert triangles==next(r['triangles'] for r in json.loads((E/'source_export_checks.json').read_text()) if r['variant']==variant)
     assert not doc.get('animations') and not doc.get('images') and not doc.get('cameras')
     assert 'KHR_lights_punctual' not in doc.get('extensionsUsed',[])
     assert len(doc['materials'])==3
     assert all(not m.get('doubleSided',False) and m.get('alphaMode','OPAQUE')=='OPAQUE' for m in doc['materials'])
     assert all(not any(m.get('emissiveFactor',[0,0,0])) for m in doc['materials'])
-    reports.append({'file':str(path.relative_to(ROOT)),'godot_axis_aabb':[low,high],'triangles':triangles,'mesh_count':len(doc['meshes']),'materials':doc['materials'],'checks':'PASS: exact dimensions, unit transforms, finite unit normals, nondegenerate triangles, studio exclusion, no lights/animations/textures'})
-(ROOT/'docs/assets/production/city_shop_fittings_06-evidence/glb_checks.json').write_text(json.dumps(reports,indent=2)+'\n')
+    reports.append({'file':str(path.relative_to(ROOT)),'godot_axis_aabb':[low,high],'triangles':triangles,'minimum_corner_normal_dot':min(corner_dots),'opposing_corner_normals':0,'mesh_count':len(doc['meshes']),'materials':doc['materials'],'checks':'PASS: exact dimensions, unit transforms, finite unit normals, nondegenerate triangles, studio exclusion, no lights/animations/textures'})
+(E/'glb_checks.json').write_text(json.dumps(reports,indent=2)+'\n')
 print(json.dumps(reports,indent=2))
diff --git a/tools/asset_production/city_shop_fittings_06/export.py b/tools/asset_production/city_shop_fittings_06/export.py
index d754156..df7c694 100644
--- a/tools/asset_production/city_shop_fittings_06/export.py
+++ b/tools/asset_production/city_shop_fittings_06/export.py
@@ -1,8 +1,9 @@
 """Audit both saved variant collections and export each independently."""
 import bpy,bmesh,json,math,sys,hashlib
 from pathlib import Path
+import os
 import io_scene_gltf2
-R=Path(__file__).resolve().parents[3]; E=R/'docs/assets/production/city_shop_fittings_06-evidence'
+R=Path(__file__).resolve().parents[3]; E=Path(os.environ.get('ASSET_EVIDENCE_DIR',R/'docs/assets/production/city_shop_fittings_06-evidence'))
 assert bpy.app.version[:3]==(5,2,2) and bpy.app.build_hash.decode()=='d13f752e3b9c'
 assert io_scene_gltf2.bl_info['version']==(5,2,40)
 bpy.context.view_layer.update()
@@ -19,6 +20,8 @@ for variant,w in [('single',1.04),('double',1.84)]:
         assert not o.modifiers
         coords.extend(o.matrix_world@v.co for v in o.data.vertices)
         bm=bmesh.new(); bm.from_mesh(o.data); o.data.calc_loop_triangles()
+        corner_dots=[t.normal.dot(o.data.corner_normals[i].vector) for t in o.data.loop_triangles for i in t.loops]
+        assert min(corner_dots)>0,(o.name,min(corner_dots))
         bad=sum(not e.is_manifold or not e.is_contiguous for e in bm.edges)
         assert bad==0,(o.name,bad)
         assert bm.calc_volume(signed=True)>0
@@ -35,7 +38,7 @@ for variant,w in [('single',1.04),('double',1.84)]:
             faces={f for v in group for f in v.link_faces}
             volume=sum(f.calc_area()*f.normal.dot(f.calc_center_median())/3 for f in faces)
             assert volume>0,(o.name,volume); components.append(volume)
-        report['objects'].append({'name':o.name,'vertices':len(o.data.vertices),'triangles':len(o.data.loop_triangles),'nonmanifold_or_inconsistent_edges':bad,'component_signed_volumes_m3':components,'material_slots':[m.name for m in o.data.materials]}); bm.free()
+        report['objects'].append({'name':o.name,'minimum_corner_normal_dot':min(corner_dots),'opposing_corner_normals':0,'vertices':len(o.data.vertices),'triangles':len(o.data.loop_triangles),'nonmanifold_or_inconsistent_edges':bad,'component_signed_volumes_m3':components,'material_slots':[m.name for m in o.data.materials]}); bm.free()
     lo=[min(v[i] for v in coords) for i in range(3)]; hi=[max(v[i] for v in coords) for i in range(3)]
     assert all(abs(a-b)<1e-5 for a,b in zip(lo,[-(w-.016)/2,-.475,.030]))
     assert all(abs(a-b)<1e-5 for a,b in zip(hi,[(w-.016)/2,-.352,2.232]))
diff --git a/tools/asset_production/city_shop_fittings_06/f2_arc_probe.py b/tools/asset_production/city_shop_fittings_06/f2_arc_probe.py
new file mode 100644
index 0000000..08cb299
--- /dev/null
+++ b/tools/asset_production/city_shop_fittings_06/f2_arc_probe.py
@@ -0,0 +1,13 @@
+"""Evaluate the inner bevel arc join in an isolated scratch source."""
+from pathlib import Path
+import json
+T=Path(__file__).resolve().parent;R=T.parents[2];E=R/'docs/assets/production/city_shop_fittings_06-evidence/fix_f2'
+code=(E/'before/author.py').read_text().replace("m.width=bevel; m.segments=4","m.width=bevel; m.segments=4\n    if name.endswith('_stiles_rails'): m.miter_inner='MITER_ARC'; m.spread=.004")
+code=code.replace("str(R/'art/source/models/environment/city_shop_fittings_06/city_shop_fittings_06.blend')","str(E/'arc_probe.blend')")
+exec(compile(code,str(T/'author.py'),'exec'))
+rows=[]
+for o in bpy.data.objects:
+    if o.type!='MESH':continue
+    d=o.data;d.calc_loop_triangles();dots=[t.normal.dot(d.corner_normals[i].vector) for t in d.loop_triangles for i in t.loops]
+    rows.append(dict(name=o.name,triangles=len(d.loop_triangles),minimum_corner_dot=min(dots),opposing_corners=sum(x<0 for x in dots)))
+(E/'arc_probe.json').write_text(json.dumps(rows,indent=2)+'\n');print(rows)
diff --git a/tools/asset_production/city_shop_fittings_06/f2_capture.py b/tools/asset_production/city_shop_fittings_06/f2_capture.py
new file mode 100644
index 0000000..1ee57f2
--- /dev/null
+++ b/tools/asset_production/city_shop_fittings_06/f2_capture.py
@@ -0,0 +1,9 @@
+"""Capture one correction job, retaining both streams and literal invocation."""
+import subprocess,os,json,sys,datetime,time
+from pathlib import Path
+R=Path(__file__).resolve().parents[3];E=R/'docs/assets/production/city_shop_fittings_06-evidence/fix_f2'
+name=sys.argv[1];args=sys.argv[2:];env=os.environ.copy();overrides=dict(ALSOFT_DRIVERS='null',SDL_AUDIODRIVER='dummy',ASSET_EVIDENCE_DIR=str(E));env.update(overrides)
+start=time.monotonic();receipt=dict(argv=args,cwd=str(R),environment_overrides=overrides,started_utc=datetime.datetime.now(datetime.timezone.utc).isoformat())
+with (E/(name+'.stdout')).open('w') as out,(E/(name+'.stderr')).open('w') as err:
+    code=subprocess.run(args,cwd=R,env=env,stdout=out,stderr=err).returncode
+receipt.update(exit_code=code,elapsed_seconds=time.monotonic()-start,stdout=name+'.stdout',stderr=name+'.stderr');(E/(name+'.command.json')).write_text(json.dumps(receipt,indent=2)+'\n');print(name,code);sys.exit(code)
diff --git a/tools/asset_production/city_shop_fittings_06/f2_close_render.py b/tools/asset_production/city_shop_fittings_06/f2_close_render.py
new file mode 100644
index 0000000..5220981
--- /dev/null
+++ b/tools/asset_production/city_shop_fittings_06/f2_close_render.py
@@ -0,0 +1,46 @@
+"""Fresh unsaved CLI renders of the frozen source, with literal camera calibration."""
+import bpy
+import json
+from mathutils import Vector
+from pathlib import Path
+
+import sys
+OUT=Path(sys.argv[sys.argv.index('--')+1]);OUT.mkdir(parents=True,exist_ok=True)
+FROZEN=Path('/tmp/batch03-independent/frozen')
+receipt=[]
+def studio():
+    s=bpy.context.scene
+    s.render.engine='CYCLES';s.cycles.device='CPU';s.cycles.samples=32
+    s.render.threads_mode='FIXED';s.render.threads=4
+    s.render.resolution_percentage=100
+    s.world=bpy.data.worlds.new('review_world');s.world.use_nodes=True
+    s.world.node_tree.nodes['Background'].inputs[0].default_value=(.25,.30,.36,1)
+    s.world.node_tree.nodes['Background'].inputs[1].default_value=.55
+    s.view_settings.view_transform='AgX'
+    for name,location,power,size in [('review_key',(4,11,13),1800,8),('review_fill',(-8,2,8),1100,7)]:
+        d=bpy.data.lights.new(name,'AREA');d.energy=power;d.shape='DISK';d.size=size
+        o=bpy.data.objects.new(name,d);s.collection.objects.link(o);o.location=location
+        o.rotation_euler=(Vector((0,0,2))-o.location).to_track_quat('-Z','Y').to_euler()
+    d=bpy.data.cameras.new('review_camera');o=bpy.data.objects.new('review_camera',d)
+    s.collection.objects.link(o);s.camera=o
+    return s,o
+def render(label,s,cam,location,target,scale=None,native=False):
+    cam.location=location
+    cam.rotation_euler=(Vector(target)-cam.location).to_track_quat('-Z','Y').to_euler()
+    s.render.resolution_x=1280 if native else 800;s.render.resolution_y=800
+    if scale:cam.data.type='ORTHO';cam.data.ortho_scale=scale
+    else:
+        cam.data.type='PERSP';cam.data.sensor_fit='VERTICAL';cam.data.sensor_height=32
+        import math
+        cam.data.lens=32/(2*math.tan(math.radians(42)/2))
+    path=OUT/(label+'.png');s.render.filepath=str(path)
+    receipt.append(dict(label=label,source=bpy.data.filepath,location=list(cam.location),rotation=list(cam.rotation_euler),projection=cam.data.type,ortho_scale=scale,vertical_fov_degrees=42 if not scale else None,resolution=[s.render.resolution_x,s.render.resolution_y],renderer='Cycles CPU',threads=4,samples=32,view_transform='AgX',image=str(path)))
+    bpy.ops.render.render(write_still=True)
+
+for o in bpy.data.objects:
+    o.hide_render=not o.name.startswith(('city_shop_fittings_06_single','single_'))
+s,cam=studio()
+render('door_front_inner_bevel',s,cam,(-.38,-.1,.31),(-.427,-.432,.270),.035)
+render('door_rear_inner_bevel',s,cam,(-.38,-.8,.31),(-.427,-.473,.270),.035)
+
+(OUT/'render-readback.json').write_text(json.dumps(receipt,indent=2)+'\n')
diff --git a/tools/asset_production/city_shop_fittings_06/f2_finalize.py b/tools/asset_production/city_shop_fittings_06/f2_finalize.py
new file mode 100644
index 0000000..0a8d328
--- /dev/null
+++ b/tools/asset_production/city_shop_fittings_06/f2_finalize.py
@@ -0,0 +1,36 @@
+"""Validate bounded F2 delta, immutable interfaces and unchanged non-ring GLB payloads."""
+import json,hashlib,struct
+from pathlib import Path
+R=Path(__file__).resolve().parents[3];E=R/'docs/assets/production/city_shop_fittings_06-evidence/fix_f2'
+before=json.loads((E/'preservation_before.json').read_text())
+for path,h in (before['immutable_03_inputs']|before['importer_sidecars']).items():assert hashlib.sha256((R/path).read_bytes()).hexdigest()==h,path
+old=json.loads((E/'before/manifest.json').read_text());changed=[];unchanged=[]
+for row in old['files']:
+    p=R/row['path'];assert p.exists(),row['path']
+    (unchanged if hashlib.sha256(p.read_bytes()).hexdigest()==row['sha256'] else changed).append(row['path'])
+allowed={'art/source/models/environment/city_shop_fittings_06/city_shop_fittings_06.blend','art/models/environment/city_shop_fittings_06/city_shop_fittings_06_single.glb','art/models/environment/city_shop_fittings_06/city_shop_fittings_06_double.glb','docs/assets/production/city_shop_fittings_06.md','docs/assets/production/city_shop_fittings_06-evidence/fitted_comparison.blend'}|{'tools/asset_production/city_shop_fittings_06/'+f for f in ['author.py','export.py','check_glb.py','assembly.py','preview.py','manifest.py']}
+assert set(changed)<=allowed,changed
+
+def decode(p):
+    data=p.read_bytes();size=struct.unpack_from('<I',data,12)[0];d=json.loads(data[20:20+size]);binary=data[28+size:]
+    def acc(i):
+        a=d['accessors'][i];v=d['bufferViews'][a['bufferView']];n={'SCALAR':1,'VEC3':3}[a['type']];fmt={5123:'H',5125:'I',5126:'f'}[a['componentType']]*n;step=struct.calcsize('<'+fmt);start=v.get('byteOffset',0)+a.get('byteOffset',0)
+        return [struct.unpack_from('<'+fmt,binary,start+j*v.get('byteStride',step)) for j in range(a['count'])]
+    payload={}
+    for node in d['nodes']:
+        if 'mesh' not in node:continue
+        payload[node['name']]=[dict(attributes={k:acc(v) for k,v in prim['attributes'].items()},indices=acc(prim['indices']),material=d['materials'][prim['material']]) for prim in d['meshes'][node['mesh']]['primitives']]
+    return d,payload
+variants=[]
+for v in ['single','double']:
+    name='city_shop_fittings_06_'+v+'.glb'
+    prior=R/'docs/reviews/asset-production/batch_03/initial/reexports'/name
+    current=R/'art/models/environment/city_shop_fittings_06'/name
+    a,ap=decode(prior);b,bp=decode(current);assert a['materials']==b['materials']
+    stable=[n for n in ap if not n.endswith('_stiles_rails')]
+    for n in stable:assert ap[n]==bp[n],n
+    assert current.read_bytes()==(E/'reexports'/name).read_bytes()
+    variants.append(dict(variant=v,unchanged_mesh_payloads=stable,materials_identical=True,byte_identical_saved_source_reexport=True,bytes=current.stat().st_size,sha256=hashlib.sha256(current.read_bytes()).hexdigest()))
+source=R/'art/source/models/environment/city_shop_fittings_06/city_shop_fittings_06.blend'
+(E/'preservation_after.json').write_text(json.dumps(dict(immutable_candidate=before['immutable_candidate'],source_sha256=hashlib.sha256(source.read_bytes()).hexdigest(),changed_prior_paths=changed,unchanged_prior_paths=unchanged,no_historical_payload_removed=True,immutable_03_and_sidecars_unchanged=True,variants=variants),indent=2)+'\n')
+print('BOUNDED_DELTA_IMMUTABLE_03_SIDECARS_AND_NONRING_PAYLOADS_PASS')
diff --git a/tools/asset_production/city_shop_fittings_06/f2_harden_probe.py b/tools/asset_production/city_shop_fittings_06/f2_harden_probe.py
new file mode 100644
index 0000000..13d0ab1
--- /dev/null
+++ b/tools/asset_production/city_shop_fittings_06/f2_harden_probe.py
@@ -0,0 +1,14 @@
+"""Evaluate hardened bevel normals, preserving original sharp-miter geometry."""
+from pathlib import Path
+import json
+T=Path(__file__).resolve().parent;R=T.parents[2];E=R/'docs/assets/production/city_shop_fittings_06-evidence/fix_f2'
+code=(E/'before/author.py').read_text().replace("m=o.modifiers.new('soft_manufactured_edges','BEVEL'); m.width=bevel; m.segments=4", "for p in d.polygons: p.use_smooth=True\n    m=o.modifiers.new('soft_manufactured_edges','BEVEL'); m.width=bevel; m.segments=4\n    if name.endswith('_stiles_rails'): m.harden_normals=True; m.miter_inner='MITER_ARC'; m.spread=.004")
+code=code.replace("m=o.modifiers.new('broad_face_normals','WEIGHTED_NORMAL'); m.keep_sharp=True", "if name.endswith('_stiles_rails'): return o\n    m=o.modifiers.new('broad_face_normals','WEIGHTED_NORMAL'); m.keep_sharp=True")
+code=code.replace("str(R/'art/source/models/environment/city_shop_fittings_06/city_shop_fittings_06.blend')","str(E/'arc_harden_probe.blend')")
+exec(compile(code,str(T/'author.py'),'exec'))
+rows=[]
+for o in bpy.data.objects:
+    if o.type!='MESH':continue
+    d=o.data;d.calc_loop_triangles();dots=[t.normal.dot(d.corner_normals[i].vector) for t in d.loop_triangles for i in t.loops]
+    rows.append(dict(name=o.name,triangles=len(d.loop_triangles),minimum_corner_dot=min(dots),opposing_corners=sum(x<0 for x in dots)))
+(E/'arc_harden_probe.json').write_text(json.dumps(rows,indent=2)+'\n');print(rows)
diff --git a/tools/asset_production/city_shop_fittings_06/f2_probe.py b/tools/asset_production/city_shop_fittings_06/f2_probe.py
new file mode 100644
index 0000000..0163bee
--- /dev/null
+++ b/tools/asset_production/city_shop_fittings_06/f2_probe.py
@@ -0,0 +1,16 @@
+"""Compare corner normal treatments in memory without changing source."""
+import bpy,json
+from pathlib import Path
+R=Path(__file__).resolve().parents[3];E=R/'docs/assets/production/city_shop_fittings_06-evidence/fix_f2'
+o=bpy.data.objects['single_leaf_1_stiles_rails'];d=o.data
+
+def audit():
+    d.calc_loop_triangles();vals=[];bad=[]
+    for t in d.loop_triangles:
+        dots=[t.normal.dot(d.corner_normals[i].vector) for i in t.loops];vals.extend(dots)
+        if min(dots)<0:bad.append(dict(triangle=t.index,polygon=t.polygon_index,dots=dots,positions=[list(d.vertices[i].co) for i in t.vertices]))
+    return dict(minimum_dot=min(vals),opposing_triangles=bad)
+r={'weighted_original':audit()}
+d.normals_split_custom_set([(0,0,0)]*len(d.loops));d.update()
+r['automatic_angle_normals']=audit()
+(E/'normal_probe.json').write_text(json.dumps(r,indent=2)+'\n');print(json.dumps(r))
diff --git a/tools/asset_production/city_shop_fittings_06/f2_readback.py b/tools/asset_production/city_shop_fittings_06/f2_readback.py
new file mode 100644
index 0000000..871eaeb
--- /dev/null
+++ b/tools/asset_production/city_shop_fittings_06/f2_readback.py
@@ -0,0 +1,21 @@
+"""Compare refreshed fitted scratch with actual saved source mesh/material data."""
+import bpy,json,hashlib,os
+from pathlib import Path
+R=Path(__file__).resolve().parents[3];E=Path(os.environ['ASSET_EVIDENCE_DIR'])
+def signature(o):
+    d=o.data;d.calc_loop_triangles()
+    mats=[]
+    for m in d.materials:
+        p=m.node_tree.nodes.get('Principled BSDF')
+        mats.append(dict(name=m.name,color=list(p.inputs['Base Color'].default_value),metallic=p.inputs['Metallic'].default_value,roughness=p.inputs['Roughness'].default_value,culling=m.use_backface_culling))
+    payload=dict(vertices=[list(v.co) for v in d.vertices],polygons=[list(p.vertices) for p in d.polygons],smooth=[p.use_smooth for p in d.polygons],slots=[p.material_index for p in d.polygons],normals=[list(n.vector) for n in d.corner_normals],materials=mats)
+    return hashlib.sha256(json.dumps(payload,sort_keys=True).encode()).hexdigest()
+expected={}
+for asset in ['03','06']:
+    bpy.ops.wm.open_mainfile(filepath=str(R/('art/source/models/environment/city_shop_fittings_'+asset+'/city_shop_fittings_'+asset+'.blend')))
+    expected.update({o.name:signature(o) for o in bpy.data.objects if o.type=='MESH' and o.name!='authoring_1m_reference'})
+bpy.ops.wm.open_mainfile(filepath=str(E/'fitted_comparison.blend'))
+actual={name:signature(bpy.data.objects[name]) for name in expected}
+assert expected==actual
+(E/'scratch_correspondence.json').write_text(json.dumps(dict(mesh_count=len(expected),expected=expected,actual=actual,all_match=True),indent=2)+'\n')
+print('ALL_17_FITTED_SCRATCH_MESH_MATERIAL_NORMAL_SIGNATURES_MATCH_CURRENT_SOURCES')
diff --git a/tools/asset_production/city_shop_fittings_06/f2_run.py b/tools/asset_production/city_shop_fittings_06/f2_run.py
new file mode 100644
index 0000000..96458b6
--- /dev/null
+++ b/tools/asset_production/city_shop_fittings_06/f2_run.py
@@ -0,0 +1,27 @@
+"""One F2 correction pipeline; additive evidence, separate raw streams, no Git/editor."""
+import sys,subprocess,json,hashlib,shutil
+from pathlib import Path
+R=Path(__file__).resolve().parents[3];T=Path(__file__).parent;E=R/'docs/assets/production/city_shop_fittings_06-evidence/fix_f2'
+source=R/'art/source/models/environment/city_shop_fittings_06/city_shop_fittings_06.blend'
+b=['/usr/bin/blender','-b','-noaudio','-t','4'];cap=[sys.executable,str(T/'f2_capture.py')]
+def job(name,args):
+    subprocess.run(cap+[name]+args,cwd=R,check=True)
+def blend(name,script,load=None,tail=[]):
+    job(name,b+([str(load)] if load else [])+['--python-exit-code','1','--python',str(T/script)]+tail)
+job('pin',b+['--version'])
+blend('author','author.py')
+blend('export','export.py',source)
+job('raw_glb',[sys.executable,str(T/'check_glb.py')])
+blend('reexport','export.py',source,['--',str(E/'reexports')])
+comparisons=[]
+for v in ['single','double']:
+    p=R/('art/models/environment/city_shop_fittings_06/city_shop_fittings_06_'+v+'.glb');fresh=E/'reexports'/p.name
+    assert p.read_bytes()==fresh.read_bytes()
+    comparisons.append(dict(variant=v,byte_identical=True,bytes=p.stat().st_size,sha256=hashlib.sha256(p.read_bytes()).hexdigest()))
+(E/'reexport_comparison.json').write_text(json.dumps(comparisons,indent=2)+'\n')
+blend('assembly','assembly.py',source)
+blend('scratch_correspondence','f2_readback.py')
+shutil.copy2(E/'fitted_comparison.blend',E.parent/'fitted_comparison.blend')
+blend('close_renders','f2_close_render.py',source,['--',str(E)])
+blend('previews','preview.py',E/'fitted_comparison.blend')
+print('F2_PIPELINE_COMPLETE')
diff --git a/tools/asset_production/city_shop_fittings_06/f2_triangulation_probe.py b/tools/asset_production/city_shop_fittings_06/f2_triangulation_probe.py
new file mode 100644
index 0000000..205e11f
--- /dev/null
+++ b/tools/asset_production/city_shop_fittings_06/f2_triangulation_probe.py
@@ -0,0 +1,16 @@
+"""Evaluate local corner diagonal changes on copies of the original ring."""
+import bpy,bmesh,json
+from pathlib import Path
+R=Path(__file__).resolve().parents[3];E=R/'docs/assets/production/city_shop_fittings_06-evidence/fix_f2'
+o=bpy.data.objects['single_leaf_1_stiles_rails'];original=o.data;original.calc_loop_triangles()
+bad={t.polygon_index for t in original.loop_triangles if min(t.normal.dot(original.corner_normals[i].vector) for i in t.loops)<0}
+rows=[]
+for method in ['ALTERNATE','SHORT_EDGE','LONG_EDGE']:
+    d=original.copy();o.data=d;bm=bmesh.new();bm.from_mesh(d);bm.faces.ensure_lookup_table()
+    bmesh.ops.triangulate(bm,faces=[bm.faces[i] for i in bad],quad_method=method);bm.to_mesh(d);bm.free()
+    bpy.context.view_layer.objects.active=o;bpy.ops.object.select_all(action='DESELECT');o.select_set(True)
+    m=o.modifiers.new('broad_face_normals','WEIGHTED_NORMAL');m.keep_sharp=True;bpy.ops.object.modifier_apply(modifier=m.name)
+    d.calc_loop_triangles();dots=[t.normal.dot(d.corner_normals[i].vector) for t in d.loop_triangles for i in t.loops]
+    rows.append(dict(method=method,polygons=sorted(bad),minimum_corner_dot=min(dots),opposing_corners=sum(x<0 for x in dots)))
+o.data=original
+(E/'triangulation_probe.json').write_text(json.dumps(rows,indent=2)+'\n');print(rows)
diff --git a/tools/asset_production/city_shop_fittings_06/manifest.py b/tools/asset_production/city_shop_fittings_06/manifest.py
index af34ec7..c1f3914 100644
--- a/tools/asset_production/city_shop_fittings_06/manifest.py
+++ b/tools/asset_production/city_shop_fittings_06/manifest.py
@@ -4,13 +4,13 @@ from pathlib import Path
 R=Path(__file__).resolve().parents[3]
 E=R/'docs/assets/production/city_shop_fittings_06-evidence'
 roots=[R/'art/source/models/environment/city_shop_fittings_06',R/'art/models/environment/city_shop_fittings_06',R/'art/materials/environment/city_shop_fittings_06',R/'art/textures/environment/city_shop_fittings_06',R/'tools/asset_production/city_shop_fittings_06',E]
-files={p for root in roots if root.exists() for p in root.rglob('*') if p.is_file()}
+files={p for root in roots if root.exists() for p in root.rglob('*') if p.is_file() and p.suffix != ".import"}
 files.add(R/'docs/assets/production/city_shop_fittings_06.md'); files.discard(E/'manifest.json')
 records=[]
 for p in sorted(files):
     assert not p.is_symlink()
     blob=p.read_bytes(); records.append(dict(path=str(p.relative_to(R)),bytes=len(blob),sha256=hashlib.sha256(blob).hexdigest()))
-out=dict(scope='city_shop_fittings.06 exact owned inventory',excludes=['docs/assets/production/city_shop_fittings_06-evidence/manifest.json'],files=records)
+out=dict(scope='city_shop_fittings.06 exact owned inventory',excludes=['docs/assets/production/city_shop_fittings_06-evidence/manifest.json','art/models/environment/city_shop_fittings_06/*.import (integrator-owned)'],files=records)
 (E/'manifest.json').write_text(json.dumps(out,indent=2)+'\n')
 for row in records:
     p=R/row['path']; assert p.stat().st_size==row['bytes'] and hashlib.sha256(p.read_bytes()).hexdigest()==row['sha256']
diff --git a/tools/asset_production/city_shop_fittings_06/preview.py b/tools/asset_production/city_shop_fittings_06/preview.py
index 80bb83b..06316bf 100644
--- a/tools/asset_production/city_shop_fittings_06/preview.py
+++ b/tools/asset_production/city_shop_fittings_06/preview.py
@@ -1,8 +1,9 @@
 """Retained fitted .03/.06 scratch views and excluded measured metre fixture."""
 import bpy,math,json
 from pathlib import Path
+import os
 from mathutils import Vector
-R=Path(__file__).resolve().parents[3]; E=R/'docs/assets/production/city_shop_fittings_06-evidence'
+R=Path(__file__).resolve().parents[3]; E=Path(os.environ.get('ASSET_EVIDENCE_DIR',R/'docs/assets/production/city_shop_fittings_06-evidence'))
 s=bpy.context.scene; studio=bpy.data.collections['authoring_excluded']
 s.world.use_nodes=True; s.world.node_tree.nodes['Background'].inputs[0].default_value=(.16,.20,.26,1); s.world.node_tree.nodes['Background'].inputs[1].default_value=.6
 for name,loc,energy,size in [('key',(1,4,6),1000,5),('fill',(-4,2,3),650,4),('rim',(0,-3,5),850,3)]:
