{"method":"scene.open","result":{"id":1,"jsonrpc":"2.0","result":{"path":"res://scenes/prefabs/environment/city_shop_fittings_02.tscn","success":true}}}
{"method":"editor.save_scene","result":{"id":2,"jsonrpc":"2.0","result":{"path":"res://scenes/prefabs/environment/city_shop_fittings_02.tscn","success":true}}}
{"method":"scene.close","result":{"id":3,"jsonrpc":"2.0","result":{"path":"res://scenes/prefabs/environment/city_shop_fittings_02.tscn","success":true,"unsaved_changes_discarded":false}}}
{"method":"scene.open","result":{"id":4,"jsonrpc":"2.0","result":{"path":"res://scenes/prefabs/environment/city_shop_fittings_02.tscn","success":true}}}
{"method":"editor.save_scene","result":{"id":5,"jsonrpc":"2.0","result":{"path":"res://scenes/prefabs/environment/city_shop_fittings_02.tscn","success":true}}}
{"method":"scene.open","result":{"id":6,"jsonrpc":"2.0","result":{"path":"res://scenes/prefabs/environment/city_shop_fittings_03_single.tscn","success":true}}}
{"method":"editor.save_scene","result":{"id":7,"jsonrpc":"2.0","result":{"path":"res://scenes/prefabs/environment/city_shop_fittings_03_single.tscn","success":true}}}
{"method":"scene.close","result":{"id":8,"jsonrpc":"2.0","result":{"path":"res://scenes/prefabs/environment/city_shop_fittings_03_single.tscn","success":true,"unsaved_changes_discarded":false}}}
{"method":"scene.open","result":{"id":9,"jsonrpc":"2.0","result":{"path":"res://scenes/prefabs/environment/city_shop_fittings_03_single.tscn","success":true}}}
{"method":"editor.save_scene","result":{"id":10,"jsonrpc":"2.0","result":{"path":"res://scenes/prefabs/environment/city_shop_fittings_03_single.tscn","success":true}}}
{"method":"scene.open","result":{"id":11,"jsonrpc":"2.0","result":{"path":"res://scenes/prefabs/environment/city_shop_fittings_03_double.tscn","success":true}}}
{"method":"editor.save_scene","result":{"id":12,"jsonrpc":"2.0","result":{"path":"res://scenes/prefabs/environment/city_shop_fittings_03_double.tscn","success":true}}}
{"method":"scene.close","result":{"id":13,"jsonrpc":"2.0","result":{"path":"res://scenes/prefabs/environment/city_shop_fittings_03_double.tscn","success":true,"unsaved_changes_discarded":false}}}
{"method":"scene.open","result":{"id":14,"jsonrpc":"2.0","result":{"path":"res://scenes/prefabs/environment/city_shop_fittings_03_double.tscn","success":true}}}
{"method":"editor.save_scene","result":{"id":15,"jsonrpc":"2.0","result":{"path":"res://scenes/prefabs/environment/city_shop_fittings_03_double.tscn","success":true}}}
{"method":"scene.open","result":{"id":16,"jsonrpc":"2.0","result":{"path":"res://scenes/prefabs/environment/city_shop_fittings_05.tscn","success":true}}}
{"method":"editor.save_scene","result":{"id":17,"jsonrpc":"2.0","result":{"path":"res://scenes/prefabs/environment/city_shop_fittings_05.tscn","success":true}}}
{"method":"scene.close","result":{"id":18,"jsonrpc":"2.0","result":{"path":"res://scenes/prefabs/environment/city_shop_fittings_05.tscn","success":true,"unsaved_changes_discarded":false}}}
{"method":"scene.open","result":{"id":19,"jsonrpc":"2.0","result":{"path":"res://scenes/prefabs/environment/city_shop_fittings_05.tscn","success":true}}}
{"method":"editor.save_scene","result":{"id":20,"jsonrpc":"2.0","result":{"path":"res://scenes/prefabs/environment/city_shop_fittings_05.tscn","success":true}}}
{"method":"scene.open","result":{"id":21,"jsonrpc":"2.0","result":{"path":"res://scenes/prefabs/environment/city_shop_fittings_06_single.tscn","success":true}}}
{"method":"editor.save_scene","result":{"id":22,"jsonrpc":"2.0","result":{"path":"res://scenes/prefabs/environment/city_shop_fittings_06_single.tscn","success":true}}}
{"method":"scene.close","result":{"id":23,"jsonrpc":"2.0","result":{"path":"res://scenes/prefabs/environment/city_shop_fittings_06_single.tscn","success":true,"unsaved_changes_discarded":false}}}
{"method":"scene.open","result":{"id":24,"jsonrpc":"2.0","result":{"path":"res://scenes/prefabs/environment/city_shop_fittings_06_single.tscn","success":true}}}
{"method":"editor.save_scene","result":{"id":25,"jsonrpc":"2.0","result":{"path":"res://scenes/prefabs/environment/city_shop_fittings_06_single.tscn","success":true}}}
{"method":"scene.open","result":{"id":26,"jsonrpc":"2.0","result":{"path":"res://scenes/prefabs/environment/city_shop_fittings_06_double.tscn","success":true}}}
{"method":"editor.save_scene","result":{"id":27,"jsonrpc":"2.0","result":{"path":"res://scenes/prefabs/environment/city_shop_fittings_06_double.tscn","success":true}}}
{"method":"scene.close","result":{"id":28,"jsonrpc":"2.0","result":{"path":"res://scenes/prefabs/environment/city_shop_fittings_06_double.tscn","success":true,"unsaved_changes_discarded":false}}}
{"method":"scene.open","result":{"id":29,"jsonrpc":"2.0","result":{"path":"res://scenes/prefabs/environment/city_shop_fittings_06_double.tscn","success":true}}}
{"method":"editor.save_scene","result":{"id":30,"jsonrpc":"2.0","result":{"path":"res://scenes/prefabs/environment/city_shop_fittings_06_double.tscn","success":true}}}
{"method":"scene.open","result":{"id":31,"jsonrpc":"2.0","result":{"path":"res://scenes/prefabs/environment/city_shop_fittings_07.tscn","success":true}}}
{"method":"editor.save_scene","result":{"id":32,"jsonrpc":"2.0","result":{"path":"res://scenes/prefabs/environment/city_shop_fittings_07.tscn","success":true}}}
{"method":"scene.close","result":{"id":33,"jsonrpc":"2.0","result":{"path":"res://scenes/prefabs/environment/city_shop_fittings_07.tscn","success":true,"unsaved_changes_discarded":false}}}
{"method":"scene.open","result":{"id":34,"jsonrpc":"2.0","result":{"path":"res://scenes/prefabs/environment/city_shop_fittings_07.tscn","success":true}}}
{"method":"editor.save_scene","result":{"id":35,"jsonrpc":"2.0","result":{"path":"res://scenes/prefabs/environment/city_shop_fittings_07.tscn","success":true}}}
{"method":"scene.open","result":{"id":36,"jsonrpc":"2.0","result":{"path":"res://scenes/prefabs/environment/city_shop_fittings_08.tscn","success":true}}}
{"method":"editor.save_scene","result":{"id":37,"jsonrpc":"2.0","result":{"path":"res://scenes/prefabs/environment/city_shop_fittings_08.tscn","success":true}}}
{"method":"scene.close","result":{"id":38,"jsonrpc":"2.0","result":{"path":"res://scenes/prefabs/environment/city_shop_fittings_08.tscn","success":true,"unsaved_changes_discarded":false}}}
{"method":"scene.open","result":{"id":39,"jsonrpc":"2.0","result":{"path":"res://scenes/prefabs/environment/city_shop_fittings_08.tscn","success":true}}}
{"method":"editor.save_scene","result":{"id":40,"jsonrpc":"2.0","result":{"path":"res://scenes/prefabs/environment/city_shop_fittings_08.tscn","success":true}}}
{"method":"scene.open","result":{"id":41,"jsonrpc":"2.0","result":{"path":"res://scenes/prefabs/environment/city_small_shop_shells_01.tscn","success":true}}}
{"method":"editor.save_scene","result":{"id":42,"jsonrpc":"2.0","result":{"path":"res://scenes/prefabs/environment/city_small_shop_shells_01.tscn","success":true}}}
{"method":"scene.close","result":{"id":43,"jsonrpc":"2.0","result":{"path":"res://scenes/prefabs/environment/city_small_shop_shells_01.tscn","success":true,"unsaved_changes_discarded":false}}}
{"method":"scene.open","result":{"id":44,"jsonrpc":"2.0","result":{"path":"res://scenes/prefabs/environment/city_small_shop_shells_01.tscn","success":true}}}
{"method":"editor.save_scene","result":{"id":45,"jsonrpc":"2.0","result":{"path":"res://scenes/prefabs/environment/city_small_shop_shells_01.tscn","success":true}}}
{"method":"scene.open","result":{"id":46,"jsonrpc":"2.0","result":{"path":"res://tests/fixtures/asset_production/batch_03_frontage.tscn","success":true}}}
{"method":"editor.save_scene","result":{"id":47,"jsonrpc":"2.0","result":{"path":"res://tests/fixtures/asset_production/batch_03_frontage.tscn","success":true}}}
{"method":"scene.close","result":{"id":48,"jsonrpc":"2.0","result":{"path":"res://tests/fixtures/asset_production/batch_03_frontage.tscn","success":true,"unsaved_changes_discarded":false}}}
{"method":"scene.open","result":{"id":49,"jsonrpc":"2.0","result":{"path":"res://tests/fixtures/asset_production/batch_03_frontage.tscn","success":true}}}
{"method":"editor.save_scene","result":{"id":50,"jsonrpc":"2.0","result":{"path":"res://tests/fixtures/asset_production/batch_03_frontage.tscn","success":true}}}
{"method":"scene.open","result":{"id":51,"jsonrpc":"2.0","result":{"path":"res://tests/fixtures/asset_production/batch_03_upper_wall.tscn","success":true}}}
{"method":"editor.save_scene","result":{"id":52,"jsonrpc":"2.0","result":{"path":"res://tests/fixtures/asset_production/batch_03_upper_wall.tscn","success":true}}}
{"method":"scene.close","result":{"id":53,"jsonrpc":"2.0","result":{"path":"res://tests/fixtures/asset_production/batch_03_upper_wall.tscn","success":true,"unsaved_changes_discarded":false}}}
{"method":"scene.open","result":{"id":54,"jsonrpc":"2.0","result":{"path":"res://tests/fixtures/asset_production/batch_03_upper_wall.tscn","success":true}}}
{"method":"editor.save_scene","result":{"id":55,"jsonrpc":"2.0","result":{"path":"res://tests/fixtures/asset_production/batch_03_upper_wall.tscn","success":true}}}
{"method":"scene.open","result":{"id":56,"jsonrpc":"2.0","result":{"path":"res://tests/fixtures/asset_production/batch_03_camera.tscn","success":true}}}
{"method":"editor.save_scene","result":{"id":57,"jsonrpc":"2.0","result":{"path":"res://tests/fixtures/asset_production/batch_03_camera.tscn","success":true}}}
{"method":"scene.close","result":{"id":58,"jsonrpc":"2.0","result":{"path":"res://tests/fixtures/asset_production/batch_03_camera.tscn","success":true,"unsaved_changes_discarded":false}}}
{"method":"scene.open","result":{"id":59,"jsonrpc":"2.0","result":{"path":"res://tests/fixtures/asset_production/batch_03_camera.tscn","success":true}}}
{"method":"editor.save_scene","result":{"id":60,"jsonrpc":"2.0","result":{"path":"res://tests/fixtures/asset_production/batch_03_camera.tscn","success":true}}}
{"method":"scene.open","result":{"id":61,"jsonrpc":"2.0","result":{"path":"res://tests/fixtures/asset_production/batch_03_process.tscn","success":true}}}
{"method":"editor.save_scene","result":{"id":62,"jsonrpc":"2.0","result":{"path":"res://tests/fixtures/asset_production/batch_03_process.tscn","success":true}}}
{"method":"scene.close","result":{"id":63,"jsonrpc":"2.0","result":{"path":"res://tests/fixtures/asset_production/batch_03_process.tscn","success":true,"unsaved_changes_discarded":false}}}
{"method":"scene.open","result":{"id":64,"jsonrpc":"2.0","result":{"path":"res://tests/fixtures/asset_production/batch_03_process.tscn","success":true}}}
{"method":"editor.save_scene","result":{"id":65,"jsonrpc":"2.0","result":{"path":"res://tests/fixtures/asset_production/batch_03_process.tscn","success":true}}}
{"method":"scene.open","result":{"id":66,"jsonrpc":"2.0","result":{"path":"res://tests/fixtures/asset_production/batch_03_close.tscn","success":true}}}
{"method":"editor.save_scene","result":{"id":67,"jsonrpc":"2.0","result":{"path":"res://tests/fixtures/asset_production/batch_03_close.tscn","success":true}}}
{"method":"scene.close","result":{"id":68,"jsonrpc":"2.0","result":{"path":"res://tests/fixtures/asset_production/batch_03_close.tscn","success":true,"unsaved_changes_discarded":false}}}
{"method":"scene.open","result":{"id":69,"jsonrpc":"2.0","result":{"path":"res://tests/fixtures/asset_production/batch_03_close.tscn","success":true}}}
{"method":"editor.save_scene","result":{"id":70,"jsonrpc":"2.0","result":{"path":"res://tests/fixtures/asset_production/batch_03_close.tscn","success":true}}}
{"method":"scene.open","result":{"id":71,"jsonrpc":"2.0","result":{"path":"res://tests/fixtures/asset_production/batch_03_repeat.tscn","success":true}}}
{"method":"editor.save_scene","result":{"id":72,"jsonrpc":"2.0","result":{"path":"res://tests/fixtures/asset_production/batch_03_repeat.tscn","success":true}}}
{"method":"scene.close","result":{"id":73,"jsonrpc":"2.0","result":{"path":"res://tests/fixtures/asset_production/batch_03_repeat.tscn","success":true,"unsaved_changes_discarded":false}}}
{"method":"scene.open","result":{"id":74,"jsonrpc":"2.0","result":{"path":"res://tests/fixtures/asset_production/batch_03_repeat.tscn","success":true}}}
{"method":"editor.save_scene","result":{"id":75,"jsonrpc":"2.0","result":{"path":"res://tests/fixtures/asset_production/batch_03_repeat.tscn","success":true}}}
{"method":"game.stop","result":{"id":76,"jsonrpc":"2.0","result":{"success":true,"was_running":false}}}
{"method":"scene.open","result":{"id":77,"jsonrpc":"2.0","result":{"path":"res://tools/asset_production/integration/inspector.tscn","success":true}}}
{"method":"node.call_method","result":{"id":78,"jsonrpc":"2.0","result":{"method":"context","path":".","result":{"engine":"4.8-dev7 (official)","open":"PackedStringArray(\"res://scenes/boot/boot.tscn\", \"res://tools/asset_production/integration/inspector.tscn\", \"res://tests/fixtures/asset_production/lights_camera.tscn\", \"res://scenes/prefabs/environment/city_lights_01.tscn\", \"res://scenes/prefabs/environment/city_lights_01_cool.tscn\", \"res://scenes/prefabs/environment/city_lights_02.tscn\", \"res://scenes/prefabs/environment/city_lights_02_cool.tscn\", \"res://scenes/prefabs/environment/city_lights_04.tscn\", \"res://scenes/prefabs/environment/city_lights_04_cool.tscn\", \"res://scenes/prefabs/environment/city_sign_supports_01.tscn\", \"res://scenes/prefabs/environment/city_planting_01.tscn\", \"res://scenes/prefabs/environment/city_planting_02.tscn\", \"res://tests/fixtures/asset_production/batch_01_camera.tscn\", \"res://tests/fixtures/asset_production/batch_01_close.tscn\", \"res://tests/fixtures/asset_production/batch_01_repeat.tscn\", \"res://scenes/prefabs/environment/city_planting_03.tscn\", \"res://scenes/prefabs/environment/city_planting_05_short_tuft.tscn\", \"res://scenes/prefabs/environment/city_planting_05_spreading_clump.tscn\", \"res://scenes/prefabs/environment/city_roof_details_01.tscn\", \"res://scenes/prefabs/environment/city_roof_details_02.tscn\", \"res://scenes/prefabs/environment/city_shop_fittings_01.tscn\", \"res://tests/fixtures/asset_production/batch_02_close.tscn\", \"res://tests/fixtures/asset_production/batch_02_roof.tscn\", \"res://tests/fixtures/asset_production/batch_02_repeat.tscn\", \"res://tests/fixtures/asset_production/batch_02_trunks.tscn\", \"res://scenes/prefabs/environment/city_planting_04_compact.tscn\", \"res://scenes/prefabs/environment/city_planting_04_broad.tscn\", \"res://tests/fixtures/asset_production/batch_02_camera.tscn\", \"res://scenes/prefabs/environment/city_shop_fittings_02.tscn\", \"res://scenes/prefabs/environment/city_shop_fittings_03_single.tscn\", \"res://scenes/prefabs/environment/city_shop_fittings_03_double.tscn\", \"res://scenes/prefabs/environment/city_shop_fittings_05.tscn\", \"res://scenes/prefabs/environment/city_shop_fittings_06_single.tscn\", \"res://scenes/prefabs/environment/city_shop_fittings_06_double.tscn\", \"res://scenes/prefabs/environment/city_shop_fittings_07.tscn\", \"res://scenes/prefabs/environment/city_shop_fittings_08.tscn\", \"res://scenes/prefabs/environment/city_small_shop_shells_01.tscn\", \"res://tests/fixtures/asset_production/batch_03_frontage.tscn\", \"res://tests/fixtures/asset_production/batch_03_upper_wall.tscn\", \"res://tests/fixtures/asset_production/batch_03_camera.tscn\", \"res://tests/fixtures/asset_production/batch_03_process.tscn\", \"res://tests/fixtures/asset_production/batch_03_close.tscn\", \"res://tests/fixtures/asset_production/batch_03_repeat.tscn\")","pid":254275,"project":"/home/regner/.paseo/worktrees/0u71f39f/asset-register-production/","unsaved":"PackedStringArray()"},"success":true}}}
