00:00.311  blend            | Read blend: "/tmp/batch03-final/frozen/art/source/models/environment/city_shop_fittings_01/city_shop_fittings_01.blend"
00:00.327  blend            | Read blend: "/tmp/batch03-final/frozen/art/source/models/environment/city_shop_fittings_02/city_shop_fittings_02.blend"
00:00.347  blend            | Read blend: "/tmp/batch03-final/frozen/art/source/models/environment/city_shop_fittings_03/city_shop_fittings_03.blend"
00:00.386  blend            | Read blend: "/tmp/batch03-final/frozen/art/source/models/environment/city_shop_fittings_05/city_shop_fittings_05.blend"
00:00.402  blend            | Read blend: "/tmp/batch03-final/frozen/art/source/models/environment/city_shop_fittings_06/city_shop_fittings_06.blend"
00:00.451  blend            | Read blend: "/tmp/batch03-final/frozen/art/source/models/environment/city_small_shop_shells_01/city_small_shop_shells_01.blend"
00:00.491  blend            | Read blend: "/tmp/batch03-final/historical/art/source/models/environment/city_shop_fittings_02/city_shop_fittings_02.blend"
00:00.511  blend            | Read blend: "/tmp/batch03-final/historical/art/source/models/environment/city_shop_fittings_06/city_shop_fittings_06.blend"
00:00.549  blend            | Read blend: "/tmp/batch03-final/frozen/docs/assets/production/city_small_shop_shells_01-evidence/mounted_frontage_scratch.blend"
00:00.653  blend            | Read blend: "/tmp/batch03-final/frozen/docs/assets/production/city_shop_fittings_06-evidence/fitted_comparison.blend"
00:00.737  blend            | Read blend: "/tmp/batch03-final/frozen/docs/assets/production/city_shop_fittings_02-evidence/f1_culling/mounted_frontage_fascia_culling_scratch.blend"
BlenderMCP addon registered
[
  {
    "path": "/tmp/batch03-final/frozen/docs/assets/production/city_small_shop_shells_01-evidence/mounted_frontage_scratch.blend",
    "checked": 56,
    "mismatches": []
  },
  {
    "path": "/tmp/batch03-final/frozen/docs/assets/production/city_shop_fittings_06-evidence/fitted_comparison.blend",
    "checked": 17,
    "mismatches": []
  },
  {
    "path": "/tmp/batch03-final/frozen/docs/assets/production/city_shop_fittings_02-evidence/f1_culling/mounted_frontage_fascia_culling_scratch.blend",
    "checked": 56,
    "mismatches": []
  }
]
BlenderMCP addon unregistered
Blender 5.2.2 LTS (hash d13f752e3b9c built 2026-09-22 17:10:25)

Blender quit
