00:00.308  blend            | Read blend: "/tmp/batch03-final/frozen/art/source/models/environment/city_shop_fittings_01/city_shop_fittings_01.blend"
00:00.324  blend            | Read blend: "/tmp/batch03-final/frozen/art/source/models/environment/city_shop_fittings_02/city_shop_fittings_02.blend"
00:00.343  blend            | Read blend: "/tmp/batch03-final/frozen/art/source/models/environment/city_shop_fittings_03/city_shop_fittings_03.blend"
00:00.384  blend            | Read blend: "/tmp/batch03-final/frozen/art/source/models/environment/city_shop_fittings_05/city_shop_fittings_05.blend"
00:00.400  blend            | Read blend: "/tmp/batch03-final/frozen/art/source/models/environment/city_shop_fittings_06/city_shop_fittings_06.blend"
00:00.450  blend            | Read blend: "/tmp/batch03-final/frozen/art/source/models/environment/city_small_shop_shells_01/city_small_shop_shells_01.blend"
00:00.490  blend            | Read blend: "/tmp/batch03-final/frozen/docs/assets/production/city_small_shop_shells_01-evidence/mounted_frontage_scratch.blend"
00:00.599  blend            | Read blend: "/tmp/batch03-final/frozen/docs/assets/production/city_shop_fittings_06-evidence/fitted_comparison.blend"
BlenderMCP addon registered
[
  {
    "path": "/tmp/batch03-final/frozen/docs/assets/production/city_small_shop_shells_01-evidence/mounted_frontage_scratch.blend",
    "checked": 56,
    "mismatches": [
      {
        "source_id": "city_shop_fittings_02",
        "name": "formed_fascia_frame",
        "present": true,
        "matches": false,
        "world_translation": [
          -0.949999988079071,
          7.0,
          3.799999952316284
        ],
        "root_parent": "city_shop_fittings_02"
      },
      {
        "source_id": "city_shop_fittings_02",
        "name": "continuous_face_trim",
        "present": true,
        "matches": false,
        "world_translation": [
          -0.949999988079071,
          7.0,
          3.799999952316284
        ],
        "root_parent": "city_shop_fittings_02"
      },
      {
        "source_id": "city_shop_fittings_02",
        "name": "folded_back_tray",
        "present": true,
        "matches": false,
        "world_translation": [
          -0.949999988079071,
          7.0,
          3.799999952316284
        ],
        "root_parent": "city_shop_fittings_02"
      },
      {
        "source_id": "city_shop_fittings_02",
        "name": "artwork_reveal",
        "present": true,
        "matches": false,
        "world_translation": [
          -0.949999988079071,
          7.0,
          3.799999952316284
        ],
        "root_parent": "city_shop_fittings_02"
      },
      {
        "source_id": "city_shop_fittings_02",
        "name": "fascia_artwork_carrier",
        "present": true,
        "matches": false,
        "world_translation": [
          -0.949999988079071,
          7.0,
          3.799999952316284
        ],
        "root_parent": "city_shop_fittings_02"
      },
      {
        "source_id": "city_shop_fittings_02",
        "name": "wall_mount_rail_lower",
        "present": true,
        "matches": false,
        "world_translation": [
          -0.949999988079071,
          7.0,
          3.799999952316284
        ],
        "root_parent": "city_shop_fittings_02"
      },
      {
        "source_id": "city_shop_fittings_02",
        "name": "wall_mount_rail_upper",
        "present": true,
        "matches": false,
        "world_translation": [
          -0.949999988079071,
          7.0,
          3.799999952316284
        ],
        "root_parent": "city_shop_fittings_02"
      },
      {
        "source_id": "city_shop_fittings_06",
        "name": "single_leaf_1_stiles_rails",
        "present": true,
        "matches": false,
        "world_translation": [
          1.9500000476837158,
          7.0,
          0.0
        ],
        "root_parent": "city_shop_fittings_06_single"
      }
    ]
  },
  {
    "path": "/tmp/batch03-final/frozen/docs/assets/production/city_shop_fittings_06-evidence/fitted_comparison.blend",
    "checked": 17,
    "mismatches": []
  }
]
BlenderMCP addon unregistered
Blender 5.2.2 LTS (hash d13f752e3b9c built 2026-09-22 17:10:25)

Blender quit
