Godot Engine v4.8.dev7.official.c971f93e7 - https://godotengine.org

[   0% ] first_scan_filesystem | Started Project initialization (5 steps)
[   0% ] first_scan_filesystem | Scanning file structure...
[  16% ] first_scan_filesystem | Loading global class names...
[  33% ] first_scan_filesystem | Verifying GDExtensions...
[  50% ] first_scan_filesystem | Creating autoload scripts...
[  66% ] first_scan_filesystem | Initializing plugins...
[  83% ] first_scan_filesystem | Starting file scan...
[ DONE ] first_scan_filesystem

[   0% ] update_scripts_classes | Started Registering global classes... (7 steps)
[   0% ] update_scripts_classes | S03Entity
[  12% ] update_scripts_classes | S03FakeTransport
[  25% ] update_scripts_classes | S03Match
[  37% ] update_scripts_classes | S03Proof
[  50% ] update_scripts_classes | S03Replication
[  62% ] update_scripts_classes | S03Session
[  75% ] update_scripts_classes | S03Transport
[ DONE ] update_scripts_classes

[   0% ] savepack | Started Packing (102 steps)
[   1% ] savepack | Storing File: res://.godot/exported/133200997/export-2af402b95b8fba3e2e3c7b4bd446f3d8-boot.scn
[  11% ] savepack | Storing File: res://tests/fixtures/s03/session.gdc
[  21% ] savepack | Storing File: res://tests/fixtures/s03/proof.gdc
[  31% ] savepack | Storing File: res://tests/fixtures/s03/match.gdc
[  40% ] savepack | Storing File: res://tests/fixtures/s03/replication.gdc
[  50% ] savepack | Storing File: res://tests/fixtures/s03/entity.gdc
[  60% ] savepack | Storing File: res://.godot/exported/133200997/export-a830d4cf0d66b8804be422d46d1c5de3-entity.scn
[  69% ] savepack | Storing File: res://tests/fixtures/s03/fake_transport.gdc
[  79% ] savepack | Storing File: res://.godot/exported/133200997/export-3725d439cd3b820f8fefa8e0f8e6ccac-local_rig.scn
[  89% ] savepack | Storing File: res://tests/fixtures/s03/transport.gdc
[  89% ] savepack | Storing File: res://tests/fixtures/s03/boot.tscn.remap
[  89% ] savepack | Storing File: res://tests/fixtures/s03/session.gd.remap
[  89% ] savepack | Storing File: res://tests/fixtures/s03/proof.gd.remap
[  89% ] savepack | Storing File: res://tests/fixtures/s03/match.gd.remap
[  89% ] savepack | Storing File: res://tests/fixtures/s03/replication.gd.remap
[  89% ] savepack | Storing File: res://tests/fixtures/s03/entity.gd.remap
[  89% ] savepack | Storing File: res://tests/fixtures/s03/entity.tscn.remap
[  89% ] savepack | Storing File: res://tests/fixtures/s03/fake_transport.gd.remap
[  89% ] savepack | Storing File: res://tests/fixtures/s03/local_rig.tscn.remap
[  89% ] savepack | Storing File: res://tests/fixtures/s03/transport.gd.remap
[  89% ] savepack | Storing File: res://.godot/global_script_class_cache.cfg
[  89% ] savepack | Storing File: res://.godot/uid_cache.bin
[  89% ] savepack | Storing File: res://project.binary
[ DONE ] savepack

