Godot Engine v4.8.dev7.official.c971f93e7 - https://godotengine.org

[   0% ] [90m[1mfirst_scan_filesystem[22m | Started Project initialization (5 steps)[39m[0m
[   0% ] [90m[1mfirst_scan_filesystem[22m | Scanning file structure...[39m[0m
[  16% ] [90m[1mfirst_scan_filesystem[22m | Loading global class names...[39m[0m
[  33% ] [90m[1mfirst_scan_filesystem[22m | Verifying GDExtensions...[39m[0m
[  50% ] [90m[1mfirst_scan_filesystem[22m | Creating autoload scripts...[39m[0m
[  66% ] [90m[1mfirst_scan_filesystem[22m | Initializing plugins...[39m[0m
[  83% ] [90m[1mfirst_scan_filesystem[22m | Starting file scan...[39m[0m
[92m[ DONE ][39m [1mfirst_scan_filesystem[22m
[0m
[   0% ] [90m[1mupdate_scripts_classes[22m | Started Registering global classes... (7 steps)[39m[0m
[   0% ] [90m[1mupdate_scripts_classes[22m | S03Entity[39m[0m
[  12% ] [90m[1mupdate_scripts_classes[22m | S03FakeTransport[39m[0m
[  25% ] [90m[1mupdate_scripts_classes[22m | S03Match[39m[0m
[  37% ] [90m[1mupdate_scripts_classes[22m | S03Proof[39m[0m
[  50% ] [90m[1mupdate_scripts_classes[22m | S03Replication[39m[0m
[  62% ] [90m[1mupdate_scripts_classes[22m | S03Session[39m[0m
[  75% ] [90m[1mupdate_scripts_classes[22m | S03Transport[39m[0m
[92m[ DONE ][39m [1mupdate_scripts_classes[22m
[0m
[   0% ] [90m[1msavepack[22m | Started Packing (102 steps)[39m[0m
[   1% ] [90m[1msavepack[22m | Storing File: res://.godot/exported/133200997/export-2af402b95b8fba3e2e3c7b4bd446f3d8-boot.scn[39m[0m
[  11% ] [90m[1msavepack[22m | Storing File: res://tests/fixtures/s03/session.gdc[39m[0m
[  21% ] [90m[1msavepack[22m | Storing File: res://tests/fixtures/s03/proof.gdc[39m[0m
[  31% ] [90m[1msavepack[22m | Storing File: res://tests/fixtures/s03/match.gdc[39m[0m
[  40% ] [90m[1msavepack[22m | Storing File: res://tests/fixtures/s03/replication.gdc[39m[0m
[  50% ] [90m[1msavepack[22m | Storing File: res://tests/fixtures/s03/entity.gdc[39m[0m
[  60% ] [90m[1msavepack[22m | Storing File: res://.godot/exported/133200997/export-a830d4cf0d66b8804be422d46d1c5de3-entity.scn[39m[0m
[  69% ] [90m[1msavepack[22m | Storing File: res://tests/fixtures/s03/fake_transport.gdc[39m[0m
[  79% ] [90m[1msavepack[22m | Storing File: res://.godot/exported/133200997/export-3725d439cd3b820f8fefa8e0f8e6ccac-local_rig.scn[39m[0m
[  89% ] [90m[1msavepack[22m | Storing File: res://tests/fixtures/s03/transport.gdc[39m[0m
[  89% ] [90m[1msavepack[22m | Storing File: res://tests/fixtures/s03/boot.tscn.remap[39m[0m
[  89% ] [90m[1msavepack[22m | Storing File: res://tests/fixtures/s03/session.gd.remap[39m[0m
[  89% ] [90m[1msavepack[22m | Storing File: res://tests/fixtures/s03/proof.gd.remap[39m[0m
[  89% ] [90m[1msavepack[22m | Storing File: res://tests/fixtures/s03/match.gd.remap[39m[0m
[  89% ] [90m[1msavepack[22m | Storing File: res://tests/fixtures/s03/replication.gd.remap[39m[0m
[  89% ] [90m[1msavepack[22m | Storing File: res://tests/fixtures/s03/entity.gd.remap[39m[0m
[  89% ] [90m[1msavepack[22m | Storing File: res://tests/fixtures/s03/entity.tscn.remap[39m[0m
[  89% ] [90m[1msavepack[22m | Storing File: res://tests/fixtures/s03/fake_transport.gd.remap[39m[0m
[  89% ] [90m[1msavepack[22m | Storing File: res://tests/fixtures/s03/local_rig.tscn.remap[39m[0m
[  89% ] [90m[1msavepack[22m | Storing File: res://tests/fixtures/s03/transport.gd.remap[39m[0m
[  89% ] [90m[1msavepack[22m | Storing File: res://.godot/global_script_class_cache.cfg[39m[0m
[  89% ] [90m[1msavepack[22m | Storing File: res://.godot/uid_cache.bin[39m[0m
[  89% ] [90m[1msavepack[22m | Storing File: res://project.binary[39m[0m
[92m[ DONE ][39m [1msavepack[22m
[0m
