docs/spikes/s03-s-upstream-peer-evidence/staged-whitespace-initial.stdout.log:2: trailing whitespace.
++ 
docs/spikes/s03-s-upstream-peer-evidence/staged-whitespace-initial.stdout.log:4: trailing whitespace.
++ 
docs/spikes/s03-s-upstream-peer-evidence/staged-whitespace-initial.stdout.log:6: trailing whitespace.
++ 
docs/spikes/s03-s-upstream-peer-evidence/staged-whitespace-initial.stdout.log:8: trailing whitespace.
++ 
docs/spikes/s03-s-upstream-peer-evidence/staged-whitespace-initial.stdout.log:10: trailing whitespace.
++ 
docs/spikes/s03-s-upstream-peer-evidence/staged-whitespace-initial.stdout.log:12: trailing whitespace.
++ 
docs/spikes/s03-s-upstream-peer-evidence/staged-whitespace-initial.stdout.log:16: trailing whitespace.
++ 
docs/spikes/s03-s-upstream-peer-evidence/staged-whitespace-initial.stdout.log:20: trailing whitespace.
++ 
docs/spikes/s03-s-upstream-peer-evidence/staged-whitespace-initial.stdout.log:26: trailing whitespace.
++ 
docs/spikes/s03-s-upstream-peer-evidence/staged-whitespace-initial.stdout.log:30: trailing whitespace.
++ 
docs/spikes/s03-s-upstream-peer-evidence/staged-whitespace-initial.stdout.log:36: trailing whitespace.
++ 
docs/spikes/s03-s-upstream-peer-evidence/staged-whitespace-initial.stdout.log:44: trailing whitespace.
++ 
docs/spikes/s03-s-upstream-peer-evidence/staged-whitespace-initial.stdout.log:60: trailing whitespace.
++ 
docs/spikes/s03-s-upstream-peer-evidence/staged-whitespace-initial.stdout.log:88: trailing whitespace.
++ 
docs/spikes/s03-s-upstream-peer-evidence/staged-whitespace-initial.stdout.log:120: trailing whitespace.
++ 
docs/spikes/s03-s-upstream-peer-evidence/staged-whitespace-initial.stdout.log:146: trailing whitespace.
++ 
docs/spikes/s03-s-upstream-peer-evidence/staged-whitespace-initial.stdout.log:156: trailing whitespace.
++ 
docs/spikes/s03-s-upstream-peer-evidence/staged-whitespace-initial.stdout.log:184: trailing whitespace.
++ 
docs/spikes/s03-s-upstream-peer-evidence/staged-whitespace-initial.stdout.log:230: trailing whitespace.
+++				
docs/spikes/s03-s-upstream-peer-evidence/staged-whitespace-initial.stdout.log:282: trailing whitespace.
++ 
docs/spikes/s03-s-upstream-peer-evidence/staged-whitespace-initial.stdout.log:284: trailing whitespace.
++ 
docs/spikes/s03-s-upstream-peer-evidence/staged-whitespace-initial.stdout.log:292: trailing whitespace.
++ 
docs/spikes/s03-s-upstream-peer-evidence/staged-whitespace-initial.stdout.log:296: trailing whitespace.
++ 
docs/spikes/s03-s-upstream-peer-evidence/staged-whitespace-initial.stdout.log:304: trailing whitespace.
++ 
docs/spikes/s03-s-upstream-peer-evidence/staged-whitespace-initial.stdout.log:308: trailing whitespace.
++ 
docs/spikes/s03-s-upstream-peer-evidence/staged-whitespace-initial.stdout.log:312: trailing whitespace.
++ 
docs/spikes/s03-s-upstream-peer-evidence/staged-whitespace-initial.stdout.log:320: trailing whitespace.
++ 
docs/spikes/s03-s-upstream-peer-evidence/staged-whitespace-initial.stdout.log:354: trailing whitespace.
++ 
docs/spikes/s03-s-upstream-peer-evidence/staged-whitespace-initial.stdout.log:362: trailing whitespace.
++ 
docs/spikes/s03-s-upstream-peer-evidence/staged-whitespace-initial.stdout.log:366: trailing whitespace.
++ 
docs/spikes/s03-s-upstream-peer-evidence/staged-whitespace-initial.stdout.log:368: trailing whitespace.
++ 
docs/spikes/s03-s-upstream-peer-evidence/staged-whitespace-initial.stdout.log:374: trailing whitespace.
++ 
docs/spikes/s03-s-upstream-peer-evidence/staged-whitespace-initial.stdout.log:378: trailing whitespace.
++ 
docs/spikes/s03-s-upstream-peer-evidence/staged-whitespace-initial.stdout.log:384: trailing whitespace.
++ 
docs/spikes/s03-s-upstream-peer-evidence/staged-whitespace-initial.stdout.log:390: trailing whitespace.
++ 
docs/spikes/s03-s-upstream-peer-evidence/staged-whitespace-initial.stdout.log:394: trailing whitespace.
++ 
docs/spikes/s03-s-upstream-peer-evidence/staged-whitespace-initial.stdout.log:398: trailing whitespace.
++ 
docs/spikes/s03-s-upstream-peer-evidence/staged-whitespace-initial.stdout.log:422: trailing whitespace.
++ 
docs/spikes/s03-s-upstream-peer-evidence/staged-whitespace-initial.stdout.log:426: trailing whitespace.
++ 
docs/spikes/s03-s-upstream-peer-evidence/staged-whitespace-initial.stdout.log:428: trailing whitespace.
++ 
docs/spikes/s03-s-upstream-peer-evidence/staged-whitespace-initial.stdout.log:454: trailing whitespace.
++ 
docs/spikes/s03-s-upstream-peer-evidence/staged-whitespace-initial.stdout.log:458: trailing whitespace.
++ 
docs/spikes/s03-s-upstream-peer-evidence/staged-whitespace-initial.stdout.log:464: trailing whitespace.
++ 
docs/spikes/s03-s-upstream-peer-evidence/staged-whitespace-initial.stdout.log:482: trailing whitespace.
++ 
docs/spikes/s03-s-upstream-peer-evidence/staged-whitespace-initial.stdout.log:484: trailing whitespace.
+++	int32_t flags = (k_nSteamNetworkingSend_NoNagle * no_nagle) | 
docs/spikes/s03-s-upstream-peer-evidence/staged-whitespace-initial.stdout.log:488: trailing whitespace.
++ 
docs/spikes/s03-s-upstream-peer-evidence/staged-whitespace-initial.stdout.log:492: trailing whitespace.
++ 
docs/spikes/s03-s-upstream-peer-evidence/staged-whitespace-initial.stdout.log:496: trailing whitespace.
++ 
docs/spikes/s03-s-upstream-peer-evidence/staged-whitespace-initial.stdout.log:504: trailing whitespace.
++ 
docs/spikes/s03-s-upstream-peer-evidence/staged-whitespace-initial.stdout.log:506: trailing whitespace.
++ 
docs/spikes/s03-s-upstream-peer-evidence/staged-whitespace-initial.stdout.log:508: trailing whitespace.
++ 
docs/spikes/s03-s-upstream-peer-evidence/staged-whitespace-initial.stdout.log:518: trailing whitespace.
++ 
docs/spikes/s03-s-upstream-peer-evidence/staged-whitespace-initial.stdout.log:522: trailing whitespace.
++ 
docs/spikes/s03-s-upstream-peer-evidence/staged-whitespace-initial.stdout.log:524: trailing whitespace.
++ 
docs/spikes/s03-s-upstream-peer-evidence/staged-whitespace-initial.stdout.log:530: trailing whitespace.
+++			SteamAPI_SteamNetworkingSockets_SteamAPI(), 
docs/spikes/s03-s-upstream-peer-evidence/staged-whitespace-initial.stdout.log:532: trailing whitespace.
++ 
docs/spikes/s03-s-upstream-peer-evidence/staged-whitespace-initial.stdout.log:540: trailing whitespace.
++ 
docs/spikes/s03-s-upstream-peer-evidence/staged-whitespace-initial.stdout.log:544: trailing whitespace.
++ 
docs/spikes/s03-s-upstream-peer-evidence/staged-whitespace-initial.stdout.log:554: trailing whitespace.
++ 
docs/spikes/s03-s-upstream-peer-evidence/staged-whitespace-initial.stdout.log:560: trailing whitespace.
++ 
docs/spikes/s03-s-upstream-peer-evidence/staged-whitespace-initial.stdout.log:568: trailing whitespace.
++ 
docs/spikes/s03-s-upstream-peer-evidence/staged-whitespace-initial.stdout.log:572: trailing whitespace.
++ 
docs/spikes/s03-s-upstream-peer-evidence/staged-whitespace-initial.stdout.log:578: trailing whitespace.
++ 
docs/spikes/s03-s-upstream-peer-evidence/staged-whitespace-initial.stdout.log:584: trailing whitespace.
++ 
docs/spikes/s03-s-upstream-peer-evidence/staged-whitespace-initial.stdout.log:592: trailing whitespace.
++ 
docs/spikes/s03-s-upstream-peer-evidence/staged-whitespace-initial.stdout.log:596: trailing whitespace.
++ 
docs/spikes/s03-s-upstream-peer-evidence/staged-whitespace-initial.stdout.log:600: trailing whitespace.
++ 
docs/spikes/s03-s-upstream-peer-evidence/staged-whitespace-initial.stdout.log:606: trailing whitespace.
++ 
docs/spikes/s03-s-upstream-peer-evidence/staged-whitespace-initial.stdout.log:612: trailing whitespace.
++ 
docs/spikes/s03-s-upstream-peer-evidence/staged-whitespace-initial.stdout.log:622: trailing whitespace.
++ 
docs/spikes/s03-s-upstream-peer-evidence/staged-whitespace-initial.stdout.log:630: trailing whitespace.
++ 
docs/spikes/s03-s-upstream-peer-evidence/staged-whitespace-initial.stdout.log:636: trailing whitespace.
++ 
docs/spikes/s03-s-upstream-peer-evidence/staged-whitespace-initial.stdout.log:648: trailing whitespace.
++This is an implementation of Godot's MultiplayerPeer (used by the high-level multiplayer API) using Steam for the underlying networking. 
docs/spikes/s03-s-upstream-peer-evidence/staged-whitespace-initial.stdout.log:650: trailing whitespace.
++        
docs/spikes/s03-s-upstream-peer-evidence/staged-whitespace-initial.stdout.log:652: trailing whitespace.
++        
docs/spikes/s03-s-upstream-peer-evidence/staged-whitespace-initial.stdout.log:654: trailing whitespace.
++        
docs/spikes/s03-s-upstream-peer-evidence/staged-whitespace-initial.stdout.log:656: trailing whitespace.
++        
docs/spikes/s03-s-upstream-peer-evidence/staged-whitespace-initial.stdout.log:658: trailing whitespace.
++ 
docs/spikes/s03-s-upstream-peer-evidence/staged-whitespace-initial.stdout.log:660: trailing whitespace.
++            
docs/spikes/s03-s-upstream-peer-evidence/staged-whitespace-initial.stdout.log:662: trailing whitespace.
++                
docs/spikes/s03-s-upstream-peer-evidence/staged-whitespace-initial.stdout.log:664: trailing whitespace.
++3025: 
docs/spikes/s03-s-upstream-peer-evidence/staged-whitespace-initial.stdout.log:666: trailing whitespace.
++3612: 
docs/spikes/s03-s-upstream-peer-evidence/staged-whitespace-initial.stdout.log:668: trailing whitespace.
++3620: 
docs/spikes/s03-s-upstream-peer-evidence/staged-whitespace-initial.stdout.log:670: trailing whitespace.
++3624: 
docs/spikes/s03-s-upstream-peer-evidence/staged-whitespace-initial.stdout.log:672: trailing whitespace.
++3627: 
docs/spikes/s03-s-upstream-peer-evidence/staged-whitespace-initial.stdout.log:674: trailing whitespace.
++3634: 
docs/spikes/s03-s-upstream-peer-evidence/staged-whitespace-initial.stdout.log:676: trailing whitespace.
++3661: 
docs/spikes/s03-s-upstream-peer-evidence/staged-whitespace-initial.stdout.log:678: trailing whitespace.
++3669: 
docs/spikes/s03-s-upstream-peer-evidence/staged-whitespace-initial.stdout.log:680: trailing whitespace.
++3682: 
docs/spikes/s03-s-upstream-peer-evidence/staged-whitespace-initial.stdout.log:682: trailing whitespace.
++3688: 
docs/spikes/s03-s-upstream-peer-evidence/staged-whitespace-initial.stdout.log:684: trailing whitespace.
++3707: 
docs/spikes/s03-s-upstream-peer-evidence/staged-whitespace-initial.stdout.log:686: trailing whitespace.
++3717: 
docs/spikes/s03-s-upstream-peer-evidence/staged-whitespace-initial.stdout.log:688: trailing whitespace.
++3726: 
docs/spikes/s03-s-upstream-peer-evidence/staged-whitespace-initial.stdout.log:690: trailing whitespace.
++3736: 
docs/spikes/s03-s-upstream-peer-evidence/staged-whitespace-initial.stdout.log:692: trailing whitespace.
++3742: 
docs/spikes/s03-s-upstream-peer-evidence/staged-whitespace-initial.stdout.log:694: trailing whitespace.
++3959: 
docs/spikes/s03-s-upstream-peer-evidence/staged-whitespace-initial.stdout.log:696: trailing whitespace.
++3969: 
docs/spikes/s03-s-upstream-peer-evidence/staged-whitespace-initial.stdout.log:698: trailing whitespace.
++7966: 
docs/spikes/s03-s-upstream-peer-evidence/staged-whitespace-initial.stdout.log:700: trailing whitespace.
++				
docs/spikes/s03-s-upstream-peer-evidence/staged-whitespace-initial.stdout.log:704: trailing whitespace.
++	int32_t flags = (k_nSteamNetworkingSend_NoNagle * no_nagle) | 
docs/spikes/s03-s-upstream-peer-evidence/staged-whitespace-initial.stdout.log:706: trailing whitespace.
++			SteamAPI_SteamNetworkingSockets_SteamAPI(), 
docs/spikes/s03-s-upstream-peer-evidence/staged-whitespace-initial.stdout.log:708: trailing whitespace.
++269: 
docs/spikes/s03-s-upstream-peer-evidence/staged-whitespace-initial.stdout.log:710: trailing whitespace.
++355: 
docs/spikes/s03-s-upstream-peer-evidence/staged-whitespace-initial.stdout.log:712: trailing whitespace.
++358: 
docs/spikes/s03-s-upstream-peer-evidence/staged-whitespace-initial.stdout.log:714: trailing whitespace.
++487: 
docs/spikes/s03-s-upstream-peer-evidence/staged-whitespace-initial.stdout.log:716: trailing whitespace.
++842: 
docs/spikes/s03-s-upstream-peer-evidence/staged-whitespace-initial.stdout.log:718: trailing whitespace.
++847: 
docs/spikes/s03-s-upstream-peer-evidence/staged-whitespace-initial.stdout.log:720: trailing whitespace.
++851: 
docs/spikes/s03-s-upstream-peer-evidence/staged-whitespace-initial.stdout.log:722: trailing whitespace.
++854: 
docs/spikes/s03-s-upstream-peer-evidence/staged-whitespace-initial.stdout.log:724: trailing whitespace.
++857: 
docs/spikes/s03-s-upstream-peer-evidence/staged-whitespace-initial.stdout.log:726: trailing whitespace.
++862: 
docs/spikes/s03-s-upstream-peer-evidence/staged-whitespace-initial.stdout.log:728: trailing whitespace.
++867: 
docs/spikes/s03-s-upstream-peer-evidence/staged-whitespace-initial.stdout.log:730: trailing whitespace.
++885: 
docs/spikes/s03-s-upstream-peer-evidence/staged-whitespace-initial.stdout.log:732: trailing whitespace.
++889: 
docs/spikes/s03-s-upstream-peer-evidence/staged-whitespace-initial.stdout.log:734: trailing whitespace.
++895: 
docs/spikes/s03-s-upstream-peer-evidence/staged-whitespace-initial.stdout.log:736: trailing whitespace.
++903: 
docs/spikes/s03-s-upstream-peer-evidence/staged-whitespace-initial.stdout.log:738: trailing whitespace.
++908: 
docs/spikes/s03-s-upstream-peer-evidence/staged-whitespace-initial.stdout.log:740: trailing whitespace.
++912: 
docs/spikes/s03-s-upstream-peer-evidence/staged-whitespace-initial.stdout.log:742: trailing whitespace.
++917: 
docs/spikes/s03-s-upstream-peer-evidence/staged-whitespace-initial.stdout.log:744: trailing whitespace.
++924: 
docs/spikes/s03-s-upstream-peer-evidence/staged-whitespace-initial.stdout.log:746: trailing whitespace.
++929: 
docs/spikes/s03-s-upstream-peer-evidence/staged-whitespace-initial.stdout.log:748: trailing whitespace.
++933: 
docs/spikes/s03-s-upstream-peer-evidence/staged-whitespace-initial.stdout.log:750: trailing whitespace.
++1163: 
docs/spikes/s03-s-upstream-peer-evidence/staged-whitespace-initial.stdout.log:752: trailing whitespace.
++1168: 	/// 
docs/spikes/s03-s-upstream-peer-evidence/staged-whitespace-initial.stdout.log:754: trailing whitespace.
++1171: 
docs/spikes/s03-s-upstream-peer-evidence/staged-whitespace-initial.stdout.log:756: trailing whitespace.
++1177: 
docs/spikes/s03-s-upstream-peer-evidence/staged-whitespace-initial.stdout.log:758: trailing whitespace.
++1185: 
