Godot Engine v4.8.dev7.official.c971f93e7 - https://godotengine.org

S12 {"client_hit":false,"event":"shot_sent","phase":"ACTIVE","pid":12196,"role":"client","sequence":1,"target":"pedestrian","view_age_ms":307.0,"wall_usec":1791528178867000}
S12 {"client_hit":true,"event":"shot_sent","phase":"ACTIVE","pid":12196,"role":"client","sequence":2,"target":"car","view_age_ms":259.0,"wall_usec":1791528179019000}
S12 {"event":"verdict","phase":"ACTIVE","pid":12196,"role":"client","row":{"accepted":true,"client_hit":false,"current_hit":false,"reason":"OK","rewind_age_ms":248.0,"rewind_clamped":true,"rewind_cpu_usec":15,"rewind_hit":false,"sequence":1,"speed":1.5,"target":"pedestrian"},"wall_usec":1791528179123000}
S12 {"client_hit":true,"event":"shot_sent","phase":"ACTIVE","pid":12196,"role":"client","sequence":3,"target":"pedestrian","view_age_ms":288.0,"wall_usec":1791528179151000}
S12 {"event":"rocket","phase":"ACTIVE","pid":12196,"role":"client","row":{"accepted":true,"launch_usec":1791528179029000,"sent_usec":1791528178875000,"sequence":1},"wall_usec":1791528179155000}
S12 {"event":"verdict","phase":"ACTIVE","pid":12196,"role":"client","row":{"accepted":true,"client_hit":true,"current_hit":false,"reason":"OK","rewind_age_ms":255.0,"rewind_clamped":true,"rewind_cpu_usec":14,"rewind_hit":false,"sequence":2,"speed":12.0,"target":"car"},"wall_usec":1791528179212000}
S12 {"client_hit":true,"event":"shot_sent","phase":"ACTIVE","pid":12196,"role":"client","sequence":4,"target":"car","view_age_ms":239.0,"wall_usec":1791528179302000}
S12 {"event":"verdict","phase":"ACTIVE","pid":12196,"role":"client","row":{"accepted":true,"client_hit":true,"current_hit":false,"reason":"OK","rewind_age_ms":256.0,"rewind_clamped":true,"rewind_cpu_usec":10,"rewind_hit":true,"sequence":3,"speed":1.5,"target":"pedestrian"},"wall_usec":1791528179385000}
S12 {"client_hit":false,"event":"shot_sent","phase":"ACTIVE","pid":12196,"role":"client","sequence":5,"target":"pedestrian","view_age_ms":260.0,"wall_usec":1791528179468000}
S12 {"event":"verdict","phase":"ACTIVE","pid":12196,"role":"client","row":{"accepted":true,"client_hit":true,"current_hit":true,"reason":"OK","rewind_age_ms":243.0,"rewind_clamped":true,"rewind_cpu_usec":11,"rewind_hit":true,"sequence":4,"speed":12.0,"target":"car"},"wall_usec":1791528179585000}
S12 {"client_hit":false,"event":"shot_sent","phase":"ACTIVE","pid":12196,"role":"client","sequence":6,"target":"car","view_age_ms":235.0,"wall_usec":1791528179615000}
S12 {"event":"verdict","phase":"ACTIVE","pid":12196,"role":"client","row":{"accepted":true,"client_hit":false,"current_hit":true,"reason":"OK","rewind_age_ms":251.0,"rewind_clamped":true,"rewind_cpu_usec":10,"rewind_hit":true,"sequence":5,"speed":1.5,"target":"pedestrian"},"wall_usec":1791528179708000}
S12 {"client_hit":true,"event":"shot_sent","phase":"ACTIVE","pid":12196,"role":"client","sequence":7,"target":"pedestrian","view_age_ms":282.0,"wall_usec":1791528179755000}
S12 {"event":"verdict","phase":"ACTIVE","pid":12196,"role":"client","row":{"accepted":true,"client_hit":false,"current_hit":false,"reason":"OK","rewind_age_ms":243.0,"rewind_clamped":true,"rewind_cpu_usec":18,"rewind_hit":true,"sequence":6,"speed":12.0,"target":"car"},"wall_usec":1791528179846000}
S12 {"client_hit":true,"event":"shot_sent","phase":"ACTIVE","pid":12196,"role":"client","sequence":8,"target":"car","view_age_ms":249.0,"wall_usec":1791528179910000}
S12 {"event":"verdict","phase":"ACTIVE","pid":12196,"role":"client","row":{"accepted":true,"client_hit":true,"current_hit":false,"reason":"OK","rewind_age_ms":249.0,"rewind_clamped":true,"rewind_cpu_usec":11,"rewind_hit":false,"sequence":7,"speed":1.5,"target":"pedestrian"},"wall_usec":1791528180069000}
S12 {"client_hit":true,"event":"shot_sent","phase":"ACTIVE","pid":12196,"role":"client","sequence":9,"target":"pedestrian","view_age_ms":309.0,"wall_usec":1791528180072000}
S12 {"event":"verdict","phase":"ACTIVE","pid":12196,"role":"client","row":{"accepted":true,"client_hit":true,"current_hit":false,"reason":"OK","rewind_age_ms":257.0,"rewind_clamped":true,"rewind_cpu_usec":12,"rewind_hit":false,"sequence":8,"speed":12.0,"target":"car"},"wall_usec":1791528180190000}
S12 {"client_hit":false,"event":"shot_sent","phase":"ACTIVE","pid":12196,"role":"client","sequence":10,"target":"car","view_age_ms":291.0,"wall_usec":1791528180206000}
S12 {"event":"verdict","phase":"ACTIVE","pid":12196,"role":"client","row":{"accepted":true,"client_hit":true,"current_hit":true,"reason":"OK","rewind_age_ms":251.0,"rewind_clamped":true,"rewind_cpu_usec":18,"rewind_hit":true,"sequence":9,"speed":1.5,"target":"pedestrian"},"wall_usec":1791528180345000}
S12 {"event":"rocket","phase":"ACTIVE","pid":12196,"role":"client","row":{"accepted":true,"launch_usec":1791528180236000,"sent_usec":1791528180075000,"sequence":2},"wall_usec":1791528180348000}
S12 {"client_hit":false,"event":"shot_sent","phase":"ACTIVE","pid":12196,"role":"client","sequence":11,"target":"pedestrian","view_age_ms":239.0,"wall_usec":1791528180351000}
S12 {"event":"verdict","phase":"ACTIVE","pid":12196,"role":"client","row":{"accepted":true,"client_hit":false,"current_hit":false,"reason":"OK","rewind_age_ms":249.0,"rewind_clamped":true,"rewind_cpu_usec":17,"rewind_hit":false,"sequence":10,"speed":12.0,"target":"car"},"wall_usec":1791528180485000}
S12 {"client_hit":true,"event":"shot_sent","phase":"ACTIVE","pid":12196,"role":"client","sequence":12,"target":"car","view_age_ms":249.0,"wall_usec":1791528180501000}
S12 {"event":"verdict","phase":"ACTIVE","pid":12196,"role":"client","row":{"accepted":true,"client_hit":false,"current_hit":false,"reason":"OK","rewind_age_ms":249.0,"rewind_clamped":true,"rewind_cpu_usec":59,"rewind_hit":false,"sequence":11,"speed":1.5,"target":"pedestrian"},"wall_usec":1791528180594000}
S12 {"client_hit":true,"event":"shot_sent","phase":"ACTIVE","pid":12196,"role":"client","sequence":13,"target":"pedestrian","view_age_ms":263.0,"wall_usec":1791528180671000}
S12 {"event":"verdict","phase":"ACTIVE","pid":12196,"role":"client","row":{"accepted":true,"client_hit":true,"current_hit":false,"reason":"OK","rewind_age_ms":248.0,"rewind_clamped":true,"rewind_cpu_usec":13,"rewind_hit":true,"sequence":12,"speed":12.0,"target":"car"},"wall_usec":1791528180734000}
S12 {"client_hit":true,"event":"shot_sent","phase":"ACTIVE","pid":12196,"role":"client","sequence":14,"target":"car","view_age_ms":296.0,"wall_usec":1791528180812000}
S12 {"event":"verdict","phase":"ACTIVE","pid":12196,"role":"client","row":{"accepted":true,"client_hit":true,"current_hit":false,"reason":"OK","rewind_age_ms":249.0,"rewind_clamped":true,"rewind_cpu_usec":18,"rewind_hit":true,"sequence":13,"speed":1.5,"target":"pedestrian"},"wall_usec":1791528180920000}
S12 {"client_hit":false,"event":"shot_sent","phase":"ACTIVE","pid":12196,"role":"client","sequence":15,"target":"pedestrian","view_age_ms":248.0,"wall_usec":1791528180951000}
S12 {"event":"verdict","phase":"ACTIVE","pid":12196,"role":"client","row":{"accepted":true,"client_hit":true,"current_hit":false,"reason":"OK","rewind_age_ms":264.0,"rewind_clamped":true,"rewind_cpu_usec":13,"rewind_hit":true,"sequence":14,"speed":12.0,"target":"car"},"wall_usec":1791528181078000}
S12 {"client_hit":false,"event":"shot_sent","phase":"ACTIVE","pid":12196,"role":"client","sequence":16,"target":"car","view_age_ms":264.0,"wall_usec":1791528181123000}
S12 {"client_hit":true,"event":"shot_sent","phase":"ACTIVE","pid":12196,"role":"client","sequence":17,"target":"pedestrian","view_age_ms":244.0,"wall_usec":1791528181259000}
S12 {"client_hit":true,"event":"shot_sent","phase":"ACTIVE","pid":12196,"role":"client","sequence":18,"target":"car","view_age_ms":246.0,"wall_usec":1791528181413000}
S12 {"client_hit":true,"event":"shot_sent","phase":"ACTIVE","pid":12196,"role":"client","sequence":19,"target":"pedestrian","view_age_ms":386.0,"wall_usec":1791528181553000}
S12 {"event":"verdict","phase":"ACTIVE","pid":12196,"role":"client","row":{"accepted":false,"reason":"RATE_LIMITED","sequence":15},"wall_usec":1791528181601000}
S12 {"event":"verdict","phase":"ACTIVE","pid":12196,"role":"client","row":{"accepted":true,"client_hit":false,"current_hit":false,"reason":"OK","rewind_age_ms":244.0,"rewind_clamped":true,"rewind_cpu_usec":21,"rewind_hit":false,"sequence":16,"speed":12.0,"target":"car"},"wall_usec":1791528181603000}
S12 {"event":"verdict","phase":"ACTIVE","pid":12196,"role":"client","row":{"accepted":false,"reason":"RATE_LIMITED","sequence":17},"wall_usec":1791528181605000}
S12 {"event":"rocket","phase":"ACTIVE","pid":12196,"role":"client","row":{"accepted":true,"launch_usec":1791528181428000,"sent_usec":1791528181262000,"sequence":3},"wall_usec":1791528181608000}
S12 {"event":"verdict","phase":"ACTIVE","pid":12196,"role":"client","row":{"accepted":true,"client_hit":true,"current_hit":false,"reason":"OK","rewind_age_ms":246.0,"rewind_clamped":true,"rewind_cpu_usec":16,"rewind_hit":false,"sequence":18,"speed":12.0,"target":"car"},"wall_usec":1791528181694000}
S12 {"client_hit":false,"event":"shot_sent","phase":"ACTIVE","pid":12196,"role":"client","sequence":20,"target":"car","view_age_ms":297.0,"wall_usec":1791528181709000}
S12 {"event":"verdict","phase":"ACTIVE","pid":12196,"role":"client","row":{"accepted":true,"client_hit":true,"current_hit":false,"reason":"OK","rewind_age_ms":249.0,"rewind_clamped":true,"rewind_cpu_usec":11,"rewind_hit":true,"sequence":19,"speed":1.5,"target":"pedestrian"},"wall_usec":1791528181800000}
S12 {"client_hit":false,"event":"shot_sent","phase":"ACTIVE","pid":12196,"role":"client","sequence":21,"target":"pedestrian","view_age_ms":247.0,"wall_usec":1791528181862000}
S12 {"event":"verdict","phase":"ACTIVE","pid":12196,"role":"client","row":{"accepted":true,"client_hit":false,"current_hit":false,"reason":"OK","rewind_age_ms":248.0,"rewind_clamped":true,"rewind_cpu_usec":10,"rewind_hit":false,"sequence":20,"speed":12.0,"target":"car"},"wall_usec":1791528181988000}
S12 {"client_hit":true,"event":"shot_sent","phase":"ACTIVE","pid":12196,"role":"client","sequence":22,"target":"car","view_age_ms":201.0,"wall_usec":1791528182017000}
S12 {"event":"verdict","phase":"ACTIVE","pid":12196,"role":"client","row":{"accepted":true,"client_hit":false,"current_hit":false,"reason":"OK","rewind_age_ms":248.0,"rewind_clamped":true,"rewind_cpu_usec":11,"rewind_hit":false,"sequence":21,"speed":1.5,"target":"pedestrian"},"wall_usec":1791528182144000}
S12 {"client_hit":true,"event":"shot_sent","phase":"ACTIVE","pid":12196,"role":"client","sequence":23,"target":"pedestrian","view_age_ms":248.0,"wall_usec":1791528182157000}
S12 {"client_hit":true,"event":"shot_sent","phase":"ACTIVE","pid":12196,"role":"client","sequence":24,"target":"car","view_age_ms":310.0,"wall_usec":1791528182314000}
S12 {"event":"verdict","phase":"ACTIVE","pid":12196,"role":"client","row":{"accepted":true,"client_hit":true,"current_hit":true,"reason":"OK","rewind_age_ms":248.0,"rewind_clamped":true,"rewind_cpu_usec":13,"rewind_hit":false,"sequence":22,"speed":12.0,"target":"car"},"wall_usec":1791528182374000}
S12 {"event":"verdict","phase":"ACTIVE","pid":12196,"role":"client","row":{"accepted":false,"reason":"RATE_LIMITED","sequence":23},"wall_usec":1791528182377000}
S12 {"client_hit":false,"event":"shot_sent","phase":"ACTIVE","pid":12196,"role":"client","sequence":25,"target":"pedestrian","view_age_ms":261.0,"wall_usec":1791528182467000}
S12 {"client_hit":false,"event":"shot_sent","phase":"ACTIVE","pid":12196,"role":"client","sequence":26,"target":"car","view_age_ms":250.0,"wall_usec":1791528182607000}
S12 {"event":"verdict","phase":"ACTIVE","pid":12196,"role":"client","row":{"accepted":true,"client_hit":true,"current_hit":false,"reason":"OK","rewind_age_ms":260.0,"rewind_clamped":true,"rewind_cpu_usec":10,"rewind_hit":false,"sequence":24,"speed":12.0,"target":"car"},"wall_usec":1791528182621000}
S12 {"event":"verdict","phase":"ACTIVE","pid":12196,"role":"client","row":{"accepted":true,"client_hit":false,"current_hit":true,"reason":"OK","rewind_age_ms":245.0,"rewind_clamped":true,"rewind_cpu_usec":14,"rewind_hit":true,"sequence":25,"speed":1.5,"target":"pedestrian"},"wall_usec":1791528182760000}
S12 {"client_hit":true,"event":"shot_sent","phase":"ACTIVE","pid":12196,"role":"client","sequence":27,"target":"pedestrian","view_age_ms":298.0,"wall_usec":1791528182764000}
S12 {"event":"rocket","phase":"ACTIVE","pid":12196,"role":"client","row":{"accepted":true,"launch_usec":1791528182620000,"sent_usec":1791528182469000,"sequence":4},"wall_usec":1791528182777000}
S12 {"event":"verdict","phase":"ACTIVE","pid":12196,"role":"client","row":{"accepted":true,"client_hit":false,"current_hit":false,"reason":"OK","rewind_age_ms":248.0,"rewind_clamped":true,"rewind_cpu_usec":15,"rewind_hit":true,"sequence":26,"speed":12.0,"target":"car"},"wall_usec":1791528182914000}
S12 {"client_hit":true,"event":"shot_sent","phase":"ACTIVE","pid":12196,"role":"client","sequence":28,"target":"car","view_age_ms":206.0,"wall_usec":1791528182919000}
S12 {"event":"verdict","phase":"ACTIVE","pid":12196,"role":"client","row":{"accepted":true,"client_hit":true,"current_hit":false,"reason":"OK","rewind_age_ms":247.0,"rewind_clamped":true,"rewind_cpu_usec":13,"rewind_hit":false,"sequence":27,"speed":1.5,"target":"pedestrian"},"wall_usec":1791528183026000}
S12 {"client_hit":true,"event":"shot_sent","phase":"ACTIVE","pid":12196,"role":"client","sequence":29,"target":"pedestrian","view_age_ms":250.0,"wall_usec":1791528183057000}
S12 {"event":"verdict","phase":"ACTIVE","pid":12196,"role":"client","row":{"accepted":true,"client_hit":true,"current_hit":false,"reason":"OK","rewind_age_ms":253.0,"rewind_clamped":true,"rewind_cpu_usec":25,"rewind_hit":false,"sequence":28,"speed":12.0,"target":"car"},"wall_usec":1791528183212000}
S12 {"client_hit":false,"event":"shot_sent","phase":"ACTIVE","pid":12196,"role":"client","sequence":30,"target":"car","view_age_ms":303.0,"wall_usec":1791528183216000}
S12 {"client_hit":false,"event":"shot_sent","phase":"ACTIVE","pid":12196,"role":"client","sequence":31,"target":"pedestrian","view_age_ms":345.0,"wall_usec":1791528183354000}
S12 {"event":"verdict","phase":"ACTIVE","pid":12196,"role":"client","row":{"accepted":true,"client_hit":true,"current_hit":true,"reason":"OK","rewind_age_ms":251.0,"rewind_clamped":true,"rewind_cpu_usec":11,"rewind_hit":true,"sequence":29,"speed":1.5,"target":"pedestrian"},"wall_usec":1791528183384000}
S12 {"client_hit":true,"event":"shot_sent","phase":"ACTIVE","pid":12196,"role":"client","sequence":32,"target":"car","view_age_ms":297.0,"wall_usec":1791528183509000}
S12 {"client_hit":true,"event":"shot_sent","phase":"ACTIVE","pid":12196,"role":"client","sequence":33,"target":"pedestrian","view_age_ms":236.0,"wall_usec":1791528183651000}
S12 {"client_hit":true,"event":"shot_sent","phase":"ACTIVE","pid":12196,"role":"client","sequence":34,"target":"car","view_age_ms":265.0,"wall_usec":1791528183820000}
S12 {"client_hit":false,"event":"shot_sent","phase":"ACTIVE","pid":12196,"role":"client","sequence":35,"target":"pedestrian","view_age_ms":205.0,"wall_usec":1791528183962000}
S12 {"event":"verdict","phase":"ACTIVE","pid":12196,"role":"client","row":{"accepted":true,"client_hit":false,"current_hit":true,"reason":"OK","rewind_age_ms":248.0,"rewind_clamped":true,"rewind_cpu_usec":11,"rewind_hit":false,"sequence":30,"speed":12.0,"target":"car"},"wall_usec":1791528184053000}
S12 {"event":"verdict","phase":"ACTIVE","pid":12196,"role":"client","row":{"accepted":false,"reason":"RATE_LIMITED","sequence":31},"wall_usec":1791528184057000}
S12 {"event":"verdict","phase":"ACTIVE","pid":12196,"role":"client","row":{"accepted":false,"reason":"RATE_LIMITED","sequence":32},"wall_usec":1791528184060000}
S12 {"event":"verdict","phase":"ACTIVE","pid":12196,"role":"client","row":{"accepted":false,"reason":"RATE_LIMITED","sequence":33},"wall_usec":1791528184063000}
S12 {"event":"rocket","phase":"ACTIVE","pid":12196,"role":"client","row":{"accepted":true,"launch_usec":1791528183865000,"sent_usec":1791528183658000,"sequence":5},"wall_usec":1791528184064000}
S12 {"client_hit":false,"event":"shot_sent","phase":"ACTIVE","pid":12196,"role":"client","sequence":36,"target":"car","view_age_ms":235.0,"wall_usec":1791528184100000}
S12 {"client_hit":true,"event":"shot_sent","phase":"ACTIVE","pid":12196,"role":"client","sequence":37,"target":"pedestrian","view_age_ms":249.0,"wall_usec":1791528184257000}
S12 {"client_hit":true,"event":"shot_sent","phase":"ACTIVE","pid":12196,"role":"client","sequence":38,"target":"car","view_age_ms":297.0,"wall_usec":1791528184413000}
S12 {"client_hit":true,"event":"shot_sent","phase":"ACTIVE","pid":12196,"role":"client","sequence":39,"target":"pedestrian","view_age_ms":247.0,"wall_usec":1791528184550000}
S12 {"client_hit":false,"event":"shot_sent","phase":"ACTIVE","pid":12196,"role":"client","sequence":40,"target":"car","view_age_ms":247.0,"wall_usec":1791528184707000}
S12 {"client_hit":false,"event":"shot_sent","phase":"ACTIVE","pid":12196,"role":"client","sequence":41,"target":"pedestrian","view_age_ms":239.0,"wall_usec":1791528184852000}
S12 {"client_hit":true,"event":"shot_sent","phase":"ACTIVE","pid":12196,"role":"client","sequence":42,"target":"car","view_age_ms":236.0,"wall_usec":1791528185003000}
S12 {"event":"verdict","phase":"ACTIVE","pid":12196,"role":"client","row":{"accepted":true,"client_hit":true,"current_hit":false,"reason":"OK","rewind_age_ms":247.0,"rewind_clamped":true,"rewind_cpu_usec":15,"rewind_hit":false,"sequence":34,"speed":12.0,"target":"car"},"wall_usec":1791528185029000}
S12 {"event":"verdict","phase":"ACTIVE","pid":12196,"role":"client","row":{"accepted":false,"reason":"RATE_LIMITED","sequence":35},"wall_usec":1791528185036000}
S12 {"event":"verdict","phase":"ACTIVE","pid":12196,"role":"client","row":{"accepted":false,"reason":"RATE_LIMITED","sequence":36},"wall_usec":1791528185038000}
S12 {"event":"verdict","phase":"ACTIVE","pid":12196,"role":"client","row":{"accepted":false,"reason":"RATE_LIMITED","sequence":37},"wall_usec":1791528185041000}
S12 {"event":"verdict","phase":"ACTIVE","pid":12196,"role":"client","row":{"accepted":false,"reason":"RATE_LIMITED","sequence":38},"wall_usec":1791528185042000}
S12 {"event":"verdict","phase":"ACTIVE","pid":12196,"role":"client","row":{"accepted":true,"client_hit":true,"current_hit":true,"reason":"OK","rewind_age_ms":255.0,"rewind_clamped":true,"rewind_cpu_usec":15,"rewind_hit":true,"sequence":39,"speed":1.5,"target":"pedestrian"},"wall_usec":1791528185050000}
S12 {"event":"verdict","phase":"ACTIVE","pid":12196,"role":"client","row":{"accepted":true,"client_hit":false,"current_hit":false,"reason":"OK","rewind_age_ms":253.0,"rewind_clamped":true,"rewind_cpu_usec":11,"rewind_hit":true,"sequence":40,"speed":12.0,"target":"car"},"wall_usec":1791528185052000}
S12 {"client_hit":true,"event":"shot_sent","phase":"ACTIVE","pid":12196,"role":"client","sequence":43,"target":"pedestrian","view_age_ms":235.0,"wall_usec":1791528185155000}
S12 {"event":"verdict","phase":"ACTIVE","pid":12196,"role":"client","row":{"accepted":false,"reason":"RELOADING","sequence":41},"wall_usec":1791528185163000}
S12 {"event":"rocket","phase":"ACTIVE","pid":12196,"role":"client","row":{"accepted":true,"launch_usec":1791528185029000,"sent_usec":1791528184856000,"sequence":6},"wall_usec":1791528185167000}
S12 {"event":"verdict","phase":"ACTIVE","pid":12196,"role":"client","row":{"accepted":false,"reason":"RELOADING","sequence":42},"wall_usec":1791528185200000}
S12 {"client_hit":true,"event":"shot_sent","phase":"ACTIVE","pid":12196,"role":"client","sequence":44,"target":"car","view_age_ms":250.0,"wall_usec":1791528185309000}
S12 {"event":"verdict","phase":"ACTIVE","pid":12196,"role":"client","row":{"accepted":false,"reason":"RELOADING","sequence":43},"wall_usec":1791528185416000}
S12 {"client_hit":false,"event":"shot_sent","phase":"ACTIVE","pid":12196,"role":"client","sequence":45,"target":"pedestrian","view_age_ms":297.0,"wall_usec":1791528185466000}
S12 {"client_hit":false,"event":"shot_sent","phase":"ACTIVE","pid":12196,"role":"client","sequence":46,"target":"car","view_age_ms":250.0,"wall_usec":1791528185604000}
S12 {"client_hit":true,"event":"shot_sent","phase":"ACTIVE","pid":12196,"role":"client","sequence":47,"target":"pedestrian","view_age_ms":249.0,"wall_usec":1791528185759000}
S12 {"client_hit":true,"event":"shot_sent","phase":"ACTIVE","pid":12196,"role":"client","sequence":48,"target":"car","view_age_ms":305.0,"wall_usec":1791528185908000}
S12 {"event":"verdict","phase":"ACTIVE","pid":12196,"role":"client","row":{"accepted":false,"reason":"RELOADING","sequence":44},"wall_usec":1791528186009000}
S12 {"event":"verdict","phase":"ACTIVE","pid":12196,"role":"client","row":{"accepted":false,"reason":"RELOADING","sequence":45},"wall_usec":1791528186011000}
S12 {"event":"verdict","phase":"ACTIVE","pid":12196,"role":"client","row":{"accepted":false,"reason":"RELOADING","sequence":46},"wall_usec":1791528186022000}
S12 {"event":"verdict","phase":"ACTIVE","pid":12196,"role":"client","row":{"accepted":false,"reason":"RELOADING","sequence":47},"wall_usec":1791528186026000}
S12 {"client_hit":true,"event":"shot_sent","phase":"ACTIVE","pid":12196,"role":"client","sequence":49,"target":"pedestrian","view_age_ms":245.0,"wall_usec":1791528186053000}
S12 {"client_hit":false,"event":"shot_sent","phase":"ACTIVE","pid":12196,"role":"client","sequence":50,"target":"car","view_age_ms":249.0,"wall_usec":1791528186210000}
S12 {"event":"verdict","phase":"ACTIVE","pid":12196,"role":"client","row":{"accepted":false,"reason":"RELOADING","sequence":48},"wall_usec":1791528186214000}
S12 {"client_hit":false,"event":"shot_sent","phase":"ACTIVE","pid":12196,"role":"client","sequence":51,"target":"pedestrian","view_age_ms":297.0,"wall_usec":1791528186350000}
S12 {"event":"verdict","phase":"ACTIVE","pid":12196,"role":"client","row":{"accepted":false,"reason":"RELOADING","sequence":49},"wall_usec":1791528186399000}
S12 {"event":"rocket","phase":"ACTIVE","pid":12196,"role":"client","row":{"accepted":true,"launch_usec":1791528186225000,"sent_usec":1791528186056000,"sequence":7},"wall_usec":1791528186406000}
S12 {"client_hit":true,"event":"shot_sent","phase":"ACTIVE","pid":12196,"role":"client","sequence":52,"target":"car","view_age_ms":297.0,"wall_usec":1791528186507000}
S12 {"event":"verdict","phase":"ACTIVE","pid":12196,"role":"client","row":{"accepted":false,"reason":"RELOADING","sequence":50},"wall_usec":1791528186555000}
S12 {"client_hit":true,"event":"shot_sent","phase":"ACTIVE","pid":12196,"role":"client","sequence":53,"target":"pedestrian","view_age_ms":200.0,"wall_usec":1791528186663000}
S12 {"event":"verdict","phase":"ACTIVE","pid":12196,"role":"client","row":{"accepted":false,"reason":"RELOADING","sequence":51},"wall_usec":1791528186667000}
S12 {"event":"verdict","phase":"ACTIVE","pid":12196,"role":"client","row":{"accepted":false,"reason":"RELOADING","sequence":52},"wall_usec":1791528186772000}
S12 {"client_hit":true,"event":"shot_sent","phase":"ACTIVE","pid":12196,"role":"client","sequence":54,"target":"car","view_age_ms":296.0,"wall_usec":1791528186803000}
S12 {"event":"verdict","phase":"ACTIVE","pid":12196,"role":"client","row":{"accepted":false,"reason":"RELOADING","sequence":53},"wall_usec":1791528186925000}
S12 {"client_hit":false,"event":"shot_sent","phase":"ACTIVE","pid":12196,"role":"client","sequence":55,"target":"pedestrian","view_age_ms":292.0,"wall_usec":1791528186956000}
S12 {"event":"verdict","phase":"ACTIVE","pid":12196,"role":"client","row":{"accepted":true,"client_hit":true,"current_hit":false,"reason":"OK","rewind_age_ms":247.0,"rewind_clamped":true,"rewind_cpu_usec":14,"rewind_hit":false,"sequence":54,"speed":12.0,"target":"car"},"wall_usec":1791528187110000}
S12 {"client_hit":false,"event":"shot_sent","phase":"ACTIVE","pid":12196,"role":"client","sequence":56,"target":"car","view_age_ms":318.0,"wall_usec":1791528187120000}
S12 {"client_hit":true,"event":"shot_sent","phase":"ACTIVE","pid":12196,"role":"client","sequence":57,"target":"pedestrian","view_age_ms":249.0,"wall_usec":1791528187251000}
S12 {"event":"verdict","phase":"ACTIVE","pid":12196,"role":"client","row":{"accepted":true,"client_hit":false,"current_hit":false,"reason":"OK","rewind_age_ms":246.0,"rewind_clamped":true,"rewind_cpu_usec":11,"rewind_hit":false,"sequence":55,"speed":1.5,"target":"pedestrian"},"wall_usec":1791528187315000}
S12 {"event":"verdict","phase":"ACTIVE","pid":12196,"role":"client","row":{"accepted":false,"reason":"RATE_LIMITED","sequence":56},"wall_usec":1791528187331000}
S12 {"client_hit":true,"event":"shot_sent","phase":"ACTIVE","pid":12196,"role":"client","sequence":58,"target":"car","view_age_ms":296.0,"wall_usec":1791528187409000}
S12 {"event":"verdict","phase":"ACTIVE","pid":12196,"role":"client","row":{"accepted":true,"client_hit":true,"current_hit":true,"reason":"OK","rewind_age_ms":251.0,"rewind_clamped":true,"rewind_cpu_usec":12,"rewind_hit":true,"sequence":57,"speed":1.5,"target":"pedestrian"},"wall_usec":1791528187535000}
S12 {"event":"rocket","phase":"ACTIVE","pid":12196,"role":"client","row":{"accepted":true,"launch_usec":1791528187409000,"sent_usec":1791528187254000,"sequence":8},"wall_usec":1791528187538000}
S12 {"client_hit":true,"event":"shot_sent","phase":"ACTIVE","pid":12196,"role":"client","sequence":59,"target":"pedestrian","view_age_ms":297.0,"wall_usec":1791528187564000}
S12 {"event":"verdict","phase":"ACTIVE","pid":12196,"role":"client","row":{"accepted":true,"client_hit":true,"current_hit":true,"reason":"OK","rewind_age_ms":251.0,"rewind_clamped":true,"rewind_cpu_usec":19,"rewind_hit":false,"sequence":58,"speed":12.0,"target":"car"},"wall_usec":1791528187625000}
S12 {"client_hit":false,"event":"shot_sent","phase":"ACTIVE","pid":12196,"role":"client","sequence":60,"target":"car","view_age_ms":247.0,"wall_usec":1791528187703000}
S12 {"client_hit":false,"event":"shot_sent","phase":"ACTIVE","pid":12196,"role":"client","sequence":61,"target":"pedestrian","view_age_ms":296.0,"wall_usec":1791528187860000}
S12 {"event":"verdict","phase":"ACTIVE","pid":12196,"role":"client","row":{"accepted":true,"client_hit":true,"current_hit":false,"reason":"OK","rewind_age_ms":247.0,"rewind_clamped":true,"rewind_cpu_usec":14,"rewind_hit":false,"sequence":59,"speed":1.5,"target":"pedestrian"},"wall_usec":1791528187862000}
S12 {"client_hit":true,"event":"shot_sent","phase":"ACTIVE","pid":12196,"role":"client","sequence":62,"target":"car","view_age_ms":247.0,"wall_usec":1791528188013000}
S12 {"client_hit":true,"event":"shot_sent","phase":"ACTIVE","pid":12196,"role":"client","sequence":63,"target":"pedestrian","view_age_ms":294.0,"wall_usec":1791528188153000}
S12 {"client_hit":true,"event":"shot_sent","phase":"ACTIVE","pid":12196,"role":"client","sequence":64,"target":"car","view_age_ms":266.0,"wall_usec":1791528188325000}
S12 {"event":"verdict","phase":"ACTIVE","pid":12196,"role":"client","row":{"accepted":true,"client_hit":false,"current_hit":false,"reason":"OK","rewind_age_ms":251.0,"rewind_clamped":true,"rewind_cpu_usec":16,"rewind_hit":false,"sequence":60,"speed":12.0,"target":"car"},"wall_usec":1791528188403000}
S12 {"event":"verdict","phase":"ACTIVE","pid":12196,"role":"client","row":{"accepted":true,"client_hit":false,"current_hit":true,"reason":"OK","rewind_age_ms":246.0,"rewind_clamped":true,"rewind_cpu_usec":12,"rewind_hit":true,"sequence":61,"speed":1.5,"target":"pedestrian"},"wall_usec":1791528188406000}
S12 {"event":"verdict","phase":"ACTIVE","pid":12196,"role":"client","row":{"accepted":true,"client_hit":true,"current_hit":false,"reason":"OK","rewind_age_ms":248.0,"rewind_clamped":true,"rewind_cpu_usec":16,"rewind_hit":false,"sequence":62,"speed":12.0,"target":"car"},"wall_usec":1791528188408000}
S12 {"event":"verdict","phase":"ACTIVE","pid":12196,"role":"client","row":{"accepted":true,"client_hit":true,"current_hit":false,"reason":"OK","rewind_age_ms":249.0,"rewind_clamped":true,"rewind_cpu_usec":10,"rewind_hit":true,"sequence":63,"speed":1.5,"target":"pedestrian"},"wall_usec":1791528188449000}
S12 {"event":"verdict","phase":"ACTIVE","pid":12196,"role":"client","row":{"accepted":true,"client_hit":true,"current_hit":false,"reason":"OK","rewind_age_ms":248.0,"rewind_clamped":true,"rewind_cpu_usec":15,"rewind_hit":false,"sequence":64,"speed":12.0,"target":"car"},"wall_usec":1791528188650000}
S12 {"event":"verdict","phase":"ACTIVE","pid":12196,"role":"client","row":{"accepted":false,"reason":"STALE_SEQUENCE","sequence":64},"wall_usec":1791528188928000}
S12 {"event":"verdict","phase":"ACTIVE","pid":12196,"role":"client","row":{"accepted":false,"reason":"INVALID","sequence":65},"wall_usec":1791528188931000}
S12 {"event":"verdict","phase":"ACTIVE","pid":12196,"role":"client","row":{"accepted":false,"reason":"INVALID","sequence":66},"wall_usec":1791528189005000}
S12 {"details":{"summary":{"attempts":64,"host":{"history_peak_bytes":2988,"history_samples":24,"magazine":20,"rejections":{"INVALID":2,"RATE_LIMITED":11,"RELOADING":13,"STALE_SEQUENCE":1}},"responses":64,"rockets":[{"offset_m":2.772,"sequence":1},{"offset_m":2.898,"sequence":2},{"offset_m":2.988,"sequence":3},{"offset_m":2.718,"sequence":4},{"offset_m":3.726,"sequence":5},{"offset_m":3.114,"sequence":6},{"offset_m":3.042,"sequence":7},{"offset_m":2.79,"sequence":8}],"shots":[{"accepted":true,"client_hit":false,"current_hit":false,"reason":"OK","rewind_age_ms":248.0,"rewind_clamped":true,"rewind_cpu_usec":15,"rewind_hit":false,"sequence":1,"speed":1.5,"target":"pedestrian"},{"accepted":true,"client_hit":true,"current_hit":false,"reason":"OK","rewind_age_ms":255.0,"rewind_clamped":true,"rewind_cpu_usec":14,"rewind_hit":false,"sequence":2,"speed":12.0,"target":"car"},{"accepted":true,"client_hit":true,"current_hit":false,"reason":"OK","rewind_age_ms":256.0,"rewind_clamped":true,"rewind_cpu_usec":10,"rewind_hit":true,"sequence":3,"speed":1.5,"target":"pedestrian"},{"accepted":true,"client_hit":true,"current_hit":true,"reason":"OK","rewind_age_ms":243.0,"rewind_clamped":true,"rewind_cpu_usec":11,"rewind_hit":true,"sequence":4,"speed":12.0,"target":"car"},{"accepted":true,"client_hit":false,"current_hit":true,"reason":"OK","rewind_age_ms":251.0,"rewind_clamped":true,"rewind_cpu_usec":10,"rewind_hit":true,"sequence":5,"speed":1.5,"target":"pedestrian"},{"accepted":true,"client_hit":false,"current_hit":false,"reason":"OK","rewind_age_ms":243.0,"rewind_clamped":true,"rewind_cpu_usec":18,"rewind_hit":true,"sequence":6,"speed":12.0,"target":"car"},{"accepted":true,"client_hit":true,"current_hit":false,"reason":"OK","rewind_age_ms":249.0,"rewind_clamped":true,"rewind_cpu_usec":11,"rewind_hit":false,"sequence":7,"speed":1.5,"target":"pedestrian"},{"accepted":true,"client_hit":true,"current_hit":false,"reason":"OK","rewind_age_ms":257.0,"rewind_clamped":true,"rewind_cpu_usec":12,"rewind_hit":false,"sequence":8,"speed":12.0,"target":"car"},{"accepted":true,"client_hit":true,"current_hit":true,"reason":"OK","rewind_age_ms":251.0,"rewind_clamped":true,"rewind_cpu_usec":18,"rewind_hit":true,"sequence":9,"speed":1.5,"target":"pedestrian"},{"accepted":true,"client_hit":false,"current_hit":false,"reason":"OK","rewind_age_ms":249.0,"rewind_clamped":true,"rewind_cpu_usec":17,"rewind_hit":false,"sequence":10,"speed":12.0,"target":"car"},{"accepted":true,"client_hit":false,"current_hit":false,"reason":"OK","rewind_age_ms":249.0,"rewind_clamped":true,"rewind_cpu_usec":59,"rewind_hit":false,"sequence":11,"speed":1.5,"target":"pedestrian"},{"accepted":true,"client_hit":true,"current_hit":false,"reason":"OK","rewind_age_ms":248.0,"rewind_clamped":true,"rewind_cpu_usec":13,"rewind_hit":true,"sequence":12,"speed":12.0,"target":"car"},{"accepted":true,"client_hit":true,"current_hit":false,"reason":"OK","rewind_age_ms":249.0,"rewind_clamped":true,"rewind_cpu_usec":18,"rewind_hit":true,"sequence":13,"speed":1.5,"target":"pedestrian"},{"accepted":true,"client_hit":true,"current_hit":false,"reason":"OK","rewind_age_ms":264.0,"rewind_clamped":true,"rewind_cpu_usec":13,"rewind_hit":true,"sequence":14,"speed":12.0,"target":"car"},{"accepted":true,"client_hit":false,"current_hit":false,"reason":"OK","rewind_age_ms":244.0,"rewind_clamped":true,"rewind_cpu_usec":21,"rewind_hit":false,"sequence":16,"speed":12.0,"target":"car"},{"accepted":true,"client_hit":true,"current_hit":false,"reason":"OK","rewind_age_ms":246.0,"rewind_clamped":true,"rewind_cpu_usec":16,"rewind_hit":false,"sequence":18,"speed":12.0,"target":"car"},{"accepted":true,"client_hit":true,"current_hit":false,"reason":"OK","rewind_age_ms":249.0,"rewind_clamped":true,"rewind_cpu_usec":11,"rewind_hit":true,"sequence":19,"speed":1.5,"target":"pedestrian"},{"accepted":true,"client_hit":false,"current_hit":false,"reason":"OK","rewind_age_ms":248.0,"rewind_clamped":true,"rewind_cpu_usec":10,"rewind_hit":false,"sequence":20,"speed":12.0,"target":"car"},{"accepted":true,"client_hit":false,"current_hit":false,"reason":"OK","rewind_age_ms":248.0,"rewind_clamped":true,"rewind_cpu_usec":11,"rewind_hit":false,"sequence":21,"speed":1.5,"target":"pedestrian"},{"accepted":true,"client_hit":true,"current_hit":true,"reason":"OK","rewind_age_ms":248.0,"rewind_clamped":true,"rewind_cpu_usec":13,"rewind_hit":false,"sequence":22,"speed":12.0,"target":"car"},{"accepted":true,"client_hit":true,"current_hit":false,"reason":"OK","rewind_age_ms":260.0,"rewind_clamped":true,"rewind_cpu_usec":10,"rewind_hit":false,"sequence":24,"speed":12.0,"target":"car"},{"accepted":true,"client_hit":false,"current_hit":true,"reason":"OK","rewind_age_ms":245.0,"rewind_clamped":true,"rewind_cpu_usec":14,"rewind_hit":true,"sequence":25,"speed":1.5,"target":"pedestrian"},{"accepted":true,"client_hit":false,"current_hit":false,"reason":"OK","rewind_age_ms":248.0,"rewind_clamped":true,"rewind_cpu_usec":15,"rewind_hit":true,"sequence":26,"speed":12.0,"target":"car"},{"accepted":true,"client_hit":true,"current_hit":false,"reason":"OK","rewind_age_ms":247.0,"rewind_clamped":true,"rewind_cpu_usec":13,"rewind_hit":false,"sequence":27,"speed":1.5,"target":"pedestrian"},{"accepted":true,"client_hit":true,"current_hit":false,"reason":"OK","rewind_age_ms":253.0,"rewind_clamped":true,"rewind_cpu_usec":25,"rewind_hit":false,"sequence":28,"speed":12.0,"target":"car"},{"accepted":true,"client_hit":true,"current_hit":true,"reason":"OK","rewind_age_ms":251.0,"rewind_clamped":true,"rewind_cpu_usec":11,"rewind_hit":true,"sequence":29,"speed":1.5,"target":"pedestrian"},{"accepted":true,"client_hit":false,"current_hit":true,"reason":"OK","rewind_age_ms":248.0,"rewind_clamped":true,"rewind_cpu_usec":11,"rewind_hit":false,"sequence":30,"speed":12.0,"target":"car"},{"accepted":true,"client_hit":true,"current_hit":false,"reason":"OK","rewind_age_ms":247.0,"rewind_clamped":true,"rewind_cpu_usec":15,"rewind_hit":false,"sequence":34,"speed":12.0,"target":"car"},{"accepted":true,"client_hit":true,"current_hit":true,"reason":"OK","rewind_age_ms":255.0,"rewind_clamped":true,"rewind_cpu_usec":15,"rewind_hit":true,"sequence":39,"speed":1.5,"target":"pedestrian"},{"accepted":true,"client_hit":false,"current_hit":false,"reason":"OK","rewind_age_ms":253.0,"rewind_clamped":true,"rewind_cpu_usec":11,"rewind_hit":true,"sequence":40,"speed":12.0,"target":"car"},{"accepted":true,"client_hit":true,"current_hit":false,"reason":"OK","rewind_age_ms":247.0,"rewind_clamped":true,"rewind_cpu_usec":14,"rewind_hit":false,"sequence":54,"speed":12.0,"target":"car"},{"accepted":true,"client_hit":false,"current_hit":false,"reason":"OK","rewind_age_ms":246.0,"rewind_clamped":true,"rewind_cpu_usec":11,"rewind_hit":false,"sequence":55,"speed":1.5,"target":"pedestrian"},{"accepted":true,"client_hit":true,"current_hit":true,"reason":"OK","rewind_age_ms":251.0,"rewind_clamped":true,"rewind_cpu_usec":12,"rewind_hit":true,"sequence":57,"speed":1.5,"target":"pedestrian"},{"accepted":true,"client_hit":true,"current_hit":true,"reason":"OK","rewind_age_ms":251.0,"rewind_clamped":true,"rewind_cpu_usec":19,"rewind_hit":false,"sequence":58,"speed":12.0,"target":"car"},{"accepted":true,"client_hit":true,"current_hit":false,"reason":"OK","rewind_age_ms":247.0,"rewind_clamped":true,"rewind_cpu_usec":14,"rewind_hit":false,"sequence":59,"speed":1.5,"target":"pedestrian"},{"accepted":true,"client_hit":false,"current_hit":false,"reason":"OK","rewind_age_ms":251.0,"rewind_clamped":true,"rewind_cpu_usec":16,"rewind_hit":false,"sequence":60,"speed":12.0,"target":"car"},{"accepted":true,"client_hit":false,"current_hit":true,"reason":"OK","rewind_age_ms":246.0,"rewind_clamped":true,"rewind_cpu_usec":12,"rewind_hit":true,"sequence":61,"speed":1.5,"target":"pedestrian"},{"accepted":true,"client_hit":true,"current_hit":false,"reason":"OK","rewind_age_ms":248.0,"rewind_clamped":true,"rewind_cpu_usec":16,"rewind_hit":false,"sequence":62,"speed":12.0,"target":"car"},{"accepted":true,"client_hit":true,"current_hit":false,"reason":"OK","rewind_age_ms":249.0,"rewind_clamped":true,"rewind_cpu_usec":10,"rewind_hit":true,"sequence":63,"speed":1.5,"target":"pedestrian"},{"accepted":true,"client_hit":true,"current_hit":false,"reason":"OK","rewind_age_ms":248.0,"rewind_clamped":true,"rewind_cpu_usec":15,"rewind_hit":false,"sequence":64,"speed":12.0,"target":"car"}]}},"event":"result","ok":true,"phase":"ACTIVE","pid":12196,"role":"client","wall_usec":1791528189624000}
