{
  "roundtrip_paths": [
    {
      "path": "scenes/prefabs/environment/city_planting_04_compact.tscn",
      "bytes": 902,
      "before_sha256": "275b1540296b20ac24bafabe90991876c112c2acaab90582f44471b8ca2ba5be",
      "after_sha256": "275b1540296b20ac24bafabe90991876c112c2acaab90582f44471b8ca2ba5be",
      "candidate_byte_identical": true
    },
    {
      "path": "scenes/prefabs/environment/city_planting_04_broad.tscn",
      "bytes": 895,
      "before_sha256": "1cc8641dcddab140b8551f591c9b6ea213bafa766af9a3d25736a04b1e2a7f2e",
      "after_sha256": "1cc8641dcddab140b8551f591c9b6ea213bafa766af9a3d25736a04b1e2a7f2e",
      "candidate_byte_identical": true
    },
    {
      "path": "tests/fixtures/asset_production/batch_02_camera.tscn",
      "bytes": 5345,
      "before_sha256": "065a744a0c2b405b73a8733a77a5f6970a95f4b75fe3457c195a6e77f4e84ce1",
      "after_sha256": "065a744a0c2b405b73a8733a77a5f6970a95f4b75fe3457c195a6e77f4e84ce1",
      "candidate_byte_identical": true
    }
  ],
  "final_context": {
    "engine": "4.8-dev7 (official)",
    "open": "PackedStringArray(\"res://scenes/boot/boot.tscn\", \"res://tools/asset_production/integration/inspector.tscn\", \"res://tests/fixtures/asset_production/lights_camera.tscn\", \"res://scenes/prefabs/environment/city_lights_01.tscn\", \"res://scenes/prefabs/environment/city_lights_01_cool.tscn\", \"res://scenes/prefabs/environment/city_lights_02.tscn\", \"res://scenes/prefabs/environment/city_lights_02_cool.tscn\", \"res://scenes/prefabs/environment/city_lights_04.tscn\", \"res://scenes/prefabs/environment/city_lights_04_cool.tscn\", \"res://scenes/prefabs/environment/city_sign_supports_01.tscn\", \"res://scenes/prefabs/environment/city_planting_01.tscn\", \"res://scenes/prefabs/environment/city_planting_02.tscn\", \"res://tests/fixtures/asset_production/batch_01_camera.tscn\", \"res://tests/fixtures/asset_production/batch_01_close.tscn\", \"res://tests/fixtures/asset_production/batch_01_repeat.tscn\", \"res://scenes/prefabs/environment/city_planting_03.tscn\", \"res://scenes/prefabs/environment/city_planting_05_short_tuft.tscn\", \"res://scenes/prefabs/environment/city_planting_05_spreading_clump.tscn\", \"res://scenes/prefabs/environment/city_roof_details_01.tscn\", \"res://scenes/prefabs/environment/city_roof_details_02.tscn\", \"res://scenes/prefabs/environment/city_shop_fittings_01.tscn\", \"res://tests/fixtures/asset_production/batch_02_close.tscn\", \"res://tests/fixtures/asset_production/batch_02_roof.tscn\", \"res://tests/fixtures/asset_production/batch_02_repeat.tscn\", \"res://tests/fixtures/asset_production/batch_02_trunks.tscn\", \"res://scenes/prefabs/environment/city_planting_04_compact.tscn\", \"res://scenes/prefabs/environment/city_planting_04_broad.tscn\", \"res://tests/fixtures/asset_production/batch_02_camera.tscn\")",
    "pid": 195352,
    "project": "/home/regner/.paseo/worktrees/0u71f39f/asset-register-production/",
    "unsaved": "PackedStringArray()"
  },
  "runtime_stopped": true,
  "final_selected_scene": "res://tools/asset_production/integration/inspector.tscn",
  "saved_diffs": [],
  "lease": "released"
}
