Godot Engine v4.8.dev7.official.c971f93e7 - https://godotengine.org
D3D12 12_0 - Forward+ - Using Device #0: NVIDIA - NVIDIA GeForce RTX 4070 Laptop GPU

S02_FOCUS {"command":{"fire":false,"move":0.0,"turn":0.0},"focused":true,"mode":0,"native_focus":true,"position":"(0.0, 0.001, 6.0)","shots":0,"time":0.15,"visible":true}
S02_FOCUS {"command":{"fire":false,"move":0.0,"turn":0.0},"focused":true,"mode":0,"native_focus":true,"position":"(0.0, 0.001, 6.0)","shots":0,"time":0.267713666666667,"visible":true}
S02_FOCUS {"command":{"fire":false,"move":0.0,"turn":0.0},"focused":true,"mode":0,"native_focus":true,"position":"(0.0, 0.001, 6.0)","shots":0,"time":0.372623333333333,"visible":true}
S02_FOCUS {"command":{"fire":false,"move":0.0,"turn":0.0},"focused":true,"mode":0,"native_focus":true,"position":"(0.0, 0.001, 6.0)","shots":0,"time":0.480327,"visible":true}
S02_FOCUS {"command":{"fire":false,"move":0.0,"turn":0.0},"focused":true,"mode":0,"native_focus":true,"position":"(0.0, 0.001, 6.0)","shots":0,"time":0.588660333333333,"visible":true}
S02_FOCUS {"command":{"fire":false,"move":0.0,"turn":0.0},"focused":true,"mode":0,"native_focus":true,"position":"(0.0, 0.001, 6.0)","shots":0,"time":0.689060666666666,"visible":true}
S02_FOCUS {"command":{"fire":false,"move":0.0,"turn":0.0},"focused":true,"mode":0,"native_focus":true,"position":"(0.0, 0.001, 6.0)","shots":0,"time":0.797393999999999,"visible":true}
S02_FOCUS {"command":{"fire":false,"move":0.0,"turn":0.0},"focused":true,"mode":0,"native_focus":true,"position":"(0.0, 0.001, 6.0)","shots":0,"time":0.905727333333332,"visible":true}
S02_FOCUS {"command":{"fire":true,"move":1.0,"turn":0.0},"focused":true,"mode":0,"native_focus":true,"position":"(0.0, 0.001, 6.0)","shots":0,"time":1.01406066666666,"visible":true}
S02_FOCUS {"command":{"fire":true,"move":1.0,"turn":0.0},"focused":true,"mode":0,"native_focus":true,"position":"(0.0, 0.001, 5.416666)","shots":1,"time":1.11666666666666,"visible":true}
S02_FOCUS {"command":{"fire":true,"move":1.0,"turn":0.0},"focused":true,"mode":0,"native_focus":true,"position":"(0.0, 0.001, 4.916665)","shots":1,"time":1.22142066666666,"visible":true}
S02_FOCUS {"command":{"fire":true,"move":1.0,"turn":0.0},"focused":true,"mode":0,"native_focus":true,"position":"(0.0, 0.001, 4.416664)","shots":2,"time":1.32965266666666,"visible":true}
S02_FOCUS {"command":{"fire":true,"move":1.0,"turn":0.0},"focused":true,"mode":0,"native_focus":true,"position":"(0.0, 0.001, 3.83333)","shots":2,"time":1.43794,"visible":true}
S02_FOCUS {"command":{"fire":true,"move":1.0,"turn":0.0},"focused":true,"mode":1,"native_focus":true,"position":"(0.0, 0.001, 3.33333)","shots":2,"time":1.54227266666666,"visible":true}
S02_FOCUS {"command":{"fire":true,"move":1.0,"turn":0.0},"focused":true,"mode":1,"native_focus":true,"position":"(0.0, 0.001, 2.833331)","shots":3,"time":1.646219,"visible":true}
S02_FOCUS {"command":{"fire":true,"move":1.0,"turn":0.0},"focused":true,"mode":1,"native_focus":true,"position":"(0.0, 0.001, 2.249998)","shots":3,"time":1.75455233333333,"visible":true}
S02_FOCUS {"command":{"fire":true,"move":1.0,"turn":0.0},"focused":true,"mode":1,"native_focus":true,"position":"(0.0, 0.001, 1.749998)","shots":4,"time":1.862834,"visible":true}
S02_FOCUS {"command":{"fire":true,"move":1.0,"turn":0.0},"focused":true,"mode":1,"native_focus":true,"position":"(0.0, 0.001, 1.166664)","shots":4,"time":1.97116066666666,"visible":true}
S02_FOCUS {"command":{"fire":true,"move":1.0,"turn":0.0},"focused":true,"mode":1,"native_focus":true,"position":"(0.0, 0.001, 0.666665)","shots":4,"time":2.07120666666666,"visible":true}
S02_FOCUS {"command":{"fire":true,"move":1.0,"turn":0.0},"focused":true,"mode":1,"native_focus":true,"position":"(0.0, 0.001, 0.166665)","shots":5,"time":2.17121212121212,"visible":true}
S02_FOCUS {"command":{"fire":true,"move":1.0,"turn":0.0},"focused":true,"mode":1,"native_focus":true,"position":"(0.0, 0.001, -0.333336)","shots":5,"time":2.27954545454545,"visible":true}
S02_FOCUS {"command":{"fire":true,"move":1.0,"turn":0.0},"focused":true,"mode":1,"native_focus":true,"position":"(0.0, 0.001, -0.916669)","shots":6,"time":2.38787878787878,"visible":true}
S02_FOCUS {"command":{"fire":true,"move":1.0,"turn":0.0},"focused":true,"mode":1,"native_focus":true,"position":"(0.0, 0.001, -1.416669)","shots":6,"time":2.49621212121212,"visible":true}
S02_FOCUS {"command":{"fire":true,"move":1.0,"turn":0.0},"focused":true,"mode":1,"native_focus":true,"position":"(0.0, 0.001, -2.000003)","shots":6,"time":2.60454545454545,"visible":true}
S02_FOCUS {"command":{"fire":true,"move":1.0,"turn":0.0},"focused":true,"mode":1,"native_focus":true,"position":"(0.0, 0.001, -2.500002)","shots":7,"time":2.71287299999999,"visible":true}
S02_FOCUS {"command":{"fire":true,"move":1.0,"turn":0.0},"focused":true,"mode":1,"native_focus":true,"position":"(0.0, 0.001, -3.083335)","shots":7,"time":2.82120633333333,"visible":true}
S02_FOCUS {"command":{"fire":true,"move":1.0,"turn":0.0},"focused":true,"mode":1,"native_focus":true,"position":"(0.0, 0.001, -3.583334)","shots":8,"time":2.92953966666666,"visible":true}
S02_FOCUS {"command":{"fire":false,"move":0.0,"turn":0.0},"focused":true,"mode":0,"native_focus":true,"position":"(0.0, 0.001, -4.000001)","shots":8,"time":3.04616133333333,"visible":true}
S02_FOCUS {"command":{"fire":false,"move":0.0,"turn":0.0},"focused":true,"mode":0,"native_focus":true,"position":"(0.0, 0.001, -4.000001)","shots":8,"time":3.15440133333333,"visible":true}
S02_FOCUS {"command":{"fire":false,"move":0.0,"turn":0.0},"focused":true,"mode":0,"native_focus":true,"position":"(0.0, 0.001, -4.000001)","shots":8,"time":3.25484333333333,"visible":true}
S02_FOCUS {"command":{"fire":false,"move":0.0,"turn":0.0},"focused":true,"mode":0,"native_focus":true,"position":"(0.0, 0.001, -4.000001)","shots":8,"time":3.36275199999999,"visible":true}
S02_FOCUS {"command":{"fire":false,"move":0.0,"turn":0.0},"focused":true,"mode":0,"native_focus":true,"position":"(0.0, 0.001, -4.000001)","shots":8,"time":3.47108533333333,"visible":true}
S02_FOCUS {"command":{"fire":false,"move":0.0,"turn":0.0},"focused":true,"mode":0,"native_focus":true,"position":"(0.0, 0.001, -4.000001)","shots":8,"time":3.57939933333333,"visible":true}
S02_FOCUS {"command":{"fire":true,"move":0.0,"turn":0.0},"focused":true,"mode":0,"native_focus":true,"position":"(0.0, 0.001, -4.000001)","shots":9,"time":3.68767733333333,"visible":true}
S02_FOCUS {"command":{"fire":false,"move":0.0,"turn":0.0},"focused":true,"mode":0,"native_focus":true,"position":"(0.0, 0.001, -4.000001)","shots":9,"time":3.79601066666666,"visible":true}
S02_FOCUS {"command":{"fire":false,"move":0.0,"turn":0.0},"focused":true,"mode":0,"native_focus":true,"position":"(0.0, 0.001, -4.000001)","shots":9,"time":3.90434399999999,"visible":true}
S02_FOCUS {"command":{"fire":false,"move":0.0,"turn":0.0},"focused":true,"mode":0,"native_focus":true,"position":"(0.0, 0.001, -4.000001)","shots":9,"time":4.01263866666666,"visible":true}
S02_FOCUS {"command":{"fire":false,"move":0.0,"turn":0.0},"focused":true,"mode":0,"native_focus":true,"position":"(0.0, 0.001, -4.000001)","shots":9,"time":4.120972,"visible":true}
S02_FOCUS {"command":{"fire":false,"move":0.0,"turn":0.0},"focused":true,"mode":0,"native_focus":true,"position":"(0.0, 0.001, -4.000001)","shots":9,"time":4.22930533333334,"visible":true}
S02_FOCUS {"command":{"fire":false,"move":0.0,"turn":0.0},"focused":true,"mode":0,"native_focus":true,"position":"(0.0, 0.001, -4.000001)","shots":9,"time":4.33763866666667,"visible":true}
S02_FOCUS {"command":{"fire":false,"move":0.0,"turn":0.0},"focused":true,"mode":0,"native_focus":true,"position":"(0.0, 0.001, -4.000001)","shots":9,"time":4.44593400000001,"visible":true}
S02_FOCUS {"command":{"fire":false,"move":0.0,"turn":0.0},"focused":true,"mode":0,"native_focus":true,"position":"(0.0, 0.001, -4.000001)","shots":9,"time":4.55426733333335,"visible":true}
S02_FOCUS {"command":{"fire":false,"move":0.0,"turn":0.0},"focused":false,"mode":0,"native_focus":true,"position":"(0.0, 0.001, -4.000001)","shots":9,"time":4.65632042424245,"visible":true}
S02_FOCUS {"command":{"fire":false,"move":0.0,"turn":0.0},"focused":false,"mode":0,"native_focus":false,"position":"(0.0, 0.001, -4.000001)","shots":9,"time":4.76259633333336,"visible":true}
S02_FOCUS {"command":{"fire":false,"move":0.0,"turn":0.0},"focused":false,"mode":0,"native_focus":false,"position":"(0.0, 0.001, -4.000001)","shots":9,"time":4.8709296666667,"visible":true}
S02_FOCUS {"command":{"fire":false,"move":0.0,"turn":0.0},"focused":false,"mode":0,"native_focus":false,"position":"(0.0, 0.001, -4.000001)","shots":9,"time":4.97926300000004,"visible":true}
S02_FOCUS {"command":{"fire":false,"move":0.0,"turn":0.0},"focused":false,"mode":0,"native_focus":false,"position":"(0.0, 0.001, -4.000001)","shots":9,"time":5.08748200000004,"visible":true}
S02_FOCUS {"command":{"fire":false,"move":0.0,"turn":0.0},"focused":false,"mode":0,"native_focus":false,"position":"(0.0, 0.001, -4.000001)","shots":9,"time":5.19581533333338,"visible":true}
S02_FOCUS {"command":{"fire":false,"move":0.0,"turn":0.0},"focused":false,"mode":0,"native_focus":false,"position":"(0.0, 0.001, -4.000001)","shots":9,"time":5.30414866666672,"visible":true}
S02_FOCUS {"command":{"fire":false,"move":0.0,"turn":0.0},"focused":false,"mode":0,"native_focus":false,"position":"(0.0, 0.001, -4.000001)","shots":9,"time":5.41248200000006,"visible":true}
S02_FOCUS {"command":{"fire":false,"move":0.0,"turn":0.0},"focused":false,"mode":0,"native_focus":false,"position":"(0.0, 0.001, -4.000001)","shots":9,"time":5.5208153333334,"visible":true}
S02_FOCUS {"command":{"fire":false,"move":0.0,"turn":0.0},"focused":false,"mode":0,"native_focus":false,"position":"(0.0, 0.001, -4.000001)","shots":9,"time":5.62914866666674,"visible":true}
S02_FOCUS {"command":{"fire":false,"move":0.0,"turn":0.0},"focused":false,"mode":0,"native_focus":false,"position":"(0.0, 0.001, -4.000001)","shots":9,"time":5.73748200000008,"visible":true}
S02_FOCUS {"command":{"fire":false,"move":0.0,"turn":0.0},"focused":false,"mode":0,"native_focus":false,"position":"(0.0, 0.001, -4.000001)","shots":9,"time":5.84581533333341,"visible":true}
S02_FOCUS {"command":{"fire":false,"move":0.0,"turn":0.0},"focused":false,"mode":0,"native_focus":false,"position":"(0.0, 0.001, -4.000001)","shots":9,"time":5.95414866666675,"visible":true}
S02_FOCUS {"command":{"fire":false,"move":0.0,"turn":0.0},"focused":false,"mode":0,"native_focus":false,"position":"(0.0, 0.001, -4.000001)","shots":9,"time":6.06248200000009,"visible":true}
S02_FOCUS {"command":{"fire":false,"move":0.0,"turn":0.0},"focused":false,"mode":0,"native_focus":false,"position":"(0.0, 0.001, -4.000001)","shots":9,"time":6.17081533333343,"visible":true}
S02_FOCUS {"command":{"fire":false,"move":0.0,"turn":0.0},"focused":false,"mode":0,"native_focus":false,"position":"(0.0, 0.001, -4.000001)","shots":9,"time":6.28363533333343,"visible":true}
S02_FOCUS {"command":{"fire":false,"move":0.0,"turn":0.0},"focused":false,"mode":0,"native_focus":false,"position":"(0.0, 0.001, -4.000001)","shots":9,"time":6.38439290909102,"visible":true}
S02_FOCUS {"command":{"fire":false,"move":0.0,"turn":0.0},"focused":false,"mode":0,"native_focus":false,"position":"(0.0, 0.001, -4.000001)","shots":9,"time":6.49272624242435,"visible":true}
S02_FOCUS {"command":{"fire":false,"move":0.0,"turn":0.0},"focused":false,"mode":0,"native_focus":false,"position":"(0.0, 0.001, -4.000001)","shots":9,"time":6.60105957575769,"visible":true}
S02_FOCUS {"command":{"fire":false,"move":0.0,"turn":0.0},"focused":false,"mode":0,"native_focus":false,"position":"(0.0, 0.001, -4.000001)","shots":9,"time":6.70939290909103,"visible":true}
S02_FOCUS {"command":{"fire":false,"move":0.0,"turn":0.0},"focused":false,"mode":0,"native_focus":false,"position":"(0.0, 0.001, -4.000001)","shots":9,"time":6.81772624242437,"visible":true}
S02_FOCUS {"command":{"fire":false,"move":0.0,"turn":0.0},"focused":false,"mode":0,"native_focus":false,"position":"(0.0, 0.001, -4.000001)","shots":9,"time":6.92605957575771,"visible":true}
S02_FOCUS_RESULT {"failures":["OS minimize did not deliver focus loss"],"os_focus_loss":false}
