interface: 'wl_compositor',                              version:  6, name:  1
interface: 'zwp_tablet_manager_v2',                      version:  2, name:  3
interface: 'zwp_keyboard_shortcuts_inhibit_manager_v1',  version:  1, name:  4
interface: 'xdg_session_manager_v1',                     version:  1, name:  5
interface: 'zxdg_decoration_manager_v1',                 version:  2, name:  6
interface: 'wp_viewporter',                              version:  1, name:  7
interface: 'wp_security_context_manager_v1',             version:  1, name:  8
interface: 'wp_fractional_scale_manager_v1',             version:  1, name:  9
interface: 'wl_shm',                                     version:  2, name: 10
	formats (fourcc):
	0x34324752 = 'RG24'
	0x34324742 = 'BG24'
	0x38344258 = 'XB48'
	0x38344241 = 'AB48'
	0x30334258 = 'XB30'
	0x30334241 = 'AB30'
	0x30335258 = 'XR30'
	0x30335241 = 'AR30'
	0x56555958 = 'XYUV'
	         1 = 'XR24'
	         0 = 'AR24'
interface: 'wl_seat',                                    version: 10, name: 11
	name: seat0
	capabilities: pointer keyboard
	keyboard repeat rate: 25
	keyboard repeat delay: 600
interface: 'zwp_pointer_gestures_v1',                    version:  3, name: 12
interface: 'zwp_pointer_constraints_v1',                 version:  1, name: 13
interface: 'zwp_relative_pointer_manager_v1',            version:  1, name: 14
interface: 'wl_data_device_manager',                     version:  3, name: 15
interface: 'ext_data_control_manager_v1',                version:  1, name: 16
interface: 'wp_cursor_shape_manager_v1',                 version:  2, name: 17
interface: 'zwp_primary_selection_device_manager_v1',    version:  1, name: 18
interface: 'org_kde_kwin_idle',                          version:  1, name: 19
interface: 'zwp_idle_inhibit_manager_v1',                version:  1, name: 20
interface: 'ext_idle_notifier_v1',                       version:  2, name: 21
interface: 'org_kde_plasma_shell',                       version:  8, name: 22
interface: 'org_kde_kwin_appmenu_manager',               version:  2, name: 23
interface: 'org_kde_kwin_server_decoration_palette_manager', version:  1, name: 24
interface: 'org_kde_plasma_virtual_desktop_management',  version:  4, name: 26
interface: 'org_kde_kwin_shadow_manager',                version:  2, name: 28
interface: 'org_kde_kwin_dpms_manager',                  version:  1, name: 29
interface: 'org_kde_kwin_server_decoration_manager',     version:  1, name: 30
interface: 'kde_output_management_v2',                   version: 21, name: 31
interface: 'kde_output_device_registry_v2',              version: 23, name: 32
interface: 'zxdg_output_manager_v1',                     version:  3, name: 33
	xdg_output_v1
		output: 66
		name: 'DP-2'
		description: 'Ancor Communications Inc ASUS PB287Q'
		logical_x: 0, logical_y: 0
		logical_width: 2327, logical_height: 1309
interface: 'wl_subcompositor',                           version:  1, name: 34
interface: 'zxdg_exporter_v2',                           version:  1, name: 35
interface: 'zxdg_importer_v2',                           version:  1, name: 36
interface: 'zwp_input_method_v1',                        version:  1, name: 37
interface: 'xdg_activation_v1',                          version:  1, name: 39
interface: 'wp_content_type_manager_v1',                 version:  1, name: 41
interface: 'wp_tearing_control_manager_v1',              version:  1, name: 42
interface: 'xdg_toplevel_drag_manager_v1',               version:  1, name: 43
interface: 'xdg_toplevel_icon_manager_v1',               version:  1, name: 44
interface: 'kde_screen_edge_manager_v1',                 version:  1, name: 45
interface: 'frog_color_management_factory_v1',           version:  1, name: 46
interface: 'wp_presentation',                            version:  2, name: 47
	presentation clock id: 1 (CLOCK_MONOTONIC)
interface: 'wp_color_manager_v1',                        version:  2, name: 48
	supported rendering intents:
		perceptual
		relative
		absolute
		relative_bpc
	supported features:
		parametric
		extended_target_volume
		set_mastering_display_primaries
		set_primaries
		set_luminances
		windows_scrgb
	supported named transfer functions:
		gamma22
		st2084_pq
		ext_linear
		bt1886
	supported named primaries:
		srgb
		pal_m
		pal
		ntsc
		generic_film
		bt2020
		cie1931_xyz
		dci_p3
		display_p3
		adobe_rgb
	output: 66
		image description id: 11190
		primaries (xy):
			 red: 0.640000 0.330000 green: 0.300000 0.600000
			blue: 0.150000 0.060000 white: 0.312700 0.329000
		primaries_named: srgb
		tf_named: gamma22
		luminances (cd/m²): min 0.0100 max 200 reference 200
		target primaries (xy):
			 red: 0.640000 0.330000 green: 0.300000 0.600000
			blue: 0.150000 0.060000 white: 0.312700 0.329000
		target_luminances (cd/m²): min 0.0100 max 200
		max_cll (cd/m²): 200
		max_fall (cd/m²): 200
interface: 'xdg_wm_dialog_v1',                           version:  1, name: 49
interface: 'kde_external_brightness_v1',                 version:  3, name: 50
interface: 'wp_alpha_modifier_v1',                       version:  1, name: 51
interface: 'wl_fixes',                                   version:  1, name: 52
interface: 'wp_fifo_manager_v1',                         version:  1, name: 53
interface: 'wp_single_pixel_buffer_manager_v1',          version:  1, name: 54
interface: 'xdg_toplevel_tag_manager_v1',                version:  1, name: 55
interface: 'wp_color_representation_manager_v1',         version:  1, name: 56
	supported alpha modes:
		premultiplied alpha in electrical values
	supported matrix coefficients and ranges:
		identity, full range
		bt601, limited range
		bt601, full range
		bt709, limited range
		bt709, full range
		bt2020, limited range
		bt2020, full range
interface: 'wp_pointer_warp_v1',                         version:  1, name: 57
interface: 'ext_background_effect_manager_v1',           version:  1, name: 58
interface: 'zwp_linux_dmabuf_v1',                        version:  5, name: 60
	main device: 0xE280 (/dev/dri/card1 or /dev/dri/renderD128)
	tranche
		target device: 0xE280 (/dev/dri/card1 or /dev/dri/renderD128)
		flags: none
		formats (fourcc) and modifiers (names):
		0x35315842 = 'BX15'; 0x03000000004fe010 = NVIDIA_BLOCK_LINEAR_2D,HEIGHT=0,KIND=254,GEN=0,SECTOR=1,COMPRESSION=0
		0x35315842 = 'BX15'; 0x03000000004fe011 = NVIDIA_BLOCK_LINEAR_2D,HEIGHT=1,KIND=254,GEN=0,SECTOR=1,COMPRESSION=0
		0x35315842 = 'BX15'; 0x03000000004fe012 = NVIDIA_BLOCK_LINEAR_2D,HEIGHT=2,KIND=254,GEN=0,SECTOR=1,COMPRESSION=0
		0x35315842 = 'BX15'; 0x03000000004fe013 = NVIDIA_BLOCK_LINEAR_2D,HEIGHT=3,KIND=254,GEN=0,SECTOR=1,COMPRESSION=0
		0x35315842 = 'BX15'; 0x03000000004fe014 = NVIDIA_BLOCK_LINEAR_2D,HEIGHT=4,KIND=254,GEN=0,SECTOR=1,COMPRESSION=0
		0x35315842 = 'BX15'; 0x03000000004fe015 = NVIDIA_BLOCK_LINEAR_2D,HEIGHT=5,KIND=254,GEN=0,SECTOR=1,COMPRESSION=0
		0x35315842 = 'BX15'; 0x00ffffffffffffff = INVALID
		0x35314241 = 'AB15'; 0x03000000004fe010 = NVIDIA_BLOCK_LINEAR_2D,HEIGHT=0,KIND=254,GEN=0,SECTOR=1,COMPRESSION=0
		0x35314241 = 'AB15'; 0x03000000004fe011 = NVIDIA_BLOCK_LINEAR_2D,HEIGHT=1,KIND=254,GEN=0,SECTOR=1,COMPRESSION=0
		0x35314241 = 'AB15'; 0x03000000004fe012 = NVIDIA_BLOCK_LINEAR_2D,HEIGHT=2,KIND=254,GEN=0,SECTOR=1,COMPRESSION=0
		0x35314241 = 'AB15'; 0x03000000004fe013 = NVIDIA_BLOCK_LINEAR_2D,HEIGHT=3,KIND=254,GEN=0,SECTOR=1,COMPRESSION=0
		0x35314241 = 'AB15'; 0x03000000004fe014 = NVIDIA_BLOCK_LINEAR_2D,HEIGHT=4,KIND=254,GEN=0,SECTOR=1,COMPRESSION=0
		0x35314241 = 'AB15'; 0x03000000004fe015 = NVIDIA_BLOCK_LINEAR_2D,HEIGHT=5,KIND=254,GEN=0,SECTOR=1,COMPRESSION=0
		0x35314241 = 'AB15'; 0x00ffffffffffffff = INVALID
		0x48344258 = 'XB4H'; 0x03000000004fe010 = NVIDIA_BLOCK_LINEAR_2D,HEIGHT=0,KIND=254,GEN=0,SECTOR=1,COMPRESSION=0
		0x48344258 = 'XB4H'; 0x03000000004fe011 = NVIDIA_BLOCK_LINEAR_2D,HEIGHT=1,KIND=254,GEN=0,SECTOR=1,COMPRESSION=0
		0x48344258 = 'XB4H'; 0x03000000004fe012 = NVIDIA_BLOCK_LINEAR_2D,HEIGHT=2,KIND=254,GEN=0,SECTOR=1,COMPRESSION=0
		0x48344258 = 'XB4H'; 0x03000000004fe013 = NVIDIA_BLOCK_LINEAR_2D,HEIGHT=3,KIND=254,GEN=0,SECTOR=1,COMPRESSION=0
		0x48344258 = 'XB4H'; 0x03000000004fe014 = NVIDIA_BLOCK_LINEAR_2D,HEIGHT=4,KIND=254,GEN=0,SECTOR=1,COMPRESSION=0
		0x48344258 = 'XB4H'; 0x03000000004fe015 = NVIDIA_BLOCK_LINEAR_2D,HEIGHT=5,KIND=254,GEN=0,SECTOR=1,COMPRESSION=0
		0x48344258 = 'XB4H'; 0x00ffffffffffffff = INVALID
		0x38424752 = 'RGB8'; 0x03000000004fe010 = NVIDIA_BLOCK_LINEAR_2D,HEIGHT=0,KIND=254,GEN=0,SECTOR=1,COMPRESSION=0
		0x38424752 = 'RGB8'; 0x03000000004fe011 = NVIDIA_BLOCK_LINEAR_2D,HEIGHT=1,KIND=254,GEN=0,SECTOR=1,COMPRESSION=0
		0x38424752 = 'RGB8'; 0x03000000004fe012 = NVIDIA_BLOCK_LINEAR_2D,HEIGHT=2,KIND=254,GEN=0,SECTOR=1,COMPRESSION=0
		0x38424752 = 'RGB8'; 0x03000000004fe013 = NVIDIA_BLOCK_LINEAR_2D,HEIGHT=3,KIND=254,GEN=0,SECTOR=1,COMPRESSION=0
		0x38424752 = 'RGB8'; 0x03000000004fe014 = NVIDIA_BLOCK_LINEAR_2D,HEIGHT=4,KIND=254,GEN=0,SECTOR=1,COMPRESSION=0
		0x38424752 = 'RGB8'; 0x03000000004fe015 = NVIDIA_BLOCK_LINEAR_2D,HEIGHT=5,KIND=254,GEN=0,SECTOR=1,COMPRESSION=0
		0x38424752 = 'RGB8'; 0x00ffffffffffffff = INVALID
		0x35315852 = 'RX15'; 0x03000000004fe010 = NVIDIA_BLOCK_LINEAR_2D,HEIGHT=0,KIND=254,GEN=0,SECTOR=1,COMPRESSION=0
		0x35315852 = 'RX15'; 0x03000000004fe011 = NVIDIA_BLOCK_LINEAR_2D,HEIGHT=1,KIND=254,GEN=0,SECTOR=1,COMPRESSION=0
		0x35315852 = 'RX15'; 0x03000000004fe012 = NVIDIA_BLOCK_LINEAR_2D,HEIGHT=2,KIND=254,GEN=0,SECTOR=1,COMPRESSION=0
		0x35315852 = 'RX15'; 0x03000000004fe013 = NVIDIA_BLOCK_LINEAR_2D,HEIGHT=3,KIND=254,GEN=0,SECTOR=1,COMPRESSION=0
		0x35315852 = 'RX15'; 0x03000000004fe014 = NVIDIA_BLOCK_LINEAR_2D,HEIGHT=4,KIND=254,GEN=0,SECTOR=1,COMPRESSION=0
		0x35315852 = 'RX15'; 0x03000000004fe015 = NVIDIA_BLOCK_LINEAR_2D,HEIGHT=5,KIND=254,GEN=0,SECTOR=1,COMPRESSION=0
		0x35315852 = 'RX15'; 0x00ffffffffffffff = INVALID
		0x20363152 = 'R16 '; 0x03000000004fe010 = NVIDIA_BLOCK_LINEAR_2D,HEIGHT=0,KIND=254,GEN=0,SECTOR=1,COMPRESSION=0
		0x20363152 = 'R16 '; 0x03000000004fe011 = NVIDIA_BLOCK_LINEAR_2D,HEIGHT=1,KIND=254,GEN=0,SECTOR=1,COMPRESSION=0
		0x20363152 = 'R16 '; 0x03000000004fe012 = NVIDIA_BLOCK_LINEAR_2D,HEIGHT=2,KIND=254,GEN=0,SECTOR=1,COMPRESSION=0
		0x20363152 = 'R16 '; 0x03000000004fe013 = NVIDIA_BLOCK_LINEAR_2D,HEIGHT=3,KIND=254,GEN=0,SECTOR=1,COMPRESSION=0
		0x20363152 = 'R16 '; 0x03000000004fe014 = NVIDIA_BLOCK_LINEAR_2D,HEIGHT=4,KIND=254,GEN=0,SECTOR=1,COMPRESSION=0
		0x20363152 = 'R16 '; 0x03000000004fe015 = NVIDIA_BLOCK_LINEAR_2D,HEIGHT=5,KIND=254,GEN=0,SECTOR=1,COMPRESSION=0
		0x20363152 = 'R16 '; 0x00ffffffffffffff = INVALID
		0x35314152 = 'RA15'; 0x03000000004fe010 = NVIDIA_BLOCK_LINEAR_2D,HEIGHT=0,KIND=254,GEN=0,SECTOR=1,COMPRESSION=0
		0x35314152 = 'RA15'; 0x03000000004fe011 = NVIDIA_BLOCK_LINEAR_2D,HEIGHT=1,KIND=254,GEN=0,SECTOR=1,COMPRESSION=0
		0x35314152 = 'RA15'; 0x03000000004fe012 = NVIDIA_BLOCK_LINEAR_2D,HEIGHT=2,KIND=254,GEN=0,SECTOR=1,COMPRESSION=0
		0x35314152 = 'RA15'; 0x03000000004fe013 = NVIDIA_BLOCK_LINEAR_2D,HEIGHT=3,KIND=254,GEN=0,SECTOR=1,COMPRESSION=0
		0x35314152 = 'RA15'; 0x03000000004fe014 = NVIDIA_BLOCK_LINEAR_2D,HEIGHT=4,KIND=254,GEN=0,SECTOR=1,COMPRESSION=0
		0x35314152 = 'RA15'; 0x03000000004fe015 = NVIDIA_BLOCK_LINEAR_2D,HEIGHT=5,KIND=254,GEN=0,SECTOR=1,COMPRESSION=0
		0x35314152 = 'RA15'; 0x00ffffffffffffff = INVALID
		0x36314742 = 'BG16'; 0x03000000004fe010 = NVIDIA_BLOCK_LINEAR_2D,HEIGHT=0,KIND=254,GEN=0,SECTOR=1,COMPRESSION=0
		0x36314742 = 'BG16'; 0x03000000004fe011 = NVIDIA_BLOCK_LINEAR_2D,HEIGHT=1,KIND=254,GEN=0,SECTOR=1,COMPRESSION=0
		0x36314742 = 'BG16'; 0x03000000004fe012 = NVIDIA_BLOCK_LINEAR_2D,HEIGHT=2,KIND=254,GEN=0,SECTOR=1,COMPRESSION=0
		0x36314742 = 'BG16'; 0x03000000004fe013 = NVIDIA_BLOCK_LINEAR_2D,HEIGHT=3,KIND=254,GEN=0,SECTOR=1,COMPRESSION=0
		0x36314742 = 'BG16'; 0x03000000004fe014 = NVIDIA_BLOCK_LINEAR_2D,HEIGHT=4,KIND=254,GEN=0,SECTOR=1,COMPRESSION=0
		0x36314742 = 'BG16'; 0x03000000004fe015 = NVIDIA_BLOCK_LINEAR_2D,HEIGHT=5,KIND=254,GEN=0,SECTOR=1,COMPRESSION=0
		0x36314742 = 'BG16'; 0x00ffffffffffffff = INVALID
		0x32315241 = 'AR12'; 0x03000000004fe010 = NVIDIA_BLOCK_LINEAR_2D,HEIGHT=0,KIND=254,GEN=0,SECTOR=1,COMPRESSION=0
		0x32315241 = 'AR12'; 0x03000000004fe011 = NVIDIA_BLOCK_LINEAR_2D,HEIGHT=1,KIND=254,GEN=0,SECTOR=1,COMPRESSION=0
		0x32315241 = 'AR12'; 0x03000000004fe012 = NVIDIA_BLOCK_LINEAR_2D,HEIGHT=2,KIND=254,GEN=0,SECTOR=1,COMPRESSION=0
		0x32315241 = 'AR12'; 0x03000000004fe013 = NVIDIA_BLOCK_LINEAR_2D,HEIGHT=3,KIND=254,GEN=0,SECTOR=1,COMPRESSION=0
		0x32315241 = 'AR12'; 0x03000000004fe014 = NVIDIA_BLOCK_LINEAR_2D,HEIGHT=4,KIND=254,GEN=0,SECTOR=1,COMPRESSION=0
		0x32315241 = 'AR12'; 0x03000000004fe015 = NVIDIA_BLOCK_LINEAR_2D,HEIGHT=5,KIND=254,GEN=0,SECTOR=1,COMPRESSION=0
		0x32315241 = 'AR12'; 0x00ffffffffffffff = INVALID
		0x36314752 = 'RG16'; 0x03000000004fe010 = NVIDIA_BLOCK_LINEAR_2D,HEIGHT=0,KIND=254,GEN=0,SECTOR=1,COMPRESSION=0
		0x36314752 = 'RG16'; 0x03000000004fe011 = NVIDIA_BLOCK_LINEAR_2D,HEIGHT=1,KIND=254,GEN=0,SECTOR=1,COMPRESSION=0
		0x36314752 = 'RG16'; 0x03000000004fe012 = NVIDIA_BLOCK_LINEAR_2D,HEIGHT=2,KIND=254,GEN=0,SECTOR=1,COMPRESSION=0
		0x36314752 = 'RG16'; 0x03000000004fe013 = NVIDIA_BLOCK_LINEAR_2D,HEIGHT=3,KIND=254,GEN=0,SECTOR=1,COMPRESSION=0
		0x36314752 = 'RG16'; 0x03000000004fe014 = NVIDIA_BLOCK_LINEAR_2D,HEIGHT=4,KIND=254,GEN=0,SECTOR=1,COMPRESSION=0
		0x36314752 = 'RG16'; 0x03000000004fe015 = NVIDIA_BLOCK_LINEAR_2D,HEIGHT=5,KIND=254,GEN=0,SECTOR=1,COMPRESSION=0
		0x36314752 = 'RG16'; 0x00ffffffffffffff = INVALID
		0x56555958 = 'XYUV'; 0x0000000000000000 = LINEAR
		0x35314142 = 'BA15'; 0x03000000004fe010 = NVIDIA_BLOCK_LINEAR_2D,HEIGHT=0,KIND=254,GEN=0,SECTOR=1,COMPRESSION=0
		0x35314142 = 'BA15'; 0x03000000004fe011 = NVIDIA_BLOCK_LINEAR_2D,HEIGHT=1,KIND=254,GEN=0,SECTOR=1,COMPRESSION=0
		0x35314142 = 'BA15'; 0x03000000004fe012 = NVIDIA_BLOCK_LINEAR_2D,HEIGHT=2,KIND=254,GEN=0,SECTOR=1,COMPRESSION=0
		0x35314142 = 'BA15'; 0x03000000004fe013 = NVIDIA_BLOCK_LINEAR_2D,HEIGHT=3,KIND=254,GEN=0,SECTOR=1,COMPRESSION=0
		0x35314142 = 'BA15'; 0x03000000004fe014 = NVIDIA_BLOCK_LINEAR_2D,HEIGHT=4,KIND=254,GEN=0,SECTOR=1,COMPRESSION=0
		0x35314142 = 'BA15'; 0x03000000004fe015 = NVIDIA_BLOCK_LINEAR_2D,HEIGHT=5,KIND=254,GEN=0,SECTOR=1,COMPRESSION=0
		0x35314142 = 'BA15'; 0x00ffffffffffffff = INVALID
		0x34324742 = 'BG24'; 0x03000000004fe010 = NVIDIA_BLOCK_LINEAR_2D,HEIGHT=0,KIND=254,GEN=0,SECTOR=1,COMPRESSION=0
		0x34324742 = 'BG24'; 0x03000000004fe011 = NVIDIA_BLOCK_LINEAR_2D,HEIGHT=1,KIND=254,GEN=0,SECTOR=1,COMPRESSION=0
		0x34324742 = 'BG24'; 0x03000000004fe012 = NVIDIA_BLOCK_LINEAR_2D,HEIGHT=2,KIND=254,GEN=0,SECTOR=1,COMPRESSION=0
		0x34324742 = 'BG24'; 0x03000000004fe013 = NVIDIA_BLOCK_LINEAR_2D,HEIGHT=3,KIND=254,GEN=0,SECTOR=1,COMPRESSION=0
		0x34324742 = 'BG24'; 0x03000000004fe014 = NVIDIA_BLOCK_LINEAR_2D,HEIGHT=4,KIND=254,GEN=0,SECTOR=1,COMPRESSION=0
		0x34324742 = 'BG24'; 0x03000000004fe015 = NVIDIA_BLOCK_LINEAR_2D,HEIGHT=5,KIND=254,GEN=0,SECTOR=1,COMPRESSION=0
		0x34324742 = 'BG24'; 0x00ffffffffffffff = INVALID
		0x30303142 = 'B100'; 0x03000000004fe010 = NVIDIA_BLOCK_LINEAR_2D,HEIGHT=0,KIND=254,GEN=0,SECTOR=1,COMPRESSION=0
		0x30303142 = 'B100'; 0x03000000004fe011 = NVIDIA_BLOCK_LINEAR_2D,HEIGHT=1,KIND=254,GEN=0,SECTOR=1,COMPRESSION=0
		0x30303142 = 'B100'; 0x03000000004fe012 = NVIDIA_BLOCK_LINEAR_2D,HEIGHT=2,KIND=254,GEN=0,SECTOR=1,COMPRESSION=0
		0x30303142 = 'B100'; 0x03000000004fe013 = NVIDIA_BLOCK_LINEAR_2D,HEIGHT=3,KIND=254,GEN=0,SECTOR=1,COMPRESSION=0
		0x30303142 = 'B100'; 0x03000000004fe014 = NVIDIA_BLOCK_LINEAR_2D,HEIGHT=4,KIND=254,GEN=0,SECTOR=1,COMPRESSION=0
		0x30303142 = 'B100'; 0x03000000004fe015 = NVIDIA_BLOCK_LINEAR_2D,HEIGHT=5,KIND=254,GEN=0,SECTOR=1,COMPRESSION=0
		0x30303142 = 'B100'; 0x0300000000cdb010 = NVIDIA_BLOCK_LINEAR_2D,HEIGHT=0,KIND=219,GEN=0,SECTOR=1,COMPRESSION=1
		0x30303142 = 'B100'; 0x0300000000cdb011 = NVIDIA_BLOCK_LINEAR_2D,HEIGHT=1,KIND=219,GEN=0,SECTOR=1,COMPRESSION=1
		0x30303142 = 'B100'; 0x0300000000cdb012 = NVIDIA_BLOCK_LINEAR_2D,HEIGHT=2,KIND=219,GEN=0,SECTOR=1,COMPRESSION=1
		0x30303142 = 'B100'; 0x0300000000cdb013 = NVIDIA_BLOCK_LINEAR_2D,HEIGHT=3,KIND=219,GEN=0,SECTOR=1,COMPRESSION=1
		0x30303142 = 'B100'; 0x0300000000cdb014 = NVIDIA_BLOCK_LINEAR_2D,HEIGHT=4,KIND=219,GEN=0,SECTOR=1,COMPRESSION=1
		0x30303142 = 'B100'; 0x0300000000cdb015 = NVIDIA_BLOCK_LINEAR_2D,HEIGHT=5,KIND=219,GEN=0,SECTOR=1,COMPRESSION=1
		0x30303142 = 'B100'; 0x00ffffffffffffff = INVALID
		0x34324752 = 'RG24'; 0x03000000004fe010 = NVIDIA_BLOCK_LINEAR_2D,HEIGHT=0,KIND=254,GEN=0,SECTOR=1,COMPRESSION=0
		0x34324752 = 'RG24'; 0x03000000004fe011 = NVIDIA_BLOCK_LINEAR_2D,HEIGHT=1,KIND=254,GEN=0,SECTOR=1,COMPRESSION=0
		0x34324752 = 'RG24'; 0x03000000004fe012 = NVIDIA_BLOCK_LINEAR_2D,HEIGHT=2,KIND=254,GEN=0,SECTOR=1,COMPRESSION=0
		0x34324752 = 'RG24'; 0x03000000004fe013 = NVIDIA_BLOCK_LINEAR_2D,HEIGHT=3,KIND=254,GEN=0,SECTOR=1,COMPRESSION=0
		0x34324752 = 'RG24'; 0x03000000004fe014 = NVIDIA_BLOCK_LINEAR_2D,HEIGHT=4,KIND=254,GEN=0,SECTOR=1,COMPRESSION=0
		0x34324752 = 'RG24'; 0x03000000004fe015 = NVIDIA_BLOCK_LINEAR_2D,HEIGHT=5,KIND=254,GEN=0,SECTOR=1,COMPRESSION=0
		0x34324752 = 'RG24'; 0x00ffffffffffffff = INVALID
		0x35315241 = 'AR15'; 0x03000000004fe010 = NVIDIA_BLOCK_LINEAR_2D,HEIGHT=0,KIND=254,GEN=0,SECTOR=1,COMPRESSION=0
		0x35315241 = 'AR15'; 0x03000000004fe011 = NVIDIA_BLOCK_LINEAR_2D,HEIGHT=1,KIND=254,GEN=0,SECTOR=1,COMPRESSION=0
		0x35315241 = 'AR15'; 0x03000000004fe012 = NVIDIA_BLOCK_LINEAR_2D,HEIGHT=2,KIND=254,GEN=0,SECTOR=1,COMPRESSION=0
		0x35315241 = 'AR15'; 0x03000000004fe013 = NVIDIA_BLOCK_LINEAR_2D,HEIGHT=3,KIND=254,GEN=0,SECTOR=1,COMPRESSION=0
		0x35315241 = 'AR15'; 0x03000000004fe014 = NVIDIA_BLOCK_LINEAR_2D,HEIGHT=4,KIND=254,GEN=0,SECTOR=1,COMPRESSION=0
		0x35315241 = 'AR15'; 0x03000000004fe015 = NVIDIA_BLOCK_LINEAR_2D,HEIGHT=5,KIND=254,GEN=0,SECTOR=1,COMPRESSION=0
		0x35315241 = 'AR15'; 0x00ffffffffffffff = INVALID
		0x31303152 = 'R101'; 0x03000000004fe010 = NVIDIA_BLOCK_LINEAR_2D,HEIGHT=0,KIND=254,GEN=0,SECTOR=1,COMPRESSION=0
		0x31303152 = 'R101'; 0x03000000004fe011 = NVIDIA_BLOCK_LINEAR_2D,HEIGHT=1,KIND=254,GEN=0,SECTOR=1,COMPRESSION=0
		0x31303152 = 'R101'; 0x03000000004fe012 = NVIDIA_BLOCK_LINEAR_2D,HEIGHT=2,KIND=254,GEN=0,SECTOR=1,COMPRESSION=0
		0x31303152 = 'R101'; 0x03000000004fe013 = NVIDIA_BLOCK_LINEAR_2D,HEIGHT=3,KIND=254,GEN=0,SECTOR=1,COMPRESSION=0
		0x31303152 = 'R101'; 0x03000000004fe014 = NVIDIA_BLOCK_LINEAR_2D,HEIGHT=4,KIND=254,GEN=0,SECTOR=1,COMPRESSION=0
		0x31303152 = 'R101'; 0x03000000004fe015 = NVIDIA_BLOCK_LINEAR_2D,HEIGHT=5,KIND=254,GEN=0,SECTOR=1,COMPRESSION=0
		0x31303152 = 'R101'; 0x0300000000cdb010 = NVIDIA_BLOCK_LINEAR_2D,HEIGHT=0,KIND=219,GEN=0,SECTOR=1,COMPRESSION=1
		0x31303152 = 'R101'; 0x0300000000cdb011 = NVIDIA_BLOCK_LINEAR_2D,HEIGHT=1,KIND=219,GEN=0,SECTOR=1,COMPRESSION=1
		0x31303152 = 'R101'; 0x0300000000cdb012 = NVIDIA_BLOCK_LINEAR_2D,HEIGHT=2,KIND=219,GEN=0,SECTOR=1,COMPRESSION=1
		0x31303152 = 'R101'; 0x0300000000cdb013 = NVIDIA_BLOCK_LINEAR_2D,HEIGHT=3,KIND=219,GEN=0,SECTOR=1,COMPRESSION=1
		0x31303152 = 'R101'; 0x0300000000cdb014 = NVIDIA_BLOCK_LINEAR_2D,HEIGHT=4,KIND=219,GEN=0,SECTOR=1,COMPRESSION=1
		0x31303152 = 'R101'; 0x0300000000cdb015 = NVIDIA_BLOCK_LINEAR_2D,HEIGHT=5,KIND=219,GEN=0,SECTOR=1,COMPRESSION=1
		0x31303152 = 'R101'; 0x00ffffffffffffff = INVALID
		0x3231564e = 'NV12'; 0x0000000000000000 = LINEAR
		0x32314152 = 'RA12'; 0x03000000004fe010 = NVIDIA_BLOCK_LINEAR_2D,HEIGHT=0,KIND=254,GEN=0,SECTOR=1,COMPRESSION=0
		0x32314152 = 'RA12'; 0x03000000004fe011 = NVIDIA_BLOCK_LINEAR_2D,HEIGHT=1,KIND=254,GEN=0,SECTOR=1,COMPRESSION=0
		0x32314152 = 'RA12'; 0x03000000004fe012 = NVIDIA_BLOCK_LINEAR_2D,HEIGHT=2,KIND=254,GEN=0,SECTOR=1,COMPRESSION=0
		0x32314152 = 'RA12'; 0x03000000004fe013 = NVIDIA_BLOCK_LINEAR_2D,HEIGHT=3,KIND=254,GEN=0,SECTOR=1,COMPRESSION=0
		0x32314152 = 'RA12'; 0x03000000004fe014 = NVIDIA_BLOCK_LINEAR_2D,HEIGHT=4,KIND=254,GEN=0,SECTOR=1,COMPRESSION=0
		0x32314152 = 'RA12'; 0x03000000004fe015 = NVIDIA_BLOCK_LINEAR_2D,HEIGHT=5,KIND=254,GEN=0,SECTOR=1,COMPRESSION=0
		0x32314152 = 'RA12'; 0x00ffffffffffffff = INVALID
		0x35315258 = 'XR15'; 0x03000000004fe010 = NVIDIA_BLOCK_LINEAR_2D,HEIGHT=0,KIND=254,GEN=0,SECTOR=1,COMPRESSION=0
		0x35315258 = 'XR15'; 0x03000000004fe011 = NVIDIA_BLOCK_LINEAR_2D,HEIGHT=1,KIND=254,GEN=0,SECTOR=1,COMPRESSION=0
		0x35315258 = 'XR15'; 0x03000000004fe012 = NVIDIA_BLOCK_LINEAR_2D,HEIGHT=2,KIND=254,GEN=0,SECTOR=1,COMPRESSION=0
		0x35315258 = 'XR15'; 0x03000000004fe013 = NVIDIA_BLOCK_LINEAR_2D,HEIGHT=3,KIND=254,GEN=0,SECTOR=1,COMPRESSION=0
		0x35315258 = 'XR15'; 0x03000000004fe014 = NVIDIA_BLOCK_LINEAR_2D,HEIGHT=4,KIND=254,GEN=0,SECTOR=1,COMPRESSION=0
		0x35315258 = 'XR15'; 0x03000000004fe015 = NVIDIA_BLOCK_LINEAR_2D,HEIGHT=5,KIND=254,GEN=0,SECTOR=1,COMPRESSION=0
		0x35315258 = 'XR15'; 0x00ffffffffffffff = INVALID
		0x31303142 = 'B101'; 0x03000000004fe010 = NVIDIA_BLOCK_LINEAR_2D,HEIGHT=0,KIND=254,GEN=0,SECTOR=1,COMPRESSION=0
		0x31303142 = 'B101'; 0x03000000004fe011 = NVIDIA_BLOCK_LINEAR_2D,HEIGHT=1,KIND=254,GEN=0,SECTOR=1,COMPRESSION=0
		0x31303142 = 'B101'; 0x03000000004fe012 = NVIDIA_BLOCK_LINEAR_2D,HEIGHT=2,KIND=254,GEN=0,SECTOR=1,COMPRESSION=0
		0x31303142 = 'B101'; 0x03000000004fe013 = NVIDIA_BLOCK_LINEAR_2D,HEIGHT=3,KIND=254,GEN=0,SECTOR=1,COMPRESSION=0
		0x31303142 = 'B101'; 0x03000000004fe014 = NVIDIA_BLOCK_LINEAR_2D,HEIGHT=4,KIND=254,GEN=0,SECTOR=1,COMPRESSION=0
		0x31303142 = 'B101'; 0x03000000004fe015 = NVIDIA_BLOCK_LINEAR_2D,HEIGHT=5,KIND=254,GEN=0,SECTOR=1,COMPRESSION=0
		0x31303142 = 'B101'; 0x0300000000cdb010 = NVIDIA_BLOCK_LINEAR_2D,HEIGHT=0,KIND=219,GEN=0,SECTOR=1,COMPRESSION=1
		0x31303142 = 'B101'; 0x0300000000cdb011 = NVIDIA_BLOCK_LINEAR_2D,HEIGHT=1,KIND=219,GEN=0,SECTOR=1,COMPRESSION=1
		0x31303142 = 'B101'; 0x0300000000cdb012 = NVIDIA_BLOCK_LINEAR_2D,HEIGHT=2,KIND=219,GEN=0,SECTOR=1,COMPRESSION=1
		0x31303142 = 'B101'; 0x0300000000cdb013 = NVIDIA_BLOCK_LINEAR_2D,HEIGHT=3,KIND=219,GEN=0,SECTOR=1,COMPRESSION=1
		0x31303142 = 'B101'; 0x0300000000cdb014 = NVIDIA_BLOCK_LINEAR_2D,HEIGHT=4,KIND=219,GEN=0,SECTOR=1,COMPRESSION=1
		0x31303142 = 'B101'; 0x0300000000cdb015 = NVIDIA_BLOCK_LINEAR_2D,HEIGHT=5,KIND=219,GEN=0,SECTOR=1,COMPRESSION=1
		0x31303142 = 'B101'; 0x00ffffffffffffff = INVALID
		0x48344241 = 'AB4H'; 0x03000000004fe010 = NVIDIA_BLOCK_LINEAR_2D,HEIGHT=0,KIND=254,GEN=0,SECTOR=1,COMPRESSION=0
		0x48344241 = 'AB4H'; 0x03000000004fe011 = NVIDIA_BLOCK_LINEAR_2D,HEIGHT=1,KIND=254,GEN=0,SECTOR=1,COMPRESSION=0
		0x48344241 = 'AB4H'; 0x03000000004fe012 = NVIDIA_BLOCK_LINEAR_2D,HEIGHT=2,KIND=254,GEN=0,SECTOR=1,COMPRESSION=0
		0x48344241 = 'AB4H'; 0x03000000004fe013 = NVIDIA_BLOCK_LINEAR_2D,HEIGHT=3,KIND=254,GEN=0,SECTOR=1,COMPRESSION=0
		0x48344241 = 'AB4H'; 0x03000000004fe014 = NVIDIA_BLOCK_LINEAR_2D,HEIGHT=4,KIND=254,GEN=0,SECTOR=1,COMPRESSION=0
		0x48344241 = 'AB4H'; 0x03000000004fe015 = NVIDIA_BLOCK_LINEAR_2D,HEIGHT=5,KIND=254,GEN=0,SECTOR=1,COMPRESSION=0
		0x48344241 = 'AB4H'; 0x00ffffffffffffff = INVALID
		0x35314258 = 'XB15'; 0x03000000004fe010 = NVIDIA_BLOCK_LINEAR_2D,HEIGHT=0,KIND=254,GEN=0,SECTOR=1,COMPRESSION=0
		0x35314258 = 'XB15'; 0x03000000004fe011 = NVIDIA_BLOCK_LINEAR_2D,HEIGHT=1,KIND=254,GEN=0,SECTOR=1,COMPRESSION=0
		0x35314258 = 'XB15'; 0x03000000004fe012 = NVIDIA_BLOCK_LINEAR_2D,HEIGHT=2,KIND=254,GEN=0,SECTOR=1,COMPRESSION=0
		0x35314258 = 'XB15'; 0x03000000004fe013 = NVIDIA_BLOCK_LINEAR_2D,HEIGHT=3,KIND=254,GEN=0,SECTOR=1,COMPRESSION=0
		0x35314258 = 'XB15'; 0x03000000004fe014 = NVIDIA_BLOCK_LINEAR_2D,HEIGHT=4,KIND=254,GEN=0,SECTOR=1,COMPRESSION=0
		0x35314258 = 'XB15'; 0x03000000004fe015 = NVIDIA_BLOCK_LINEAR_2D,HEIGHT=5,KIND=254,GEN=0,SECTOR=1,COMPRESSION=0
		0x35314258 = 'XB15'; 0x00ffffffffffffff = INVALID
		0x38384752 = 'RG88'; 0x03000000004fe010 = NVIDIA_BLOCK_LINEAR_2D,HEIGHT=0,KIND=254,GEN=0,SECTOR=1,COMPRESSION=0
		0x38384752 = 'RG88'; 0x03000000004fe011 = NVIDIA_BLOCK_LINEAR_2D,HEIGHT=1,KIND=254,GEN=0,SECTOR=1,COMPRESSION=0
		0x38384752 = 'RG88'; 0x03000000004fe012 = NVIDIA_BLOCK_LINEAR_2D,HEIGHT=2,KIND=254,GEN=0,SECTOR=1,COMPRESSION=0
		0x38384752 = 'RG88'; 0x03000000004fe013 = NVIDIA_BLOCK_LINEAR_2D,HEIGHT=3,KIND=254,GEN=0,SECTOR=1,COMPRESSION=0
		0x38384752 = 'RG88'; 0x03000000004fe014 = NVIDIA_BLOCK_LINEAR_2D,HEIGHT=4,KIND=254,GEN=0,SECTOR=1,COMPRESSION=0
		0x38384752 = 'RG88'; 0x03000000004fe015 = NVIDIA_BLOCK_LINEAR_2D,HEIGHT=5,KIND=254,GEN=0,SECTOR=1,COMPRESSION=0
		0x38384752 = 'RG88'; 0x00ffffffffffffff = INVALID
		0x32314241 = 'AB12'; 0x03000000004fe010 = NVIDIA_BLOCK_LINEAR_2D,HEIGHT=0,KIND=254,GEN=0,SECTOR=1,COMPRESSION=0
		0x32314241 = 'AB12'; 0x03000000004fe011 = NVIDIA_BLOCK_LINEAR_2D,HEIGHT=1,KIND=254,GEN=0,SECTOR=1,COMPRESSION=0
		0x32314241 = 'AB12'; 0x03000000004fe012 = NVIDIA_BLOCK_LINEAR_2D,HEIGHT=2,KIND=254,GEN=0,SECTOR=1,COMPRESSION=0
		0x32314241 = 'AB12'; 0x03000000004fe013 = NVIDIA_BLOCK_LINEAR_2D,HEIGHT=3,KIND=254,GEN=0,SECTOR=1,COMPRESSION=0
		0x32314241 = 'AB12'; 0x03000000004fe014 = NVIDIA_BLOCK_LINEAR_2D,HEIGHT=4,KIND=254,GEN=0,SECTOR=1,COMPRESSION=0
		0x32314241 = 'AB12'; 0x03000000004fe015 = NVIDIA_BLOCK_LINEAR_2D,HEIGHT=5,KIND=254,GEN=0,SECTOR=1,COMPRESSION=0
		0x32314241 = 'AB12'; 0x00ffffffffffffff = INVALID
		0x32314142 = 'BA12'; 0x03000000004fe010 = NVIDIA_BLOCK_LINEAR_2D,HEIGHT=0,KIND=254,GEN=0,SECTOR=1,COMPRESSION=0
		0x32314142 = 'BA12'; 0x03000000004fe011 = NVIDIA_BLOCK_LINEAR_2D,HEIGHT=1,KIND=254,GEN=0,SECTOR=1,COMPRESSION=0
		0x32314142 = 'BA12'; 0x03000000004fe012 = NVIDIA_BLOCK_LINEAR_2D,HEIGHT=2,KIND=254,GEN=0,SECTOR=1,COMPRESSION=0
		0x32314142 = 'BA12'; 0x03000000004fe013 = NVIDIA_BLOCK_LINEAR_2D,HEIGHT=3,KIND=254,GEN=0,SECTOR=1,COMPRESSION=0
		0x32314142 = 'BA12'; 0x03000000004fe014 = NVIDIA_BLOCK_LINEAR_2D,HEIGHT=4,KIND=254,GEN=0,SECTOR=1,COMPRESSION=0
		0x32314142 = 'BA12'; 0x03000000004fe015 = NVIDIA_BLOCK_LINEAR_2D,HEIGHT=5,KIND=254,GEN=0,SECTOR=1,COMPRESSION=0
		0x32314142 = 'BA12'; 0x00ffffffffffffff = INVALID
		0x32334752 = 'RG32'; 0x03000000004fe010 = NVIDIA_BLOCK_LINEAR_2D,HEIGHT=0,KIND=254,GEN=0,SECTOR=1,COMPRESSION=0
		0x32334752 = 'RG32'; 0x03000000004fe011 = NVIDIA_BLOCK_LINEAR_2D,HEIGHT=1,KIND=254,GEN=0,SECTOR=1,COMPRESSION=0
		0x32334752 = 'RG32'; 0x03000000004fe012 = NVIDIA_BLOCK_LINEAR_2D,HEIGHT=2,KIND=254,GEN=0,SECTOR=1,COMPRESSION=0
		0x32334752 = 'RG32'; 0x03000000004fe013 = NVIDIA_BLOCK_LINEAR_2D,HEIGHT=3,KIND=254,GEN=0,SECTOR=1,COMPRESSION=0
		0x32334752 = 'RG32'; 0x03000000004fe014 = NVIDIA_BLOCK_LINEAR_2D,HEIGHT=4,KIND=254,GEN=0,SECTOR=1,COMPRESSION=0
		0x32334752 = 'RG32'; 0x03000000004fe015 = NVIDIA_BLOCK_LINEAR_2D,HEIGHT=5,KIND=254,GEN=0,SECTOR=1,COMPRESSION=0
		0x32334752 = 'RG32'; 0x0300000000cdb010 = NVIDIA_BLOCK_LINEAR_2D,HEIGHT=0,KIND=219,GEN=0,SECTOR=1,COMPRESSION=1
		0x32334752 = 'RG32'; 0x0300000000cdb011 = NVIDIA_BLOCK_LINEAR_2D,HEIGHT=1,KIND=219,GEN=0,SECTOR=1,COMPRESSION=1
		0x32334752 = 'RG32'; 0x0300000000cdb012 = NVIDIA_BLOCK_LINEAR_2D,HEIGHT=2,KIND=219,GEN=0,SECTOR=1,COMPRESSION=1
		0x32334752 = 'RG32'; 0x0300000000cdb013 = NVIDIA_BLOCK_LINEAR_2D,HEIGHT=3,KIND=219,GEN=0,SECTOR=1,COMPRESSION=1
		0x32334752 = 'RG32'; 0x0300000000cdb014 = NVIDIA_BLOCK_LINEAR_2D,HEIGHT=4,KIND=219,GEN=0,SECTOR=1,COMPRESSION=1
		0x32334752 = 'RG32'; 0x0300000000cdb015 = NVIDIA_BLOCK_LINEAR_2D,HEIGHT=5,KIND=219,GEN=0,SECTOR=1,COMPRESSION=1
		0x32334752 = 'RG32'; 0x00ffffffffffffff = INVALID
		0x20203852 = 'R8  '; 0x03000000004fe010 = NVIDIA_BLOCK_LINEAR_2D,HEIGHT=0,KIND=254,GEN=0,SECTOR=1,COMPRESSION=0
		0x20203852 = 'R8  '; 0x03000000004fe011 = NVIDIA_BLOCK_LINEAR_2D,HEIGHT=1,KIND=254,GEN=0,SECTOR=1,COMPRESSION=0
		0x20203852 = 'R8  '; 0x03000000004fe012 = NVIDIA_BLOCK_LINEAR_2D,HEIGHT=2,KIND=254,GEN=0,SECTOR=1,COMPRESSION=0
		0x20203852 = 'R8  '; 0x03000000004fe013 = NVIDIA_BLOCK_LINEAR_2D,HEIGHT=3,KIND=254,GEN=0,SECTOR=1,COMPRESSION=0
		0x20203852 = 'R8  '; 0x03000000004fe014 = NVIDIA_BLOCK_LINEAR_2D,HEIGHT=4,KIND=254,GEN=0,SECTOR=1,COMPRESSION=0
		0x20203852 = 'R8  '; 0x03000000004fe015 = NVIDIA_BLOCK_LINEAR_2D,HEIGHT=5,KIND=254,GEN=0,SECTOR=1,COMPRESSION=0
		0x20203852 = 'R8  '; 0x00ffffffffffffff = INVALID
		0x30313050 = 'P010'; 0x0000000000000000 = LINEAR
		0x30303152 = 'R100'; 0x03000000004fe010 = NVIDIA_BLOCK_LINEAR_2D,HEIGHT=0,KIND=254,GEN=0,SECTOR=1,COMPRESSION=0
		0x30303152 = 'R100'; 0x03000000004fe011 = NVIDIA_BLOCK_LINEAR_2D,HEIGHT=1,KIND=254,GEN=0,SECTOR=1,COMPRESSION=0
		0x30303152 = 'R100'; 0x03000000004fe012 = NVIDIA_BLOCK_LINEAR_2D,HEIGHT=2,KIND=254,GEN=0,SECTOR=1,COMPRESSION=0
		0x30303152 = 'R100'; 0x03000000004fe013 = NVIDIA_BLOCK_LINEAR_2D,HEIGHT=3,KIND=254,GEN=0,SECTOR=1,COMPRESSION=0
		0x30303152 = 'R100'; 0x03000000004fe014 = NVIDIA_BLOCK_LINEAR_2D,HEIGHT=4,KIND=254,GEN=0,SECTOR=1,COMPRESSION=0
		0x30303152 = 'R100'; 0x03000000004fe015 = NVIDIA_BLOCK_LINEAR_2D,HEIGHT=5,KIND=254,GEN=0,SECTOR=1,COMPRESSION=0
		0x30303152 = 'R100'; 0x0300000000cdb010 = NVIDIA_BLOCK_LINEAR_2D,HEIGHT=0,KIND=219,GEN=0,SECTOR=1,COMPRESSION=1
		0x30303152 = 'R100'; 0x0300000000cdb011 = NVIDIA_BLOCK_LINEAR_2D,HEIGHT=1,KIND=219,GEN=0,SECTOR=1,COMPRESSION=1
		0x30303152 = 'R100'; 0x0300000000cdb012 = NVIDIA_BLOCK_LINEAR_2D,HEIGHT=2,KIND=219,GEN=0,SECTOR=1,COMPRESSION=1
		0x30303152 = 'R100'; 0x0300000000cdb013 = NVIDIA_BLOCK_LINEAR_2D,HEIGHT=3,KIND=219,GEN=0,SECTOR=1,COMPRESSION=1
		0x30303152 = 'R100'; 0x0300000000cdb014 = NVIDIA_BLOCK_LINEAR_2D,HEIGHT=4,KIND=219,GEN=0,SECTOR=1,COMPRESSION=1
		0x30303152 = 'R100'; 0x0300000000cdb015 = NVIDIA_BLOCK_LINEAR_2D,HEIGHT=5,KIND=219,GEN=0,SECTOR=1,COMPRESSION=1
		0x30303152 = 'R100'; 0x00ffffffffffffff = INVALID
	tranche
		target device: 0xE280 (/dev/dri/card1 or /dev/dri/renderD128)
		flags: none
		formats (fourcc) and modifiers (names):
		0x34324152 = 'RA24'; 0x03000000004fe010 = NVIDIA_BLOCK_LINEAR_2D,HEIGHT=0,KIND=254,GEN=0,SECTOR=1,COMPRESSION=0
		0x34324152 = 'RA24'; 0x03000000004fe011 = NVIDIA_BLOCK_LINEAR_2D,HEIGHT=1,KIND=254,GEN=0,SECTOR=1,COMPRESSION=0
		0x34324152 = 'RA24'; 0x03000000004fe012 = NVIDIA_BLOCK_LINEAR_2D,HEIGHT=2,KIND=254,GEN=0,SECTOR=1,COMPRESSION=0
		0x34324152 = 'RA24'; 0x03000000004fe013 = NVIDIA_BLOCK_LINEAR_2D,HEIGHT=3,KIND=254,GEN=0,SECTOR=1,COMPRESSION=0
		0x34324152 = 'RA24'; 0x03000000004fe014 = NVIDIA_BLOCK_LINEAR_2D,HEIGHT=4,KIND=254,GEN=0,SECTOR=1,COMPRESSION=0
		0x34324152 = 'RA24'; 0x03000000004fe015 = NVIDIA_BLOCK_LINEAR_2D,HEIGHT=5,KIND=254,GEN=0,SECTOR=1,COMPRESSION=0
		0x34324152 = 'RA24'; 0x0300000000cdb010 = NVIDIA_BLOCK_LINEAR_2D,HEIGHT=0,KIND=219,GEN=0,SECTOR=1,COMPRESSION=1
		0x34324152 = 'RA24'; 0x0300000000cdb011 = NVIDIA_BLOCK_LINEAR_2D,HEIGHT=1,KIND=219,GEN=0,SECTOR=1,COMPRESSION=1
		0x34324152 = 'RA24'; 0x0300000000cdb012 = NVIDIA_BLOCK_LINEAR_2D,HEIGHT=2,KIND=219,GEN=0,SECTOR=1,COMPRESSION=1
		0x34324152 = 'RA24'; 0x0300000000cdb013 = NVIDIA_BLOCK_LINEAR_2D,HEIGHT=3,KIND=219,GEN=0,SECTOR=1,COMPRESSION=1
		0x34324152 = 'RA24'; 0x0300000000cdb014 = NVIDIA_BLOCK_LINEAR_2D,HEIGHT=4,KIND=219,GEN=0,SECTOR=1,COMPRESSION=1
		0x34324152 = 'RA24'; 0x0300000000cdb015 = NVIDIA_BLOCK_LINEAR_2D,HEIGHT=5,KIND=219,GEN=0,SECTOR=1,COMPRESSION=1
		0x34324152 = 'RA24'; 0x00ffffffffffffff = INVALID
		0x34325852 = 'RX24'; 0x03000000004fe010 = NVIDIA_BLOCK_LINEAR_2D,HEIGHT=0,KIND=254,GEN=0,SECTOR=1,COMPRESSION=0
		0x34325852 = 'RX24'; 0x03000000004fe011 = NVIDIA_BLOCK_LINEAR_2D,HEIGHT=1,KIND=254,GEN=0,SECTOR=1,COMPRESSION=0
		0x34325852 = 'RX24'; 0x03000000004fe012 = NVIDIA_BLOCK_LINEAR_2D,HEIGHT=2,KIND=254,GEN=0,SECTOR=1,COMPRESSION=0
		0x34325852 = 'RX24'; 0x03000000004fe013 = NVIDIA_BLOCK_LINEAR_2D,HEIGHT=3,KIND=254,GEN=0,SECTOR=1,COMPRESSION=0
		0x34325852 = 'RX24'; 0x03000000004fe014 = NVIDIA_BLOCK_LINEAR_2D,HEIGHT=4,KIND=254,GEN=0,SECTOR=1,COMPRESSION=0
		0x34325852 = 'RX24'; 0x03000000004fe015 = NVIDIA_BLOCK_LINEAR_2D,HEIGHT=5,KIND=254,GEN=0,SECTOR=1,COMPRESSION=0
		0x34325852 = 'RX24'; 0x0300000000cdb010 = NVIDIA_BLOCK_LINEAR_2D,HEIGHT=0,KIND=219,GEN=0,SECTOR=1,COMPRESSION=1
		0x34325852 = 'RX24'; 0x0300000000cdb011 = NVIDIA_BLOCK_LINEAR_2D,HEIGHT=1,KIND=219,GEN=0,SECTOR=1,COMPRESSION=1
		0x34325852 = 'RX24'; 0x0300000000cdb012 = NVIDIA_BLOCK_LINEAR_2D,HEIGHT=2,KIND=219,GEN=0,SECTOR=1,COMPRESSION=1
		0x34325852 = 'RX24'; 0x0300000000cdb013 = NVIDIA_BLOCK_LINEAR_2D,HEIGHT=3,KIND=219,GEN=0,SECTOR=1,COMPRESSION=1
		0x34325852 = 'RX24'; 0x0300000000cdb014 = NVIDIA_BLOCK_LINEAR_2D,HEIGHT=4,KIND=219,GEN=0,SECTOR=1,COMPRESSION=1
		0x34325852 = 'RX24'; 0x0300000000cdb015 = NVIDIA_BLOCK_LINEAR_2D,HEIGHT=5,KIND=219,GEN=0,SECTOR=1,COMPRESSION=1
		0x34325852 = 'RX24'; 0x00ffffffffffffff = INVALID
		0x34324258 = 'XB24'; 0x03000000004fe010 = NVIDIA_BLOCK_LINEAR_2D,HEIGHT=0,KIND=254,GEN=0,SECTOR=1,COMPRESSION=0
		0x34324258 = 'XB24'; 0x03000000004fe011 = NVIDIA_BLOCK_LINEAR_2D,HEIGHT=1,KIND=254,GEN=0,SECTOR=1,COMPRESSION=0
		0x34324258 = 'XB24'; 0x03000000004fe012 = NVIDIA_BLOCK_LINEAR_2D,HEIGHT=2,KIND=254,GEN=0,SECTOR=1,COMPRESSION=0
		0x34324258 = 'XB24'; 0x03000000004fe013 = NVIDIA_BLOCK_LINEAR_2D,HEIGHT=3,KIND=254,GEN=0,SECTOR=1,COMPRESSION=0
		0x34324258 = 'XB24'; 0x03000000004fe014 = NVIDIA_BLOCK_LINEAR_2D,HEIGHT=4,KIND=254,GEN=0,SECTOR=1,COMPRESSION=0
		0x34324258 = 'XB24'; 0x03000000004fe015 = NVIDIA_BLOCK_LINEAR_2D,HEIGHT=5,KIND=254,GEN=0,SECTOR=1,COMPRESSION=0
		0x34324258 = 'XB24'; 0x0300000000cdb010 = NVIDIA_BLOCK_LINEAR_2D,HEIGHT=0,KIND=219,GEN=0,SECTOR=1,COMPRESSION=1
		0x34324258 = 'XB24'; 0x0300000000cdb011 = NVIDIA_BLOCK_LINEAR_2D,HEIGHT=1,KIND=219,GEN=0,SECTOR=1,COMPRESSION=1
		0x34324258 = 'XB24'; 0x0300000000cdb012 = NVIDIA_BLOCK_LINEAR_2D,HEIGHT=2,KIND=219,GEN=0,SECTOR=1,COMPRESSION=1
		0x34324258 = 'XB24'; 0x0300000000cdb013 = NVIDIA_BLOCK_LINEAR_2D,HEIGHT=3,KIND=219,GEN=0,SECTOR=1,COMPRESSION=1
		0x34324258 = 'XB24'; 0x0300000000cdb014 = NVIDIA_BLOCK_LINEAR_2D,HEIGHT=4,KIND=219,GEN=0,SECTOR=1,COMPRESSION=1
		0x34324258 = 'XB24'; 0x0300000000cdb015 = NVIDIA_BLOCK_LINEAR_2D,HEIGHT=5,KIND=219,GEN=0,SECTOR=1,COMPRESSION=1
		0x34324258 = 'XB24'; 0x00ffffffffffffff = INVALID
		0x34324142 = 'BA24'; 0x03000000004fe010 = NVIDIA_BLOCK_LINEAR_2D,HEIGHT=0,KIND=254,GEN=0,SECTOR=1,COMPRESSION=0
		0x34324142 = 'BA24'; 0x03000000004fe011 = NVIDIA_BLOCK_LINEAR_2D,HEIGHT=1,KIND=254,GEN=0,SECTOR=1,COMPRESSION=0
		0x34324142 = 'BA24'; 0x03000000004fe012 = NVIDIA_BLOCK_LINEAR_2D,HEIGHT=2,KIND=254,GEN=0,SECTOR=1,COMPRESSION=0
		0x34324142 = 'BA24'; 0x03000000004fe013 = NVIDIA_BLOCK_LINEAR_2D,HEIGHT=3,KIND=254,GEN=0,SECTOR=1,COMPRESSION=0
		0x34324142 = 'BA24'; 0x03000000004fe014 = NVIDIA_BLOCK_LINEAR_2D,HEIGHT=4,KIND=254,GEN=0,SECTOR=1,COMPRESSION=0
		0x34324142 = 'BA24'; 0x03000000004fe015 = NVIDIA_BLOCK_LINEAR_2D,HEIGHT=5,KIND=254,GEN=0,SECTOR=1,COMPRESSION=0
		0x34324142 = 'BA24'; 0x0300000000cdb010 = NVIDIA_BLOCK_LINEAR_2D,HEIGHT=0,KIND=219,GEN=0,SECTOR=1,COMPRESSION=1
		0x34324142 = 'BA24'; 0x0300000000cdb011 = NVIDIA_BLOCK_LINEAR_2D,HEIGHT=1,KIND=219,GEN=0,SECTOR=1,COMPRESSION=1
		0x34324142 = 'BA24'; 0x0300000000cdb012 = NVIDIA_BLOCK_LINEAR_2D,HEIGHT=2,KIND=219,GEN=0,SECTOR=1,COMPRESSION=1
		0x34324142 = 'BA24'; 0x0300000000cdb013 = NVIDIA_BLOCK_LINEAR_2D,HEIGHT=3,KIND=219,GEN=0,SECTOR=1,COMPRESSION=1
		0x34324142 = 'BA24'; 0x0300000000cdb014 = NVIDIA_BLOCK_LINEAR_2D,HEIGHT=4,KIND=219,GEN=0,SECTOR=1,COMPRESSION=1
		0x34324142 = 'BA24'; 0x0300000000cdb015 = NVIDIA_BLOCK_LINEAR_2D,HEIGHT=5,KIND=219,GEN=0,SECTOR=1,COMPRESSION=1
		0x34324142 = 'BA24'; 0x00ffffffffffffff = INVALID
		0x34325241 = 'AR24'; 0x03000000004fe010 = NVIDIA_BLOCK_LINEAR_2D,HEIGHT=0,KIND=254,GEN=0,SECTOR=1,COMPRESSION=0
		0x34325241 = 'AR24'; 0x03000000004fe011 = NVIDIA_BLOCK_LINEAR_2D,HEIGHT=1,KIND=254,GEN=0,SECTOR=1,COMPRESSION=0
		0x34325241 = 'AR24'; 0x03000000004fe012 = NVIDIA_BLOCK_LINEAR_2D,HEIGHT=2,KIND=254,GEN=0,SECTOR=1,COMPRESSION=0
		0x34325241 = 'AR24'; 0x03000000004fe013 = NVIDIA_BLOCK_LINEAR_2D,HEIGHT=3,KIND=254,GEN=0,SECTOR=1,COMPRESSION=0
		0x34325241 = 'AR24'; 0x03000000004fe014 = NVIDIA_BLOCK_LINEAR_2D,HEIGHT=4,KIND=254,GEN=0,SECTOR=1,COMPRESSION=0
		0x34325241 = 'AR24'; 0x03000000004fe015 = NVIDIA_BLOCK_LINEAR_2D,HEIGHT=5,KIND=254,GEN=0,SECTOR=1,COMPRESSION=0
		0x34325241 = 'AR24'; 0x0300000000cdb010 = NVIDIA_BLOCK_LINEAR_2D,HEIGHT=0,KIND=219,GEN=0,SECTOR=1,COMPRESSION=1
		0x34325241 = 'AR24'; 0x0300000000cdb011 = NVIDIA_BLOCK_LINEAR_2D,HEIGHT=1,KIND=219,GEN=0,SECTOR=1,COMPRESSION=1
		0x34325241 = 'AR24'; 0x0300000000cdb012 = NVIDIA_BLOCK_LINEAR_2D,HEIGHT=2,KIND=219,GEN=0,SECTOR=1,COMPRESSION=1
		0x34325241 = 'AR24'; 0x0300000000cdb013 = NVIDIA_BLOCK_LINEAR_2D,HEIGHT=3,KIND=219,GEN=0,SECTOR=1,COMPRESSION=1
		0x34325241 = 'AR24'; 0x0300000000cdb014 = NVIDIA_BLOCK_LINEAR_2D,HEIGHT=4,KIND=219,GEN=0,SECTOR=1,COMPRESSION=1
		0x34325241 = 'AR24'; 0x0300000000cdb015 = NVIDIA_BLOCK_LINEAR_2D,HEIGHT=5,KIND=219,GEN=0,SECTOR=1,COMPRESSION=1
		0x34325241 = 'AR24'; 0x00ffffffffffffff = INVALID
		0x34325258 = 'XR24'; 0x03000000004fe010 = NVIDIA_BLOCK_LINEAR_2D,HEIGHT=0,KIND=254,GEN=0,SECTOR=1,COMPRESSION=0
		0x34325258 = 'XR24'; 0x03000000004fe011 = NVIDIA_BLOCK_LINEAR_2D,HEIGHT=1,KIND=254,GEN=0,SECTOR=1,COMPRESSION=0
		0x34325258 = 'XR24'; 0x03000000004fe012 = NVIDIA_BLOCK_LINEAR_2D,HEIGHT=2,KIND=254,GEN=0,SECTOR=1,COMPRESSION=0
		0x34325258 = 'XR24'; 0x03000000004fe013 = NVIDIA_BLOCK_LINEAR_2D,HEIGHT=3,KIND=254,GEN=0,SECTOR=1,COMPRESSION=0
		0x34325258 = 'XR24'; 0x03000000004fe014 = NVIDIA_BLOCK_LINEAR_2D,HEIGHT=4,KIND=254,GEN=0,SECTOR=1,COMPRESSION=0
		0x34325258 = 'XR24'; 0x03000000004fe015 = NVIDIA_BLOCK_LINEAR_2D,HEIGHT=5,KIND=254,GEN=0,SECTOR=1,COMPRESSION=0
		0x34325258 = 'XR24'; 0x0300000000cdb010 = NVIDIA_BLOCK_LINEAR_2D,HEIGHT=0,KIND=219,GEN=0,SECTOR=1,COMPRESSION=1
		0x34325258 = 'XR24'; 0x0300000000cdb011 = NVIDIA_BLOCK_LINEAR_2D,HEIGHT=1,KIND=219,GEN=0,SECTOR=1,COMPRESSION=1
		0x34325258 = 'XR24'; 0x0300000000cdb012 = NVIDIA_BLOCK_LINEAR_2D,HEIGHT=2,KIND=219,GEN=0,SECTOR=1,COMPRESSION=1
		0x34325258 = 'XR24'; 0x0300000000cdb013 = NVIDIA_BLOCK_LINEAR_2D,HEIGHT=3,KIND=219,GEN=0,SECTOR=1,COMPRESSION=1
		0x34325258 = 'XR24'; 0x0300000000cdb014 = NVIDIA_BLOCK_LINEAR_2D,HEIGHT=4,KIND=219,GEN=0,SECTOR=1,COMPRESSION=1
		0x34325258 = 'XR24'; 0x0300000000cdb015 = NVIDIA_BLOCK_LINEAR_2D,HEIGHT=5,KIND=219,GEN=0,SECTOR=1,COMPRESSION=1
		0x34325258 = 'XR24'; 0x00ffffffffffffff = INVALID
		0x34324241 = 'AB24'; 0x03000000004fe010 = NVIDIA_BLOCK_LINEAR_2D,HEIGHT=0,KIND=254,GEN=0,SECTOR=1,COMPRESSION=0
		0x34324241 = 'AB24'; 0x03000000004fe011 = NVIDIA_BLOCK_LINEAR_2D,HEIGHT=1,KIND=254,GEN=0,SECTOR=1,COMPRESSION=0
		0x34324241 = 'AB24'; 0x03000000004fe012 = NVIDIA_BLOCK_LINEAR_2D,HEIGHT=2,KIND=254,GEN=0,SECTOR=1,COMPRESSION=0
		0x34324241 = 'AB24'; 0x03000000004fe013 = NVIDIA_BLOCK_LINEAR_2D,HEIGHT=3,KIND=254,GEN=0,SECTOR=1,COMPRESSION=0
		0x34324241 = 'AB24'; 0x03000000004fe014 = NVIDIA_BLOCK_LINEAR_2D,HEIGHT=4,KIND=254,GEN=0,SECTOR=1,COMPRESSION=0
		0x34324241 = 'AB24'; 0x03000000004fe015 = NVIDIA_BLOCK_LINEAR_2D,HEIGHT=5,KIND=254,GEN=0,SECTOR=1,COMPRESSION=0
		0x34324241 = 'AB24'; 0x0300000000cdb010 = NVIDIA_BLOCK_LINEAR_2D,HEIGHT=0,KIND=219,GEN=0,SECTOR=1,COMPRESSION=1
		0x34324241 = 'AB24'; 0x0300000000cdb011 = NVIDIA_BLOCK_LINEAR_2D,HEIGHT=1,KIND=219,GEN=0,SECTOR=1,COMPRESSION=1
		0x34324241 = 'AB24'; 0x0300000000cdb012 = NVIDIA_BLOCK_LINEAR_2D,HEIGHT=2,KIND=219,GEN=0,SECTOR=1,COMPRESSION=1
		0x34324241 = 'AB24'; 0x0300000000cdb013 = NVIDIA_BLOCK_LINEAR_2D,HEIGHT=3,KIND=219,GEN=0,SECTOR=1,COMPRESSION=1
		0x34324241 = 'AB24'; 0x0300000000cdb014 = NVIDIA_BLOCK_LINEAR_2D,HEIGHT=4,KIND=219,GEN=0,SECTOR=1,COMPRESSION=1
		0x34324241 = 'AB24'; 0x0300000000cdb015 = NVIDIA_BLOCK_LINEAR_2D,HEIGHT=5,KIND=219,GEN=0,SECTOR=1,COMPRESSION=1
		0x34324241 = 'AB24'; 0x00ffffffffffffff = INVALID
		0x34325842 = 'BX24'; 0x03000000004fe010 = NVIDIA_BLOCK_LINEAR_2D,HEIGHT=0,KIND=254,GEN=0,SECTOR=1,COMPRESSION=0
		0x34325842 = 'BX24'; 0x03000000004fe011 = NVIDIA_BLOCK_LINEAR_2D,HEIGHT=1,KIND=254,GEN=0,SECTOR=1,COMPRESSION=0
		0x34325842 = 'BX24'; 0x03000000004fe012 = NVIDIA_BLOCK_LINEAR_2D,HEIGHT=2,KIND=254,GEN=0,SECTOR=1,COMPRESSION=0
		0x34325842 = 'BX24'; 0x03000000004fe013 = NVIDIA_BLOCK_LINEAR_2D,HEIGHT=3,KIND=254,GEN=0,SECTOR=1,COMPRESSION=0
		0x34325842 = 'BX24'; 0x03000000004fe014 = NVIDIA_BLOCK_LINEAR_2D,HEIGHT=4,KIND=254,GEN=0,SECTOR=1,COMPRESSION=0
		0x34325842 = 'BX24'; 0x03000000004fe015 = NVIDIA_BLOCK_LINEAR_2D,HEIGHT=5,KIND=254,GEN=0,SECTOR=1,COMPRESSION=0
		0x34325842 = 'BX24'; 0x0300000000cdb010 = NVIDIA_BLOCK_LINEAR_2D,HEIGHT=0,KIND=219,GEN=0,SECTOR=1,COMPRESSION=1
		0x34325842 = 'BX24'; 0x0300000000cdb011 = NVIDIA_BLOCK_LINEAR_2D,HEIGHT=1,KIND=219,GEN=0,SECTOR=1,COMPRESSION=1
		0x34325842 = 'BX24'; 0x0300000000cdb012 = NVIDIA_BLOCK_LINEAR_2D,HEIGHT=2,KIND=219,GEN=0,SECTOR=1,COMPRESSION=1
		0x34325842 = 'BX24'; 0x0300000000cdb013 = NVIDIA_BLOCK_LINEAR_2D,HEIGHT=3,KIND=219,GEN=0,SECTOR=1,COMPRESSION=1
		0x34325842 = 'BX24'; 0x0300000000cdb014 = NVIDIA_BLOCK_LINEAR_2D,HEIGHT=4,KIND=219,GEN=0,SECTOR=1,COMPRESSION=1
		0x34325842 = 'BX24'; 0x0300000000cdb015 = NVIDIA_BLOCK_LINEAR_2D,HEIGHT=5,KIND=219,GEN=0,SECTOR=1,COMPRESSION=1
		0x34325842 = 'BX24'; 0x00ffffffffffffff = INVALID
	tranche
		target device: 0xE280 (/dev/dri/card1 or /dev/dri/renderD128)
		flags: none
		formats (fourcc) and modifiers (names):
		0x30335241 = 'AR30'; 0x03000000004fe010 = NVIDIA_BLOCK_LINEAR_2D,HEIGHT=0,KIND=254,GEN=0,SECTOR=1,COMPRESSION=0
		0x30335241 = 'AR30'; 0x03000000004fe011 = NVIDIA_BLOCK_LINEAR_2D,HEIGHT=1,KIND=254,GEN=0,SECTOR=1,COMPRESSION=0
		0x30335241 = 'AR30'; 0x03000000004fe012 = NVIDIA_BLOCK_LINEAR_2D,HEIGHT=2,KIND=254,GEN=0,SECTOR=1,COMPRESSION=0
		0x30335241 = 'AR30'; 0x03000000004fe013 = NVIDIA_BLOCK_LINEAR_2D,HEIGHT=3,KIND=254,GEN=0,SECTOR=1,COMPRESSION=0
		0x30335241 = 'AR30'; 0x03000000004fe014 = NVIDIA_BLOCK_LINEAR_2D,HEIGHT=4,KIND=254,GEN=0,SECTOR=1,COMPRESSION=0
		0x30335241 = 'AR30'; 0x03000000004fe015 = NVIDIA_BLOCK_LINEAR_2D,HEIGHT=5,KIND=254,GEN=0,SECTOR=1,COMPRESSION=0
		0x30335241 = 'AR30'; 0x0300000000cdb010 = NVIDIA_BLOCK_LINEAR_2D,HEIGHT=0,KIND=219,GEN=0,SECTOR=1,COMPRESSION=1
		0x30335241 = 'AR30'; 0x0300000000cdb011 = NVIDIA_BLOCK_LINEAR_2D,HEIGHT=1,KIND=219,GEN=0,SECTOR=1,COMPRESSION=1
		0x30335241 = 'AR30'; 0x0300000000cdb012 = NVIDIA_BLOCK_LINEAR_2D,HEIGHT=2,KIND=219,GEN=0,SECTOR=1,COMPRESSION=1
		0x30335241 = 'AR30'; 0x0300000000cdb013 = NVIDIA_BLOCK_LINEAR_2D,HEIGHT=3,KIND=219,GEN=0,SECTOR=1,COMPRESSION=1
		0x30335241 = 'AR30'; 0x0300000000cdb014 = NVIDIA_BLOCK_LINEAR_2D,HEIGHT=4,KIND=219,GEN=0,SECTOR=1,COMPRESSION=1
		0x30335241 = 'AR30'; 0x0300000000cdb015 = NVIDIA_BLOCK_LINEAR_2D,HEIGHT=5,KIND=219,GEN=0,SECTOR=1,COMPRESSION=1
		0x30335241 = 'AR30'; 0x00ffffffffffffff = INVALID
		0x30334142 = 'BA30'; 0x03000000004fe010 = NVIDIA_BLOCK_LINEAR_2D,HEIGHT=0,KIND=254,GEN=0,SECTOR=1,COMPRESSION=0
		0x30334142 = 'BA30'; 0x03000000004fe011 = NVIDIA_BLOCK_LINEAR_2D,HEIGHT=1,KIND=254,GEN=0,SECTOR=1,COMPRESSION=0
		0x30334142 = 'BA30'; 0x03000000004fe012 = NVIDIA_BLOCK_LINEAR_2D,HEIGHT=2,KIND=254,GEN=0,SECTOR=1,COMPRESSION=0
		0x30334142 = 'BA30'; 0x03000000004fe013 = NVIDIA_BLOCK_LINEAR_2D,HEIGHT=3,KIND=254,GEN=0,SECTOR=1,COMPRESSION=0
		0x30334142 = 'BA30'; 0x03000000004fe014 = NVIDIA_BLOCK_LINEAR_2D,HEIGHT=4,KIND=254,GEN=0,SECTOR=1,COMPRESSION=0
		0x30334142 = 'BA30'; 0x03000000004fe015 = NVIDIA_BLOCK_LINEAR_2D,HEIGHT=5,KIND=254,GEN=0,SECTOR=1,COMPRESSION=0
		0x30334142 = 'BA30'; 0x0300000000cdb010 = NVIDIA_BLOCK_LINEAR_2D,HEIGHT=0,KIND=219,GEN=0,SECTOR=1,COMPRESSION=1
		0x30334142 = 'BA30'; 0x0300000000cdb011 = NVIDIA_BLOCK_LINEAR_2D,HEIGHT=1,KIND=219,GEN=0,SECTOR=1,COMPRESSION=1
		0x30334142 = 'BA30'; 0x0300000000cdb012 = NVIDIA_BLOCK_LINEAR_2D,HEIGHT=2,KIND=219,GEN=0,SECTOR=1,COMPRESSION=1
		0x30334142 = 'BA30'; 0x0300000000cdb013 = NVIDIA_BLOCK_LINEAR_2D,HEIGHT=3,KIND=219,GEN=0,SECTOR=1,COMPRESSION=1
		0x30334142 = 'BA30'; 0x0300000000cdb014 = NVIDIA_BLOCK_LINEAR_2D,HEIGHT=4,KIND=219,GEN=0,SECTOR=1,COMPRESSION=1
		0x30334142 = 'BA30'; 0x0300000000cdb015 = NVIDIA_BLOCK_LINEAR_2D,HEIGHT=5,KIND=219,GEN=0,SECTOR=1,COMPRESSION=1
		0x30334142 = 'BA30'; 0x00ffffffffffffff = INVALID
		0x30335842 = 'BX30'; 0x03000000004fe010 = NVIDIA_BLOCK_LINEAR_2D,HEIGHT=0,KIND=254,GEN=0,SECTOR=1,COMPRESSION=0
		0x30335842 = 'BX30'; 0x03000000004fe011 = NVIDIA_BLOCK_LINEAR_2D,HEIGHT=1,KIND=254,GEN=0,SECTOR=1,COMPRESSION=0
		0x30335842 = 'BX30'; 0x03000000004fe012 = NVIDIA_BLOCK_LINEAR_2D,HEIGHT=2,KIND=254,GEN=0,SECTOR=1,COMPRESSION=0
		0x30335842 = 'BX30'; 0x03000000004fe013 = NVIDIA_BLOCK_LINEAR_2D,HEIGHT=3,KIND=254,GEN=0,SECTOR=1,COMPRESSION=0
		0x30335842 = 'BX30'; 0x03000000004fe014 = NVIDIA_BLOCK_LINEAR_2D,HEIGHT=4,KIND=254,GEN=0,SECTOR=1,COMPRESSION=0
		0x30335842 = 'BX30'; 0x03000000004fe015 = NVIDIA_BLOCK_LINEAR_2D,HEIGHT=5,KIND=254,GEN=0,SECTOR=1,COMPRESSION=0
		0x30335842 = 'BX30'; 0x0300000000cdb010 = NVIDIA_BLOCK_LINEAR_2D,HEIGHT=0,KIND=219,GEN=0,SECTOR=1,COMPRESSION=1
		0x30335842 = 'BX30'; 0x0300000000cdb011 = NVIDIA_BLOCK_LINEAR_2D,HEIGHT=1,KIND=219,GEN=0,SECTOR=1,COMPRESSION=1
		0x30335842 = 'BX30'; 0x0300000000cdb012 = NVIDIA_BLOCK_LINEAR_2D,HEIGHT=2,KIND=219,GEN=0,SECTOR=1,COMPRESSION=1
		0x30335842 = 'BX30'; 0x0300000000cdb013 = NVIDIA_BLOCK_LINEAR_2D,HEIGHT=3,KIND=219,GEN=0,SECTOR=1,COMPRESSION=1
		0x30335842 = 'BX30'; 0x0300000000cdb014 = NVIDIA_BLOCK_LINEAR_2D,HEIGHT=4,KIND=219,GEN=0,SECTOR=1,COMPRESSION=1
		0x30335842 = 'BX30'; 0x0300000000cdb015 = NVIDIA_BLOCK_LINEAR_2D,HEIGHT=5,KIND=219,GEN=0,SECTOR=1,COMPRESSION=1
		0x30335842 = 'BX30'; 0x00ffffffffffffff = INVALID
		0x30334152 = 'RA30'; 0x03000000004fe010 = NVIDIA_BLOCK_LINEAR_2D,HEIGHT=0,KIND=254,GEN=0,SECTOR=1,COMPRESSION=0
		0x30334152 = 'RA30'; 0x03000000004fe011 = NVIDIA_BLOCK_LINEAR_2D,HEIGHT=1,KIND=254,GEN=0,SECTOR=1,COMPRESSION=0
		0x30334152 = 'RA30'; 0x03000000004fe012 = NVIDIA_BLOCK_LINEAR_2D,HEIGHT=2,KIND=254,GEN=0,SECTOR=1,COMPRESSION=0
		0x30334152 = 'RA30'; 0x03000000004fe013 = NVIDIA_BLOCK_LINEAR_2D,HEIGHT=3,KIND=254,GEN=0,SECTOR=1,COMPRESSION=0
		0x30334152 = 'RA30'; 0x03000000004fe014 = NVIDIA_BLOCK_LINEAR_2D,HEIGHT=4,KIND=254,GEN=0,SECTOR=1,COMPRESSION=0
		0x30334152 = 'RA30'; 0x03000000004fe015 = NVIDIA_BLOCK_LINEAR_2D,HEIGHT=5,KIND=254,GEN=0,SECTOR=1,COMPRESSION=0
		0x30334152 = 'RA30'; 0x0300000000cdb010 = NVIDIA_BLOCK_LINEAR_2D,HEIGHT=0,KIND=219,GEN=0,SECTOR=1,COMPRESSION=1
		0x30334152 = 'RA30'; 0x0300000000cdb011 = NVIDIA_BLOCK_LINEAR_2D,HEIGHT=1,KIND=219,GEN=0,SECTOR=1,COMPRESSION=1
		0x30334152 = 'RA30'; 0x0300000000cdb012 = NVIDIA_BLOCK_LINEAR_2D,HEIGHT=2,KIND=219,GEN=0,SECTOR=1,COMPRESSION=1
		0x30334152 = 'RA30'; 0x0300000000cdb013 = NVIDIA_BLOCK_LINEAR_2D,HEIGHT=3,KIND=219,GEN=0,SECTOR=1,COMPRESSION=1
		0x30334152 = 'RA30'; 0x0300000000cdb014 = NVIDIA_BLOCK_LINEAR_2D,HEIGHT=4,KIND=219,GEN=0,SECTOR=1,COMPRESSION=1
		0x30334152 = 'RA30'; 0x0300000000cdb015 = NVIDIA_BLOCK_LINEAR_2D,HEIGHT=5,KIND=219,GEN=0,SECTOR=1,COMPRESSION=1
		0x30334152 = 'RA30'; 0x00ffffffffffffff = INVALID
		0x30334241 = 'AB30'; 0x03000000004fe010 = NVIDIA_BLOCK_LINEAR_2D,HEIGHT=0,KIND=254,GEN=0,SECTOR=1,COMPRESSION=0
		0x30334241 = 'AB30'; 0x03000000004fe011 = NVIDIA_BLOCK_LINEAR_2D,HEIGHT=1,KIND=254,GEN=0,SECTOR=1,COMPRESSION=0
		0x30334241 = 'AB30'; 0x03000000004fe012 = NVIDIA_BLOCK_LINEAR_2D,HEIGHT=2,KIND=254,GEN=0,SECTOR=1,COMPRESSION=0
		0x30334241 = 'AB30'; 0x03000000004fe013 = NVIDIA_BLOCK_LINEAR_2D,HEIGHT=3,KIND=254,GEN=0,SECTOR=1,COMPRESSION=0
		0x30334241 = 'AB30'; 0x03000000004fe014 = NVIDIA_BLOCK_LINEAR_2D,HEIGHT=4,KIND=254,GEN=0,SECTOR=1,COMPRESSION=0
		0x30334241 = 'AB30'; 0x03000000004fe015 = NVIDIA_BLOCK_LINEAR_2D,HEIGHT=5,KIND=254,GEN=0,SECTOR=1,COMPRESSION=0
		0x30334241 = 'AB30'; 0x0300000000cdb010 = NVIDIA_BLOCK_LINEAR_2D,HEIGHT=0,KIND=219,GEN=0,SECTOR=1,COMPRESSION=1
		0x30334241 = 'AB30'; 0x0300000000cdb011 = NVIDIA_BLOCK_LINEAR_2D,HEIGHT=1,KIND=219,GEN=0,SECTOR=1,COMPRESSION=1
		0x30334241 = 'AB30'; 0x0300000000cdb012 = NVIDIA_BLOCK_LINEAR_2D,HEIGHT=2,KIND=219,GEN=0,SECTOR=1,COMPRESSION=1
		0x30334241 = 'AB30'; 0x0300000000cdb013 = NVIDIA_BLOCK_LINEAR_2D,HEIGHT=3,KIND=219,GEN=0,SECTOR=1,COMPRESSION=1
		0x30334241 = 'AB30'; 0x0300000000cdb014 = NVIDIA_BLOCK_LINEAR_2D,HEIGHT=4,KIND=219,GEN=0,SECTOR=1,COMPRESSION=1
		0x30334241 = 'AB30'; 0x0300000000cdb015 = NVIDIA_BLOCK_LINEAR_2D,HEIGHT=5,KIND=219,GEN=0,SECTOR=1,COMPRESSION=1
		0x30334241 = 'AB30'; 0x00ffffffffffffff = INVALID
		0x30335852 = 'RX30'; 0x03000000004fe010 = NVIDIA_BLOCK_LINEAR_2D,HEIGHT=0,KIND=254,GEN=0,SECTOR=1,COMPRESSION=0
		0x30335852 = 'RX30'; 0x03000000004fe011 = NVIDIA_BLOCK_LINEAR_2D,HEIGHT=1,KIND=254,GEN=0,SECTOR=1,COMPRESSION=0
		0x30335852 = 'RX30'; 0x03000000004fe012 = NVIDIA_BLOCK_LINEAR_2D,HEIGHT=2,KIND=254,GEN=0,SECTOR=1,COMPRESSION=0
		0x30335852 = 'RX30'; 0x03000000004fe013 = NVIDIA_BLOCK_LINEAR_2D,HEIGHT=3,KIND=254,GEN=0,SECTOR=1,COMPRESSION=0
		0x30335852 = 'RX30'; 0x03000000004fe014 = NVIDIA_BLOCK_LINEAR_2D,HEIGHT=4,KIND=254,GEN=0,SECTOR=1,COMPRESSION=0
		0x30335852 = 'RX30'; 0x03000000004fe015 = NVIDIA_BLOCK_LINEAR_2D,HEIGHT=5,KIND=254,GEN=0,SECTOR=1,COMPRESSION=0
		0x30335852 = 'RX30'; 0x0300000000cdb010 = NVIDIA_BLOCK_LINEAR_2D,HEIGHT=0,KIND=219,GEN=0,SECTOR=1,COMPRESSION=1
		0x30335852 = 'RX30'; 0x0300000000cdb011 = NVIDIA_BLOCK_LINEAR_2D,HEIGHT=1,KIND=219,GEN=0,SECTOR=1,COMPRESSION=1
		0x30335852 = 'RX30'; 0x0300000000cdb012 = NVIDIA_BLOCK_LINEAR_2D,HEIGHT=2,KIND=219,GEN=0,SECTOR=1,COMPRESSION=1
		0x30335852 = 'RX30'; 0x0300000000cdb013 = NVIDIA_BLOCK_LINEAR_2D,HEIGHT=3,KIND=219,GEN=0,SECTOR=1,COMPRESSION=1
		0x30335852 = 'RX30'; 0x0300000000cdb014 = NVIDIA_BLOCK_LINEAR_2D,HEIGHT=4,KIND=219,GEN=0,SECTOR=1,COMPRESSION=1
		0x30335852 = 'RX30'; 0x0300000000cdb015 = NVIDIA_BLOCK_LINEAR_2D,HEIGHT=5,KIND=219,GEN=0,SECTOR=1,COMPRESSION=1
		0x30335852 = 'RX30'; 0x00ffffffffffffff = INVALID
		0x30335258 = 'XR30'; 0x03000000004fe010 = NVIDIA_BLOCK_LINEAR_2D,HEIGHT=0,KIND=254,GEN=0,SECTOR=1,COMPRESSION=0
		0x30335258 = 'XR30'; 0x03000000004fe011 = NVIDIA_BLOCK_LINEAR_2D,HEIGHT=1,KIND=254,GEN=0,SECTOR=1,COMPRESSION=0
		0x30335258 = 'XR30'; 0x03000000004fe012 = NVIDIA_BLOCK_LINEAR_2D,HEIGHT=2,KIND=254,GEN=0,SECTOR=1,COMPRESSION=0
		0x30335258 = 'XR30'; 0x03000000004fe013 = NVIDIA_BLOCK_LINEAR_2D,HEIGHT=3,KIND=254,GEN=0,SECTOR=1,COMPRESSION=0
		0x30335258 = 'XR30'; 0x03000000004fe014 = NVIDIA_BLOCK_LINEAR_2D,HEIGHT=4,KIND=254,GEN=0,SECTOR=1,COMPRESSION=0
		0x30335258 = 'XR30'; 0x03000000004fe015 = NVIDIA_BLOCK_LINEAR_2D,HEIGHT=5,KIND=254,GEN=0,SECTOR=1,COMPRESSION=0
		0x30335258 = 'XR30'; 0x0300000000cdb010 = NVIDIA_BLOCK_LINEAR_2D,HEIGHT=0,KIND=219,GEN=0,SECTOR=1,COMPRESSION=1
		0x30335258 = 'XR30'; 0x0300000000cdb011 = NVIDIA_BLOCK_LINEAR_2D,HEIGHT=1,KIND=219,GEN=0,SECTOR=1,COMPRESSION=1
		0x30335258 = 'XR30'; 0x0300000000cdb012 = NVIDIA_BLOCK_LINEAR_2D,HEIGHT=2,KIND=219,GEN=0,SECTOR=1,COMPRESSION=1
		0x30335258 = 'XR30'; 0x0300000000cdb013 = NVIDIA_BLOCK_LINEAR_2D,HEIGHT=3,KIND=219,GEN=0,SECTOR=1,COMPRESSION=1
		0x30335258 = 'XR30'; 0x0300000000cdb014 = NVIDIA_BLOCK_LINEAR_2D,HEIGHT=4,KIND=219,GEN=0,SECTOR=1,COMPRESSION=1
		0x30335258 = 'XR30'; 0x0300000000cdb015 = NVIDIA_BLOCK_LINEAR_2D,HEIGHT=5,KIND=219,GEN=0,SECTOR=1,COMPRESSION=1
		0x30335258 = 'XR30'; 0x00ffffffffffffff = INVALID
		0x30334258 = 'XB30'; 0x03000000004fe010 = NVIDIA_BLOCK_LINEAR_2D,HEIGHT=0,KIND=254,GEN=0,SECTOR=1,COMPRESSION=0
		0x30334258 = 'XB30'; 0x03000000004fe011 = NVIDIA_BLOCK_LINEAR_2D,HEIGHT=1,KIND=254,GEN=0,SECTOR=1,COMPRESSION=0
		0x30334258 = 'XB30'; 0x03000000004fe012 = NVIDIA_BLOCK_LINEAR_2D,HEIGHT=2,KIND=254,GEN=0,SECTOR=1,COMPRESSION=0
		0x30334258 = 'XB30'; 0x03000000004fe013 = NVIDIA_BLOCK_LINEAR_2D,HEIGHT=3,KIND=254,GEN=0,SECTOR=1,COMPRESSION=0
		0x30334258 = 'XB30'; 0x03000000004fe014 = NVIDIA_BLOCK_LINEAR_2D,HEIGHT=4,KIND=254,GEN=0,SECTOR=1,COMPRESSION=0
		0x30334258 = 'XB30'; 0x03000000004fe015 = NVIDIA_BLOCK_LINEAR_2D,HEIGHT=5,KIND=254,GEN=0,SECTOR=1,COMPRESSION=0
		0x30334258 = 'XB30'; 0x0300000000cdb010 = NVIDIA_BLOCK_LINEAR_2D,HEIGHT=0,KIND=219,GEN=0,SECTOR=1,COMPRESSION=1
		0x30334258 = 'XB30'; 0x0300000000cdb011 = NVIDIA_BLOCK_LINEAR_2D,HEIGHT=1,KIND=219,GEN=0,SECTOR=1,COMPRESSION=1
		0x30334258 = 'XB30'; 0x0300000000cdb012 = NVIDIA_BLOCK_LINEAR_2D,HEIGHT=2,KIND=219,GEN=0,SECTOR=1,COMPRESSION=1
		0x30334258 = 'XB30'; 0x0300000000cdb013 = NVIDIA_BLOCK_LINEAR_2D,HEIGHT=3,KIND=219,GEN=0,SECTOR=1,COMPRESSION=1
		0x30334258 = 'XB30'; 0x0300000000cdb014 = NVIDIA_BLOCK_LINEAR_2D,HEIGHT=4,KIND=219,GEN=0,SECTOR=1,COMPRESSION=1
		0x30334258 = 'XB30'; 0x0300000000cdb015 = NVIDIA_BLOCK_LINEAR_2D,HEIGHT=5,KIND=219,GEN=0,SECTOR=1,COMPRESSION=1
		0x30334258 = 'XB30'; 0x00ffffffffffffff = INVALID
interface: 'wp_linux_drm_syncobj_manager_v1',            version:  1, name: 61
interface: 'zwp_input_panel_v1',                         version:  1, name: 62
interface: 'xdg_wm_base',                                version:  6, name: 63
interface: 'zwlr_layer_shell_v1',                        version:  5, name: 64
interface: 'org_kde_kwin_keystate',                      version:  5, name: 65
interface: 'wl_output',                                  version:  4, name: 66
	name: DP-2
	description: Ancor Communications Inc ASUS PB287Q
	x: 0, y: 0, scale: 2,
	physical_width: 621 mm, physical_height: 341 mm,
	make: 'Ancor Communications Inc', model: 'ASUS PB287Q',
	subpixel_orientation: unknown, output_transform: normal,
	mode:
		width: 3840 px, height: 2160 px, refresh: 59.997 Hz,
		flags: current
interface: 'wp_drm_lease_device_v1',                     version:  1, name: 67
	path: /dev/dri/card1
interface: 'kde_output_order_v1',                        version:  1, name: 68
interface: 'zwp_text_input_manager_v2',                  version:  1, name: 69
interface: 'zwp_text_input_manager_v3',                  version:  2, name: 70
interface: 'org_kde_kwin_slide_manager',                 version:  1, name: 72
interface: 'xdg_system_bell_v1',                         version:  1, name: 73
