Screen 0: minimum 16 x 16, current 3840 x 2160, maximum 32767 x 32767
DP-2 connected primary 3840x2160+0+0 (normal left inverted right x axis y axis) 621mm x 341mm
   3840x2160     59.98*+
   2048x1536     59.95  
   1920x1440     59.90  
   1600x1200     59.87  
   1440x1080     59.99  
   1400x1050     59.98  
   1280x1024     59.89  
   1280x960      59.94  
   1152x864      59.96  
   1024x768      59.92  
   800x600       59.86  
   640x480       59.38  
   320x240       59.29  
   2560x1600     59.94  
   1920x1200     59.88  
   1680x1050     59.95  
   1440x900      59.89  
   1280x800      59.81  
   1152x720      59.75  
   960x600       59.63  
   928x580       59.88  
   800x500       59.50  
   768x480       59.90  
   720x480       59.71  
   640x400       59.95  
   320x200       58.14  
   3200x1800     59.96  
   2880x1620     59.96  
   2560x1440     59.96  
   2048x1152     59.90  
   1920x1080     59.96  
   1600x900      59.95  
   1368x768      59.88  
   1280x720      59.86  
   1024x576      59.90  
   864x486       59.92  
   720x400       59.27  
   640x350       59.28  
