{
  "status": "PASS",
  "source_sha256": "12907130e20018d85c62808aba8d993893d63e8957108a3252a51ac6d85488e4",
  "source_bytes": 141968,
  "glb_sha256": "d826c257c21de7754f0261e6376f942abbc6ddc249fdc5f5d5c7e3a54049a2b6",
  "glb_bytes": 98848,
  "triangles": 3624,
  "editable_meshes": 16,
  "source_unchanged_through_previews": true,
  "saved_source_byte_identical_reexport": true,
  "eight_previews_with_complete_camera_receipts": true,
  "report_links_resolve": true,
  "prior_subprocess_receipts": 13,
  "retained_launch_failure": "Requested binary pathname absent, exit 127; exact authorized build verified at /usr/bin/blender",
  "self_visual_check": "Hero, bracket, elevation, dimension sheet, metre reference, both asymmetric UV charts, mounting jig and project-camera view inspected. Evidence fix resolved label overlap/cropping/perspective comparison. No independent acceptance claimed.",
  "pending": [
    "Godot import",
    "prefab",
    "save/reopen",
    "real-shell mounting",
    "collision",
    "runtime/network",
    "device/performance",
    "world placement",
    "independent technical/art acceptance"
  ]
}
