[
  {
    "file": "art/models/environment/city_shop_fittings_08/city_shop_fittings_08.glb",
    "godot_axis_aabb": [
      [
        -0.10000000149011612,
        -0.5799999833106995,
        -0.8799999952316284
      ],
      [
        0.10000000149011612,
        0.5799999833106995,
        0.0
      ]
    ],
    "triangles": 3624,
    "mesh_count": 16,
    "materials": [
      {
        "name": "blade_mount_metal",
        "pbrMetallicRoughness": {
          "baseColorFactor": [
            0.039546236395835876,
            0.06480326503515244,
            0.0802198201417923,
            1
          ],
          "metallicFactor": 0.44999998807907104,
          "roughnessFactor": 0.5
        }
      },
      {
        "name": "blade_warm_trim",
        "pbrMetallicRoughness": {
          "baseColorFactor": [
            0.577580451965332,
            0.5394794940948486,
            0.41788506507873535,
            1
          ],
          "metallicFactor": 0.2199999988079071,
          "roughnessFactor": 0.47999998927116394
        }
      },
      {
        "name": "blade_recess",
        "pbrMetallicRoughness": {
          "baseColorFactor": [
            0.016807375475764275,
            0.03310476616024971,
            0.04373503103852272,
            1
          ],
          "metallicFactor": 0,
          "roughnessFactor": 0.7200000286102295
        }
      },
      {
        "name": "blade_artwork_negative_x",
        "pbrMetallicRoughness": {
          "baseColorFactor": [
            0.5457244515419006,
            0.5711248517036438,
            0.5028864741325378,
            1
          ],
          "metallicFactor": 0,
          "roughnessFactor": 0.5600000023841858
        }
      },
      {
        "name": "blade_artwork_positive_x",
        "pbrMetallicRoughness": {
          "baseColorFactor": [
            0.5457244515419006,
            0.5711248517036438,
            0.5028864741325378,
            1
          ],
          "metallicFactor": 0,
          "roughnessFactor": 0.5600000023841858
        }
      },
      {
        "name": "blade_slate_petrol",
        "pbrMetallicRoughness": {
          "baseColorFactor": [
            0.05126945674419403,
            0.10461648553609848,
            0.1384316086769104,
            1
          ],
          "metallicFactor": 0.25,
          "roughnessFactor": 0.46000000834465027
        }
      }
    ],
    "artwork_uv_checks": [
      {
        "node": "face_negative_x",
        "material": "blade_artwork_negative_x",
        "vertices": 36,
        "triangles": 34,
        "uv_triangle_determinants": [
          -0.0013641611562284581,
          -2.4694979072264662e-05,
          -2.4694027349725367e-05,
          -2.4693876355730282e-05,
          -2.4694732372765316e-05,
          -0.0006891171110412486,
          -2.4693405663356316e-05,
          -2.4694323585094935e-05,
          -2.4693750926729763e-05,
          -0.0013641968624824585,
          -2.4694105256628518e-05,
          -2.4693976886425162e-05,
          -2.469407863259221e-05,
          -2.4694768487876217e-05,
          -0.0006891171110412486,
          -2.4693575502610088e-05,
          -2.469418900674647e-05,
          -2.4693214852433698e-05,
          -0.0054775835895108215,
          -0.0001918949336270348,
          -0.002803213999786891,
          -0.00019189465729496646,
          -0.010674335203400886,
          -0.0001918941637271132,
          -0.0001918935683349332,
          -0.005428407277656255,
          -0.0001918930986364309,
          -0.03935266225849765,
          -0.0161789959856371,
          -0.02172349556920139,
          -0.01143317277668654,
          -0.03301059768757286,
          -0.9097870754200565,
          -0.9329311495198107
        ],
        "uv0_u_viewer_right_v_down": "PASS"
      },
      {
        "node": "face_positive_x",
        "material": "blade_artwork_positive_x",
        "vertices": 36,
        "triangles": 34,
        "uv_triangle_determinants": [
          -0.0013641968624824585,
          -2.4693313456225496e-05,
          -2.4694323585094935e-05,
          -2.469354965839443e-05,
          -0.0006891170928091661,
          -2.4694720334395015e-05,
          -2.469411742289651e-05,
          -2.4694020514248738e-05,
          -2.469414389430403e-05,
          -0.0013642081547692215,
          -2.469359251251746e-05,
          -2.4694217889198455e-05,
          -2.4693473121173426e-05,
          -0.0006891170928091661,
          -2.4694768487876217e-05,
          -2.4693763947425396e-05,
          -2.4693976886425162e-05,
          -2.46945989097469e-05,
          -0.010674390240929199,
          -0.00019189395916185958,
          -0.002803213927556669,
          -0.00019189566050126228,
          -0.0054775843349289186,
          -0.00019189374407878323,
          -0.005428407069815178,
          -0.00019189376094885802,
          -0.00019189334280866888,
          -0.04611055247558937,
          -0.02033867082236923,
          -0.031118187178808487,
          -0.011433172674485181,
          -0.023615916962299366,
          -0.9012888138120474,
          -0.9305117820194131
        ],
        "uv0_u_viewer_right_v_down": "PASS"
      }
    ],
    "checks": "PASS: exact dimensions, unit transforms, finite unit normals, nondegenerate triangles, studio exclusion, no lights/animations/textures"
  }
]
