Godot Engine v4.8.dev7.official.c971f93e7 - https://godotengine.org

[   0% ] first_scan_filesystem | Started Project initialization (5 steps)
[   0% ] first_scan_filesystem | Scanning file structure...
[  16% ] first_scan_filesystem | Loading global class names...
[  33% ] first_scan_filesystem | Verifying GDExtensions...
[  50% ] first_scan_filesystem | Creating autoload scripts...
[  66% ] first_scan_filesystem | Initializing plugins...
[  83% ] first_scan_filesystem | Starting file scan...
[ DONE ] first_scan_filesystem

[   0% ] update_scripts_classes | Started Registering global classes... (5 steps)
[   0% ] update_scripts_classes | S04DriveRules
[  16% ] update_scripts_classes | S09Lane
[  33% ] update_scripts_classes | 
[  50% ] update_scripts_classes | S09TrafficSimulation
[  66% ] update_scripts_classes | S09Topology
[ DONE ] update_scripts_classes

[   0% ] loading_editor_layout | Started Loading editor (5 steps)
[   0% ] loading_editor_layout | Loading editor layout...
[  16% ] loading_editor_layout | Loading docks...
[ DONE ] loading_editor_layout

