d06_shopfront_blocks.01 - short-row assembly reference
Scope: saved existing-prefab composition; zero authored/exported meshes; no world placement.

Pinned source audit: Blender 5.2.2 LTS d13f752e3b9c, exit 0.
Seven unchanged sources; weighted 54616 triangles, 27632 source vertices,
29300 split export vertices, 202 meshes, 207 surfaces; 0 degenerate faces,
0 non-manifold edges; finite coordinates, winding, unit corner normals pass.
Fresh assembly GLB reexport: N/A, no assembly GLB exists or is required.

Four final Blender Cycles CPU renders: exit 0; self-inspected.
1280x720, PNG compression 95, dithering 0; hero/side/detail/47m-42deg overhead.
Saved-scene-derived placements, no alternate layout writer; studio ground unsaved.

Pinned final import: Godot 4.8.dev7.official.c971f93e7, exit 0.
No ERROR/SCRIPT ERROR lines. Existing toolkit untested-4.8 warning only.
Final headless normalization: exit 0; two byte-stable roundtrips pass.
Normalization emits known editor/plugin shutdown RID/ObjectDB leaks;
initial normalization also emitted scan-abort warning. Not a clean editor exit claim.
Final separate runtime check: exit 0; no ERROR/SCRIPT ERROR/WARNING lines.
28 linked models, all recursive dependency UID/path resolutions pass.
3 inherited enabled static footprint boxes; 14 capsule sweeps clear;
3 closed-shop overlap checks hit exactly the expected owner.
Bounds: (-20.18,0,-6.85) to (20.18,5.05,5.83) m.
Owned gdstyle fmt --check and --max-line-length 100 --max-warnings 0: pass.
Initial 3 long-line warnings were corrected; final owned checks clean.

Historical pre-interruption broad checks (before decision 52): explicit pinned
paths plus PYTHONUTF8=1 yielded exit 0; script lint/format/compilation pass,
17 Python tests pass, 165 GUT tests/6918 assertions pass, negative control pass.
Earlier ambient-path runs failed tool version detection (one CP1252 decode error).
Not rerun after resume: updated brief excludes broad suite for unplaced assets.

Raw commands/diagnostics: C:/tmp/ft/assets/d06_shopfront_blocks_01/ (not committed).
No live editor sessions, shared sources, existing prefabs, or world files changed.
Pending: independent review, actual movement/network/traffic, world/floor integration,
populated gameplay camera, packaged build and sustained device performance.
