Godot Engine v4.8.dev7.official.c971f93e7 - https://godotengine.org

ERROR: Condition "_sock == -1" is true. Returning: FAILED
   at: _inet_open (drivers/unix/net_socket_unix.cpp:288)
ERROR: Condition "err != OK" is true. Returning: ERR_CANT_CREATE
   at: listen (core/io/tcp_server.cpp:56)
[   0% ] first_scan_filesystem | Started Project initialization (5 steps)
[   0% ] first_scan_filesystem | Scanning file structure...
[  16% ] first_scan_filesystem | Loading global class names...
[  33% ] first_scan_filesystem | Verifying GDExtensions...
[  50% ] first_scan_filesystem | Creating autoload scripts...
[  66% ] first_scan_filesystem | Initializing plugins...
[  83% ] first_scan_filesystem | Starting file scan...
[ DONE ] first_scan_filesystem

[   0% ] update_scripts_classes | Started Registering global classes... (2 steps)
[   0% ] update_scripts_classes | DockThumperPreview
[  33% ] update_scripts_classes | DockThumperCaptureCheck
[ DONE ] update_scripts_classes

[   0% ] _update_scan_actions | Started Scanning actions... (3 steps)
[   0% ] _update_scan_actions | dock_thumper_launcher_a.glb
[  25% ] _update_scan_actions | dock_thumper_preview_stage.glb
[  50% ] _update_scan_actions | dock_thumper_rocket_a.glb
[ DONE ] _update_scan_actions

[   0% ] reimport | Started (Re)Importing Assets (3 steps)
[   0% ] reimport | Preparing files to reimport...
[  25% ] reimport | Preparing files to reimport...
[  50% ] reimport | Preparing files to reimport...
[   0% ] reimport | Executing pre-reimport operations...
[   0% ] preload_reimporting_scene | Started Preparing scenes for reload (1 steps)
[   0% ] preload_reimporting_scene | Analyzing scene [empty]
[  50% ] preload_reimporting_scene | Preparation done.
[ DONE ] preload_reimporting_scene

[   0% ] reimport | dock_thumper_launcher_a.glb
[   0% ] import | Started Import Scene (104 steps)
[   0% ] import | Importing Scene...
[   1% ] import | Running Custom Script...
[  99% ] import | Saving...
[ DONE ] import

[  25% ] reimport | dock_thumper_preview_stage.glb
[   0% ] import | Started Import Scene (104 steps)
[   0% ] import | Importing Scene...
[   1% ] import | Running Custom Script...
[  99% ] import | Saving...
[ DONE ] import

[  50% ] reimport | dock_thumper_rocket_a.glb
[   0% ] import | Started Import Scene (104 steps)
[   0% ] import | Importing Scene...
[   1% ] import | Running Custom Script...
[  99% ] import | Saving...
[ DONE ] import

[  75% ] reimport | Finalizing Asset Import...
[ DONE ] reimport

[   0% ] reimport | Started (Re)Importing Assets (3 steps)
[   0% ] reimport | Executing post-reimport operations...
[ DONE ] reimport

[   0% ] loading_editor_layout | Started Loading editor (5 steps)
[   0% ] loading_editor_layout | Loading editor layout...
[  16% ] loading_editor_layout | Loading docks...
[ DONE ] loading_editor_layout

ERROR: Condition "_sock == -1" is true. Returning: FAILED
   at: _inet_open (drivers/unix/net_socket_unix.cpp:288)
ERROR: Condition "err != OK" is true. Returning: ERR_CANT_CREATE
   at: listen (core/io/tcp_server.cpp:56)
