00:00.314  blend            | Read blend: "/home/regner/.paseo/worktrees/0u71f39f/brackett-rocket-launcher/art/source/models/rocket_launcher/dock_thumper_a.blend"
INFO Draco is available, use library at /usr/lib/blender/5.2/scripts/addons_core/io_scene_gltf2/libbf_intern_draco_bridge.so
ERROR MeshOptimizer is not available because library could not be found at /usr/lib/blender/5.2/scripts/addons_core/io_scene_gltf2/libbf_intern_meshopt_bridge.so
13:38:31 | INFO: Starting glTF 2.0 export
13:38:31 | INFO: Extracting primitive: CoralMuzzleCollar_mesh
13:38:31 | INFO: Primitives created: 1
13:38:31 | INFO: Extracting primitive: Cube.003
13:38:31 | INFO: Primitives created: 1
13:38:31 | INFO: Extracting primitive: Cube.004
13:38:31 | INFO: Primitives created: 1
13:38:31 | INFO: Extracting primitive: FrontGraphiteBand_mesh
13:38:31 | INFO: Primitives created: 1
13:38:31 | INFO: Extracting primitive: Cube.012
13:38:31 | INFO: Primitives created: 1
13:38:31 | INFO: Extracting primitive: Cube.010
13:38:31 | INFO: Primitives created: 1
13:38:31 | INFO: Extracting primitive: Cube.005
13:38:31 | INFO: Primitives created: 1
13:38:31 | INFO: Extracting primitive: IvoryCrown_mesh
13:38:31 | INFO: Primitives created: 1
13:38:31 | INFO: Extracting primitive: Cylinder.001
13:38:31 | INFO: Primitives created: 1
13:38:31 | INFO: Extracting primitive: RearGraphiteCollar_mesh
13:38:31 | INFO: Primitives created: 1
13:38:31 | INFO: Extracting primitive: RearIvoryBand_mesh
13:38:31 | INFO: Primitives created: 1
13:38:31 | INFO: Extracting primitive: Cylinder.002
13:38:31 | INFO: Primitives created: 1
13:38:31 | INFO: Extracting primitive: Cube.013
13:38:31 | INFO: Primitives created: 1
13:38:31 | INFO: Extracting primitive: Cube.011
13:38:31 | INFO: Primitives created: 1
13:38:31 | INFO: Extracting primitive: Cube.009
13:38:31 | INFO: Primitives created: 1
13:38:31 | INFO: Extracting primitive: Cube.008
13:38:31 | INFO: Primitives created: 1
13:38:31 | INFO: Extracting primitive: Cube.002
13:38:31 | INFO: Primitives created: 1
13:38:31 | INFO: Extracting primitive: Cube.001
13:38:31 | INFO: Primitives created: 1
13:38:31 | INFO: Extracting primitive: Cube.006
13:38:31 | INFO: Primitives created: 1
13:38:31 | INFO: Extracting primitive: Cube.007
13:38:31 | INFO: Primitives created: 1
13:38:31 | INFO: Extracting primitive: Cylinder
13:38:31 | INFO: Primitives created: 1
13:38:31 | INFO: Extracting primitive: Cube
13:38:31 | INFO: Primitives created: 1
13:38:31 | INFO: Finished glTF 2.0 export in 0.0417628288269043 s

13:38:31 | INFO: Starting glTF 2.0 export
13:38:31 | INFO: Extracting primitive: Cylinder.004
13:38:31 | INFO: Primitives created: 1
13:38:31 | INFO: Extracting primitive: ExhaustRim_mesh
13:38:31 | INFO: Primitives created: 1
13:38:31 | INFO: Extracting primitive: IvoryFin_0_mesh
13:38:31 | INFO: Primitives created: 1
13:38:31 | INFO: Extracting primitive: IvoryFin_1_mesh
13:38:31 | INFO: Primitives created: 1
13:38:31 | INFO: Extracting primitive: IvoryFin_2_mesh
13:38:31 | INFO: Primitives created: 1
13:38:31 | INFO: Extracting primitive: Cylinder.003
13:38:31 | INFO: Primitives created: 1
13:38:31 | INFO: Extracting primitive: RocketIvoryBand_mesh
13:38:31 | INFO: Primitives created: 1
13:38:31 | INFO: Extracting primitive: RoundedCoralNose_mesh
13:38:31 | INFO: Primitives created: 1
13:38:31 | INFO: Finished glTF 2.0 export in 0.015691757202148438 s

13:38:31 | INFO: Starting glTF 2.0 export
13:38:31 | INFO: Extracting primitive: Cube.014
13:38:31 | INFO: Primitives created: 1
13:38:31 | INFO: Extracting primitive: Cube.015
13:38:31 | INFO: Primitives created: 1
13:38:31 | INFO: Extracting primitive: Cube.017
13:38:31 | INFO: Primitives created: 1
13:38:31 | INFO: Extracting primitive: Cube.016
13:38:31 | INFO: Primitives created: 1
13:38:31 | INFO: Finished glTF 2.0 export in 0.008110523223876953 s

Blender 5.2.2 LTS (hash d13f752e3b9c built 2026-09-22 17:10:25)

Blender quit
