[
  {
    "file": "art/models/environment/city_lights_02/city_lights_02.glb",
    "godot_axis_aabb": [
      [
        -0.36000001430511475,
        0.0,
        -0.36000001430511475
      ],
      [
        0.36000001430511475,
        3.0,
        0.36000001430511475
      ]
    ],
    "triangles": 3616,
    "mesh_count": 8,
    "materials": [
      {
        "doubleSided": true,
        "emissiveFactor": [
          0.44999998807907104,
          0.32206205468543203,
          0.16481366614994286
        ],
        "name": "city_lights_02_lens_warm",
        "pbrMetallicRoughness": {
          "baseColorFactor": [
            1,
            0.715693473815918,
            0.366252601146698,
            1
          ],
          "metallicFactor": 0,
          "roughnessFactor": 0.550000011920929
        }
      },
      {
        "doubleSided": true,
        "name": "city_lights_02_petrol_metal",
        "pbrMetallicRoughness": {
          "baseColorFactor": [
            0.009721217676997185,
            0.04970656707882881,
            0.061246052384376526,
            1
          ],
          "metallicFactor": 0.550000011920929,
          "roughnessFactor": 0.3799999952316284
        }
      },
      {
        "doubleSided": true,
        "name": "city_lights_02_recess_dark",
        "pbrMetallicRoughness": {
          "baseColorFactor": [
            0.004024717025458813,
            0.012286487966775894,
            0.01599629409611225,
            1
          ],
          "metallicFactor": 0.30000001192092896,
          "roughnessFactor": 0.3799999952316284
        }
      }
    ],
    "checks": "PASS: exact dimensions, unit transforms, finite unit normals, nondegenerate triangles, studio exclusion, no lights/animations/textures"
  },
  {
    "file": "art/models/environment/city_lights_02/city_lights_02_cool.glb",
    "godot_axis_aabb": [
      [
        -0.36000001430511475,
        0.0,
        -0.36000001430511475
      ],
      [
        0.36000001430511475,
        3.0,
        0.36000001430511475
      ]
    ],
    "triangles": 3616,
    "mesh_count": 8,
    "materials": [
      {
        "doubleSided": true,
        "emissiveFactor": [
          0.1856441701943563,
          0.3287073346321492,
          0.3884207354407643
        ],
        "name": "city_lights_02_lens_cool",
        "pbrMetallicRoughness": {
          "baseColorFactor": [
            0.4125426113605499,
            0.7304607629776001,
            0.8631572127342224,
            1
          ],
          "metallicFactor": 0,
          "roughnessFactor": 0.550000011920929
        }
      },
      {
        "doubleSided": true,
        "name": "city_lights_02_petrol_metal",
        "pbrMetallicRoughness": {
          "baseColorFactor": [
            0.009721217676997185,
            0.04970656707882881,
            0.061246052384376526,
            1
          ],
          "metallicFactor": 0.550000011920929,
          "roughnessFactor": 0.3799999952316284
        }
      },
      {
        "doubleSided": true,
        "name": "city_lights_02_recess_dark",
        "pbrMetallicRoughness": {
          "baseColorFactor": [
            0.004024717025458813,
            0.012286487966775894,
            0.01599629409611225,
            1
          ],
          "metallicFactor": 0.30000001192092896,
          "roughnessFactor": 0.3799999952316284
        }
      }
    ],
    "checks": "PASS: exact dimensions, unit transforms, finite unit normals, nondegenerate triangles, studio exclusion, no lights/animations/textures"
  }
]
