00:00.298  blend            | Read blend: "/home/regner/.paseo/worktrees/0u71f39f/asset-register-production/art/source/models/environment/city_planting_05/city_planting_05.blend"
00:18.230  render           | Saved: '/home/regner/.paseo/worktrees/0u71f39f/asset-register-production/docs/assets/production/city_planting_05-evidence/short_tuft_hero.png'
00:36.214  render           | Saved: '/home/regner/.paseo/worktrees/0u71f39f/asset-register-production/docs/assets/production/city_planting_05-evidence/spreading_clump_hero.png'
BlenderMCP addon registered
17:48:54 | INFO: Data are loaded, start creating Blender stuff
17:48:54 | INFO: Blender create Mesh node crown_back_shoulder_mesh
17:48:54 | INFO: Blender create Mesh node crown_centre_mesh
17:48:54 | INFO: Blender create Mesh node crown_east_mesh
17:48:54 | INFO: Blender create Mesh node crown_front_shoulder_mesh
17:48:54 | INFO: Blender create Mesh node crown_west_mesh
17:48:54 | INFO: Blender create Mesh node three_recessed_stems_mesh
17:48:54 | INFO: glTF import finished in 0.01s
17:48:54 | INFO: Data are loaded, start creating Blender stuff
17:48:54 | INFO: Blender create Mesh node coral_courier_skin
17:48:54 | INFO: glTF import finished in 0.05s
00:58.746  render           | Saved: '/home/regner/.paseo/worktrees/0u71f39f/asset-register-production/docs/assets/production/city_planting_05-evidence/scale_comparison_hero.png'
01:16.492  render           | Saved: '/home/regner/.paseo/worktrees/0u71f39f/asset-register-production/docs/assets/production/city_planting_05-evidence/scale_comparison_gameplay.png'
/home/regner/.paseo/worktrees/0u71f39f/asset-register-production/tools/asset_production/city_planting_05/preview.py:58: DeprecationWarning: 'Material.use_nodes' is expected to be removed in Blender 6.0
  black=bpy.data.materials.new('diagnostic_silhouette_black'); black.use_nodes=True
01:38.999  render           | Saved: '/home/regner/.paseo/worktrees/0u71f39f/asset-register-production/docs/assets/production/city_planting_05-evidence/silhouette_overhead_enlarged.png'
PREVIEW_CHECKS_PASS {"short_tuft": {"blender_world_bounds_m": [[-2.0799999237060547, -0.20999999344348907, 0.0], [-1.5199999809265137, 0.20999999344348907, 0.25999999046325684]], "gameplay_pixel_bounds_bottom_left": [[593.7896347045898, 395.33395767211914], [606.2063980102539, 404.66771125793457]]}, "spreading_clump": {"blender_world_bounds_m": [[-1.0499999523162842, -0.3100000023841858, 0.0], [-0.050000011920928955, 0.3100000023841858, 0.20000000298023224]], "gameplay_pixel_bounds_bottom_left": [[616.6744232177734, 393.1114673614502], [638.8887786865234, 406.89144134521484]]}, "shrub_03": {"blender_world_bounds_m": [[0.506970226764679, -0.3346724510192871, 0.0], [1.5904994010925293, 0.35622134804725647, 0.6700000166893005]], "gameplay_pixel_bounds_bottom_left": [[651.3401794433594, 392.5234794616699], [675.5537414550781, 407.9592227935791]]}, "courier": {"blender_world_bounds_m": [[1.4489421844482422, -1.0999999046325684, -1.0], [3.351058006286621, 0.8999999165534973, 1.8566508293151855]], "gameplay_pixel_bounds_bottom_left": [[672.1244812011719, 375.61192512512207], [714.2961883544922, 419.95387077331543]]}, "one_metre_fixture": {"blender_world_bounds_m": [[-2.617499828338623, -0.017500000074505806, 0.0], [-2.5824999809265137, 0.017500000074505806, 1.0]], "gameplay_pixel_bounds_bottom_left": [[580.7059097290039, 399.60358142852783], [582.7434539794922, 400.3964424133301]]}}
BlenderMCP addon unregistered
Blender 5.2.2 LTS (hash d13f752e3b9c built 2026-09-22 17:10:25)

Blender quit
