docs/spikes/p0-drawable-route-evidence/inventory/1.stdout:4: trailing whitespace.
+   2048x1536     59.95  
docs/spikes/p0-drawable-route-evidence/inventory/1.stdout:5: trailing whitespace.
+   1920x1440     59.90  
docs/spikes/p0-drawable-route-evidence/inventory/1.stdout:6: trailing whitespace.
+   1600x1200     59.87  
docs/spikes/p0-drawable-route-evidence/inventory/1.stdout:7: trailing whitespace.
+   1440x1080     59.99  
docs/spikes/p0-drawable-route-evidence/inventory/1.stdout:8: trailing whitespace.
+   1400x1050     59.98  
docs/spikes/p0-drawable-route-evidence/inventory/1.stdout:9: trailing whitespace.
+   1280x1024     59.89  
docs/spikes/p0-drawable-route-evidence/inventory/1.stdout:10: trailing whitespace.
+   1280x960      59.94  
docs/spikes/p0-drawable-route-evidence/inventory/1.stdout:11: trailing whitespace.
+   1152x864      59.96  
docs/spikes/p0-drawable-route-evidence/inventory/1.stdout:12: trailing whitespace.
+   1024x768      59.92  
docs/spikes/p0-drawable-route-evidence/inventory/1.stdout:13: trailing whitespace.
+   800x600       59.86  
docs/spikes/p0-drawable-route-evidence/inventory/1.stdout:14: trailing whitespace.
+   640x480       59.38  
docs/spikes/p0-drawable-route-evidence/inventory/1.stdout:15: trailing whitespace.
+   320x240       59.29  
docs/spikes/p0-drawable-route-evidence/inventory/1.stdout:16: trailing whitespace.
+   2560x1600     59.94  
docs/spikes/p0-drawable-route-evidence/inventory/1.stdout:17: trailing whitespace.
+   1920x1200     59.88  
docs/spikes/p0-drawable-route-evidence/inventory/1.stdout:18: trailing whitespace.
+   1680x1050     59.95  
docs/spikes/p0-drawable-route-evidence/inventory/1.stdout:19: trailing whitespace.
+   1440x900      59.89  
docs/spikes/p0-drawable-route-evidence/inventory/1.stdout:20: trailing whitespace.
+   1280x800      59.81  
docs/spikes/p0-drawable-route-evidence/inventory/1.stdout:21: trailing whitespace.
+   1152x720      59.75  
docs/spikes/p0-drawable-route-evidence/inventory/1.stdout:22: trailing whitespace.
+   960x600       59.63  
docs/spikes/p0-drawable-route-evidence/inventory/1.stdout:23: trailing whitespace.
+   928x580       59.88  
docs/spikes/p0-drawable-route-evidence/inventory/1.stdout:24: trailing whitespace.
+   800x500       59.50  
docs/spikes/p0-drawable-route-evidence/inventory/1.stdout:25: trailing whitespace.
+   768x480       59.90  
docs/spikes/p0-drawable-route-evidence/inventory/1.stdout:26: trailing whitespace.
+   720x480       59.71  
docs/spikes/p0-drawable-route-evidence/inventory/1.stdout:27: trailing whitespace.
+   640x400       59.95  
docs/spikes/p0-drawable-route-evidence/inventory/1.stdout:28: trailing whitespace.
+   320x200       58.14  
docs/spikes/p0-drawable-route-evidence/inventory/1.stdout:29: trailing whitespace.
+   3200x1800     59.96  
docs/spikes/p0-drawable-route-evidence/inventory/1.stdout:30: trailing whitespace.
+   2880x1620     59.96  
docs/spikes/p0-drawable-route-evidence/inventory/1.stdout:31: trailing whitespace.
+   2560x1440     59.96  
docs/spikes/p0-drawable-route-evidence/inventory/1.stdout:32: trailing whitespace.
+   2048x1152     59.90  
docs/spikes/p0-drawable-route-evidence/inventory/1.stdout:33: trailing whitespace.
+   1920x1080     59.96  
docs/spikes/p0-drawable-route-evidence/inventory/1.stdout:34: trailing whitespace.
+   1600x900      59.95  
docs/spikes/p0-drawable-route-evidence/inventory/1.stdout:35: trailing whitespace.
+   1368x768      59.88  
docs/spikes/p0-drawable-route-evidence/inventory/1.stdout:36: trailing whitespace.
+   1280x720      59.86  
docs/spikes/p0-drawable-route-evidence/inventory/1.stdout:37: trailing whitespace.
+   1024x576      59.90  
docs/spikes/p0-drawable-route-evidence/inventory/1.stdout:38: trailing whitespace.
+   864x486       59.92  
docs/spikes/p0-drawable-route-evidence/inventory/1.stdout:39: trailing whitespace.
+   720x400       59.27  
docs/spikes/p0-drawable-route-evidence/inventory/1.stdout:40: trailing whitespace.
+   640x350       59.28  
docs/spikes/p0-drawable-route-evidence/inventory/2.stdout:63: trailing whitespace.
+    EnterWindowMask          LeaveWindowMask          StructureNotifyMask      
docs/spikes/p0-drawable-route-evidence/inventory/2.stdout:64: trailing whitespace.
+    SubstructureNotifyMask   SubstructureRedirectMask FocusChangeMask          
docs/spikes/p0-drawable-route-evidence/inventory/2.stdout:65: trailing whitespace.
+    PropertyChangeMask       
