d09_warehouses.03 FINAL PRODUCER RECEIPT
Blender 5.2.2 LTS d13f752e3b9c / exporter 5.2.40: source validation exit 0.
4896 source vertices; 9588 triangles; 5810 GLB vertices; 1 mesh/7 surfaces.
Zero degenerate source faces/GLB triangles/nonmanifold edges; unit normals pass.
Fresh source reexport byte-identical; GLB 250340 bytes.
Actual exported PBR materials equal both siblings by name and value.
Pinned Godot import: exit 0, existing toolkit Godot-4.8 compatibility warning only.
Three owned scenes: two byte-stable save/reload roundtrips each.
Fresh pinned headless resource/physics check: exit 0, no ERROR/WARNING diagnostics.
18 shape queries, 12 actor/car-envelope casts and one front ray pass.
Both saved sibling fits: zero collider gap, 5.75 m top, 0.02 m return past steel.
gdstyle 0.3.0 owned lint/fmt and explicit compilation pass.
Canonical checks exit 0: Python 17/17; GUT 149/149, 6768 assertions; negative control detected.
All four final isolated Blender renders inspected; no engine visual acceptance claimed.
Initial cropped side and tight hero framing corrected by widening studio cameras.
Initial owned lint warnings resolved; no exemptions or broad diagnostic suppression.
Blender authoring emits forward-looking use_nodes deprecations; validation clean.
Version-only Blender query emitted a 23-byte shutdown allocation diagnostic; author/validate exited 0 without it.
No sibling/shared file edits, live editor access or runtime geometry.
Independent review, placement/gameplay/transport/performance gates remain pending.
