00:00.288  blend            | Read blend: "/tmp/six-asset-review-390377d/art/source/models/environment/city_lights_02/city_lights_02.blend"
00:00.298  blend            | Read blend: "/tmp/six-asset-review-390377d/art/source/models/environment/city_planting_02/city_planting_02.blend"
00:00.312  blend            | Read blend: "/tmp/six-asset-review-390377d/art/source/models/environment/city_planting_01/city_planting_01.blend"
00:00.318  blend            | Read blend: "/tmp/six-asset-review-390377d/art/source/models/environment/city_lights_04/city_lights_04.blend"
00:00.324  blend            | Read blend: "/tmp/six-asset-review-390377d/art/source/models/environment/city_sign_supports_01/city_sign_supports_01.blend"
{
  "neck_anomaly_summary": {
    "affected_triangles": 96,
    "affected_polygons": [
      144,
      145,
      146,
      147,
      148,
      149,
      150,
      151,
      152,
      153,
      154,
      155,
      156,
      157,
      158,
      159,
      160,
      161,
      162,
      163,
      164,
      165,
      166,
      167,
      168,
      169,
      170,
      171,
      172,
      173,
      174,
      175,
      176,
      177,
      178,
      179,
      180,
      181,
      182,
      183,
      184,
      185,
      186,
      187,
      188,
      189,
      190,
      191
    ],
    "all_centroids_inside_shield": true,
    "minimum_dot": -0.7737140110539258,
    "z_range": [
      2.640000104904175,
      2.6700000762939453
    ]
  },
  "round_clearance": {
    "narrowest_horizontal_inscribed_radius": 0.6192531513521632,
    "narrowest_diameter": 1.2385063027043264,
    "root_radius_limit": 0.6,
    "radial_margin": 0.01925315135216321
  },
  "rectangular_soil": {
    "top_y_godot": 0.4000000059604645,
    "bounds_blender": [
      [
        -1.0075000524520874,
        -0.2574999928474426,
        0.3400000035762787
      ],
      [
        1.0075000524520874,
        0.2574999928474426,
        0.4000000059604645
      ]
    ]
  },
  "wall_light_reference": {
    "empty_display_type": "CUBE",
    "empty_display_size": 0.5,
    "scale": [
      1.0,
      1.0,
      1.0
    ],
    "dimensions": [
      0.0,
      0.0,
      0.0
    ]
  },
  "sign_face": {
    "slots": [
      "sign_face",
      "mount_metal"
    ],
    "faces": [
      {
        "index": 73,
        "material": 0,
        "normal": [
          0.0,
          1.0,
          3.2192104537642763e-09
        ],
        "vertices": 36,
        "centre": [
          1.862645149230957e-09,
          0.08800003677606583,
          1.0244548320770264e-08
        ]
      }
    ]
  }
}
Blender 5.2.2 LTS (hash d13f752e3b9c built 2026-09-22 17:10:25)

Blender quit
