[
  {
    "asset": "city_lights_01",
    "path": "art/models/environment/city_lights_01/city_lights_01_cool.glb",
    "bounds_model_godot": [
      [
        -0.36000001430511475,
        0.0,
        -1.4000000953674316
      ],
      [
        0.36000001430511475,
        6.199999809265137,
        0.20999999344348907
      ]
    ],
    "max_contract_deviation_m": 1.9073486345888568e-07,
    "node_transforms": [
      {
        "name": "CityLights01",
        "translation": [
          0,
          0,
          0
        ]
      },
      {
        "name": "CityLights01_Mesh",
        "translation": [
          0,
          0,
          0
        ]
      }
    ]
  },
  {
    "asset": "city_lights_01",
    "path": "art/models/environment/city_lights_01/city_lights_01_warm.glb",
    "bounds_model_godot": [
      [
        -0.36000001430511475,
        0.0,
        -1.4000000953674316
      ],
      [
        0.36000001430511475,
        6.199999809265137,
        0.20999999344348907
      ]
    ],
    "max_contract_deviation_m": 1.9073486345888568e-07,
    "node_transforms": [
      {
        "name": "CityLights01",
        "translation": [
          0,
          0,
          0
        ]
      },
      {
        "name": "CityLights01_Mesh",
        "translation": [
          0,
          0,
          0
        ]
      }
    ]
  },
  {
    "asset": "city_lights_02",
    "path": "art/models/environment/city_lights_02/city_lights_02.glb",
    "bounds_model_godot": [
      [
        -0.36000001430511475,
        0.0,
        -0.36000001430511475
      ],
      [
        0.36000001430511475,
        3.0,
        0.36000001430511475
      ]
    ],
    "max_contract_deviation_m": 1.4305114759416426e-08,
    "node_transforms": [
      {
        "name": "city_lights_02",
        "translation": [
          0,
          0,
          0
        ]
      },
      {
        "name": "broad_recessed_diffuser",
        "translation": [
          0,
          0,
          0
        ]
      },
      {
        "name": "broad_rounded_canopy",
        "translation": [
          0,
          0,
          0
        ]
      },
      {
        "name": "crown_seal",
        "translation": [
          0,
          0,
          0
        ]
      },
      {
        "name": "foot_splayed_casting",
        "translation": [
          0,
          0,
          0
        ]
      },
      {
        "name": "front_service_panel",
        "translation": [
          0,
          0.5699999928474426,
          -0.05999999865889549
        ]
      },
      {
        "name": "lantern_neck",
        "translation": [
          0,
          0,
          0
        ]
      },
      {
        "name": "lower_shield",
        "translation": [
          0,
          0,
          0
        ]
      },
      {
        "name": "quiet_tapered_pole",
        "translation": [
          0,
          0,
          0
        ]
      }
    ]
  },
  {
    "asset": "city_lights_02",
    "path": "art/models/environment/city_lights_02/city_lights_02_cool.glb",
    "bounds_model_godot": [
      [
        -0.36000001430511475,
        0.0,
        -0.36000001430511475
      ],
      [
        0.36000001430511475,
        3.0,
        0.36000001430511475
      ]
    ],
    "max_contract_deviation_m": 1.4305114759416426e-08,
    "node_transforms": [
      {
        "name": "city_lights_02",
        "translation": [
          0,
          0,
          0
        ]
      },
      {
        "name": "broad_recessed_diffuser",
        "translation": [
          0,
          0,
          0
        ]
      },
      {
        "name": "broad_rounded_canopy",
        "translation": [
          0,
          0,
          0
        ]
      },
      {
        "name": "crown_seal",
        "translation": [
          0,
          0,
          0
        ]
      },
      {
        "name": "foot_splayed_casting",
        "translation": [
          0,
          0,
          0
        ]
      },
      {
        "name": "front_service_panel",
        "translation": [
          0,
          0.5699999928474426,
          -0.05999999865889549
        ]
      },
      {
        "name": "lantern_neck",
        "translation": [
          0,
          0,
          0
        ]
      },
      {
        "name": "lower_shield",
        "translation": [
          0,
          0,
          0
        ]
      },
      {
        "name": "quiet_tapered_pole",
        "translation": [
          0,
          0,
          0
        ]
      }
    ]
  },
  {
    "asset": "city_lights_04",
    "path": "art/models/environment/city_lights_04/city_lights_04_cool.glb",
    "bounds_model_godot": [
      [
        -0.3199999928474426,
        -0.23000000417232513,
        -0.7099999785423279
      ],
      [
        0.3199999928474426,
        0.3050000071525574,
        0.0
      ]
    ],
    "max_contract_deviation_m": 2.1457672083613488e-08,
    "node_transforms": [
      {
        "name": "CityLights04",
        "translation": [
          0,
          0,
          0
        ]
      },
      {
        "name": "broad_oval_canopy",
        "translation": [
          0,
          0,
          0
        ]
      },
      {
        "name": "broad_recessed_diffuser",
        "translation": [
          0,
          0,
          0
        ]
      },
      {
        "name": "canopy_seal",
        "translation": [
          0,
          0,
          0
        ]
      },
      {
        "name": "curved_cast_arm",
        "translation": [
          0,
          0,
          0
        ]
      },
      {
        "name": "lower_shield",
        "translation": [
          0,
          0,
          0
        ]
      },
      {
        "name": "mount_fastener_lower",
        "translation": [
          0,
          0,
          0
        ]
      },
      {
        "name": "mount_fastener_upper",
        "translation": [
          0,
          0,
          0
        ]
      },
      {
        "name": "mounting_backplate",
        "translation": [
          0,
          0,
          0
        ]
      },
      {
        "name": "mounting_gasket",
        "translation": [
          0,
          0,
          0
        ]
      }
    ]
  },
  {
    "asset": "city_lights_04",
    "path": "art/models/environment/city_lights_04/city_lights_04_warm.glb",
    "bounds_model_godot": [
      [
        -0.3199999928474426,
        -0.23000000417232513,
        -0.7099999785423279
      ],
      [
        0.3199999928474426,
        0.3050000071525574,
        0.0
      ]
    ],
    "max_contract_deviation_m": 2.1457672083613488e-08,
    "node_transforms": [
      {
        "name": "CityLights04",
        "translation": [
          0,
          0,
          0
        ]
      },
      {
        "name": "broad_oval_canopy",
        "translation": [
          0,
          0,
          0
        ]
      },
      {
        "name": "broad_recessed_diffuser",
        "translation": [
          0,
          0,
          0
        ]
      },
      {
        "name": "canopy_seal",
        "translation": [
          0,
          0,
          0
        ]
      },
      {
        "name": "curved_cast_arm",
        "translation": [
          0,
          0,
          0
        ]
      },
      {
        "name": "lower_shield",
        "translation": [
          0,
          0,
          0
        ]
      },
      {
        "name": "mount_fastener_lower",
        "translation": [
          0,
          0,
          0
        ]
      },
      {
        "name": "mount_fastener_upper",
        "translation": [
          0,
          0,
          0
        ]
      },
      {
        "name": "mounting_backplate",
        "translation": [
          0,
          0,
          0
        ]
      },
      {
        "name": "mounting_gasket",
        "translation": [
          0,
          0,
          0
        ]
      }
    ]
  },
  {
    "asset": "city_sign_supports_01",
    "path": "art/models/environment/city_sign_supports_01/city_sign_supports_01.glb",
    "bounds_model_godot": [
      [
        -0.699999988079071,
        -0.5,
        -0.10000000149011612
      ],
      [
        0.699999988079071,
        0.5,
        0.0
      ]
    ],
    "max_contract_deviation_m": 1.1920928910669204e-08,
    "node_transforms": [
      {
        "name": "CitySignSupports01",
        "translation": [
          0,
          0,
          0
        ]
      },
      {
        "name": "artwork_carrier",
        "translation": [
          0,
          0,
          0
        ]
      },
      {
        "name": "face_gasket",
        "translation": [
          0,
          0,
          0
        ]
      },
      {
        "name": "mount_rail_lower",
        "translation": [
          0,
          0,
          0
        ]
      },
      {
        "name": "mount_rail_upper",
        "translation": [
          0,
          0,
          0
        ]
      },
      {
        "name": "rear_shell",
        "translation": [
          0,
          0,
          0
        ]
      },
      {
        "name": "release_tab_left",
        "translation": [
          0,
          0,
          0
        ]
      },
      {
        "name": "release_tab_right",
        "translation": [
          0,
          0,
          0
        ]
      },
      {
        "name": "rounded_frame",
        "translation": [
          0,
          0,
          0
        ]
      },
      {
        "name": "wall_pad_lower_left",
        "translation": [
          0,
          0,
          0
        ]
      },
      {
        "name": "wall_pad_lower_right",
        "translation": [
          0,
          0,
          0
        ]
      },
      {
        "name": "wall_pad_upper_left",
        "translation": [
          0,
          0,
          0
        ]
      },
      {
        "name": "wall_pad_upper_right",
        "translation": [
          0,
          0,
          0
        ]
      }
    ]
  },
  {
    "asset": "city_planting_01",
    "path": "art/models/environment/city_planting_01/city_planting_01.glb",
    "bounds_model_godot": [
      [
        -1.2000000476837158,
        0.0,
        -0.44999998807907104
      ],
      [
        1.2000000476837158,
        0.6000000238418579,
        0.44999998807907104
      ]
    ],
    "max_contract_deviation_m": 4.768371586472142e-08,
    "node_transforms": [
      {
        "name": "city_planting_01",
        "translation": [
          0,
          0,
          0
        ]
      },
      {
        "name": "recessed_ground_foot",
        "translation": [
          0,
          0,
          0
        ]
      },
      {
        "name": "rounded_cast_trough",
        "translation": [
          0,
          0,
          0
        ]
      },
      {
        "name": "separate_recessed_soil_insert",
        "translation": [
          0,
          0,
          0
        ]
      }
    ]
  },
  {
    "asset": "city_planting_02",
    "path": "art/models/environment/city_planting_02/city_planting_02.glb",
    "bounds_model_godot": [
      [
        -0.8999999761581421,
        0.0,
        -0.8999999761581421
      ],
      [
        0.8999999761581421,
        0.47999998927116394,
        0.8999999761581421
      ]
    ],
    "max_contract_deviation_m": 2.384185793236071e-08,
    "node_transforms": [
      {
        "name": "city_planting_02",
        "translation": [
          0,
          0,
          0
        ]
      },
      {
        "name": "cast_stone_open_surround",
        "translation": [
          0,
          0,
          0
        ]
      },
      {
        "name": "recessed_annular_foot",
        "translation": [
          0,
          0,
          0
        ]
      }
    ]
  }
]
