A	art/models/environment/city_lights_01/city_lights_01_cool.glb
A	art/models/environment/city_lights_01/city_lights_01_cool.glb.import
A	art/models/environment/city_lights_01/city_lights_01_warm.glb
A	art/models/environment/city_lights_01/city_lights_01_warm.glb.import
A	art/models/environment/city_lights_02/city_lights_02.glb
A	art/models/environment/city_lights_02/city_lights_02.glb.import
A	art/models/environment/city_lights_02/city_lights_02_cool.glb
A	art/models/environment/city_lights_02/city_lights_02_cool.glb.import
A	art/models/environment/city_lights_04/city_lights_04_cool.glb
A	art/models/environment/city_lights_04/city_lights_04_warm.glb
A	art/models/environment/city_planting_01/city_planting_01.glb
A	art/models/environment/city_planting_02/city_planting_02.glb
A	art/models/environment/city_sign_supports_01/city_sign_supports_01.glb
A	art/source/models/environment/city_lights_01/city_lights_01.blend
A	art/source/models/environment/city_lights_02/city_lights_02.blend
A	art/source/models/environment/city_lights_04/city_lights_04.blend
A	art/source/models/environment/city_planting_01/city_planting_01.blend
A	art/source/models/environment/city_planting_02/city_planting_02.blend
A	art/source/models/environment/city_sign_supports_01/city_sign_supports_01.blend
A	docs/assets/production/batch_01-evidence/city_planting_01-retention-manifest.json
A	docs/assets/production/batch_01-evidence/source-readback.json
A	docs/assets/production/city_lights_01-evidence/author.log
A	docs/assets/production/city_lights_01-evidence/author_initial.log
A	docs/assets/production/city_lights_01-evidence/commands.json
A	docs/assets/production/city_lights_01-evidence/hero.png
A	docs/assets/production/city_lights_01-evidence/hero.png.import
A	docs/assets/production/city_lights_01-evidence/lens_detail.png
A	docs/assets/production/city_lights_01-evidence/lens_detail.png.import
A	docs/assets/production/city_lights_01-evidence/manifest.json
A	docs/assets/production/city_lights_01-evidence/overhead_47m_42deg.png
A	docs/assets/production/city_lights_01-evidence/overhead_47m_42deg.png.import
A	docs/assets/production/city_lights_01-evidence/pre_cleanup_author.log
A	docs/assets/production/city_lights_01-evidence/pre_cleanup_hero.png
A	docs/assets/production/city_lights_01-evidence/pre_cleanup_lens_detail.png
A	docs/assets/production/city_lights_01-evidence/pre_cleanup_validation.json
A	docs/assets/production/city_lights_01-evidence/pre_cleanup_validation.log
A	docs/assets/production/city_lights_01-evidence/reexport.log
A	docs/assets/production/city_lights_01-evidence/reproducibility.json
A	docs/assets/production/city_lights_01-evidence/side.png
A	docs/assets/production/city_lights_01-evidence/side.png.import
A	docs/assets/production/city_lights_01-evidence/validation.json
A	docs/assets/production/city_lights_01-evidence/validation.log
A	docs/assets/production/city_lights_01-evidence/validation_final.log
A	docs/assets/production/city_lights_01-evidence/validation_initial.log
A	docs/assets/production/city_lights_01.md
A	docs/assets/production/city_lights_02-evidence/author.log
A	docs/assets/production/city_lights_02-evidence/author_initial_failure.log
A	docs/assets/production/city_lights_02-evidence/cool_three_quarter.png
A	docs/assets/production/city_lights_02-evidence/execution.json
A	docs/assets/production/city_lights_02-evidence/glb_checks.json
A	docs/assets/production/city_lights_02-evidence/glb_checks.log
A	docs/assets/production/city_lights_02-evidence/head_detail.png
A	docs/assets/production/city_lights_02-evidence/initial_export_checks.json
A	docs/assets/production/city_lights_02-evidence/initial_failed_source.blend.gz
A	docs/assets/production/city_lights_02-evidence/manifest.json
A	docs/assets/production/city_lights_02-evidence/reexport.log
A	docs/assets/production/city_lights_02-evidence/reexport_comparison.json
A	docs/assets/production/city_lights_02-evidence/source_export_checks.json
A	docs/assets/production/city_lights_02-evidence/warm_three_quarter.png
A	docs/assets/production/city_lights_02.md
A	docs/assets/production/city_lights_04-evidence/author_final.log
A	docs/assets/production/city_lights_04-evidence/detail_underside.png
A	docs/assets/production/city_lights_04-evidence/execution.json
A	docs/assets/production/city_lights_04-evidence/final_payload_check.log
A	docs/assets/production/city_lights_04-evidence/glb_checks.json
A	docs/assets/production/city_lights_04-evidence/hero_cool.png
A	docs/assets/production/city_lights_04-evidence/hero_warm.png
A	docs/assets/production/city_lights_04-evidence/initial_author.log
A	docs/assets/production/city_lights_04-evidence/initial_detail_underside.png
A	docs/assets/production/city_lights_04-evidence/initial_glb_check.log
A	docs/assets/production/city_lights_04-evidence/initial_glb_checks.json
A	docs/assets/production/city_lights_04-evidence/initial_hero_cool.png
A	docs/assets/production/city_lights_04-evidence/initial_hero_warm.png
A	docs/assets/production/city_lights_04-evidence/initial_source_checks.json
A	docs/assets/production/city_lights_04-evidence/initial_vertical_down_47m_42deg.png
A	docs/assets/production/city_lights_04-evidence/initial_vertical_down_detail.png
A	docs/assets/production/city_lights_04-evidence/initial_visual_failure.zip
A	docs/assets/production/city_lights_04-evidence/manifest.json
A	docs/assets/production/city_lights_04-evidence/reexport.log
A	docs/assets/production/city_lights_04-evidence/reexport/city_lights_04_cool.glb
A	docs/assets/production/city_lights_04-evidence/reexport/city_lights_04_warm.glb
A	docs/assets/production/city_lights_04-evidence/reexport_source_checks.json
A	docs/assets/production/city_lights_04-evidence/reproducibility.json
A	docs/assets/production/city_lights_04-evidence/source_checks.json
A	docs/assets/production/city_lights_04-evidence/tool_help.log
A	docs/assets/production/city_lights_04-evidence/tool_version.log
A	docs/assets/production/city_lights_04-evidence/vertical_down_47m_42deg.png
A	docs/assets/production/city_lights_04-evidence/vertical_down_detail.png
A	docs/assets/production/city_lights_04.md
A	docs/assets/production/city_planting_01-evidence/author.exit
A	docs/assets/production/city_planting_01-evidence/author.log
A	docs/assets/production/city_planting_01-evidence/camera_check.exit
A	docs/assets/production/city_planting_01-evidence/camera_check.log
A	docs/assets/production/city_planting_01-evidence/camera_checks.json
A	docs/assets/production/city_planting_01-evidence/export.exit
A	docs/assets/production/city_planting_01-evidence/export.log
A	docs/assets/production/city_planting_01-evidence/glb_check.exit
A	docs/assets/production/city_planting_01-evidence/glb_check.log
A	docs/assets/production/city_planting_01-evidence/glb_checks.json
A	docs/assets/production/city_planting_01-evidence/hero.png
A	docs/assets/production/city_planting_01-evidence/project_camera_reference.png
A	docs/assets/production/city_planting_01-evidence/reexport.exit
A	docs/assets/production/city_planting_01-evidence/reexport.log
A	docs/assets/production/city_planting_01-evidence/reexport_checks.json
A	docs/assets/production/city_planting_01-evidence/reexport_comparison.json
A	docs/assets/production/city_planting_01-evidence/source_export_checks.json
A	docs/assets/production/city_planting_01.md
A	docs/assets/production/city_planting_02-evidence/author.log
A	docs/assets/production/city_planting_02-evidence/check_glb.log
A	docs/assets/production/city_planting_02-evidence/commands.json
A	docs/assets/production/city_planting_02-evidence/export.log
A	docs/assets/production/city_planting_02-evidence/glb_checks.json
A	docs/assets/production/city_planting_02-evidence/hero.png
A	docs/assets/production/city_planting_02-evidence/manifest.json
A	docs/assets/production/city_planting_02-evidence/project_camera_reference.png
A	docs/assets/production/city_planting_02-evidence/reexport.glb
A	docs/assets/production/city_planting_02-evidence/reexport.log
A	docs/assets/production/city_planting_02-evidence/reexport_checks.json
A	docs/assets/production/city_planting_02-evidence/reexport_comparison.json
A	docs/assets/production/city_planting_02-evidence/source_export_checks.json
A	docs/assets/production/city_planting_02-evidence/version.log
A	docs/assets/production/city_planting_02.md
A	docs/assets/production/city_sign_supports_01-evidence/author_01.log
A	docs/assets/production/city_sign_supports_01-evidence/author_01_failed.blend
A	docs/assets/production/city_sign_supports_01-evidence/author_01_failed.py
A	docs/assets/production/city_sign_supports_01-evidence/author_02.log
A	docs/assets/production/city_sign_supports_01-evidence/blender_help.log
A	docs/assets/production/city_sign_supports_01-evidence/blender_version.log
A	docs/assets/production/city_sign_supports_01-evidence/check_glb_01_failed.py
A	docs/assets/production/city_sign_supports_01-evidence/detail.png
A	docs/assets/production/city_sign_supports_01-evidence/diagnostic_01.log
A	docs/assets/production/city_sign_supports_01-evidence/execution.json
A	docs/assets/production/city_sign_supports_01-evidence/final_audit.json
A	docs/assets/production/city_sign_supports_01-evidence/final_audit_01.log
A	docs/assets/production/city_sign_supports_01-evidence/gameplay_down.png
A	docs/assets/production/city_sign_supports_01-evidence/glb_checks.json
A	docs/assets/production/city_sign_supports_01-evidence/glb_checks_01.log
A	docs/assets/production/city_sign_supports_01-evidence/glb_checks_02.log
A	docs/assets/production/city_sign_supports_01-evidence/hero.png
A	docs/assets/production/city_sign_supports_01-evidence/manifest.json
A	docs/assets/production/city_sign_supports_01-evidence/preview_settings.json
A	docs/assets/production/city_sign_supports_01-evidence/previews_01.log
A	docs/assets/production/city_sign_supports_01-evidence/previews_02.log
A	docs/assets/production/city_sign_supports_01-evidence/process_cache/thumbnails/large/94b1b6c2dd53efe5e5050484f0eb081d.png
A	docs/assets/production/city_sign_supports_01-evidence/rear.png
A	docs/assets/production/city_sign_supports_01-evidence/reexport_01.log
A	docs/assets/production/city_sign_supports_01-evidence/reexport_city_sign_supports_01.glb
A	docs/assets/production/city_sign_supports_01-evidence/reexport_source_checks.json
A	docs/assets/production/city_sign_supports_01-evidence/source_checks.json
A	docs/assets/production/city_sign_supports_01-evidence/uv_diagnostic.png
A	docs/assets/production/city_sign_supports_01-evidence/uv_interface.png
A	docs/assets/production/city_sign_supports_01-evidence/uv_pillow_failure.log
A	docs/assets/production/city_sign_supports_01.md
A	tools/asset_production/city_lights_01/author.py
A	tools/asset_production/city_lights_01/check_reexport.py
A	tools/asset_production/city_lights_01/export.py
A	tools/asset_production/city_lights_01/validate.py
A	tools/asset_production/city_lights_02/author.py
A	tools/asset_production/city_lights_02/check_glb.py
A	tools/asset_production/city_lights_02/export.py
A	tools/asset_production/city_lights_04/author.py
A	tools/asset_production/city_lights_04/check_glb.py
A	tools/asset_production/city_lights_04/export.py
A	tools/asset_production/city_lights_04/manifest.py
A	tools/asset_production/city_lights_04/run.py
A	tools/asset_production/city_planting_01/author.py
A	tools/asset_production/city_planting_01/check_glb.py
A	tools/asset_production/city_planting_01/export.py
A	tools/asset_production/city_planting_02/author.py
A	tools/asset_production/city_planting_02/check_glb.py
A	tools/asset_production/city_planting_02/export.py
A	tools/asset_production/city_planting_02/run.py
A	tools/asset_production/city_sign_supports_01/author.py
A	tools/asset_production/city_sign_supports_01/check_glb.py
A	tools/asset_production/city_sign_supports_01/export.py
A	tools/asset_production/city_sign_supports_01/final_audit.py
A	tools/asset_production/city_sign_supports_01/make_uv_diagnostic.py
A	tools/asset_production/city_sign_supports_01/manifest.py
A	tools/asset_production/city_sign_supports_01/preview.py
A	tools/asset_production/city_sign_supports_01/run.py
