Godot Engine v4.8.dev7.official.c971f93e7 - https://godotengine.org

S12 {"client_hit":false,"event":"shot_sent","phase":"ACTIVE","pid":55548,"role":"client","sequence":1,"target":"pedestrian","view_age_ms":206.0,"wall_usec":1791529425560000}
S12 {"client_hit":true,"event":"shot_sent","phase":"ACTIVE","pid":55548,"role":"client","sequence":2,"target":"car","view_age_ms":195.0,"wall_usec":1791529425701000}
S12 {"client_hit":true,"event":"shot_sent","phase":"ACTIVE","pid":55548,"role":"client","sequence":3,"target":"pedestrian","view_age_ms":246.0,"wall_usec":1791529425848000}
S12 {"client_hit":true,"event":"shot_sent","phase":"ACTIVE","pid":55548,"role":"client","sequence":4,"target":"car","view_age_ms":246.0,"wall_usec":1791529426000000}
S12 {"event":"verdict","phase":"ACTIVE","pid":55548,"role":"client","row":{"accepted":true,"client_hit":false,"current_hit":false,"reason":"OK","rewind_age_ms":256.0,"rewind_clamped":true,"rewind_cpu_usec":15,"rewind_hit":false,"sequence":1,"speed":1.5,"target":"pedestrian"},"wall_usec":1791529426082000}
S12 {"event":"rocket","phase":"ACTIVE","pid":55548,"role":"client","row":{"accepted":true,"launch_usec":1791529425679000,"sent_usec":1791529425589000,"sequence":1},"wall_usec":1791529426119000}
S12 {"event":"verdict","phase":"ACTIVE","pid":55548,"role":"client","row":{"accepted":false,"reason":"RATE_LIMITED","sequence":2},"wall_usec":1791529426174000}
S12 {"event":"verdict","phase":"ACTIVE","pid":55548,"role":"client","row":{"accepted":true,"client_hit":true,"current_hit":false,"reason":"OK","rewind_age_ms":242.0,"rewind_clamped":true,"rewind_cpu_usec":24,"rewind_hit":true,"sequence":3,"speed":1.5,"target":"pedestrian"},"wall_usec":1791529426214000}
S12 {"client_hit":false,"event":"shot_sent","phase":"ACTIVE","pid":55548,"role":"client","sequence":5,"target":"pedestrian","view_age_ms":316.0,"wall_usec":1791529426222000}
S12 {"event":"verdict","phase":"ACTIVE","pid":55548,"role":"client","row":{"accepted":true,"client_hit":true,"current_hit":false,"reason":"OK","rewind_age_ms":249.0,"rewind_clamped":true,"rewind_cpu_usec":11,"rewind_hit":true,"sequence":4,"speed":12.0,"target":"car"},"wall_usec":1791529426230000}
S12 {"client_hit":false,"event":"shot_sent","phase":"ACTIVE","pid":55548,"role":"client","sequence":6,"target":"car","view_age_ms":395.0,"wall_usec":1791529426301000}
S12 {"event":"verdict","phase":"ACTIVE","pid":55548,"role":"client","row":{"accepted":true,"client_hit":false,"current_hit":true,"reason":"OK","rewind_age_ms":249.0,"rewind_clamped":true,"rewind_cpu_usec":19,"rewind_hit":true,"sequence":5,"speed":1.5,"target":"pedestrian"},"wall_usec":1791529426392000}
S12 {"client_hit":true,"event":"shot_sent","phase":"ACTIVE","pid":55548,"role":"client","sequence":7,"target":"pedestrian","view_age_ms":244.0,"wall_usec":1791529426447000}
S12 {"event":"verdict","phase":"ACTIVE","pid":55548,"role":"client","row":{"accepted":true,"client_hit":false,"current_hit":false,"reason":"OK","rewind_age_ms":255.0,"rewind_clamped":true,"rewind_cpu_usec":11,"rewind_hit":false,"sequence":6,"speed":12.0,"target":"car"},"wall_usec":1791529426489000}
S12 {"event":"verdict","phase":"ACTIVE","pid":55548,"role":"client","row":{"accepted":true,"client_hit":true,"current_hit":false,"reason":"OK","rewind_age_ms":249.0,"rewind_clamped":true,"rewind_cpu_usec":15,"rewind_hit":true,"sequence":7,"speed":1.5,"target":"pedestrian"},"wall_usec":1791529426581000}
S12 {"client_hit":true,"event":"shot_sent","phase":"ACTIVE","pid":55548,"role":"client","sequence":8,"target":"car","view_age_ms":256.0,"wall_usec":1791529426652000}
S12 {"client_hit":true,"event":"shot_sent","phase":"ACTIVE","pid":55548,"role":"client","sequence":9,"target":"pedestrian","view_age_ms":297.0,"wall_usec":1791529426754000}
S12 {"event":"verdict","phase":"ACTIVE","pid":55548,"role":"client","row":{"accepted":true,"client_hit":true,"current_hit":false,"reason":"OK","rewind_age_ms":250.0,"rewind_clamped":true,"rewind_cpu_usec":14,"rewind_hit":false,"sequence":8,"speed":12.0,"target":"car"},"wall_usec":1791529426831000}
S12 {"client_hit":false,"event":"shot_sent","phase":"ACTIVE","pid":55548,"role":"client","sequence":10,"target":"car","view_age_ms":234.0,"wall_usec":1791529426894000}
S12 {"event":"verdict","phase":"ACTIVE","pid":55548,"role":"client","row":{"accepted":false,"reason":"RATE_LIMITED","sequence":9},"wall_usec":1791529426919000}
S12 {"event":"rocket","phase":"ACTIVE","pid":55548,"role":"client","row":{"accepted":true,"launch_usec":1791529426847000,"sent_usec":1791529426777000,"sequence":2},"wall_usec":1791529426936000}
S12 {"client_hit":false,"event":"shot_sent","phase":"ACTIVE","pid":55548,"role":"client","sequence":11,"target":"pedestrian","view_age_ms":203.0,"wall_usec":1791529427050000}
S12 {"event":"verdict","phase":"ACTIVE","pid":55548,"role":"client","row":{"accepted":true,"client_hit":false,"current_hit":false,"reason":"OK","rewind_age_ms":249.0,"rewind_clamped":true,"rewind_cpu_usec":18,"rewind_hit":false,"sequence":10,"speed":12.0,"target":"car"},"wall_usec":1791529427080000}
S12 {"client_hit":true,"event":"shot_sent","phase":"ACTIVE","pid":55548,"role":"client","sequence":12,"target":"car","view_age_ms":201.0,"wall_usec":1791529427204000}
S12 {"event":"verdict","phase":"ACTIVE","pid":55548,"role":"client","row":{"accepted":true,"client_hit":false,"current_hit":false,"reason":"OK","rewind_age_ms":248.0,"rewind_clamped":true,"rewind_cpu_usec":21,"rewind_hit":false,"sequence":11,"speed":1.5,"target":"pedestrian"},"wall_usec":1791529427238000}
S12 {"client_hit":true,"event":"shot_sent","phase":"ACTIVE","pid":55548,"role":"client","sequence":13,"target":"pedestrian","view_age_ms":233.0,"wall_usec":1791529427344000}
S12 {"event":"verdict","phase":"ACTIVE","pid":55548,"role":"client","row":{"accepted":true,"client_hit":true,"current_hit":false,"reason":"OK","rewind_age_ms":247.0,"rewind_clamped":true,"rewind_cpu_usec":107,"rewind_hit":true,"sequence":12,"speed":12.0,"target":"car"},"wall_usec":1791529427376000}
S12 {"client_hit":true,"event":"shot_sent","phase":"ACTIVE","pid":55548,"role":"client","sequence":14,"target":"car","view_age_ms":252.0,"wall_usec":1791529427502000}
S12 {"event":"verdict","phase":"ACTIVE","pid":55548,"role":"client","row":{"accepted":true,"client_hit":true,"current_hit":false,"reason":"OK","rewind_age_ms":251.0,"rewind_clamped":true,"rewind_cpu_usec":25,"rewind_hit":true,"sequence":13,"speed":1.5,"target":"pedestrian"},"wall_usec":1791529427530000}
S12 {"client_hit":false,"event":"shot_sent","phase":"ACTIVE","pid":55548,"role":"client","sequence":15,"target":"pedestrian","view_age_ms":248.0,"wall_usec":1791529427656000}
S12 {"event":"verdict","phase":"ACTIVE","pid":55548,"role":"client","row":{"accepted":true,"client_hit":true,"current_hit":false,"reason":"OK","rewind_age_ms":251.0,"rewind_clamped":true,"rewind_cpu_usec":26,"rewind_hit":false,"sequence":14,"speed":12.0,"target":"car"},"wall_usec":1791529427698000}
S12 {"client_hit":false,"event":"shot_sent","phase":"ACTIVE","pid":55548,"role":"client","sequence":16,"target":"car","view_age_ms":249.0,"wall_usec":1791529427799000}
S12 {"event":"verdict","phase":"ACTIVE","pid":55548,"role":"client","row":{"accepted":true,"client_hit":false,"current_hit":true,"reason":"OK","rewind_age_ms":248.0,"rewind_clamped":true,"rewind_cpu_usec":27,"rewind_hit":true,"sequence":15,"speed":1.5,"target":"pedestrian"},"wall_usec":1791529427824000}
S12 {"client_hit":true,"event":"shot_sent","phase":"ACTIVE","pid":55548,"role":"client","sequence":17,"target":"pedestrian","view_age_ms":204.0,"wall_usec":1791529427954000}
S12 {"event":"verdict","phase":"ACTIVE","pid":55548,"role":"client","row":{"accepted":true,"client_hit":false,"current_hit":false,"reason":"OK","rewind_age_ms":251.0,"rewind_clamped":true,"rewind_cpu_usec":12,"rewind_hit":true,"sequence":16,"speed":12.0,"target":"car"},"wall_usec":1791529427981000}
S12 {"client_hit":true,"event":"shot_sent","phase":"ACTIVE","pid":55548,"role":"client","sequence":18,"target":"car","view_age_ms":186.0,"wall_usec":1791529428094000}
S12 {"event":"verdict","phase":"ACTIVE","pid":55548,"role":"client","row":{"accepted":true,"client_hit":true,"current_hit":false,"reason":"OK","rewind_age_ms":265.0,"rewind_clamped":true,"rewind_cpu_usec":25,"rewind_hit":true,"sequence":17,"speed":1.5,"target":"pedestrian"},"wall_usec":1791529428171000}
S12 {"event":"rocket","phase":"ACTIVE","pid":55548,"role":"client","row":{"accepted":true,"launch_usec":1791529428095000,"sent_usec":1791529427981000,"sequence":3},"wall_usec":1791529428179000}
S12 {"client_hit":true,"event":"shot_sent","phase":"ACTIVE","pid":55548,"role":"client","sequence":19,"target":"pedestrian","view_age_ms":200.0,"wall_usec":1791529428247000}
S12 {"event":"verdict","phase":"ACTIVE","pid":55548,"role":"client","row":{"accepted":true,"client_hit":true,"current_hit":false,"reason":"OK","rewind_age_ms":248.0,"rewind_clamped":true,"rewind_cpu_usec":28,"rewind_hit":true,"sequence":18,"speed":12.0,"target":"car"},"wall_usec":1791529428293000}
S12 {"client_hit":false,"event":"shot_sent","phase":"ACTIVE","pid":55548,"role":"client","sequence":20,"target":"car","view_age_ms":245.0,"wall_usec":1791529428400000}
S12 {"event":"verdict","phase":"ACTIVE","pid":55548,"role":"client","row":{"accepted":true,"client_hit":true,"current_hit":true,"reason":"OK","rewind_age_ms":245.0,"rewind_clamped":true,"rewind_cpu_usec":28,"rewind_hit":true,"sequence":19,"speed":1.5,"target":"pedestrian"},"wall_usec":1791529428463000}
S12 {"client_hit":false,"event":"shot_sent","phase":"ACTIVE","pid":55548,"role":"client","sequence":21,"target":"pedestrian","view_age_ms":202.0,"wall_usec":1791529428556000}
S12 {"event":"verdict","phase":"ACTIVE","pid":55548,"role":"client","row":{"accepted":true,"client_hit":false,"current_hit":false,"reason":"OK","rewind_age_ms":254.0,"rewind_clamped":true,"rewind_cpu_usec":18,"rewind_hit":true,"sequence":20,"speed":12.0,"target":"car"},"wall_usec":1791529428585000}
S12 {"client_hit":true,"event":"shot_sent","phase":"ACTIVE","pid":55548,"role":"client","sequence":22,"target":"car","view_age_ms":248.0,"wall_usec":1791529428695000}
S12 {"event":"verdict","phase":"ACTIVE","pid":55548,"role":"client","row":{"accepted":true,"client_hit":false,"current_hit":false,"reason":"OK","rewind_age_ms":250.0,"rewind_clamped":true,"rewind_cpu_usec":22,"rewind_hit":false,"sequence":21,"speed":1.5,"target":"pedestrian"},"wall_usec":1791529428743000}
S12 {"client_hit":true,"event":"shot_sent","phase":"ACTIVE","pid":55548,"role":"client","sequence":23,"target":"pedestrian","view_age_ms":249.0,"wall_usec":1791529428852000}
S12 {"event":"verdict","phase":"ACTIVE","pid":55548,"role":"client","row":{"accepted":false,"reason":"RATE_LIMITED","sequence":22},"wall_usec":1791529428861000}
S12 {"client_hit":true,"event":"shot_sent","phase":"ACTIVE","pid":55548,"role":"client","sequence":24,"target":"car","view_age_ms":236.0,"wall_usec":1791529428994000}
S12 {"event":"verdict","phase":"ACTIVE","pid":55548,"role":"client","row":{"accepted":true,"client_hit":true,"current_hit":false,"reason":"OK","rewind_age_ms":247.0,"rewind_clamped":true,"rewind_cpu_usec":216,"rewind_hit":true,"sequence":23,"speed":1.5,"target":"pedestrian"},"wall_usec":1791529429007000}
S12 {"client_hit":false,"event":"shot_sent","phase":"ACTIVE","pid":55548,"role":"client","sequence":25,"target":"pedestrian","view_age_ms":248.0,"wall_usec":1791529429145000}
S12 {"event":"verdict","phase":"ACTIVE","pid":55548,"role":"client","row":{"accepted":true,"client_hit":true,"current_hit":true,"reason":"OK","rewind_age_ms":250.0,"rewind_clamped":true,"rewind_cpu_usec":28,"rewind_hit":true,"sequence":24,"speed":12.0,"target":"car"},"wall_usec":1791529429168000}
S12 {"client_hit":false,"event":"shot_sent","phase":"ACTIVE","pid":55548,"role":"client","sequence":26,"target":"car","view_age_ms":246.0,"wall_usec":1791529429298000}
S12 {"event":"verdict","phase":"ACTIVE","pid":55548,"role":"client","row":{"accepted":true,"client_hit":false,"current_hit":true,"reason":"OK","rewind_age_ms":246.0,"rewind_clamped":true,"rewind_cpu_usec":275,"rewind_hit":true,"sequence":25,"speed":1.5,"target":"pedestrian"},"wall_usec":1791529429377000}
S12 {"event":"rocket","phase":"ACTIVE","pid":55548,"role":"client","row":{"accepted":true,"launch_usec":1791529429268000,"sent_usec":1791529429167000,"sequence":4},"wall_usec":1791529429396000}
S12 {"client_hit":true,"event":"shot_sent","phase":"ACTIVE","pid":55548,"role":"client","sequence":27,"target":"pedestrian","view_age_ms":202.0,"wall_usec":1791529429453000}
S12 {"event":"verdict","phase":"ACTIVE","pid":55548,"role":"client","row":{"accepted":true,"client_hit":false,"current_hit":false,"reason":"OK","rewind_age_ms":251.0,"rewind_clamped":true,"rewind_cpu_usec":29,"rewind_hit":true,"sequence":26,"speed":12.0,"target":"car"},"wall_usec":1791529429515000}
S12 {"client_hit":true,"event":"shot_sent","phase":"ACTIVE","pid":55548,"role":"client","sequence":28,"target":"car","view_age_ms":186.0,"wall_usec":1791529429593000}
S12 {"event":"verdict","phase":"ACTIVE","pid":55548,"role":"client","row":{"accepted":true,"client_hit":true,"current_hit":false,"reason":"OK","rewind_age_ms":249.0,"rewind_clamped":true,"rewind_cpu_usec":29,"rewind_hit":true,"sequence":27,"speed":1.5,"target":"pedestrian"},"wall_usec":1791529429639000}
S12 {"event":"verdict","phase":"ACTIVE","pid":55548,"role":"client","row":{"accepted":true,"client_hit":true,"current_hit":false,"reason":"OK","rewind_age_ms":250.0,"rewind_clamped":true,"rewind_cpu_usec":18,"rewind_hit":true,"sequence":28,"speed":12.0,"target":"car"},"wall_usec":1791529429732000}
S12 {"client_hit":true,"event":"shot_sent","phase":"ACTIVE","pid":55548,"role":"client","sequence":29,"target":"pedestrian","view_age_ms":215.0,"wall_usec":1791529429761000}
S12 {"client_hit":false,"event":"shot_sent","phase":"ACTIVE","pid":55548,"role":"client","sequence":30,"target":"car","view_age_ms":202.0,"wall_usec":1791529429904000}
S12 {"event":"verdict","phase":"ACTIVE","pid":55548,"role":"client","row":{"accepted":true,"client_hit":true,"current_hit":true,"reason":"OK","rewind_age_ms":247.0,"rewind_clamped":true,"rewind_cpu_usec":23,"rewind_hit":true,"sequence":29,"speed":1.5,"target":"pedestrian"},"wall_usec":1791529429952000}
S12 {"client_hit":false,"event":"shot_sent","phase":"ACTIVE","pid":55548,"role":"client","sequence":31,"target":"pedestrian","view_age_ms":234.0,"wall_usec":1791529430044000}
S12 {"event":"verdict","phase":"ACTIVE","pid":55548,"role":"client","row":{"accepted":true,"client_hit":false,"current_hit":false,"reason":"OK","rewind_age_ms":250.0,"rewind_clamped":true,"rewind_cpu_usec":30,"rewind_hit":false,"sequence":30,"speed":12.0,"target":"car"},"wall_usec":1791529430090000}
S12 {"client_hit":true,"event":"shot_sent","phase":"ACTIVE","pid":55548,"role":"client","sequence":32,"target":"car","view_age_ms":294.0,"wall_usec":1791529430198000}
S12 {"event":"verdict","phase":"ACTIVE","pid":55548,"role":"client","row":{"accepted":true,"client_hit":false,"current_hit":false,"reason":"OK","rewind_age_ms":249.0,"rewind_clamped":true,"rewind_cpu_usec":96,"rewind_hit":false,"sequence":31,"speed":1.5,"target":"pedestrian"},"wall_usec":1791529430227000}
S12 {"event":"verdict","phase":"ACTIVE","pid":55548,"role":"client","row":{"accepted":true,"client_hit":true,"current_hit":false,"reason":"OK","rewind_age_ms":264.0,"rewind_clamped":true,"rewind_cpu_usec":21,"rewind_hit":true,"sequence":32,"speed":12.0,"target":"car"},"wall_usec":1791529430341000}
S12 {"client_hit":true,"event":"shot_sent","phase":"ACTIVE","pid":55548,"role":"client","sequence":33,"target":"pedestrian","view_age_ms":222.0,"wall_usec":1791529430374000}
S12 {"client_hit":true,"event":"shot_sent","phase":"ACTIVE","pid":55548,"role":"client","sequence":34,"target":"car","view_age_ms":235.0,"wall_usec":1791529430497000}
S12 {"event":"verdict","phase":"ACTIVE","pid":55548,"role":"client","row":{"accepted":true,"client_hit":true,"current_hit":false,"reason":"OK","rewind_age_ms":234.0,"rewind_clamped":true,"rewind_cpu_usec":615,"rewind_hit":true,"sequence":33,"speed":1.5,"target":"pedestrian"},"wall_usec":1791529430543000}
S12 {"event":"rocket","phase":"ACTIVE","pid":55548,"role":"client","row":{"accepted":true,"launch_usec":1791529430483000,"sent_usec":1791529430399000,"sequence":5},"wall_usec":1791529430574000}
S12 {"event":"verdict","phase":"ACTIVE","pid":55548,"role":"client","row":{"accepted":false,"reason":"RATE_LIMITED","sequence":34},"wall_usec":1791529430635000}
S12 {"client_hit":false,"event":"shot_sent","phase":"ACTIVE","pid":55548,"role":"client","sequence":35,"target":"pedestrian","view_age_ms":228.0,"wall_usec":1791529430679000}
S12 {"client_hit":false,"event":"shot_sent","phase":"ACTIVE","pid":55548,"role":"client","sequence":36,"target":"car","view_age_ms":294.0,"wall_usec":1791529430806000}
S12 {"event":"verdict","phase":"ACTIVE","pid":55548,"role":"client","row":{"accepted":false,"reason":"RELOADING","sequence":35},"wall_usec":1791529430837000}
S12 {"client_hit":true,"event":"shot_sent","phase":"ACTIVE","pid":55548,"role":"client","sequence":37,"target":"pedestrian","view_age_ms":186.0,"wall_usec":1791529430946000}
S12 {"event":"verdict","phase":"ACTIVE","pid":55548,"role":"client","row":{"accepted":false,"reason":"RELOADING","sequence":36},"wall_usec":1791529431007000}
S12 {"client_hit":true,"event":"shot_sent","phase":"ACTIVE","pid":55548,"role":"client","sequence":38,"target":"car","view_age_ms":249.0,"wall_usec":1791529431101000}
S12 {"event":"verdict","phase":"ACTIVE","pid":55548,"role":"client","row":{"accepted":false,"reason":"RELOADING","sequence":37},"wall_usec":1791529431152000}
S12 {"client_hit":true,"event":"shot_sent","phase":"ACTIVE","pid":55548,"role":"client","sequence":39,"target":"pedestrian","view_age_ms":282.0,"wall_usec":1791529431289000}
S12 {"event":"verdict","phase":"ACTIVE","pid":55548,"role":"client","row":{"accepted":false,"reason":"RELOADING","sequence":38},"wall_usec":1791529431365000}
S12 {"client_hit":false,"event":"shot_sent","phase":"ACTIVE","pid":55548,"role":"client","sequence":40,"target":"car","view_age_ms":359.0,"wall_usec":1791529431412000}
S12 {"event":"verdict","phase":"ACTIVE","pid":55548,"role":"client","row":{"accepted":false,"reason":"RELOADING","sequence":39},"wall_usec":1791529431419000}
S12 {"client_hit":false,"event":"shot_sent","phase":"ACTIVE","pid":55548,"role":"client","sequence":41,"target":"pedestrian","view_age_ms":253.0,"wall_usec":1791529431558000}
S12 {"event":"verdict","phase":"ACTIVE","pid":55548,"role":"client","row":{"accepted":false,"reason":"RELOADING","sequence":40},"wall_usec":1791529431628000}
S12 {"client_hit":true,"event":"shot_sent","phase":"ACTIVE","pid":55548,"role":"client","sequence":42,"target":"car","view_age_ms":199.0,"wall_usec":1791529431705000}
S12 {"event":"verdict","phase":"ACTIVE","pid":55548,"role":"client","row":{"accepted":false,"reason":"RELOADING","sequence":41},"wall_usec":1791529431717000}
S12 {"event":"rocket","phase":"ACTIVE","pid":55548,"role":"client","row":{"accepted":true,"launch_usec":1791529431645000,"sent_usec":1791529431564000,"sequence":6},"wall_usec":1791529431746000}
S12 {"client_hit":true,"event":"shot_sent","phase":"ACTIVE","pid":55548,"role":"client","sequence":43,"target":"pedestrian","view_age_ms":231.0,"wall_usec":1791529431844000}
S12 {"event":"verdict","phase":"ACTIVE","pid":55548,"role":"client","row":{"accepted":false,"reason":"RELOADING","sequence":42},"wall_usec":1791529431889000}
S12 {"client_hit":true,"event":"shot_sent","phase":"ACTIVE","pid":55548,"role":"client","sequence":44,"target":"car","view_age_ms":198.0,"wall_usec":1791529431996000}
S12 {"event":"verdict","phase":"ACTIVE","pid":55548,"role":"client","row":{"accepted":false,"reason":"RELOADING","sequence":43},"wall_usec":1791529432027000}
S12 {"client_hit":false,"event":"shot_sent","phase":"ACTIVE","pid":55548,"role":"client","sequence":45,"target":"pedestrian","view_age_ms":200.0,"wall_usec":1791529432151000}
S12 {"event":"verdict","phase":"ACTIVE","pid":55548,"role":"client","row":{"accepted":false,"reason":"RELOADING","sequence":44},"wall_usec":1791529432213000}
S12 {"event":"verdict","phase":"ACTIVE","pid":55548,"role":"client","row":{"accepted":false,"reason":"RELOADING","sequence":45},"wall_usec":1791529432288000}
S12 {"client_hit":false,"event":"shot_sent","phase":"ACTIVE","pid":55548,"role":"client","sequence":46,"target":"car","view_age_ms":263.0,"wall_usec":1791529432321000}
S12 {"client_hit":true,"event":"shot_sent","phase":"ACTIVE","pid":55548,"role":"client","sequence":47,"target":"pedestrian","view_age_ms":213.0,"wall_usec":1791529432472000}
S12 {"event":"verdict","phase":"ACTIVE","pid":55548,"role":"client","row":{"accepted":false,"reason":"RELOADING","sequence":46},"wall_usec":1791529432491000}
S12 {"client_hit":true,"event":"shot_sent","phase":"ACTIVE","pid":55548,"role":"client","sequence":48,"target":"car","view_age_ms":247.0,"wall_usec":1791529432597000}
S12 {"event":"verdict","phase":"ACTIVE","pid":55548,"role":"client","row":{"accepted":false,"reason":"RELOADING","sequence":47},"wall_usec":1791529432642000}
S12 {"client_hit":true,"event":"shot_sent","phase":"ACTIVE","pid":55548,"role":"client","sequence":49,"target":"pedestrian","view_age_ms":246.0,"wall_usec":1791529432750000}
S12 {"event":"verdict","phase":"ACTIVE","pid":55548,"role":"client","row":{"accepted":true,"client_hit":true,"current_hit":false,"reason":"OK","rewind_age_ms":255.0,"rewind_clamped":true,"rewind_cpu_usec":23,"rewind_hit":false,"sequence":48,"speed":12.0,"target":"car"},"wall_usec":1791529432781000}
S12 {"client_hit":false,"event":"shot_sent","phase":"ACTIVE","pid":55548,"role":"client","sequence":50,"target":"car","view_age_ms":245.0,"wall_usec":1791529432905000}
S12 {"event":"verdict","phase":"ACTIVE","pid":55548,"role":"client","row":{"accepted":true,"client_hit":true,"current_hit":true,"reason":"OK","rewind_age_ms":245.0,"rewind_clamped":true,"rewind_cpu_usec":12,"rewind_hit":true,"sequence":49,"speed":1.5,"target":"pedestrian"},"wall_usec":1791529432937000}
S12 {"event":"rocket","phase":"ACTIVE","pid":55548,"role":"client","row":{"accepted":true,"launch_usec":1791529432844000,"sent_usec":1791529432753000,"sequence":7},"wall_usec":1791529432943000}
S12 {"client_hit":false,"event":"shot_sent","phase":"ACTIVE","pid":55548,"role":"client","sequence":51,"target":"pedestrian","view_age_ms":232.0,"wall_usec":1791529433044000}
S12 {"event":"verdict","phase":"ACTIVE","pid":55548,"role":"client","row":{"accepted":true,"client_hit":false,"current_hit":false,"reason":"OK","rewind_age_ms":247.0,"rewind_clamped":true,"rewind_cpu_usec":30,"rewind_hit":false,"sequence":50,"speed":12.0,"target":"car"},"wall_usec":1791529433123000}
S12 {"client_hit":true,"event":"shot_sent","phase":"ACTIVE","pid":55548,"role":"client","sequence":52,"target":"car","view_age_ms":204.0,"wall_usec":1791529433201000}
S12 {"event":"verdict","phase":"ACTIVE","pid":55548,"role":"client","row":{"accepted":false,"reason":"RATE_LIMITED","sequence":51},"wall_usec":1791529433231000}
S12 {"client_hit":true,"event":"shot_sent","phase":"ACTIVE","pid":55548,"role":"client","sequence":53,"target":"pedestrian","view_age_ms":246.0,"wall_usec":1791529433356000}
S12 {"event":"verdict","phase":"ACTIVE","pid":55548,"role":"client","row":{"accepted":true,"client_hit":true,"current_hit":false,"reason":"OK","rewind_age_ms":251.0,"rewind_clamped":true,"rewind_cpu_usec":20,"rewind_hit":false,"sequence":52,"speed":12.0,"target":"car"},"wall_usec":1791529433387000}
S12 {"client_hit":true,"event":"shot_sent","phase":"ACTIVE","pid":55548,"role":"client","sequence":54,"target":"car","view_age_ms":243.0,"wall_usec":1791529433497000}
S12 {"event":"verdict","phase":"ACTIVE","pid":55548,"role":"client","row":{"accepted":true,"client_hit":true,"current_hit":false,"reason":"OK","rewind_age_ms":249.0,"rewind_clamped":true,"rewind_cpu_usec":27,"rewind_hit":true,"sequence":53,"speed":1.5,"target":"pedestrian"},"wall_usec":1791529433585000}
S12 {"client_hit":false,"event":"shot_sent","phase":"ACTIVE","pid":55548,"role":"client","sequence":55,"target":"pedestrian","view_age_ms":257.0,"wall_usec":1791529433659000}
S12 {"event":"verdict","phase":"ACTIVE","pid":55548,"role":"client","row":{"accepted":true,"client_hit":true,"current_hit":false,"reason":"OK","rewind_age_ms":250.0,"rewind_clamped":true,"rewind_cpu_usec":15,"rewind_hit":true,"sequence":54,"speed":12.0,"target":"car"},"wall_usec":1791529433730000}
S12 {"client_hit":false,"event":"shot_sent","phase":"ACTIVE","pid":55548,"role":"client","sequence":56,"target":"car","view_age_ms":296.0,"wall_usec":1791529433808000}
S12 {"event":"verdict","phase":"ACTIVE","pid":55548,"role":"client","row":{"accepted":true,"client_hit":false,"current_hit":false,"reason":"OK","rewind_age_ms":249.0,"rewind_clamped":true,"rewind_cpu_usec":15,"rewind_hit":false,"sequence":55,"speed":1.5,"target":"pedestrian"},"wall_usec":1791529433840000}
S12 {"client_hit":true,"event":"shot_sent","phase":"ACTIVE","pid":55548,"role":"client","sequence":57,"target":"pedestrian","view_age_ms":249.0,"wall_usec":1791529433948000}
S12 {"event":"verdict","phase":"ACTIVE","pid":55548,"role":"client","row":{"accepted":true,"client_hit":false,"current_hit":false,"reason":"OK","rewind_age_ms":249.0,"rewind_clamped":true,"rewind_cpu_usec":15,"rewind_hit":false,"sequence":56,"speed":12.0,"target":"car"},"wall_usec":1791529434011000}
S12 {"client_hit":true,"event":"shot_sent","phase":"ACTIVE","pid":55548,"role":"client","sequence":58,"target":"car","view_age_ms":242.0,"wall_usec":1791529434097000}
S12 {"event":"verdict","phase":"ACTIVE","pid":55548,"role":"client","row":{"accepted":true,"client_hit":true,"current_hit":true,"reason":"OK","rewind_age_ms":252.0,"rewind_clamped":true,"rewind_cpu_usec":16,"rewind_hit":true,"sequence":57,"speed":1.5,"target":"pedestrian"},"wall_usec":1791529434170000}
S12 {"event":"rocket","phase":"ACTIVE","pid":55548,"role":"client","row":{"accepted":true,"launch_usec":1791529434059000,"sent_usec":1791529433985000,"sequence":8},"wall_usec":1791529434245000}
S12 {"client_hit":true,"event":"shot_sent","phase":"ACTIVE","pid":55548,"role":"client","sequence":59,"target":"pedestrian","view_age_ms":297.0,"wall_usec":1791529434356000}
S12 {"event":"verdict","phase":"ACTIVE","pid":55548,"role":"client","row":{"accepted":true,"client_hit":true,"current_hit":false,"reason":"OK","rewind_age_ms":247.0,"rewind_clamped":true,"rewind_cpu_usec":23,"rewind_hit":true,"sequence":58,"speed":12.0,"target":"car"},"wall_usec":1791529434390000}
S12 {"client_hit":false,"event":"shot_sent","phase":"ACTIVE","pid":55548,"role":"client","sequence":60,"target":"car","view_age_ms":385.0,"wall_usec":1791529434444000}
S12 {"event":"verdict","phase":"ACTIVE","pid":55548,"role":"client","row":{"accepted":true,"client_hit":true,"current_hit":false,"reason":"OK","rewind_age_ms":238.0,"rewind_clamped":true,"rewind_cpu_usec":18,"rewind_hit":false,"sequence":59,"speed":1.5,"target":"pedestrian"},"wall_usec":1791529434538000}
S12 {"client_hit":false,"event":"shot_sent","phase":"ACTIVE","pid":55548,"role":"client","sequence":61,"target":"pedestrian","view_age_ms":291.0,"wall_usec":1791529434549000}
S12 {"event":"verdict","phase":"ACTIVE","pid":55548,"role":"client","row":{"accepted":false,"reason":"RATE_LIMITED","sequence":60},"wall_usec":1791529434646000}
S12 {"client_hit":true,"event":"shot_sent","phase":"ACTIVE","pid":55548,"role":"client","sequence":62,"target":"car","view_age_ms":231.0,"wall_usec":1791529434693000}
S12 {"event":"verdict","phase":"ACTIVE","pid":55548,"role":"client","row":{"accepted":true,"client_hit":false,"current_hit":true,"reason":"OK","rewind_age_ms":261.0,"rewind_clamped":true,"rewind_cpu_usec":17,"rewind_hit":true,"sequence":61,"speed":1.5,"target":"pedestrian"},"wall_usec":1791529434740000}
S12 {"client_hit":true,"event":"shot_sent","phase":"ACTIVE","pid":55548,"role":"client","sequence":63,"target":"pedestrian","view_age_ms":200.0,"wall_usec":1791529434847000}
S12 {"event":"verdict","phase":"ACTIVE","pid":55548,"role":"client","row":{"accepted":true,"client_hit":true,"current_hit":false,"reason":"OK","rewind_age_ms":250.0,"rewind_clamped":true,"rewind_cpu_usec":23,"rewind_hit":true,"sequence":62,"speed":12.0,"target":"car"},"wall_usec":1791529434878000}
S12 {"client_hit":true,"event":"shot_sent","phase":"ACTIVE","pid":55548,"role":"client","sequence":64,"target":"car","view_age_ms":197.0,"wall_usec":1791529435003000}
S12 {"event":"verdict","phase":"ACTIVE","pid":55548,"role":"client","row":{"accepted":true,"client_hit":true,"current_hit":true,"reason":"OK","rewind_age_ms":250.0,"rewind_clamped":true,"rewind_cpu_usec":27,"rewind_hit":true,"sequence":63,"speed":1.5,"target":"pedestrian"},"wall_usec":1791529435038000}
S12 {"client_hit":false,"event":"shot_sent","phase":"ACTIVE","pid":55548,"role":"client","sequence":65,"target":"pedestrian","view_age_ms":201.0,"wall_usec":1791529435156000}
S12 {"event":"verdict","phase":"ACTIVE","pid":55548,"role":"client","row":{"accepted":true,"client_hit":true,"current_hit":false,"reason":"OK","rewind_age_ms":247.0,"rewind_clamped":true,"rewind_cpu_usec":527,"rewind_hit":false,"sequence":64,"speed":12.0,"target":"car"},"wall_usec":1791529435185000}
S12 {"client_hit":false,"event":"shot_sent","phase":"ACTIVE","pid":55548,"role":"client","sequence":66,"target":"car","view_age_ms":186.0,"wall_usec":1791529435294000}
S12 {"event":"verdict","phase":"ACTIVE","pid":55548,"role":"client","row":{"accepted":true,"client_hit":false,"current_hit":false,"reason":"OK","rewind_age_ms":246.0,"rewind_clamped":true,"rewind_cpu_usec":30,"rewind_hit":false,"sequence":65,"speed":1.5,"target":"pedestrian"},"wall_usec":1791529435340000}
S12 {"event":"rocket","phase":"ACTIVE","pid":55548,"role":"client","row":{"accepted":true,"launch_usec":1791529435264000,"sent_usec":1791529435166000,"sequence":9},"wall_usec":1791529435346000}
S12 {"client_hit":true,"event":"shot_sent","phase":"ACTIVE","pid":55548,"role":"client","sequence":67,"target":"pedestrian","view_age_ms":199.0,"wall_usec":1791529435446000}
S12 {"event":"verdict","phase":"ACTIVE","pid":55548,"role":"client","row":{"accepted":true,"client_hit":false,"current_hit":false,"reason":"OK","rewind_age_ms":245.0,"rewind_clamped":true,"rewind_cpu_usec":27,"rewind_hit":true,"sequence":66,"speed":12.0,"target":"car"},"wall_usec":1791529435525000}
S12 {"event":"verdict","phase":"ACTIVE","pid":55548,"role":"client","row":{"accepted":true,"client_hit":true,"current_hit":true,"reason":"OK","rewind_age_ms":247.0,"rewind_clamped":true,"rewind_cpu_usec":17,"rewind_hit":true,"sequence":67,"speed":1.5,"target":"pedestrian"},"wall_usec":1791529435603000}
S12 {"client_hit":true,"event":"shot_sent","phase":"ACTIVE","pid":55548,"role":"client","sequence":68,"target":"car","view_age_ms":255.0,"wall_usec":1791529435610000}
S12 {"event":"verdict","phase":"ACTIVE","pid":55548,"role":"client","row":{"accepted":true,"client_hit":true,"current_hit":false,"reason":"OK","rewind_age_ms":248.0,"rewind_clamped":true,"rewind_cpu_usec":54,"rewind_hit":true,"sequence":68,"speed":12.0,"target":"car"},"wall_usec":1791529435742000}
S12 {"client_hit":true,"event":"shot_sent","phase":"ACTIVE","pid":55548,"role":"client","sequence":69,"target":"pedestrian","view_age_ms":191.0,"wall_usec":1791529435748000}
S12 {"client_hit":false,"event":"shot_sent","phase":"ACTIVE","pid":55548,"role":"client","sequence":70,"target":"car","view_age_ms":264.0,"wall_usec":1791529435914000}
S12 {"event":"verdict","phase":"ACTIVE","pid":55548,"role":"client","row":{"accepted":true,"client_hit":true,"current_hit":false,"reason":"OK","rewind_age_ms":249.0,"rewind_clamped":true,"rewind_cpu_usec":25,"rewind_hit":true,"sequence":69,"speed":1.5,"target":"pedestrian"},"wall_usec":1791529435925000}
S12 {"client_hit":false,"event":"shot_sent","phase":"ACTIVE","pid":55548,"role":"client","sequence":71,"target":"pedestrian","view_age_ms":249.0,"wall_usec":1791529436053000}
S12 {"event":"verdict","phase":"ACTIVE","pid":55548,"role":"client","row":{"accepted":true,"client_hit":false,"current_hit":false,"reason":"OK","rewind_age_ms":252.0,"rewind_clamped":true,"rewind_cpu_usec":31,"rewind_hit":true,"sequence":70,"speed":12.0,"target":"car"},"wall_usec":1791529436101000}
S12 {"client_hit":true,"event":"shot_sent","phase":"ACTIVE","pid":55548,"role":"client","sequence":72,"target":"car","view_age_ms":234.0,"wall_usec":1791529436194000}
S12 {"event":"verdict","phase":"ACTIVE","pid":55548,"role":"client","row":{"accepted":true,"client_hit":false,"current_hit":true,"reason":"OK","rewind_age_ms":250.0,"rewind_clamped":true,"rewind_cpu_usec":30,"rewind_hit":true,"sequence":71,"speed":1.5,"target":"pedestrian"},"wall_usec":1791529436241000}
S12 {"client_hit":true,"event":"shot_sent","phase":"ACTIVE","pid":55548,"role":"client","sequence":73,"target":"pedestrian","view_age_ms":249.0,"wall_usec":1791529436350000}
S12 {"event":"verdict","phase":"ACTIVE","pid":55548,"role":"client","row":{"accepted":true,"client_hit":true,"current_hit":false,"reason":"OK","rewind_age_ms":250.0,"rewind_clamped":true,"rewind_cpu_usec":29,"rewind_hit":false,"sequence":72,"speed":12.0,"target":"car"},"wall_usec":1791529436356000}
S12 {"client_hit":true,"event":"shot_sent","phase":"ACTIVE","pid":55548,"role":"client","sequence":74,"target":"car","view_age_ms":202.0,"wall_usec":1791529436505000}
S12 {"event":"verdict","phase":"ACTIVE","pid":55548,"role":"client","row":{"accepted":true,"client_hit":true,"current_hit":false,"reason":"OK","rewind_age_ms":249.0,"rewind_clamped":true,"rewind_cpu_usec":24,"rewind_hit":true,"sequence":73,"speed":1.5,"target":"pedestrian"},"wall_usec":1791529436551000}
S12 {"event":"rocket","phase":"ACTIVE","pid":55548,"role":"client","row":{"accepted":true,"launch_usec":1791529436460000,"sent_usec":1791529436356000,"sequence":10},"wall_usec":1791529436559000}
S12 {"client_hit":false,"event":"shot_sent","phase":"ACTIVE","pid":55548,"role":"client","sequence":75,"target":"pedestrian","view_age_ms":201.0,"wall_usec":1791529436660000}
S12 {"event":"verdict","phase":"ACTIVE","pid":55548,"role":"client","row":{"accepted":true,"client_hit":true,"current_hit":false,"reason":"OK","rewind_age_ms":249.0,"rewind_clamped":true,"rewind_cpu_usec":49,"rewind_hit":true,"sequence":74,"speed":12.0,"target":"car"},"wall_usec":1791529436668000}
S12 {"client_hit":false,"event":"shot_sent","phase":"ACTIVE","pid":55548,"role":"client","sequence":76,"target":"car","view_age_ms":203.0,"wall_usec":1791529436801000}
S12 {"event":"verdict","phase":"ACTIVE","pid":55548,"role":"client","row":{"accepted":true,"client_hit":false,"current_hit":false,"reason":"OK","rewind_age_ms":249.0,"rewind_clamped":true,"rewind_cpu_usec":14,"rewind_hit":false,"sequence":75,"speed":1.5,"target":"pedestrian"},"wall_usec":1791529436832000}
S12 {"client_hit":true,"event":"shot_sent","phase":"ACTIVE","pid":55548,"role":"client","sequence":77,"target":"pedestrian","view_age_ms":201.0,"wall_usec":1791529436956000}
S12 {"event":"verdict","phase":"ACTIVE","pid":55548,"role":"client","row":{"accepted":true,"client_hit":false,"current_hit":false,"reason":"OK","rewind_age_ms":250.0,"rewind_clamped":true,"rewind_cpu_usec":17,"rewind_hit":false,"sequence":76,"speed":12.0,"target":"car"},"wall_usec":1791529436989000}
S12 {"client_hit":true,"event":"shot_sent","phase":"ACTIVE","pid":55548,"role":"client","sequence":78,"target":"car","view_age_ms":301.0,"wall_usec":1791529437102000}
S12 {"event":"verdict","phase":"ACTIVE","pid":55548,"role":"client","row":{"accepted":true,"client_hit":true,"current_hit":true,"reason":"OK","rewind_age_ms":249.0,"rewind_clamped":true,"rewind_cpu_usec":27,"rewind_hit":true,"sequence":77,"speed":1.5,"target":"pedestrian"},"wall_usec":1791529437159000}
S12 {"client_hit":true,"event":"shot_sent","phase":"ACTIVE","pid":55548,"role":"client","sequence":79,"target":"pedestrian","view_age_ms":201.0,"wall_usec":1791529437252000}
S12 {"event":"verdict","phase":"ACTIVE","pid":55548,"role":"client","row":{"accepted":true,"client_hit":true,"current_hit":true,"reason":"OK","rewind_age_ms":243.0,"rewind_clamped":true,"rewind_cpu_usec":26,"rewind_hit":false,"sequence":78,"speed":12.0,"target":"car"},"wall_usec":1791529437313000}
S12 {"client_hit":false,"event":"shot_sent","phase":"ACTIVE","pid":55548,"role":"client","sequence":80,"target":"car","view_age_ms":198.0,"wall_usec":1791529437404000}
S12 {"event":"verdict","phase":"ACTIVE","pid":55548,"role":"client","row":{"accepted":true,"client_hit":true,"current_hit":false,"reason":"OK","rewind_age_ms":245.0,"rewind_clamped":true,"rewind_cpu_usec":22,"rewind_hit":true,"sequence":79,"speed":1.5,"target":"pedestrian"},"wall_usec":1791529437421000}
S12 {"client_hit":false,"event":"shot_sent","phase":"ACTIVE","pid":55548,"role":"client","sequence":81,"target":"pedestrian","view_age_ms":230.0,"wall_usec":1791529437543000}
S12 {"event":"verdict","phase":"ACTIVE","pid":55548,"role":"client","row":{"accepted":false,"reason":"RELOADING","sequence":80},"wall_usec":1791529437574000}
S12 {"client_hit":true,"event":"shot_sent","phase":"ACTIVE","pid":55548,"role":"client","sequence":82,"target":"car","view_age_ms":215.0,"wall_usec":1791529437712000}
S12 {"event":"verdict","phase":"ACTIVE","pid":55548,"role":"client","row":{"accepted":false,"reason":"RELOADING","sequence":81},"wall_usec":1791529437719000}
S12 {"event":"rocket","phase":"ACTIVE","pid":55548,"role":"client","row":{"accepted":true,"launch_usec":1791529437651000,"sent_usec":1791529437550000,"sequence":11},"wall_usec":1791529437725000}
S12 {"client_hit":true,"event":"shot_sent","phase":"ACTIVE","pid":55548,"role":"client","sequence":83,"target":"pedestrian","view_age_ms":200.0,"wall_usec":1791529437851000}
S12 {"event":"verdict","phase":"ACTIVE","pid":55548,"role":"client","row":{"accepted":false,"reason":"RELOADING","sequence":82},"wall_usec":1791529437897000}
S12 {"event":"verdict","phase":"ACTIVE","pid":55548,"role":"client","row":{"accepted":false,"reason":"RELOADING","sequence":83},"wall_usec":1791529437991000}
S12 {"client_hit":true,"event":"shot_sent","phase":"ACTIVE","pid":55548,"role":"client","sequence":84,"target":"car","view_age_ms":202.0,"wall_usec":1791529438007000}
S12 {"client_hit":false,"event":"shot_sent","phase":"ACTIVE","pid":55548,"role":"client","sequence":85,"target":"pedestrian","view_age_ms":187.0,"wall_usec":1791529438146000}
S12 {"event":"verdict","phase":"ACTIVE","pid":55548,"role":"client","row":{"accepted":false,"reason":"RELOADING","sequence":84},"wall_usec":1791529438152000}
S12 {"event":"verdict","phase":"ACTIVE","pid":55548,"role":"client","row":{"accepted":false,"reason":"RELOADING","sequence":85},"wall_usec":1791529438288000}
S12 {"client_hit":false,"event":"shot_sent","phase":"ACTIVE","pid":55548,"role":"client","sequence":86,"target":"car","view_age_ms":240.0,"wall_usec":1791529438293000}
S12 {"event":"verdict","phase":"ACTIVE","pid":55548,"role":"client","row":{"accepted":false,"reason":"RELOADING","sequence":86},"wall_usec":1791529438428000}
S12 {"client_hit":true,"event":"shot_sent","phase":"ACTIVE","pid":55548,"role":"client","sequence":87,"target":"pedestrian","view_age_ms":185.0,"wall_usec":1791529438443000}
S12 {"client_hit":true,"event":"shot_sent","phase":"ACTIVE","pid":55548,"role":"client","sequence":88,"target":"car","view_age_ms":250.0,"wall_usec":1791529438600000}
S12 {"event":"verdict","phase":"ACTIVE","pid":55548,"role":"client","row":{"accepted":false,"reason":"RELOADING","sequence":87},"wall_usec":1791529438632000}
S12 {"client_hit":true,"event":"shot_sent","phase":"ACTIVE","pid":55548,"role":"client","sequence":89,"target":"pedestrian","view_age_ms":199.0,"wall_usec":1791529438754000}
S12 {"event":"verdict","phase":"ACTIVE","pid":55548,"role":"client","row":{"accepted":false,"reason":"RELOADING","sequence":88},"wall_usec":1791529438770000}
S12 {"client_hit":false,"event":"shot_sent","phase":"ACTIVE","pid":55548,"role":"client","sequence":90,"target":"car","view_age_ms":247.0,"wall_usec":1791529438894000}
S12 {"event":"verdict","phase":"ACTIVE","pid":55548,"role":"client","row":{"accepted":false,"reason":"RELOADING","sequence":89},"wall_usec":1791529438941000}
S12 {"event":"rocket","phase":"ACTIVE","pid":55548,"role":"client","row":{"accepted":true,"launch_usec":1791529438878000,"sent_usec":1791529438762000,"sequence":12},"wall_usec":1791529438956000}
S12 {"client_hit":false,"event":"shot_sent","phase":"ACTIVE","pid":55548,"role":"client","sequence":91,"target":"pedestrian","view_age_ms":202.0,"wall_usec":1791529439049000}
S12 {"event":"verdict","phase":"ACTIVE","pid":55548,"role":"client","row":{"accepted":false,"reason":"RELOADING","sequence":90},"wall_usec":1791529439065000}
S12 {"client_hit":true,"event":"shot_sent","phase":"ACTIVE","pid":55548,"role":"client","sequence":92,"target":"car","view_age_ms":198.0,"wall_usec":1791529439202000}
S12 {"event":"verdict","phase":"ACTIVE","pid":55548,"role":"client","row":{"accepted":false,"reason":"RELOADING","sequence":91},"wall_usec":1791529439249000}
S12 {"client_hit":true,"event":"shot_sent","phase":"ACTIVE","pid":55548,"role":"client","sequence":93,"target":"pedestrian","view_age_ms":201.0,"wall_usec":1791529439357000}
S12 {"event":"verdict","phase":"ACTIVE","pid":55548,"role":"client","row":{"accepted":true,"client_hit":true,"current_hit":false,"reason":"OK","rewind_age_ms":257.0,"rewind_clamped":true,"rewind_cpu_usec":34,"rewind_hit":true,"sequence":92,"speed":12.0,"target":"car"},"wall_usec":1791529439365000}
S12 {"client_hit":true,"event":"shot_sent","phase":"ACTIVE","pid":55548,"role":"client","sequence":94,"target":"car","view_age_ms":248.0,"wall_usec":1791529439497000}
S12 {"event":"verdict","phase":"ACTIVE","pid":55548,"role":"client","row":{"accepted":true,"client_hit":true,"current_hit":true,"reason":"OK","rewind_age_ms":246.0,"rewind_clamped":true,"rewind_cpu_usec":16,"rewind_hit":true,"sequence":93,"speed":1.5,"target":"pedestrian"},"wall_usec":1791529439543000}
S12 {"client_hit":false,"event":"shot_sent","phase":"ACTIVE","pid":55548,"role":"client","sequence":95,"target":"pedestrian","view_age_ms":249.0,"wall_usec":1791529439652000}
S12 {"event":"verdict","phase":"ACTIVE","pid":55548,"role":"client","row":{"accepted":true,"client_hit":true,"current_hit":false,"reason":"OK","rewind_age_ms":251.0,"rewind_clamped":true,"rewind_cpu_usec":27,"rewind_hit":true,"sequence":94,"speed":12.0,"target":"car"},"wall_usec":1791529439699000}
S12 {"client_hit":false,"event":"shot_sent","phase":"ACTIVE","pid":55548,"role":"client","sequence":96,"target":"car","view_age_ms":247.0,"wall_usec":1791529439807000}
S12 {"event":"verdict","phase":"ACTIVE","pid":55548,"role":"client","row":{"accepted":true,"client_hit":false,"current_hit":false,"reason":"OK","rewind_age_ms":247.0,"rewind_clamped":true,"rewind_cpu_usec":26,"rewind_hit":false,"sequence":95,"speed":1.5,"target":"pedestrian"},"wall_usec":1791529439815000}
S12 {"event":"verdict","phase":"ACTIVE","pid":55548,"role":"client","row":{"accepted":true,"client_hit":false,"current_hit":false,"reason":"OK","rewind_age_ms":246.0,"rewind_clamped":true,"rewind_cpu_usec":28,"rewind_hit":false,"sequence":96,"speed":12.0,"target":"car"},"wall_usec":1791529440023000}
S12 {"event":"verdict","phase":"ACTIVE","pid":55548,"role":"client","row":{"accepted":false,"reason":"STALE_SEQUENCE","sequence":96},"wall_usec":1791529440177000}
S12 {"event":"verdict","phase":"ACTIVE","pid":55548,"role":"client","row":{"accepted":false,"reason":"INVALID","sequence":97},"wall_usec":1791529440255000}
S12 {"event":"verdict","phase":"ACTIVE","pid":55548,"role":"client","row":{"accepted":false,"reason":"INVALID","sequence":98},"wall_usec":1791529440265000}
S12 {"details":{"summary":{"attempts":96,"host":{"history_peak_bytes":2988,"history_samples":24,"magazine":25,"rejections":{"INVALID":2,"RATE_LIMITED":6,"RELOADING":25,"STALE_SEQUENCE":1}},"probes":[{"accepted":false,"reason":"STALE_SEQUENCE","sequence":96},{"accepted":false,"reason":"INVALID","sequence":97},{"accepted":false,"reason":"INVALID","sequence":98}],"responses":96,"rockets":[{"offset_m":1.62,"sequence":1},{"offset_m":1.26,"sequence":2},{"offset_m":2.052,"sequence":3},{"offset_m":1.818,"sequence":4},{"offset_m":1.512,"sequence":5},{"offset_m":1.458,"sequence":6},{"offset_m":1.638,"sequence":7},{"offset_m":1.332,"sequence":8},{"offset_m":1.764,"sequence":9},{"offset_m":1.872,"sequence":10},{"offset_m":1.818,"sequence":11},{"offset_m":2.088,"sequence":12}],"shots":[{"accepted":true,"client_hit":false,"current_hit":false,"reason":"OK","rewind_age_ms":256.0,"rewind_clamped":true,"rewind_cpu_usec":15,"rewind_hit":false,"sequence":1,"speed":1.5,"target":"pedestrian"},{"accepted":true,"client_hit":true,"current_hit":false,"reason":"OK","rewind_age_ms":242.0,"rewind_clamped":true,"rewind_cpu_usec":24,"rewind_hit":true,"sequence":3,"speed":1.5,"target":"pedestrian"},{"accepted":true,"client_hit":true,"current_hit":false,"reason":"OK","rewind_age_ms":249.0,"rewind_clamped":true,"rewind_cpu_usec":11,"rewind_hit":true,"sequence":4,"speed":12.0,"target":"car"},{"accepted":true,"client_hit":false,"current_hit":true,"reason":"OK","rewind_age_ms":249.0,"rewind_clamped":true,"rewind_cpu_usec":19,"rewind_hit":true,"sequence":5,"speed":1.5,"target":"pedestrian"},{"accepted":true,"client_hit":false,"current_hit":false,"reason":"OK","rewind_age_ms":255.0,"rewind_clamped":true,"rewind_cpu_usec":11,"rewind_hit":false,"sequence":6,"speed":12.0,"target":"car"},{"accepted":true,"client_hit":true,"current_hit":false,"reason":"OK","rewind_age_ms":249.0,"rewind_clamped":true,"rewind_cpu_usec":15,"rewind_hit":true,"sequence":7,"speed":1.5,"target":"pedestrian"},{"accepted":true,"client_hit":true,"current_hit":false,"reason":"OK","rewind_age_ms":250.0,"rewind_clamped":true,"rewind_cpu_usec":14,"rewind_hit":false,"sequence":8,"speed":12.0,"target":"car"},{"accepted":true,"client_hit":false,"current_hit":false,"reason":"OK","rewind_age_ms":249.0,"rewind_clamped":true,"rewind_cpu_usec":18,"rewind_hit":false,"sequence":10,"speed":12.0,"target":"car"},{"accepted":true,"client_hit":false,"current_hit":false,"reason":"OK","rewind_age_ms":248.0,"rewind_clamped":true,"rewind_cpu_usec":21,"rewind_hit":false,"sequence":11,"speed":1.5,"target":"pedestrian"},{"accepted":true,"client_hit":true,"current_hit":false,"reason":"OK","rewind_age_ms":247.0,"rewind_clamped":true,"rewind_cpu_usec":107,"rewind_hit":true,"sequence":12,"speed":12.0,"target":"car"},{"accepted":true,"client_hit":true,"current_hit":false,"reason":"OK","rewind_age_ms":251.0,"rewind_clamped":true,"rewind_cpu_usec":25,"rewind_hit":true,"sequence":13,"speed":1.5,"target":"pedestrian"},{"accepted":true,"client_hit":true,"current_hit":false,"reason":"OK","rewind_age_ms":251.0,"rewind_clamped":true,"rewind_cpu_usec":26,"rewind_hit":false,"sequence":14,"speed":12.0,"target":"car"},{"accepted":true,"client_hit":false,"current_hit":true,"reason":"OK","rewind_age_ms":248.0,"rewind_clamped":true,"rewind_cpu_usec":27,"rewind_hit":true,"sequence":15,"speed":1.5,"target":"pedestrian"},{"accepted":true,"client_hit":false,"current_hit":false,"reason":"OK","rewind_age_ms":251.0,"rewind_clamped":true,"rewind_cpu_usec":12,"rewind_hit":true,"sequence":16,"speed":12.0,"target":"car"},{"accepted":true,"client_hit":true,"current_hit":false,"reason":"OK","rewind_age_ms":265.0,"rewind_clamped":true,"rewind_cpu_usec":25,"rewind_hit":true,"sequence":17,"speed":1.5,"target":"pedestrian"},{"accepted":true,"client_hit":true,"current_hit":false,"reason":"OK","rewind_age_ms":248.0,"rewind_clamped":true,"rewind_cpu_usec":28,"rewind_hit":true,"sequence":18,"speed":12.0,"target":"car"},{"accepted":true,"client_hit":true,"current_hit":true,"reason":"OK","rewind_age_ms":245.0,"rewind_clamped":true,"rewind_cpu_usec":28,"rewind_hit":true,"sequence":19,"speed":1.5,"target":"pedestrian"},{"accepted":true,"client_hit":false,"current_hit":false,"reason":"OK","rewind_age_ms":254.0,"rewind_clamped":true,"rewind_cpu_usec":18,"rewind_hit":true,"sequence":20,"speed":12.0,"target":"car"},{"accepted":true,"client_hit":false,"current_hit":false,"reason":"OK","rewind_age_ms":250.0,"rewind_clamped":true,"rewind_cpu_usec":22,"rewind_hit":false,"sequence":21,"speed":1.5,"target":"pedestrian"},{"accepted":true,"client_hit":true,"current_hit":false,"reason":"OK","rewind_age_ms":247.0,"rewind_clamped":true,"rewind_cpu_usec":216,"rewind_hit":true,"sequence":23,"speed":1.5,"target":"pedestrian"},{"accepted":true,"client_hit":true,"current_hit":true,"reason":"OK","rewind_age_ms":250.0,"rewind_clamped":true,"rewind_cpu_usec":28,"rewind_hit":true,"sequence":24,"speed":12.0,"target":"car"},{"accepted":true,"client_hit":false,"current_hit":true,"reason":"OK","rewind_age_ms":246.0,"rewind_clamped":true,"rewind_cpu_usec":275,"rewind_hit":true,"sequence":25,"speed":1.5,"target":"pedestrian"},{"accepted":true,"client_hit":false,"current_hit":false,"reason":"OK","rewind_age_ms":251.0,"rewind_clamped":true,"rewind_cpu_usec":29,"rewind_hit":true,"sequence":26,"speed":12.0,"target":"car"},{"accepted":true,"client_hit":true,"current_hit":false,"reason":"OK","rewind_age_ms":249.0,"rewind_clamped":true,"rewind_cpu_usec":29,"rewind_hit":true,"sequence":27,"speed":1.5,"target":"pedestrian"},{"accepted":true,"client_hit":true,"current_hit":false,"reason":"OK","rewind_age_ms":250.0,"rewind_clamped":true,"rewind_cpu_usec":18,"rewind_hit":true,"sequence":28,"speed":12.0,"target":"car"},{"accepted":true,"client_hit":true,"current_hit":true,"reason":"OK","rewind_age_ms":247.0,"rewind_clamped":true,"rewind_cpu_usec":23,"rewind_hit":true,"sequence":29,"speed":1.5,"target":"pedestrian"},{"accepted":true,"client_hit":false,"current_hit":false,"reason":"OK","rewind_age_ms":250.0,"rewind_clamped":true,"rewind_cpu_usec":30,"rewind_hit":false,"sequence":30,"speed":12.0,"target":"car"},{"accepted":true,"client_hit":false,"current_hit":false,"reason":"OK","rewind_age_ms":249.0,"rewind_clamped":true,"rewind_cpu_usec":96,"rewind_hit":false,"sequence":31,"speed":1.5,"target":"pedestrian"},{"accepted":true,"client_hit":true,"current_hit":false,"reason":"OK","rewind_age_ms":264.0,"rewind_clamped":true,"rewind_cpu_usec":21,"rewind_hit":true,"sequence":32,"speed":12.0,"target":"car"},{"accepted":true,"client_hit":true,"current_hit":false,"reason":"OK","rewind_age_ms":234.0,"rewind_clamped":true,"rewind_cpu_usec":615,"rewind_hit":true,"sequence":33,"speed":1.5,"target":"pedestrian"},{"accepted":true,"client_hit":true,"current_hit":false,"reason":"OK","rewind_age_ms":255.0,"rewind_clamped":true,"rewind_cpu_usec":23,"rewind_hit":false,"sequence":48,"speed":12.0,"target":"car"},{"accepted":true,"client_hit":true,"current_hit":true,"reason":"OK","rewind_age_ms":245.0,"rewind_clamped":true,"rewind_cpu_usec":12,"rewind_hit":true,"sequence":49,"speed":1.5,"target":"pedestrian"},{"accepted":true,"client_hit":false,"current_hit":false,"reason":"OK","rewind_age_ms":247.0,"rewind_clamped":true,"rewind_cpu_usec":30,"rewind_hit":false,"sequence":50,"speed":12.0,"target":"car"},{"accepted":true,"client_hit":true,"current_hit":false,"reason":"OK","rewind_age_ms":251.0,"rewind_clamped":true,"rewind_cpu_usec":20,"rewind_hit":false,"sequence":52,"speed":12.0,"target":"car"},{"accepted":true,"client_hit":true,"current_hit":false,"reason":"OK","rewind_age_ms":249.0,"rewind_clamped":true,"rewind_cpu_usec":27,"rewind_hit":true,"sequence":53,"speed":1.5,"target":"pedestrian"},{"accepted":true,"client_hit":true,"current_hit":false,"reason":"OK","rewind_age_ms":250.0,"rewind_clamped":true,"rewind_cpu_usec":15,"rewind_hit":true,"sequence":54,"speed":12.0,"target":"car"},{"accepted":true,"client_hit":false,"current_hit":false,"reason":"OK","rewind_age_ms":249.0,"rewind_clamped":true,"rewind_cpu_usec":15,"rewind_hit":false,"sequence":55,"speed":1.5,"target":"pedestrian"},{"accepted":true,"client_hit":false,"current_hit":false,"reason":"OK","rewind_age_ms":249.0,"rewind_clamped":true,"rewind_cpu_usec":15,"rewind_hit":false,"sequence":56,"speed":12.0,"target":"car"},{"accepted":true,"client_hit":true,"current_hit":true,"reason":"OK","rewind_age_ms":252.0,"rewind_clamped":true,"rewind_cpu_usec":16,"rewind_hit":true,"sequence":57,"speed":1.5,"target":"pedestrian"},{"accepted":true,"client_hit":true,"current_hit":false,"reason":"OK","rewind_age_ms":247.0,"rewind_clamped":true,"rewind_cpu_usec":23,"rewind_hit":true,"sequence":58,"speed":12.0,"target":"car"},{"accepted":true,"client_hit":true,"current_hit":false,"reason":"OK","rewind_age_ms":238.0,"rewind_clamped":true,"rewind_cpu_usec":18,"rewind_hit":false,"sequence":59,"speed":1.5,"target":"pedestrian"},{"accepted":true,"client_hit":false,"current_hit":true,"reason":"OK","rewind_age_ms":261.0,"rewind_clamped":true,"rewind_cpu_usec":17,"rewind_hit":true,"sequence":61,"speed":1.5,"target":"pedestrian"},{"accepted":true,"client_hit":true,"current_hit":false,"reason":"OK","rewind_age_ms":250.0,"rewind_clamped":true,"rewind_cpu_usec":23,"rewind_hit":true,"sequence":62,"speed":12.0,"target":"car"},{"accepted":true,"client_hit":true,"current_hit":true,"reason":"OK","rewind_age_ms":250.0,"rewind_clamped":true,"rewind_cpu_usec":27,"rewind_hit":true,"sequence":63,"speed":1.5,"target":"pedestrian"},{"accepted":true,"client_hit":true,"current_hit":false,"reason":"OK","rewind_age_ms":247.0,"rewind_clamped":true,"rewind_cpu_usec":527,"rewind_hit":false,"sequence":64,"speed":12.0,"target":"car"},{"accepted":true,"client_hit":false,"current_hit":false,"reason":"OK","rewind_age_ms":246.0,"rewind_clamped":true,"rewind_cpu_usec":30,"rewind_hit":false,"sequence":65,"speed":1.5,"target":"pedestrian"},{"accepted":true,"client_hit":false,"current_hit":false,"reason":"OK","rewind_age_ms":245.0,"rewind_clamped":true,"rewind_cpu_usec":27,"rewind_hit":true,"sequence":66,"speed":12.0,"target":"car"},{"accepted":true,"client_hit":true,"current_hit":true,"reason":"OK","rewind_age_ms":247.0,"rewind_clamped":true,"rewind_cpu_usec":17,"rewind_hit":true,"sequence":67,"speed":1.5,"target":"pedestrian"},{"accepted":true,"client_hit":true,"current_hit":false,"reason":"OK","rewind_age_ms":248.0,"rewind_clamped":true,"rewind_cpu_usec":54,"rewind_hit":true,"sequence":68,"speed":12.0,"target":"car"},{"accepted":true,"client_hit":true,"current_hit":false,"reason":"OK","rewind_age_ms":249.0,"rewind_clamped":true,"rewind_cpu_usec":25,"rewind_hit":true,"sequence":69,"speed":1.5,"target":"pedestrian"},{"accepted":true,"client_hit":false,"current_hit":false,"reason":"OK","rewind_age_ms":252.0,"rewind_clamped":true,"rewind_cpu_usec":31,"rewind_hit":true,"sequence":70,"speed":12.0,"target":"car"},{"accepted":true,"client_hit":false,"current_hit":true,"reason":"OK","rewind_age_ms":250.0,"rewind_clamped":true,"rewind_cpu_usec":30,"rewind_hit":true,"sequence":71,"speed":1.5,"target":"pedestrian"},{"accepted":true,"client_hit":true,"current_hit":false,"reason":"OK","rewind_age_ms":250.0,"rewind_clamped":true,"rewind_cpu_usec":29,"rewind_hit":false,"sequence":72,"speed":12.0,"target":"car"},{"accepted":true,"client_hit":true,"current_hit":false,"reason":"OK","rewind_age_ms":249.0,"rewind_clamped":true,"rewind_cpu_usec":24,"rewind_hit":true,"sequence":73,"speed":1.5,"target":"pedestrian"},{"accepted":true,"client_hit":true,"current_hit":false,"reason":"OK","rewind_age_ms":249.0,"rewind_clamped":true,"rewind_cpu_usec":49,"rewind_hit":true,"sequence":74,"speed":12.0,"target":"car"},{"accepted":true,"client_hit":false,"current_hit":false,"reason":"OK","rewind_age_ms":249.0,"rewind_clamped":true,"rewind_cpu_usec":14,"rewind_hit":false,"sequence":75,"speed":1.5,"target":"pedestrian"},{"accepted":true,"client_hit":false,"current_hit":false,"reason":"OK","rewind_age_ms":250.0,"rewind_clamped":true,"rewind_cpu_usec":17,"rewind_hit":false,"sequence":76,"speed":12.0,"target":"car"},{"accepted":true,"client_hit":true,"current_hit":true,"reason":"OK","rewind_age_ms":249.0,"rewind_clamped":true,"rewind_cpu_usec":27,"rewind_hit":true,"sequence":77,"speed":1.5,"target":"pedestrian"},{"accepted":true,"client_hit":true,"current_hit":true,"reason":"OK","rewind_age_ms":243.0,"rewind_clamped":true,"rewind_cpu_usec":26,"rewind_hit":false,"sequence":78,"speed":12.0,"target":"car"},{"accepted":true,"client_hit":true,"current_hit":false,"reason":"OK","rewind_age_ms":245.0,"rewind_clamped":true,"rewind_cpu_usec":22,"rewind_hit":true,"sequence":79,"speed":1.5,"target":"pedestrian"},{"accepted":true,"client_hit":true,"current_hit":false,"reason":"OK","rewind_age_ms":257.0,"rewind_clamped":true,"rewind_cpu_usec":34,"rewind_hit":true,"sequence":92,"speed":12.0,"target":"car"},{"accepted":true,"client_hit":true,"current_hit":true,"reason":"OK","rewind_age_ms":246.0,"rewind_clamped":true,"rewind_cpu_usec":16,"rewind_hit":true,"sequence":93,"speed":1.5,"target":"pedestrian"},{"accepted":true,"client_hit":true,"current_hit":false,"reason":"OK","rewind_age_ms":251.0,"rewind_clamped":true,"rewind_cpu_usec":27,"rewind_hit":true,"sequence":94,"speed":12.0,"target":"car"},{"accepted":true,"client_hit":false,"current_hit":false,"reason":"OK","rewind_age_ms":247.0,"rewind_clamped":true,"rewind_cpu_usec":26,"rewind_hit":false,"sequence":95,"speed":1.5,"target":"pedestrian"},{"accepted":true,"client_hit":false,"current_hit":false,"reason":"OK","rewind_age_ms":246.0,"rewind_clamped":true,"rewind_cpu_usec":28,"rewind_hit":false,"sequence":96,"speed":12.0,"target":"car"}]}},"event":"result","ok":true,"phase":"IDLE","pid":55548,"role":"client","wall_usec":1791529440724000}
