00:00.302  blend            | Read blend: "/home/regner/.paseo/worktrees/0u71f39f/asset-register-production/art/source/models/environment/city_shop_fittings_06/city_shop_fittings_06.blend"
00:00.452  image.write      | ERROR OpenImageIO write failed: Could not open file "/home/regner/.cache/thumbnails/large/blender_86_6770278073d6f8d22d83a72debd18505.png.png"
BlenderMCP addon registered
Info: Saved as "fitted_comparison.blend"
19:23:13 | INFO: Data are loaded, start creating Blender stuff
19:23:13 | INFO: Blender create Mesh node single_rear_stop
19:23:13 | INFO: Blender create Mesh node single_recessed_reveal
19:23:13 | INFO: Blender create Mesh node single_rounded_face_casing
19:23:13 | INFO: Blender create Mesh node single_sloped_threshold
19:23:13 | INFO: glTF import finished in 0.01s
19:23:13 | INFO: Data are loaded, start creating Blender stuff
19:23:13 | INFO: Blender create Mesh node single_leaf_1_glazing
19:23:13 | INFO: Blender create Mesh node single_leaf_1_static_pull
19:23:13 | INFO: Blender create Mesh node single_leaf_1_stiles_rails
19:23:13 | INFO: glTF import finished in 0.01s
19:23:13 | INFO: Data are loaded, start creating Blender stuff
19:23:13 | INFO: Blender create Mesh node double_rear_stop
19:23:13 | INFO: Blender create Mesh node double_recessed_reveal
19:23:13 | INFO: Blender create Mesh node double_rounded_face_casing
19:23:13 | INFO: Blender create Mesh node double_sloped_threshold
19:23:13 | INFO: glTF import finished in 0.01s
19:23:13 | INFO: Data are loaded, start creating Blender stuff
19:23:13 | INFO: Blender create Mesh node double_leaf_1_glazing
19:23:13 | INFO: Blender create Mesh node double_leaf_1_static_pull
19:23:13 | INFO: Blender create Mesh node double_leaf_1_stiles_rails
19:23:13 | INFO: Blender create Mesh node double_leaf_2_glazing
19:23:13 | INFO: Blender create Mesh node double_leaf_2_static_pull
19:23:13 | INFO: Blender create Mesh node double_leaf_2_stiles_rails
19:23:13 | INFO: glTF import finished in 0.01s
ACTUAL_SOURCE_AND_GLB_ASSEMBLY_PASS
BlenderMCP addon unregistered
Blender 5.2.2 LTS (hash d13f752e3b9c built 2026-09-22 17:10:25)

Blender quit
