00:00.296  blend            | Read blend: "/home/regner/.paseo/worktrees/0u71f39f/asset-register-production/art/source/models/environment/city_shop_fittings_06/city_shop_fittings_06.blend"
BlenderMCP addon registered
INFO Draco is available, use library at /usr/lib/blender/5.2/scripts/addons_core/io_scene_gltf2/libbf_intern_draco_bridge.so
ERROR MeshOptimizer is not available because library could not be found at /usr/lib/blender/5.2/scripts/addons_core/io_scene_gltf2/libbf_intern_meshopt_bridge.so
19:23:11 | INFO: Starting glTF 2.0 export
19:23:11 | INFO: Extracting primitive: single_leaf_1_glazing
19:23:11 | INFO: Primitives created: 1
19:23:11 | INFO: Extracting primitive: single_leaf_1_static_pull
19:23:11 | INFO: Primitives created: 1
19:23:11 | INFO: Extracting primitive: single_leaf_1_stiles_rails
19:23:11 | INFO: Primitives created: 1
19:23:11 | INFO: Finished glTF 2.0 export in 0.012810945510864258 s

19:23:11 | INFO: Starting glTF 2.0 export
19:23:11 | INFO: Extracting primitive: double_leaf_1_glazing
19:23:11 | INFO: Primitives created: 1
19:23:11 | INFO: Extracting primitive: double_leaf_1_static_pull
19:23:11 | INFO: Primitives created: 1
19:23:11 | INFO: Extracting primitive: double_leaf_1_stiles_rails
19:23:11 | INFO: Primitives created: 1
19:23:11 | INFO: Extracting primitive: double_leaf_2_glazing
19:23:11 | INFO: Primitives created: 1
19:23:11 | INFO: Extracting primitive: double_leaf_2_static_pull
19:23:11 | INFO: Primitives created: 1
19:23:11 | INFO: Extracting primitive: double_leaf_2_stiles_rails
19:23:11 | INFO: Primitives created: 1
19:23:11 | INFO: Finished glTF 2.0 export in 0.010082483291625977 s

SOURCE_EXPORT_CHECKS_PASS [{"blender": "5.2.2 LTS", "build": "d13f752e3b9c", "exporter": [5, 2, 40], "variant": "single", "objects": [{"name": "single_leaf_1_stiles_rails", "minimum_corner_normal_dot": 0.6120062083427911, "opposing_corner_normals": 0, "vertices": 544, "triangles": 1088, "nonmanifold_or_inconsistent_edges": 0, "component_signed_volumes_m3": [0.030781404612348323], "material_slots": ["door_slate_petrol"]}, {"name": "single_leaf_1_glazing", "minimum_corner_normal_dot": 0.9569089295273443, "opposing_corner_normals": 0, "vertices": 152, "triangles": 300, "nonmanifold_or_inconsistent_edges": 0, "component_signed_volumes_m3": [0.046412651768959624], "material_slots": ["door_opaque_tinted_glazing"]}, {"name": "single_leaf_1_static_pull", "minimum_corner_normal_dot": 0.5491666112211533, "opposing_corner_normals": 0, "vertices": 304, "triangles": 604, "nonmanifold_or_inconsistent_edges": 0, "component_signed_volumes_m3": [0.000557091946530058], "material_slots": ["door_satin_handle"]}], "blender_bounds": [[-0.5120000243186951, -0.4749999940395355, 0.029999999329447746], [0.5120000243186951, -0.35199999809265137, 2.2320001125335693]], "triangles": 1992, "authoring_reference_dimensions_m": [1.0, 1.0, 1.0], "export_settings": {"export_format": "GLB", "use_selection": true, "export_yup": true, "export_apply": true, "export_texcoords": false, "export_normals": true, "export_tangents": false, "export_materials": "EXPORT", "export_cameras": false, "export_lights": false, "export_extras": false, "export_animations": false}, "sha256": "37e9ce1667105cc66120edf4d114b3a4228972000ac89c14ed1a2608e9b309c6", "bytes": 38928}, {"blender": "5.2.2 LTS", "build": "d13f752e3b9c", "exporter": [5, 2, 40], "variant": "double", "objects": [{"name": "double_leaf_1_stiles_rails", "minimum_corner_normal_dot": 0.6120237035502214, "opposing_corner_normals": 0, "vertices": 544, "triangles": 1088, "nonmanifold_or_inconsistent_edges": 0, "component_signed_volumes_m3": [0.028881594475042485], "material_slots": ["door_slate_petrol"]}, {"name": "double_leaf_1_glazing", "minimum_corner_normal_dot": 0.9568987013008154, "opposing_corner_normals": 0, "vertices": 152, "triangles": 300, "nonmanifold_or_inconsistent_edges": 0, "component_signed_volumes_m3": [0.04019362105758352], "material_slots": ["door_opaque_tinted_glazing"]}, {"name": "double_leaf_1_static_pull", "minimum_corner_normal_dot": 0.5492221436579712, "opposing_corner_normals": 0, "vertices": 304, "triangles": 604, "nonmanifold_or_inconsistent_edges": 0, "component_signed_volumes_m3": [0.0005570903861215493], "material_slots": ["door_satin_handle"]}, {"name": "double_leaf_2_stiles_rails", "minimum_corner_normal_dot": 0.6120091886623413, "opposing_corner_normals": 0, "vertices": 544, "triangles": 1088, "nonmanifold_or_inconsistent_edges": 0, "component_signed_volumes_m3": [0.028881619948689184], "material_slots": ["door_slate_petrol"]}, {"name": "double_leaf_2_glazing", "minimum_corner_normal_dot": 0.9568928551834688, "opposing_corner_normals": 0, "vertices": 152, "triangles": 300, "nonmanifold_or_inconsistent_edges": 0, "component_signed_volumes_m3": [0.040193615397231715], "material_slots": ["door_opaque_tinted_glazing"]}, {"name": "double_leaf_2_static_pull", "minimum_corner_normal_dot": 0.549223032372538, "opposing_corner_normals": 0, "vertices": 304, "triangles": 604, "nonmanifold_or_inconsistent_edges": 0, "component_signed_volumes_m3": [0.0005570903777417334], "material_slots": ["door_satin_handle"]}], "blender_bounds": [[-0.9120000004768372, -0.4749999940395355, 0.029999999329447746], [0.9120000004768372, -0.35199999809265137, 2.2320001125335693]], "triangles": 3984, "authoring_reference_dimensions_m": [1.0, 1.0, 1.0], "export_settings": {"export_format": "GLB", "use_selection": true, "export_yup": true, "export_apply": true, "export_texcoords": false, "export_normals": true, "export_tangents": false, "export_materials": "EXPORT", "export_cameras": false, "export_lights": false, "export_extras": false, "export_animations": false}, "sha256": "b4138a6a2b7ebd96f934448d4617bc6b0d127d48bf814eab8016695e50153cbf", "bytes": 64608}]
BlenderMCP addon unregistered
Blender 5.2.2 LTS (hash d13f752e3b9c built 2026-09-22 17:10:25)

Blender quit
