00:00.298  blend            | Read blend: "/home/regner/.paseo/worktrees/0u71f39f/asset-register-production/art/source/models/environment/city_shop_fittings_03/city_shop_fittings_03.blend"
BlenderMCP addon registered
INFO Draco is available, use library at /usr/lib/blender/5.2/scripts/addons_core/io_scene_gltf2/libbf_intern_draco_bridge.so
ERROR MeshOptimizer is not available because library could not be found at /usr/lib/blender/5.2/scripts/addons_core/io_scene_gltf2/libbf_intern_meshopt_bridge.so
18:10:01 | INFO: Starting glTF 2.0 export
18:10:01 | INFO: Extracting primitive: single_rear_stop
18:10:01 | INFO: Primitives created: 1
18:10:01 | INFO: Extracting primitive: single_recessed_reveal
18:10:01 | INFO: Primitives created: 1
18:10:01 | INFO: Extracting primitive: single_rounded_face_casing
18:10:01 | INFO: Primitives created: 1
18:10:01 | INFO: Extracting primitive: single_sloped_threshold
18:10:01 | INFO: Primitives created: 1
18:10:01 | INFO: Finished glTF 2.0 export in 0.014635324478149414 s

18:10:01 | INFO: Starting glTF 2.0 export
18:10:01 | INFO: Extracting primitive: double_rear_stop
18:10:01 | INFO: Primitives created: 1
18:10:01 | INFO: Extracting primitive: double_recessed_reveal
18:10:01 | INFO: Primitives created: 1
18:10:01 | INFO: Extracting primitive: double_rounded_face_casing
18:10:01 | INFO: Primitives created: 1
18:10:01 | INFO: Extracting primitive: double_sloped_threshold
18:10:01 | INFO: Primitives created: 1
18:10:01 | INFO: Finished glTF 2.0 export in 0.008656978607177734 s

SOURCE_EXPORT_CHECKS_PASS [{"blender": "5.2.2 LTS", "build": "d13f752e3b9c", "exporter": [5, 2, 40], "variant": "single", "objects": [{"name": "single_recessed_reveal", "vertices": 384, "triangles": 764, "nonmanifold_or_inconsistent_edges": 0, "component_signed_volumes_m3": [0.4327378218020263], "material_slots": ["surround_slate_petrol"]}, {"name": "single_rounded_face_casing", "vertices": 304, "triangles": 604, "nonmanifold_or_inconsistent_edges": 0, "component_signed_volumes_m3": [0.06567246348822435], "material_slots": ["surround_warm_ivory"]}, {"name": "single_rear_stop", "vertices": 304, "triangles": 604, "nonmanifold_or_inconsistent_edges": 0, "component_signed_volumes_m3": [0.007818742861156512], "material_slots": ["surround_dark_rebate"]}, {"name": "single_sloped_threshold", "vertices": 172, "triangles": 340, "nonmanifold_or_inconsistent_edges": 0, "component_signed_volumes_m3": [0.01682614082980307], "material_slots": ["surround_satin_threshold"]}], "blender_bounds": [[-0.7699999809265137, -0.5199999809265137, 0.0], [0.7699999809265137, 0.10999999940395355, 2.4800000190734863]], "triangles": 2312, "authoring_reference_dimensions_m": [1.0, 1.0, 1.0], "export_settings": {"export_format": "GLB", "use_selection": true, "export_yup": true, "export_apply": true, "export_texcoords": false, "export_normals": true, "export_tangents": false, "export_materials": "EXPORT", "export_cameras": false, "export_lights": false, "export_extras": false, "export_animations": false}, "sha256": "29af0c8b3652b7b400598c75f6f99329cb21e510452547e2e28f3c1115d215b9", "bytes": 41872}, {"blender": "5.2.2 LTS", "build": "d13f752e3b9c", "exporter": [5, 2, 40], "variant": "double", "objects": [{"name": "double_recessed_reveal", "vertices": 384, "triangles": 764, "nonmanifold_or_inconsistent_edges": 0, "component_signed_volumes_m3": [0.49623079941273646], "material_slots": ["surround_slate_petrol"]}, {"name": "double_rounded_face_casing", "vertices": 304, "triangles": 604, "nonmanifold_or_inconsistent_edges": 0, "component_signed_volumes_m3": [0.07306419383614796], "material_slots": ["surround_warm_ivory"]}, {"name": "double_rear_stop", "vertices": 304, "triangles": 604, "nonmanifold_or_inconsistent_edges": 0, "component_signed_volumes_m3": [0.009239928722300218], "material_slots": ["surround_dark_rebate"]}, {"name": "double_sloped_threshold", "vertices": 172, "triangles": 340, "nonmanifold_or_inconsistent_edges": 0, "component_signed_volumes_m3": [0.026441420705696994], "material_slots": ["surround_satin_threshold"]}], "blender_bounds": [[-1.1699999570846558, -0.5199999809265137, 0.0], [1.1699999570846558, 0.10999999940395355, 2.4800000190734863]], "triangles": 2312, "authoring_reference_dimensions_m": [1.0, 1.0, 1.0], "export_settings": {"export_format": "GLB", "use_selection": true, "export_yup": true, "export_apply": true, "export_texcoords": false, "export_normals": true, "export_tangents": false, "export_materials": "EXPORT", "export_cameras": false, "export_lights": false, "export_extras": false, "export_animations": false}, "sha256": "6cde06a6da83baa5731317349bbd1835e5ebe6f0cee9f1f1c14c3cf1478ee5d9", "bytes": 41872}]
BlenderMCP addon unregistered
Blender 5.2.2 LTS (hash d13f752e3b9c built 2026-09-22 17:10:25)

Blender quit
