{"method":"scene.get_tree","result":{"id":1,"jsonrpc":"2.0","result":{"success":true,"tree":"<untrusted-2e3f613d kind=\"scene_tree\" source=\"res://tests/fixtures/s02/editor_harness.tscn\">\n{\"children\":[],\"class\":\"Node\",\"name\":\"S02Editor\",\"path\":\".\"}\n</untrusted-2e3f613d>"}}}
{"method":"node.call_method","result":{"id":2,"jsonrpc":"2.0","result":{"method":"editor_state","path":".","result":{"open":"PackedStringArray(\"res://tests/fixtures/s02/editor_harness.tscn\")","project":"/home/regner/.paseo/worktrees/0u71f39f/s02-desktop-camera-controls/","unsaved":"PackedStringArray()"},"success":true}}}
{"method":"scene.open","result":{"id":3,"jsonrpc":"2.0","result":{"path":"res://tests/fixtures/s02/actor.tscn","success":true}}}
{"method":"editor.save_scene","result":{"id":4,"jsonrpc":"2.0","result":{"path":"res://tests/fixtures/s02/actor.tscn","success":true}}}
{"method":"scene.close","result":{"id":5,"jsonrpc":"2.0","result":{"path":"res://tests/fixtures/s02/actor.tscn","success":true,"unsaved_changes_discarded":false}}}
{"method":"scene.open","result":{"id":6,"jsonrpc":"2.0","result":{"path":"res://tests/fixtures/s02/actor.tscn","success":true}}}
{"method":"editor.save_scene","result":{"id":7,"jsonrpc":"2.0","result":{"path":"res://tests/fixtures/s02/actor.tscn","success":true}}}
{"method":"scene.close","result":{"id":8,"jsonrpc":"2.0","result":{"path":"res://tests/fixtures/s02/actor.tscn","success":true,"unsaved_changes_discarded":false}}}
{"method":"scene.open","result":{"id":9,"jsonrpc":"2.0","result":{"path":"res://tests/fixtures/s02/ground_prefab.tscn","success":true}}}
{"method":"editor.save_scene","result":{"id":10,"jsonrpc":"2.0","result":{"path":"res://tests/fixtures/s02/ground_prefab.tscn","success":true}}}
{"method":"scene.close","result":{"id":11,"jsonrpc":"2.0","result":{"path":"res://tests/fixtures/s02/ground_prefab.tscn","success":true,"unsaved_changes_discarded":false}}}
{"method":"scene.open","result":{"id":12,"jsonrpc":"2.0","result":{"path":"res://tests/fixtures/s02/ground_prefab.tscn","success":true}}}
{"method":"editor.save_scene","result":{"id":13,"jsonrpc":"2.0","result":{"path":"res://tests/fixtures/s02/ground_prefab.tscn","success":true}}}
{"method":"scene.close","result":{"id":14,"jsonrpc":"2.0","result":{"path":"res://tests/fixtures/s02/ground_prefab.tscn","success":true,"unsaved_changes_discarded":false}}}
{"method":"scene.open","result":{"id":15,"jsonrpc":"2.0","result":{"path":"res://tests/fixtures/s02/low_prefab.tscn","success":true}}}
{"method":"editor.save_scene","result":{"id":16,"jsonrpc":"2.0","result":{"path":"res://tests/fixtures/s02/low_prefab.tscn","success":true}}}
{"method":"scene.close","result":{"id":17,"jsonrpc":"2.0","result":{"path":"res://tests/fixtures/s02/low_prefab.tscn","success":true,"unsaved_changes_discarded":false}}}
{"method":"scene.open","result":{"id":18,"jsonrpc":"2.0","result":{"path":"res://tests/fixtures/s02/low_prefab.tscn","success":true}}}
{"method":"editor.save_scene","result":{"id":19,"jsonrpc":"2.0","result":{"path":"res://tests/fixtures/s02/low_prefab.tscn","success":true}}}
{"method":"scene.close","result":{"id":20,"jsonrpc":"2.0","result":{"path":"res://tests/fixtures/s02/low_prefab.tscn","success":true,"unsaved_changes_discarded":false}}}
{"method":"scene.open","result":{"id":21,"jsonrpc":"2.0","result":{"path":"res://tests/fixtures/s02/near_prefab.tscn","success":true}}}
{"method":"editor.save_scene","result":{"id":22,"jsonrpc":"2.0","result":{"path":"res://tests/fixtures/s02/near_prefab.tscn","success":true}}}
{"method":"scene.close","result":{"id":23,"jsonrpc":"2.0","result":{"path":"res://tests/fixtures/s02/near_prefab.tscn","success":true,"unsaved_changes_discarded":false}}}
{"method":"scene.open","result":{"id":24,"jsonrpc":"2.0","result":{"path":"res://tests/fixtures/s02/near_prefab.tscn","success":true}}}
{"method":"editor.save_scene","result":{"id":25,"jsonrpc":"2.0","result":{"path":"res://tests/fixtures/s02/near_prefab.tscn","success":true}}}
{"method":"scene.close","result":{"id":26,"jsonrpc":"2.0","result":{"path":"res://tests/fixtures/s02/near_prefab.tscn","success":true,"unsaved_changes_discarded":false}}}
{"method":"scene.open","result":{"id":27,"jsonrpc":"2.0","result":{"path":"res://tests/fixtures/s02/tall_prefab.tscn","success":true}}}
{"method":"editor.save_scene","result":{"id":28,"jsonrpc":"2.0","result":{"path":"res://tests/fixtures/s02/tall_prefab.tscn","success":true}}}
{"method":"scene.close","result":{"id":29,"jsonrpc":"2.0","result":{"path":"res://tests/fixtures/s02/tall_prefab.tscn","success":true,"unsaved_changes_discarded":false}}}
{"method":"scene.open","result":{"id":30,"jsonrpc":"2.0","result":{"path":"res://tests/fixtures/s02/tall_prefab.tscn","success":true}}}
{"method":"editor.save_scene","result":{"id":31,"jsonrpc":"2.0","result":{"path":"res://tests/fixtures/s02/tall_prefab.tscn","success":true}}}
{"method":"scene.close","result":{"id":32,"jsonrpc":"2.0","result":{"path":"res://tests/fixtures/s02/tall_prefab.tscn","success":true,"unsaved_changes_discarded":false}}}
{"method":"scene.open","result":{"id":33,"jsonrpc":"2.0","result":{"path":"res://tests/fixtures/s02/target_prefab.tscn","success":true}}}
{"method":"editor.save_scene","result":{"id":34,"jsonrpc":"2.0","result":{"path":"res://tests/fixtures/s02/target_prefab.tscn","success":true}}}
{"method":"scene.close","result":{"id":35,"jsonrpc":"2.0","result":{"path":"res://tests/fixtures/s02/target_prefab.tscn","success":true,"unsaved_changes_discarded":false}}}
{"method":"scene.open","result":{"id":36,"jsonrpc":"2.0","result":{"path":"res://tests/fixtures/s02/target_prefab.tscn","success":true}}}
{"method":"editor.save_scene","result":{"id":37,"jsonrpc":"2.0","result":{"path":"res://tests/fixtures/s02/target_prefab.tscn","success":true}}}
{"method":"scene.close","result":{"id":38,"jsonrpc":"2.0","result":{"path":"res://tests/fixtures/s02/target_prefab.tscn","success":true,"unsaved_changes_discarded":false}}}
{"method":"scene.open","result":{"id":39,"jsonrpc":"2.0","result":{"path":"res://tests/fixtures/s02/weapon_studies.tscn","success":true}}}
{"method":"editor.save_scene","result":{"id":40,"jsonrpc":"2.0","result":{"path":"res://tests/fixtures/s02/weapon_studies.tscn","success":true}}}
{"method":"scene.close","result":{"id":41,"jsonrpc":"2.0","result":{"path":"res://tests/fixtures/s02/weapon_studies.tscn","success":true,"unsaved_changes_discarded":false}}}
{"method":"scene.open","result":{"id":42,"jsonrpc":"2.0","result":{"path":"res://tests/fixtures/s02/weapon_studies.tscn","success":true}}}
{"method":"editor.save_scene","result":{"id":43,"jsonrpc":"2.0","result":{"path":"res://tests/fixtures/s02/weapon_studies.tscn","success":true}}}
{"method":"scene.close","result":{"id":44,"jsonrpc":"2.0","result":{"path":"res://tests/fixtures/s02/weapon_studies.tscn","success":true,"unsaved_changes_discarded":false}}}
{"method":"scene.open","result":{"id":45,"jsonrpc":"2.0","result":{"path":"res://tests/fixtures/s02/corner.tscn","success":true}}}
{"method":"editor.save_scene","result":{"id":46,"jsonrpc":"2.0","result":{"path":"res://tests/fixtures/s02/corner.tscn","success":true}}}
{"method":"scene.close","result":{"id":47,"jsonrpc":"2.0","result":{"path":"res://tests/fixtures/s02/corner.tscn","success":true,"unsaved_changes_discarded":false}}}
{"method":"scene.open","result":{"id":48,"jsonrpc":"2.0","result":{"path":"res://tests/fixtures/s02/corner.tscn","success":true}}}
{"method":"editor.save_scene","result":{"id":49,"jsonrpc":"2.0","result":{"path":"res://tests/fixtures/s02/corner.tscn","success":true}}}
{"method":"scene.close","result":{"id":50,"jsonrpc":"2.0","result":{"path":"res://tests/fixtures/s02/corner.tscn","success":true,"unsaved_changes_discarded":false}}}
{"method":"scene.open","result":{"id":51,"jsonrpc":"2.0","result":{"path":"res://tests/fixtures/s02/corner_wide.tscn","success":true}}}
{"method":"editor.save_scene","result":{"id":52,"jsonrpc":"2.0","result":{"path":"res://tests/fixtures/s02/corner_wide.tscn","success":true}}}
{"method":"scene.close","result":{"id":53,"jsonrpc":"2.0","result":{"path":"res://tests/fixtures/s02/corner_wide.tscn","success":true,"unsaved_changes_discarded":false}}}
{"method":"scene.open","result":{"id":54,"jsonrpc":"2.0","result":{"path":"res://tests/fixtures/s02/corner_wide.tscn","success":true}}}
{"method":"editor.save_scene","result":{"id":55,"jsonrpc":"2.0","result":{"path":"res://tests/fixtures/s02/corner_wide.tscn","success":true}}}
{"method":"scene.close","result":{"id":56,"jsonrpc":"2.0","result":{"path":"res://tests/fixtures/s02/corner_wide.tscn","success":true,"unsaved_changes_discarded":false}}}
{"method":"scene.open","result":{"id":57,"jsonrpc":"2.0","result":{"path":"res://tests/fixtures/s02/focus_runner.tscn","success":true}}}
{"method":"editor.save_scene","result":{"id":58,"jsonrpc":"2.0","result":{"path":"res://tests/fixtures/s02/focus_runner.tscn","success":true}}}
{"method":"scene.close","result":{"id":59,"jsonrpc":"2.0","result":{"path":"res://tests/fixtures/s02/focus_runner.tscn","success":true,"unsaved_changes_discarded":false}}}
{"method":"scene.open","result":{"id":60,"jsonrpc":"2.0","result":{"path":"res://tests/fixtures/s02/focus_runner.tscn","success":true}}}
{"method":"editor.save_scene","result":{"id":61,"jsonrpc":"2.0","result":{"path":"res://tests/fixtures/s02/focus_runner.tscn","success":true}}}
{"method":"scene.close","result":{"id":62,"jsonrpc":"2.0","result":{"path":"res://tests/fixtures/s02/focus_runner.tscn","success":true,"unsaved_changes_discarded":false}}}
{"method":"scene.open","result":{"id":63,"jsonrpc":"2.0","result":{"path":"res://tests/fixtures/s02/editor_harness.tscn","success":true}}}
{"method":"node.call_method","result":{"id":64,"jsonrpc":"2.0","result":{"method":"editor_state","path":".","result":{"open":"PackedStringArray(\"res://tests/fixtures/s02/editor_harness.tscn\")","project":"/home/regner/.paseo/worktrees/0u71f39f/s02-desktop-camera-controls/","unsaved":"PackedStringArray()"},"success":true}}}
